kinsphere_prototype.tsx(603,14): error TS2339: Property 'svg' does not exist on type 'JSX.IntrinsicElements'.
kinsphere_prototype.tsx(603,157): error TS2339: Property 'rect' does not exist on type 'JSX.IntrinsicElements'.
kinsphere_prototype.tsx(603,204): error TS2339: Property 'rect' does not exist on type 'JSX.IntrinsicElements'.
kinsphere_prototype.tsx(603,252): error TS2339: Property 'rect' does not exist on type 'JSX.IntrinsicElements'.
kinsphere_prototype.tsx(603,301): error TS2339: Property 'rect' does not exist on type 'JSX.IntrinsicElements'.
kinsphere_prototype.tsx(603,349): error TS2339: Property 'svg' does not exist on type 'JSX.IntrinsicElements'.
kinsphere_prototype.tsx(604,20): error TS2339: Property 'svg' does not exist on type 'JSX.IntrinsicElements'.
kinsphere_prototype.tsx(604,163): error TS2339: Property 'path' does not exist on type 'JSX.IntrinsicElements'.
kinsphere_prototype.tsx(604,233): error TS2339: Property 'polyline' does not exist on type 'JSX.IntrinsicElements'.
kinsphere_prototype.tsx(604,268): error TS2339: Property 'line' does not exist on type 'JSX.IntrinsicElements'.
kinsphere_prototype.tsx(604,306): error TS2339: Property 'line' does not exist on type 'JSX.IntrinsicElements'.
kinsphere_prototype.tsx(604,344): error TS2339: Property 'polyline' does not exist on type 'JSX.IntrinsicElements'.
kinsphere_prototype.tsx(604,377): error TS2339: Property 'svg' does not exist on type 'JSX.IntrinsicElements'.
kinsphere_prototype.tsx(605,14): error TS2339: Property 'svg' does not exist on type 'JSX.IntrinsicElements'.
kinsphere_prototype.tsx(605,157): error TS2339: Property 'path' does not exist on type 'JSX.IntrinsicElements'.
kinsphere_prototype.tsx(605,210): error TS2339: Property 'circle' does not exist on type 'JSX.IntrinsicElements'.
kinsphere_prototype.tsx(605,239): error TS2339: Property 'path' does not exist on type 'JSX.IntrinsicElements'.
kinsphere_prototype.tsx(605,277): error TS2339: Property 'path' does not exist on type 'JSX.IntrinsicElements'.
kinsphere_prototype.tsx(605,314): error TS2339: Property 'svg' does not exist on type 'JSX.IntrinsicElements'.
kinsphere_prototype.tsx(606,16): error TS2339: Property 'svg' does not exist on type 'JSX.IntrinsicElements'.
kinsphere_prototype.tsx(606,159): error TS2339: Property 'rect' does not exist on type 'JSX.IntrinsicElements'.
kinsphere_prototype.tsx(606,215): error TS2339: Property 'line' does not exist on type 'JSX.IntrinsicElements'.
kinsphere_prototype.tsx(606,252): error TS2339: Property 'line' does not exist on type 'JSX.IntrinsicElements'.
kinsphere_prototype.tsx(606,287): error TS2339: Property 'line' does not exist on type 'JSX.IntrinsicElements'.
kinsphere_prototype.tsx(606,325): error TS2339: Property 'circle' does not exist on type 'JSX.IntrinsicElements'.
kinsphere_prototype.tsx(606,356): error TS2339: Property 'svg' does not exist on type 'JSX.IntrinsicElements'.
kinsphere_prototype.tsx(607,12): error TS2339: Property 'svg' does not exist on type 'JSX.IntrinsicElements'.
kinsphere_prototype.tsx(607,155): error TS2339: Property 'line' does not exist on type 'JSX.IntrinsicElements'.
kinsphere_prototype.tsx(607,193): error TS2339: Property 'path' does not exist on type 'JSX.IntrinsicElements'.
kinsphere_prototype.tsx(607,254): error TS2339: Property 'svg' does not exist on type 'JSX.IntrinsicElements'.
kinsphere_prototype.tsx(608,16): error TS2339: Property 'svg' does not exist on type 'JSX.IntrinsicElements'.
kinsphere_prototype.tsx(608,159): error TS2339: Property 'polygon' does not exist on type 'JSX.IntrinsicElements'.
kinsphere_prototype.tsx(608,273): error TS2339: Property 'svg' does not exist on type 'JSX.IntrinsicElements'.
kinsphere_prototype.tsx(609,16): error TS2339: Property 'svg' does not exist on type 'JSX.IntrinsicElements'.
kinsphere_prototype.tsx(609,159): error TS2339: Property 'rect' does not exist on type 'JSX.IntrinsicElements'.
kinsphere_prototype.tsx(609,208): error TS2339: Property 'rect' does not exist on type 'JSX.IntrinsicElements'.
kinsphere_prototype.tsx(609,256): error TS2339: Property 'rect' does not exist on type 'JSX.IntrinsicElements'.
kinsphere_prototype.tsx(609,303): error TS2339: Property 'path' does not exist on type 'JSX.IntrinsicElements'.
kinsphere_prototype.tsx(609,356): error TS2339: Property 'path' does not exist on type 'JSX.IntrinsicElements'.
kinsphere_prototype.tsx(609,376): error TS2339: Property 'svg' does not exist on type 'JSX.IntrinsicElements'.
kinsphere_prototype.tsx(610,22): error TS2339: Property 'svg' does not exist on type 'JSX.IntrinsicElements'.
kinsphere_prototype.tsx(610,165): error TS2339: Property 'path' does not exist on type 'JSX.IntrinsicElements'.
kinsphere_prototype.tsx(610,239): error TS2339: Property 'svg' does not exist on type 'JSX.IntrinsicElements'.
kinsphere_prototype.tsx(611,21): error TS2339: Property 'svg' does not exist on type 'JSX.IntrinsicElements'.
kinsphere_prototype.tsx(611,164): error TS2339: Property 'path' does not exist on type 'JSX.IntrinsicElements'.
kinsphere_prototype.tsx(611,201): error TS2339: Property 'path' does not exist on type 'JSX.IntrinsicElements'.
kinsphere_prototype.tsx(611,325): error TS2339: Property 'svg' does not exist on type 'JSX.IntrinsicElements'.
kinsphere_prototype.tsx(612,13): error TS2339: Property 'svg' does not exist on type 'JSX.IntrinsicElements'.
kinsphere_prototype.tsx(612,156): error TS2339: Property 'circle' does not exist on type 'JSX.IntrinsicElements'.
kinsphere_prototype.tsx(612,187): error TS2339: Property 'path' does not exist on type 'JSX.IntrinsicElements'.
kinsphere_prototype.tsx(612,933): error TS2339: Property 'svg' does not exist on type 'JSX.IntrinsicElements'.
kinsphere_prototype.tsx(613,17): error TS2339: Property 'svg' does not exist on type 'JSX.IntrinsicElements'.
kinsphere_prototype.tsx(613,160): error TS2339: Property 'path' does not exist on type 'JSX.IntrinsicElements'.
kinsphere_prototype.tsx(613,213): error TS2339: Property 'circle' does not exist on type 'JSX.IntrinsicElements'.
kinsphere_prototype.tsx(613,243): error TS2339: Property 'svg' does not exist on type 'JSX.IntrinsicElements'.
kinsphere_prototype.tsx(614,19): error TS2339: Property 'svg' does not exist on type 'JSX.IntrinsicElements'.
kinsphere_prototype.tsx(614,162): error TS2339: Property 'path' does not exist on type 'JSX.IntrinsicElements'.
kinsphere_prototype.tsx(614,215): error TS2339: Property 'circle' does not exist on type 'JSX.IntrinsicElements'.
kinsphere_prototype.tsx(614,246): error TS2339: Property 'line' does not exist on type 'JSX.IntrinsicElements'.
kinsphere_prototype.tsx(614,284): error TS2339: Property 'line' does not exist on type 'JSX.IntrinsicElements'.
kinsphere_prototype.tsx(614,323): error TS2339: Property 'svg' does not exist on type 'JSX.IntrinsicElements'.
kinsphere_prototype.tsx(615,10): error TS2339: Property 'svg' does not exist on type 'JSX.IntrinsicElements'.
kinsphere_prototype.tsx(615,153): error TS2339: Property 'path' does not exist on type 'JSX.IntrinsicElements'.
kinsphere_prototype.tsx(615,206): error TS2339: Property 'circle' does not exist on type 'JSX.IntrinsicElements'.
kinsphere_prototype.tsx(615,235): error TS2339: Property 'path' does not exist on type 'JSX.IntrinsicElements'.
kinsphere_prototype.tsx(615,273): error TS2339: Property 'path' does not exist on type 'JSX.IntrinsicElements'.
kinsphere_prototype.tsx(615,310): error TS2339: Property 'svg' does not exist on type 'JSX.IntrinsicElements'.
kinsphere_prototype.tsx(616,18): error TS2339: Property 'svg' does not exist on type 'JSX.IntrinsicElements'.
kinsphere_prototype.tsx(616,161): error TS2339: Property 'rect' does not exist on type 'JSX.IntrinsicElements'.
kinsphere_prototype.tsx(616,215): error TS2339: Property 'path' does not exist on type 'JSX.IntrinsicElements'.
kinsphere_prototype.tsx(616,299): error TS2339: Property 'line' does not exist on type 'JSX.IntrinsicElements'.
kinsphere_prototype.tsx(616,338): error TS2339: Property 'line' does not exist on type 'JSX.IntrinsicElements'.
kinsphere_prototype.tsx(616,377): error TS2339: Property 'line' does not exist on type 'JSX.IntrinsicElements'.
kinsphere_prototype.tsx(616,417): error TS2339: Property 'line' does not exist on type 'JSX.IntrinsicElements'.
kinsphere_prototype.tsx(616,457): error TS2339: Property 'svg' does not exist on type 'JSX.IntrinsicElements'.
kinsphere_prototype.tsx(617,13): error TS2339: Property 'svg' does not exist on type 'JSX.IntrinsicElements'.
kinsphere_prototype.tsx(617,156): error TS2339: Property 'circle' does not exist on type 'JSX.IntrinsicElements'.
kinsphere_prototype.tsx(617,188): error TS2339: Property 'polyline' does not exist on type 'JSX.IntrinsicElements'.
kinsphere_prototype.tsx(617,225): error TS2339: Property 'svg' does not exist on type 'JSX.IntrinsicElements'.
kinsphere_prototype.tsx(618,17): error TS2339: Property 'svg' does not exist on type 'JSX.IntrinsicElements'.
kinsphere_prototype.tsx(618,160): error TS2339: Property 'path' does not exist on type 'JSX.IntrinsicElements'.
kinsphere_prototype.tsx(618,233): error TS2339: Property 'path' does not exist on type 'JSX.IntrinsicElements'.
kinsphere_prototype.tsx(618,254): error TS2339: Property 'path' does not exist on type 'JSX.IntrinsicElements'.
kinsphere_prototype.tsx(618,276): error TS2339: Property 'path' does not exist on type 'JSX.IntrinsicElements'.
kinsphere_prototype.tsx(618,295): error TS2339: Property 'svg' does not exist on type 'JSX.IntrinsicElements'.
kinsphere_prototype.tsx(619,26): error TS2339: Property 'svg' does not exist on type 'JSX.IntrinsicElements'.
kinsphere_prototype.tsx(619,169): error TS2339: Property 'line' does not exist on type 'JSX.IntrinsicElements'.
kinsphere_prototype.tsx(619,208): error TS2339: Property 'line' does not exist on type 'JSX.IntrinsicElements'.
kinsphere_prototype.tsx(619,246): error TS2339: Property 'line' does not exist on type 'JSX.IntrinsicElements'.
kinsphere_prototype.tsx(619,283): error TS2339: Property 'svg' does not exist on type 'JSX.IntrinsicElements'.
kinsphere_prototype.tsx(620,15): error TS2339: Property 'svg' does not exist on type 'JSX.IntrinsicElements'.
kinsphere_prototype.tsx(620,158): error TS2339: Property 'polyline' does not exist on type 'JSX.IntrinsicElements'.
kinsphere_prototype.tsx(620,207): error TS2339: Property 'polyline' does not exist on type 'JSX.IntrinsicElements'.
kinsphere_prototype.tsx(620,243): error TS2339: Property 'svg' does not exist on type 'JSX.IntrinsicElements'.
kinsphere_prototype.tsx(765,5): error TS2339: Property 'div' does not exist on type 'JSX.IntrinsicElements'.
kinsphere_prototype.tsx(768,54): error TS2339: Property 'div' does not exist on type 'JSX.IntrinsicElements'.
kinsphere_prototype.tsx(779,10): error TS2339: Property 'span' does not exist on type 'JSX.IntrinsicElements'.
kinsphere_prototype.tsx(779,160): error TS2339: Property 'span' does not exist on type 'JSX.IntrinsicElements'.
kinsphere_prototype.tsx(783,3): error TS2339: Property 'span' does not exist on type 'JSX.IntrinsicElements'.
kinsphere_prototype.tsx(783,114): error TS2339: Property 'span' does not exist on type 'JSX.IntrinsicElements'.
kinsphere_prototype.tsx(793,5): error TS2339: Property 'button' does not exist on type 'JSX.IntrinsicElements'.
kinsphere_prototype.tsx(795,86): error TS2339: Property 'button' does not exist on type 'JSX.IntrinsicElements'.
kinsphere_prototype.tsx(800,3): error TS2339: Property 'div' does not exist on type 'JSX.IntrinsicElements'.
kinsphere_prototype.tsx(804,16): error TS2339: Property 'div' does not exist on type 'JSX.IntrinsicElements'.
kinsphere_prototype.tsx(809,3): error TS2339: Property 'svg' does not exist on type 'JSX.IntrinsicElements'.
kinsphere_prototype.tsx(809,153): error TS2339: Property 'line' does not exist on type 'JSX.IntrinsicElements'.
kinsphere_prototype.tsx(809,190): error TS2339: Property 'line' does not exist on type 'JSX.IntrinsicElements'.
kinsphere_prototype.tsx(809,197): error TS2339: Property 'line' does not exist on type 'JSX.IntrinsicElements'.
kinsphere_prototype.tsx(809,234): error TS2339: Property 'line' does not exist on type 'JSX.IntrinsicElements'.
kinsphere_prototype.tsx(809,241): error TS2339: Property 'svg' does not exist on type 'JSX.IntrinsicElements'.
kinsphere_prototype.tsx(812,3): error TS2339: Property 'svg' does not exist on type 'JSX.IntrinsicElements'.
kinsphere_prototype.tsx(812,153): error TS2339: Property 'polyline' does not exist on type 'JSX.IntrinsicElements'.
kinsphere_prototype.tsx(812,185): error TS2339: Property 'polyline' does not exist on type 'JSX.IntrinsicElements'.
kinsphere_prototype.tsx(812,196): error TS2339: Property 'path' does not exist on type 'JSX.IntrinsicElements'.
kinsphere_prototype.tsx(812,285): error TS2339: Property 'path' does not exist on type 'JSX.IntrinsicElements'.
kinsphere_prototype.tsx(812,292): error TS2339: Property 'line' does not exist on type 'JSX.IntrinsicElements'.
kinsphere_prototype.tsx(812,330): error TS2339: Property 'line' does not exist on type 'JSX.IntrinsicElements'.
kinsphere_prototype.tsx(812,337): error TS2339: Property 'line' does not exist on type 'JSX.IntrinsicElements'.
kinsphere_prototype.tsx(812,375): error TS2339: Property 'line' does not exist on type 'JSX.IntrinsicElements'.
kinsphere_prototype.tsx(812,382): error TS2339: Property 'svg' does not exist on type 'JSX.IntrinsicElements'.
kinsphere_prototype.tsx(815,3): error TS2339: Property 'svg' does not exist on type 'JSX.IntrinsicElements'.
kinsphere_prototype.tsx(815,153): error TS2339: Property 'path' does not exist on type 'JSX.IntrinsicElements'.
kinsphere_prototype.tsx(815,222): error TS2339: Property 'path' does not exist on type 'JSX.IntrinsicElements'.
kinsphere_prototype.tsx(815,229): error TS2339: Property 'path' does not exist on type 'JSX.IntrinsicElements'.
kinsphere_prototype.tsx(815,296): error TS2339: Property 'path' does not exist on type 'JSX.IntrinsicElements'.
kinsphere_prototype.tsx(815,303): error TS2339: Property 'svg' does not exist on type 'JSX.IntrinsicElements'.
kinsphere_prototype.tsx(818,3): error TS2339: Property 'svg' does not exist on type 'JSX.IntrinsicElements'.
kinsphere_prototype.tsx(818,153): error TS2339: Property 'polyline' does not exist on type 'JSX.IntrinsicElements'.
kinsphere_prototype.tsx(818,187): error TS2339: Property 'polyline' does not exist on type 'JSX.IntrinsicElements'.
kinsphere_prototype.tsx(818,198): error TS2339: Property 'svg' does not exist on type 'JSX.IntrinsicElements'.
kinsphere_prototype.tsx(821,3): error TS2339: Property 'svg' does not exist on type 'JSX.IntrinsicElements'.
kinsphere_prototype.tsx(821,145): error TS2339: Property 'polyline' does not exist on type 'JSX.IntrinsicElements'.
kinsphere_prototype.tsx(821,180): error TS2339: Property 'polyline' does not exist on type 'JSX.IntrinsicElements'.
kinsphere_prototype.tsx(821,191): error TS2339: Property 'svg' does not exist on type 'JSX.IntrinsicElements'.
kinsphere_prototype.tsx(824,3): error TS2339: Property 'svg' does not exist on type 'JSX.IntrinsicElements'.
kinsphere_prototype.tsx(824,145): error TS2339: Property 'path' does not exist on type 'JSX.IntrinsicElements'.
kinsphere_prototype.tsx(824,274): error TS2339: Property 'path' does not exist on type 'JSX.IntrinsicElements'.
kinsphere_prototype.tsx(824,281): error TS2339: Property 'polyline' does not exist on type 'JSX.IntrinsicElements'.
kinsphere_prototype.tsx(824,321): error TS2339: Property 'polyline' does not exist on type 'JSX.IntrinsicElements'.
kinsphere_prototype.tsx(824,332): error TS2339: Property 'line' does not exist on type 'JSX.IntrinsicElements'.
kinsphere_prototype.tsx(824,370): error TS2339: Property 'line' does not exist on type 'JSX.IntrinsicElements'.
kinsphere_prototype.tsx(824,377): error TS2339: Property 'svg' does not exist on type 'JSX.IntrinsicElements'.
kinsphere_prototype.tsx(827,3): error TS2339: Property 'svg' does not exist on type 'JSX.IntrinsicElements'.
kinsphere_prototype.tsx(827,143): error TS2339: Property 'path' does not exist on type 'JSX.IntrinsicElements'.
kinsphere_prototype.tsx(827,195): error TS2339: Property 'path' does not exist on type 'JSX.IntrinsicElements'.
kinsphere_prototype.tsx(827,202): error TS2339: Property 'circle' does not exist on type 'JSX.IntrinsicElements'.
kinsphere_prototype.tsx(827,231): error TS2339: Property 'circle' does not exist on type 'JSX.IntrinsicElements'.
kinsphere_prototype.tsx(827,240): error TS2339: Property 'svg' does not exist on type 'JSX.IntrinsicElements'.
kinsphere_prototype.tsx(830,3): error TS2339: Property 'svg' does not exist on type 'JSX.IntrinsicElements'.
kinsphere_prototype.tsx(830,145): error TS2339: Property 'path' does not exist on type 'JSX.IntrinsicElements'.
kinsphere_prototype.tsx(830,212): error TS2339: Property 'path' does not exist on type 'JSX.IntrinsicElements'.
kinsphere_prototype.tsx(830,219): error TS2339: Property 'polyline' does not exist on type 'JSX.IntrinsicElements'.
kinsphere_prototype.tsx(830,253): error TS2339: Property 'polyline' does not exist on type 'JSX.IntrinsicElements'.
kinsphere_prototype.tsx(830,264): error TS2339: Property 'line' does not exist on type 'JSX.IntrinsicElements'.
kinsphere_prototype.tsx(830,301): error TS2339: Property 'line' does not exist on type 'JSX.IntrinsicElements'.
kinsphere_prototype.tsx(830,308): error TS2339: Property 'svg' does not exist on type 'JSX.IntrinsicElements'.
kinsphere_prototype.tsx(833,3): error TS2339: Property 'svg' does not exist on type 'JSX.IntrinsicElements'.
kinsphere_prototype.tsx(833,143): error TS2339: Property 'circle' does not exist on type 'JSX.IntrinsicElements'.
kinsphere_prototype.tsx(833,173): error TS2339: Property 'circle' does not exist on type 'JSX.IntrinsicElements'.
kinsphere_prototype.tsx(833,182): error TS2339: Property 'path' does not exist on type 'JSX.IntrinsicElements'.
kinsphere_prototype.tsx(833,927): error TS2339: Property 'path' does not exist on type 'JSX.IntrinsicElements'.
kinsphere_prototype.tsx(833,934): error TS2339: Property 'svg' does not exist on type 'JSX.IntrinsicElements'.
kinsphere_prototype.tsx(839,3): error TS2339: Property 'div' does not exist on type 'JSX.IntrinsicElements'.
kinsphere_prototype.tsx(844,5): error TS2339: Property 'div' does not exist on type 'JSX.IntrinsicElements'.
kinsphere_prototype.tsx(845,5): error TS2339: Property 'div' does not exist on type 'JSX.IntrinsicElements'.
kinsphere_prototype.tsx(847,9): error TS2339: Property 'div' does not exist on type 'JSX.IntrinsicElements'.
kinsphere_prototype.tsx(847,105): error TS2339: Property 'div' does not exist on type 'JSX.IntrinsicElements'.
kinsphere_prototype.tsx(850,9): error TS2339: Property 'h2' does not exist on type 'JSX.IntrinsicElements'.
kinsphere_prototype.tsx(850,120): error TS2339: Property 'h2' does not exist on type 'JSX.IntrinsicElements'.
kinsphere_prototype.tsx(853,5): error TS2339: Property 'div' does not exist on type 'JSX.IntrinsicElements'.
kinsphere_prototype.tsx(854,3): error TS2339: Property 'div' does not exist on type 'JSX.IntrinsicElements'.
kinsphere_prototype.tsx(858,3): error TS2339: Property 'h3' does not exist on type 'JSX.IntrinsicElements'.
kinsphere_prototype.tsx(858,117): error TS2339: Property 'h3' does not exist on type 'JSX.IntrinsicElements'.
kinsphere_prototype.tsx(862,3): error TS2339: Property 'div' does not exist on type 'JSX.IntrinsicElements'.
kinsphere_prototype.tsx(863,15): error TS2339: Property 'label' does not exist on type 'JSX.IntrinsicElements'.
kinsphere_prototype.tsx(863,147): error TS2339: Property 'label' does not exist on type 'JSX.IntrinsicElements'.
kinsphere_prototype.tsx(865,7): error TS2339: Property 'select' does not exist on type 'JSX.IntrinsicElements'.
kinsphere_prototype.tsx(869,18): error TS2339: Property 'option' does not exist on type 'JSX.IntrinsicElements'.
kinsphere_prototype.tsx(869,49): error TS2339: Property 'option' does not exist on type 'JSX.IntrinsicElements'.
kinsphere_prototype.tsx(871,7): error TS2339: Property 'select' does not exist on type 'JSX.IntrinsicElements'.
kinsphere_prototype.tsx(873,7): error TS2339: Property 'textarea' does not exist on type 'JSX.IntrinsicElements'.
kinsphere_prototype.tsx(875,7): error TS2339: Property 'input' does not exist on type 'JSX.IntrinsicElements'.
kinsphere_prototype.tsx(877,3): error TS2339: Property 'div' does not exist on type 'JSX.IntrinsicElements'.
kinsphere_prototype.tsx(882,3): error TS2339: Property 'div' does not exist on type 'JSX.IntrinsicElements'.
kinsphere_prototype.tsx(883,15): error TS2339: Property 'label' does not exist on type 'JSX.IntrinsicElements'.
kinsphere_prototype.tsx(883,147): error TS2339: Property 'label' does not exist on type 'JSX.IntrinsicElements'.
kinsphere_prototype.tsx(884,13): error TS2339: Property 'div' does not exist on type 'JSX.IntrinsicElements'.
kinsphere_prototype.tsx(884,94): error TS2339: Property 'div' does not exist on type 'JSX.IntrinsicElements'.
kinsphere_prototype.tsx(885,5): error TS2339: Property 'div' does not exist on type 'JSX.IntrinsicElements'.
kinsphere_prototype.tsx(890,9): error TS2339: Property 'span' does not exist on type 'JSX.IntrinsicElements'.
kinsphere_prototype.tsx(893,20): error TS2339: Property 'span' does not exist on type 'JSX.IntrinsicElements'.
kinsphere_prototype.tsx(895,7): error TS2339: Property 'input' does not exist on type 'JSX.IntrinsicElements'.
kinsphere_prototype.tsx(905,9): error TS2339: Property 'span' does not exist on type 'JSX.IntrinsicElements'.
kinsphere_prototype.tsx(908,20): error TS2339: Property 'span' does not exist on type 'JSX.IntrinsicElements'.
kinsphere_prototype.tsx(910,5): error TS2339: Property 'div' does not exist on type 'JSX.IntrinsicElements'.
kinsphere_prototype.tsx(911,3): error TS2339: Property 'div' does not exist on type 'JSX.IntrinsicElements'.
kinsphere_prototype.tsx(915,3): error TS2339: Property 'div' does not exist on type 'JSX.IntrinsicElements'.
kinsphere_prototype.tsx(915,118): error TS2339: Property 'div' does not exist on type 'JSX.IntrinsicElements'.
kinsphere_prototype.tsx(919,3): error TS2339: Property 'div' does not exist on type 'JSX.IntrinsicElements'.
kinsphere_prototype.tsx(921,5): error TS2339: Property 'div' does not exist on type 'JSX.IntrinsicElements'.
kinsphere_prototype.tsx(922,7): error TS2339: Property 'div' does not exist on type 'JSX.IntrinsicElements'.
kinsphere_prototype.tsx(923,18): error TS2339: Property 'h2' does not exist on type 'JSX.IntrinsicElements'.
kinsphere_prototype.tsx(923,104): error TS2339: Property 'h2' does not exist on type 'JSX.IntrinsicElements'.
kinsphere_prototype.tsx(924,9): error TS2339: Property 'button' does not exist on type 'JSX.IntrinsicElements'.
kinsphere_prototype.tsx(924,164): error TS2339: Property 'button' does not exist on type 'JSX.IntrinsicElements'.
kinsphere_prototype.tsx(925,7): error TS2339: Property 'div' does not exist on type 'JSX.IntrinsicElements'.
kinsphere_prototype.tsx(927,5): error TS2339: Property 'div' does not exist on type 'JSX.IntrinsicElements'.
kinsphere_prototype.tsx(928,3): error TS2339: Property 'div' does not exist on type 'JSX.IntrinsicElements'.
kinsphere_prototype.tsx(932,3): error TS2339: Property 'div' does not exist on type 'JSX.IntrinsicElements'.
kinsphere_prototype.tsx(948,7): error TS2339: Property 'button' does not exist on type 'JSX.IntrinsicElements'.
kinsphere_prototype.tsx(954,13): error TS2339: Property 'button' does not exist on type 'JSX.IntrinsicElements'.
kinsphere_prototype.tsx(956,3): error TS2339: Property 'div' does not exist on type 'JSX.IntrinsicElements'.
kinsphere_prototype.tsx(964,5): error TS2339: Property 'div' does not exist on type 'JSX.IntrinsicElements'.
kinsphere_prototype.tsx(969,7): error TS2339: Property 'style' does not exist on type 'JSX.IntrinsicElements'.
kinsphere_prototype.tsx(971,9): error TS2339: Property 'style' does not exist on type 'JSX.IntrinsicElements'.
kinsphere_prototype.tsx(972,7): error TS2339: Property 'div' does not exist on type 'JSX.IntrinsicElements'.
kinsphere_prototype.tsx(973,9): error TS2339: Property 'div' does not exist on type 'JSX.IntrinsicElements'.
kinsphere_prototype.tsx(974,77): error TS2339: Property 'div' does not exist on type 'JSX.IntrinsicElements'.
kinsphere_prototype.tsx(974,246): error TS2339: Property 'div' does not exist on type 'JSX.IntrinsicElements'.
kinsphere_prototype.tsx(975,11): error TS2339: Property 'div' does not exist on type 'JSX.IntrinsicElements'.
kinsphere_prototype.tsx(976,13): error TS2339: Property 'div' does not exist on type 'JSX.IntrinsicElements'.
kinsphere_prototype.tsx(976,82): error TS2339: Property 'div' does not exist on type 'JSX.IntrinsicElements'.
kinsphere_prototype.tsx(977,13): error TS2339: Property 'div' does not exist on type 'JSX.IntrinsicElements'.
kinsphere_prototype.tsx(977,93): error TS2339: Property 'div' does not exist on type 'JSX.IntrinsicElements'.
kinsphere_prototype.tsx(978,11): error TS2339: Property 'div' does not exist on type 'JSX.IntrinsicElements'.
kinsphere_prototype.tsx(979,9): error TS2339: Property 'div' does not exist on type 'JSX.IntrinsicElements'.
kinsphere_prototype.tsx(980,9): error TS2339: Property 'button' does not exist on type 'JSX.IntrinsicElements'.
kinsphere_prototype.tsx(980,125): error TS2339: Property 'button' does not exist on type 'JSX.IntrinsicElements'.
kinsphere_prototype.tsx(981,7): error TS2339: Property 'div' does not exist on type 'JSX.IntrinsicElements'.
kinsphere_prototype.tsx(983,7): error TS2339: Property 'div' does not exist on type 'JSX.IntrinsicElements'.
kinsphere_prototype.tsx(984,9): error TS2339: Property 'div' does not exist on type 'JSX.IntrinsicElements'.
kinsphere_prototype.tsx(985,11): error TS2339: Property 'span' does not exist on type 'JSX.IntrinsicElements'.
kinsphere_prototype.tsx(985,62): error TS2339: Property 'span' does not exist on type 'JSX.IntrinsicElements'.
kinsphere_prototype.tsx(986,9): error TS2339: Property 'div' does not exist on type 'JSX.IntrinsicElements'.
kinsphere_prototype.tsx(987,9): error TS2339: Property 'div' does not exist on type 'JSX.IntrinsicElements'.
kinsphere_prototype.tsx(988,11): error TS2339: Property 'span' does not exist on type 'JSX.IntrinsicElements'.
kinsphere_prototype.tsx(988,65): error TS2339: Property 'span' does not exist on type 'JSX.IntrinsicElements'.
kinsphere_prototype.tsx(989,9): error TS2339: Property 'div' does not exist on type 'JSX.IntrinsicElements'.
kinsphere_prototype.tsx(990,7): error TS2339: Property 'div' does not exist on type 'JSX.IntrinsicElements'.
kinsphere_prototype.tsx(993,9): error TS2339: Property 'div' does not exist on type 'JSX.IntrinsicElements'.
kinsphere_prototype.tsx(994,11): error TS2339: Property 'div' does not exist on type 'JSX.IntrinsicElements'.
kinsphere_prototype.tsx(994,118): error TS2339: Property 'div' does not exist on type 'JSX.IntrinsicElements'.
kinsphere_prototype.tsx(995,11): error TS2339: Property 'select' does not exist on type 'JSX.IntrinsicElements'.
kinsphere_prototype.tsx(1003,13): error TS2339: Property 'option' does not exist on type 'JSX.IntrinsicElements'.
kinsphere_prototype.tsx(1003,50): error TS2339: Property 'option' does not exist on type 'JSX.IntrinsicElements'.
kinsphere_prototype.tsx(1005,15): error TS2339: Property 'option' does not exist on type 'JSX.IntrinsicElements'.
kinsphere_prototype.tsx(1005,55): error TS2339: Property 'option' does not exist on type 'JSX.IntrinsicElements'.
kinsphere_prototype.tsx(1007,11): error TS2339: Property 'select' does not exist on type 'JSX.IntrinsicElements'.
kinsphere_prototype.tsx(1008,9): error TS2339: Property 'div' does not exist on type 'JSX.IntrinsicElements'.
kinsphere_prototype.tsx(1010,5): error TS2339: Property 'div' does not exist on type 'JSX.IntrinsicElements'.
kinsphere_prototype.tsx(1016,3): error TS2339: Property 'span' does not exist on type 'JSX.IntrinsicElements'.
kinsphere_prototype.tsx(1016,227): error TS2339: Property 'span' does not exist on type 'JSX.IntrinsicElements'.
kinsphere_prototype.tsx(1042,5): error TS2339: Property 'div' does not exist on type 'JSX.IntrinsicElements'.
kinsphere_prototype.tsx(1044,7): error TS2339: Property 'div' does not exist on type 'JSX.IntrinsicElements'.
kinsphere_prototype.tsx(1059,69): error TS2339: Property 'div' does not exist on type 'JSX.IntrinsicElements'.
kinsphere_prototype.tsx(1059,268): error TS2339: Property 'div' does not exist on type 'JSX.IntrinsicElements'.
kinsphere_prototype.tsx(1060,9): error TS2339: Property 'div' does not exist on type 'JSX.IntrinsicElements'.
kinsphere_prototype.tsx(1060,88): error TS2339: Property 'div' does not exist on type 'JSX.IntrinsicElements'.
kinsphere_prototype.tsx(1061,9): error TS2339: Property 'div' does not exist on type 'JSX.IntrinsicElements'.
kinsphere_prototype.tsx(1061,96): error TS2339: Property 'div' does not exist on type 'JSX.IntrinsicElements'.
kinsphere_prototype.tsx(1062,9): error TS2339: Property 'div' does not exist on type 'JSX.IntrinsicElements'.
kinsphere_prototype.tsx(1065,20): error TS2339: Property 'div' does not exist on type 'JSX.IntrinsicElements'.
kinsphere_prototype.tsx(1069,11): error TS2339: Property 'button' does not exist on type 'JSX.IntrinsicElements'.
kinsphere_prototype.tsx(1079,11): error TS2339: Property 'button' does not exist on type 'JSX.IntrinsicElements'.
kinsphere_prototype.tsx(1081,7): error TS2339: Property 'div' does not exist on type 'JSX.IntrinsicElements'.
kinsphere_prototype.tsx(1085,11): error TS2339: Property 'div' does not exist on type 'JSX.IntrinsicElements'.
kinsphere_prototype.tsx(1086,11): error TS2339: Property 'div' does not exist on type 'JSX.IntrinsicElements'.
kinsphere_prototype.tsx(1101,11): error TS2339: Property 'div' does not exist on type 'JSX.IntrinsicElements'.
kinsphere_prototype.tsx(1104,5): error TS2339: Property 'div' does not exist on type 'JSX.IntrinsicElements'.
kinsphere_prototype.tsx(1127,5): error TS2339: Property 'div' does not exist on type 'JSX.IntrinsicElements'.
kinsphere_prototype.tsx(1127,90): error TS2339: Property 'div' does not exist on type 'JSX.IntrinsicElements'.
kinsphere_prototype.tsx(1131,5): error TS2339: Property 'div' does not exist on type 'JSX.IntrinsicElements'.
kinsphere_prototype.tsx(1132,7): error TS2339: Property 'div' does not exist on type 'JSX.IntrinsicElements'.
kinsphere_prototype.tsx(1136,11): error TS2339: Property 'div' does not exist on type 'JSX.IntrinsicElements'.
kinsphere_prototype.tsx(1137,13): error TS2339: Property 'div' does not exist on type 'JSX.IntrinsicElements'.
kinsphere_prototype.tsx(1141,27): error TS2339: Property 'div' does not exist on type 'JSX.IntrinsicElements'.
kinsphere_prototype.tsx(1142,13): error TS2339: Property 'div' does not exist on type 'JSX.IntrinsicElements'.
kinsphere_prototype.tsx(1143,15): error TS2339: Property 'div' does not exist on type 'JSX.IntrinsicElements'.
kinsphere_prototype.tsx(1143,83): error TS2339: Property 'div' does not exist on type 'JSX.IntrinsicElements'.
kinsphere_prototype.tsx(1144,15): error TS2339: Property 'div' does not exist on type 'JSX.IntrinsicElements'.
kinsphere_prototype.tsx(1144,91): error TS2339: Property 'div' does not exist on type 'JSX.IntrinsicElements'.
kinsphere_prototype.tsx(1145,13): error TS2339: Property 'div' does not exist on type 'JSX.IntrinsicElements'.
kinsphere_prototype.tsx(1146,11): error TS2339: Property 'div' does not exist on type 'JSX.IntrinsicElements'.
kinsphere_prototype.tsx(1149,5): error TS2339: Property 'div' does not exist on type 'JSX.IntrinsicElements'.
kinsphere_prototype.tsx(1158,7): error TS2339: Property 'div' does not exist on type 'JSX.IntrinsicElements'.
kinsphere_prototype.tsx(1160,9): error TS2339: Property 'div' does not exist on type 'JSX.IntrinsicElements'.
kinsphere_prototype.tsx(1161,11): error TS2339: Property 'div' does not exist on type 'JSX.IntrinsicElements'.
kinsphere_prototype.tsx(1162,13): error TS2339: Property 'div' does not exist on type 'JSX.IntrinsicElements'.
kinsphere_prototype.tsx(1162,107): error TS2339: Property 'div' does not exist on type 'JSX.IntrinsicElements'.
kinsphere_prototype.tsx(1163,13): error TS2339: Property 'span' does not exist on type 'JSX.IntrinsicElements'.
kinsphere_prototype.tsx(1165,89): error TS2339: Property 'span' does not exist on type 'JSX.IntrinsicElements'.
kinsphere_prototype.tsx(1166,11): error TS2339: Property 'div' does not exist on type 'JSX.IntrinsicElements'.
kinsphere_prototype.tsx(1167,11): error TS2339: Property 'div' does not exist on type 'JSX.IntrinsicElements'.
kinsphere_prototype.tsx(1167,75): error TS2339: Property 'div' does not exist on type 'JSX.IntrinsicElements'.
kinsphere_prototype.tsx(1168,11): error TS2339: Property 'div' does not exist on type 'JSX.IntrinsicElements'.
kinsphere_prototype.tsx(1168,84): error TS2339: Property 'div' does not exist on type 'JSX.IntrinsicElements'.
kinsphere_prototype.tsx(1169,9): error TS2339: Property 'div' does not exist on type 'JSX.IntrinsicElements'.
kinsphere_prototype.tsx(1170,7): error TS2339: Property 'div' does not exist on type 'JSX.IntrinsicElements'.
kinsphere_prototype.tsx(1171,7): error TS2339: Property 'div' does not exist on type 'JSX.IntrinsicElements'.
kinsphere_prototype.tsx(1182,11): error TS2339: Property 'div' does not exist on type 'JSX.IntrinsicElements'.
kinsphere_prototype.tsx(1183,13): error TS2339: Property 'div' does not exist on type 'JSX.IntrinsicElements'.
kinsphere_prototype.tsx(1183,106): error TS2339: Property 'div' does not exist on type 'JSX.IntrinsicElements'.
kinsphere_prototype.tsx(1184,13): error TS2339: Property 'div' does not exist on type 'JSX.IntrinsicElements'.
kinsphere_prototype.tsx(1184,45): error TS2339: Property 'div' does not exist on type 'JSX.IntrinsicElements'.
kinsphere_prototype.tsx(1185,11): error TS2339: Property 'div' does not exist on type 'JSX.IntrinsicElements'.
kinsphere_prototype.tsx(1187,7): error TS2339: Property 'div' does not exist on type 'JSX.IntrinsicElements'.
kinsphere_prototype.tsx(1188,7): error TS2339: Property 'div' does not exist on type 'JSX.IntrinsicElements'.
kinsphere_prototype.tsx(1189,9): error TS2339: Property 'div' does not exist on type 'JSX.IntrinsicElements'.
kinsphere_prototype.tsx(1190,11): error TS2339: Property 'div' does not exist on type 'JSX.IntrinsicElements'.
kinsphere_prototype.tsx(1190,99): error TS2339: Property 'div' does not exist on type 'JSX.IntrinsicElements'.
kinsphere_prototype.tsx(1191,26): error TS2339: Property 'button' does not exist on type 'JSX.IntrinsicElements'.
kinsphere_prototype.tsx(1191,219): error TS2339: Property 'button' does not exist on type 'JSX.IntrinsicElements'.
kinsphere_prototype.tsx(1192,9): error TS2339: Property 'div' does not exist on type 'JSX.IntrinsicElements'.
kinsphere_prototype.tsx(1194,11): error TS2339: Property 'div' does not exist on type 'JSX.IntrinsicElements'.
kinsphere_prototype.tsx(1195,13): error TS2339: Property 'div' does not exist on type 'JSX.IntrinsicElements'.
kinsphere_prototype.tsx(1196,15): error TS2339: Property 'div' does not exist on type 'JSX.IntrinsicElements'.
kinsphere_prototype.tsx(1196,105): error TS2339: Property 'div' does not exist on type 'JSX.IntrinsicElements'.
kinsphere_prototype.tsx(1197,15): error TS2339: Property 'div' does not exist on type 'JSX.IntrinsicElements'.
kinsphere_prototype.tsx(1197,101): error TS2339: Property 'div' does not exist on type 'JSX.IntrinsicElements'.
kinsphere_prototype.tsx(1198,13): error TS2339: Property 'div' does not exist on type 'JSX.IntrinsicElements'.
kinsphere_prototype.tsx(1199,13): error TS2339: Property 'div' does not exist on type 'JSX.IntrinsicElements'.
kinsphere_prototype.tsx(1200,15): error TS2339: Property 'div' does not exist on type 'JSX.IntrinsicElements'.
kinsphere_prototype.tsx(1200,100): error TS2339: Property 'div' does not exist on type 'JSX.IntrinsicElements'.
kinsphere_prototype.tsx(1201,15): error TS2339: Property 'div' does not exist on type 'JSX.IntrinsicElements'.
kinsphere_prototype.tsx(1201,92): error TS2339: Property 'div' does not exist on type 'JSX.IntrinsicElements'.
kinsphere_prototype.tsx(1202,13): error TS2339: Property 'div' does not exist on type 'JSX.IntrinsicElements'.
kinsphere_prototype.tsx(1203,11): error TS2339: Property 'div' does not exist on type 'JSX.IntrinsicElements'.
kinsphere_prototype.tsx(1205,11): error TS2339: Property 'div' does not exist on type 'JSX.IntrinsicElements'.
kinsphere_prototype.tsx(1205,98): error TS2339: Property 'div' does not exist on type 'JSX.IntrinsicElements'.
kinsphere_prototype.tsx(1207,7): error TS2339: Property 'div' does not exist on type 'JSX.IntrinsicElements'.
kinsphere_prototype.tsx(1208,7): error TS2339: Property 'div' does not exist on type 'JSX.IntrinsicElements'.
kinsphere_prototype.tsx(1209,9): error TS2339: Property 'div' does not exist on type 'JSX.IntrinsicElements'.
kinsphere_prototype.tsx(1209,117): error TS2339: Property 'div' does not exist on type 'JSX.IntrinsicElements'.
kinsphere_prototype.tsx(1210,9): error TS2339: Property 'div' does not exist on type 'JSX.IntrinsicElements'.
kinsphere_prototype.tsx(1211,37): error TS2339: Property 'span' does not exist on type 'JSX.IntrinsicElements'.
kinsphere_prototype.tsx(1211,149): error TS2339: Property 'span' does not exist on type 'JSX.IntrinsicElements'.
kinsphere_prototype.tsx(1212,9): error TS2339: Property 'div' does not exist on type 'JSX.IntrinsicElements'.
kinsphere_prototype.tsx(1213,7): error TS2339: Property 'div' does not exist on type 'JSX.IntrinsicElements'.
kinsphere_prototype.tsx(1214,7): error TS2339: Property 'div' does not exist on type 'JSX.IntrinsicElements'.
kinsphere_prototype.tsx(1215,9): error TS2339: Property 'div' does not exist on type 'JSX.IntrinsicElements'.
kinsphere_prototype.tsx(1215,119): error TS2339: Property 'div' does not exist on type 'JSX.IntrinsicElements'.
kinsphere_prototype.tsx(1216,9): error TS2339: Property 'div' does not exist on type 'JSX.IntrinsicElements'.
kinsphere_prototype.tsx(1218,13): error TS2339: Property 'div' does not exist on type 'JSX.IntrinsicElements'.
kinsphere_prototype.tsx(1218,97): error TS2339: Property 'div' does not exist on type 'JSX.IntrinsicElements'.
kinsphere_prototype.tsx(1221,13): error TS2339: Property 'div' does not exist on type 'JSX.IntrinsicElements'.
kinsphere_prototype.tsx(1234,15): error TS2339: Property 'span' does not exist on type 'JSX.IntrinsicElements'.
kinsphere_prototype.tsx(1234,62): error TS2339: Property 'span' does not exist on type 'JSX.IntrinsicElements'.
kinsphere_prototype.tsx(1235,15): error TS2339: Property 'span' does not exist on type 'JSX.IntrinsicElements'.
kinsphere_prototype.tsx(1235,47): error TS2339: Property 'span' does not exist on type 'JSX.IntrinsicElements'.
kinsphere_prototype.tsx(1236,32): error TS2339: Property 'span' does not exist on type 'JSX.IntrinsicElements'.
kinsphere_prototype.tsx(1236,96): error TS2339: Property 'span' does not exist on type 'JSX.IntrinsicElements'.
kinsphere_prototype.tsx(1240,17): error TS2339: Property 'div' does not exist on type 'JSX.IntrinsicElements'.
kinsphere_prototype.tsx(1241,19): error TS2339: Property 'span' does not exist on type 'JSX.IntrinsicElements'.
kinsphere_prototype.tsx(1241,104): error TS2339: Property 'span' does not exist on type 'JSX.IntrinsicElements'.
kinsphere_prototype.tsx(1242,19): error TS2339: Property 'button' does not exist on type 'JSX.IntrinsicElements'.
kinsphere_prototype.tsx(1245,27): error TS2339: Property 'button' does not exist on type 'JSX.IntrinsicElements'.
kinsphere_prototype.tsx(1246,19): error TS2339: Property 'button' does not exist on type 'JSX.IntrinsicElements'.
kinsphere_prototype.tsx(1249,26): error TS2339: Property 'button' does not exist on type 'JSX.IntrinsicElements'.
kinsphere_prototype.tsx(1250,17): error TS2339: Property 'div' does not exist on type 'JSX.IntrinsicElements'.
kinsphere_prototype.tsx(1252,17): error TS2339: Property 'span' does not exist on type 'JSX.IntrinsicElements'.
kinsphere_prototype.tsx(1252,87): error TS2339: Property 'span' does not exist on type 'JSX.IntrinsicElements'.
kinsphere_prototype.tsx(1254,13): error TS2339: Property 'div' does not exist on type 'JSX.IntrinsicElements'.
kinsphere_prototype.tsx(1256,9): error TS2339: Property 'div' does not exist on type 'JSX.IntrinsicElements'.
kinsphere_prototype.tsx(1257,7): error TS2339: Property 'div' does not exist on type 'JSX.IntrinsicElements'.
kinsphere_prototype.tsx(1259,9): error TS2339: Property 'div' does not exist on type 'JSX.IntrinsicElements'.
kinsphere_prototype.tsx(1260,11): error TS2339: Property 'div' does not exist on type 'JSX.IntrinsicElements'.
kinsphere_prototype.tsx(1260,120): error TS2339: Property 'div' does not exist on type 'JSX.IntrinsicElements'.
kinsphere_prototype.tsx(1261,11): error TS2339: Property 'div' does not exist on type 'JSX.IntrinsicElements'.
kinsphere_prototype.tsx(1261,134): error TS2339: Property 'div' does not exist on type 'JSX.IntrinsicElements'.
kinsphere_prototype.tsx(1262,9): error TS2339: Property 'div' does not exist on type 'JSX.IntrinsicElements'.
kinsphere_prototype.tsx(1265,9): error TS2339: Property 'div' does not exist on type 'JSX.IntrinsicElements'.
kinsphere_prototype.tsx(1266,11): error TS2339: Property 'div' does not exist on type 'JSX.IntrinsicElements'.
kinsphere_prototype.tsx(1266,116): error TS2339: Property 'div' does not exist on type 'JSX.IntrinsicElements'.
kinsphere_prototype.tsx(1267,11): error TS2339: Property 'div' does not exist on type 'JSX.IntrinsicElements'.
kinsphere_prototype.tsx(1269,15): error TS2339: Property 'div' does not exist on type 'JSX.IntrinsicElements'.
kinsphere_prototype.tsx(1270,17): error TS2339: Property 'div' does not exist on type 'JSX.IntrinsicElements'.
kinsphere_prototype.tsx(1270,113): error TS2339: Property 'div' does not exist on type 'JSX.IntrinsicElements'.
kinsphere_prototype.tsx(1271,17): error TS2339: Property 'div' does not exist on type 'JSX.IntrinsicElements'.
kinsphere_prototype.tsx(1271,52): error TS2339: Property 'div' does not exist on type 'JSX.IntrinsicElements'.
kinsphere_prototype.tsx(1272,15): error TS2339: Property 'div' does not exist on type 'JSX.IntrinsicElements'.
kinsphere_prototype.tsx(1274,11): error TS2339: Property 'div' does not exist on type 'JSX.IntrinsicElements'.
kinsphere_prototype.tsx(1275,9): error TS2339: Property 'div' does not exist on type 'JSX.IntrinsicElements'.
kinsphere_prototype.tsx(1280,180): error TS2339: Property 'div' does not exist on type 'JSX.IntrinsicElements'.
kinsphere_prototype.tsx(1280,191): error TS2339: Property 'div' does not exist on type 'JSX.IntrinsicElements'.
kinsphere_prototype.tsx(1286,5): error TS2339: Property 'div' does not exist on type 'JSX.IntrinsicElements'.
kinsphere_prototype.tsx(1287,7): error TS2339: Property 'span' does not exist on type 'JSX.IntrinsicElements'.
kinsphere_prototype.tsx(1287,44): error TS2339: Property 'span' does not exist on type 'JSX.IntrinsicElements'.
kinsphere_prototype.tsx(1288,7): error TS2339: Property 'div' does not exist on type 'JSX.IntrinsicElements'.
kinsphere_prototype.tsx(1289,38): error TS2339: Property 'span' does not exist on type 'JSX.IntrinsicElements'.
kinsphere_prototype.tsx(1289,86): error TS2339: Property 'span' does not exist on type 'JSX.IntrinsicElements'.
kinsphere_prototype.tsx(1290,9): error TS2339: Property 'span' does not exist on type 'JSX.IntrinsicElements'.
kinsphere_prototype.tsx(1290,62): error TS2339: Property 'span' does not exist on type 'JSX.IntrinsicElements'.
kinsphere_prototype.tsx(1291,7): error TS2339: Property 'div' does not exist on type 'JSX.IntrinsicElements'.
kinsphere_prototype.tsx(1292,5): error TS2339: Property 'div' does not exist on type 'JSX.IntrinsicElements'.
kinsphere_prototype.tsx(1295,5): error TS2339: Property 'div' does not exist on type 'JSX.IntrinsicElements'.
kinsphere_prototype.tsx(1303,7): error TS2339: Property 'div' does not exist on type 'JSX.IntrinsicElements'.
kinsphere_prototype.tsx(1307,9): error TS2339: Property 'div' does not exist on type 'JSX.IntrinsicElements'.
kinsphere_prototype.tsx(1309,13): error TS2339: Property 'img' does not exist on type 'JSX.IntrinsicElements'.
kinsphere_prototype.tsx(1311,13): error TS2339: Property 'div' does not exist on type 'JSX.IntrinsicElements'.
kinsphere_prototype.tsx(1311,225): error TS2339: Property 'div' does not exist on type 'JSX.IntrinsicElements'.
kinsphere_prototype.tsx(1313,11): error TS2339: Property 'div' does not exist on type 'JSX.IntrinsicElements'.
kinsphere_prototype.tsx(1314,13): error TS2339: Property 'div' does not exist on type 'JSX.IntrinsicElements'.
kinsphere_prototype.tsx(1314,85): error TS2339: Property 'div' does not exist on type 'JSX.IntrinsicElements'.
kinsphere_prototype.tsx(1315,13): error TS2339: Property 'div' does not exist on type 'JSX.IntrinsicElements'.
kinsphere_prototype.tsx(1315,119): error TS2339: Property 'div' does not exist on type 'JSX.IntrinsicElements'.
kinsphere_prototype.tsx(1316,11): error TS2339: Property 'div' does not exist on type 'JSX.IntrinsicElements'.
kinsphere_prototype.tsx(1317,9): error TS2339: Property 'div' does not exist on type 'JSX.IntrinsicElements'.
kinsphere_prototype.tsx(1318,9): error TS2339: Property 'div' does not exist on type 'JSX.IntrinsicElements'.
kinsphere_prototype.tsx(1319,11): error TS2339: Property 'div' does not exist on type 'JSX.IntrinsicElements'.
kinsphere_prototype.tsx(1319,93): error TS2339: Property 'div' does not exist on type 'JSX.IntrinsicElements'.
kinsphere_prototype.tsx(1320,11): error TS2339: Property 'div' does not exist on type 'JSX.IntrinsicElements'.
kinsphere_prototype.tsx(1320,117): error TS2339: Property 'div' does not exist on type 'JSX.IntrinsicElements'.
kinsphere_prototype.tsx(1321,11): error TS2339: Property 'div' does not exist on type 'JSX.IntrinsicElements'.
kinsphere_prototype.tsx(1321,133): error TS2339: Property 'div' does not exist on type 'JSX.IntrinsicElements'.
kinsphere_prototype.tsx(1322,9): error TS2339: Property 'div' does not exist on type 'JSX.IntrinsicElements'.
kinsphere_prototype.tsx(1323,7): error TS2339: Property 'div' does not exist on type 'JSX.IntrinsicElements'.
kinsphere_prototype.tsx(1325,7): error TS2339: Property 'div' does not exist on type 'JSX.IntrinsicElements'.
kinsphere_prototype.tsx(1325,105): error TS2339: Property 'div' does not exist on type 'JSX.IntrinsicElements'.
kinsphere_prototype.tsx(1326,7): error TS2339: Property 'div' does not exist on type 'JSX.IntrinsicElements'.
kinsphere_prototype.tsx(1327,9): error TS2339: Property 'div' does not exist on type 'JSX.IntrinsicElements'.
kinsphere_prototype.tsx(1327,14): error TS2339: Property 'span' does not exist on type 'JSX.IntrinsicElements'.
kinsphere_prototype.tsx(1327,78): error TS2339: Property 'span' does not exist on type 'JSX.IntrinsicElements'.
kinsphere_prototype.tsx(1327,85): error TS2339: Property 'span' does not exist on type 'JSX.IntrinsicElements'.
kinsphere_prototype.tsx(1327,128): error TS2339: Property 'span' does not exist on type 'JSX.IntrinsicElements'.
kinsphere_prototype.tsx(1327,135): error TS2339: Property 'div' does not exist on type 'JSX.IntrinsicElements'.
kinsphere_prototype.tsx(1328,9): error TS2339: Property 'div' does not exist on type 'JSX.IntrinsicElements'.
kinsphere_prototype.tsx(1328,14): error TS2339: Property 'span' does not exist on type 'JSX.IntrinsicElements'.
kinsphere_prototype.tsx(1328,85): error TS2339: Property 'span' does not exist on type 'JSX.IntrinsicElements'.
kinsphere_prototype.tsx(1328,92): error TS2339: Property 'span' does not exist on type 'JSX.IntrinsicElements'.
kinsphere_prototype.tsx(1328,115): error TS2339: Property 'span' does not exist on type 'JSX.IntrinsicElements'.
kinsphere_prototype.tsx(1328,122): error TS2339: Property 'div' does not exist on type 'JSX.IntrinsicElements'.
kinsphere_prototype.tsx(1329,9): error TS2339: Property 'div' does not exist on type 'JSX.IntrinsicElements'.
kinsphere_prototype.tsx(1329,14): error TS2339: Property 'span' does not exist on type 'JSX.IntrinsicElements'.
kinsphere_prototype.tsx(1329,89): error TS2339: Property 'span' does not exist on type 'JSX.IntrinsicElements'.
kinsphere_prototype.tsx(1329,96): error TS2339: Property 'span' does not exist on type 'JSX.IntrinsicElements'.
kinsphere_prototype.tsx(1329,114): error TS2339: Property 'span' does not exist on type 'JSX.IntrinsicElements'.
kinsphere_prototype.tsx(1329,121): error TS2339: Property 'div' does not exist on type 'JSX.IntrinsicElements'.
kinsphere_prototype.tsx(1330,9): error TS2339: Property 'div' does not exist on type 'JSX.IntrinsicElements'.
kinsphere_prototype.tsx(1330,14): error TS2339: Property 'span' does not exist on type 'JSX.IntrinsicElements'.
kinsphere_prototype.tsx(1330,84): error TS2339: Property 'span' does not exist on type 'JSX.IntrinsicElements'.
kinsphere_prototype.tsx(1330,91): error TS2339: Property 'span' does not exist on type 'JSX.IntrinsicElements'.
kinsphere_prototype.tsx(1330,107): error TS2339: Property 'span' does not exist on type 'JSX.IntrinsicElements'.
kinsphere_prototype.tsx(1330,114): error TS2339: Property 'div' does not exist on type 'JSX.IntrinsicElements'.
kinsphere_prototype.tsx(1331,7): error TS2339: Property 'div' does not exist on type 'JSX.IntrinsicElements'.
kinsphere_prototype.tsx(1334,9): error TS2339: Property 'div' does not exist on type 'JSX.IntrinsicElements'.
kinsphere_prototype.tsx(1335,35): error TS2339: Property 'strong' does not exist on type 'JSX.IntrinsicElements'.
kinsphere_prototype.tsx(1335,91): error TS2339: Property 'strong' does not exist on type 'JSX.IntrinsicElements'.
kinsphere_prototype.tsx(1336,9): error TS2339: Property 'div' does not exist on type 'JSX.IntrinsicElements'.
kinsphere_prototype.tsx(1339,7): error TS2339: Property 'div' does not exist on type 'JSX.IntrinsicElements'.
kinsphere_prototype.tsx(1339,117): error TS2339: Property 'div' does not exist on type 'JSX.IntrinsicElements'.
kinsphere_prototype.tsx(1340,7): error TS2339: Property 'div' does not exist on type 'JSX.IntrinsicElements'.
kinsphere_prototype.tsx(1344,9): error TS2339: Property 'div' does not exist on type 'JSX.IntrinsicElements'.
kinsphere_prototype.tsx(1345,11): error TS2339: Property 'span' does not exist on type 'JSX.IntrinsicElements'.
kinsphere_prototype.tsx(1345,22): error TS2339: Property 'span' does not exist on type 'JSX.IntrinsicElements'.
kinsphere_prototype.tsx(1346,11): error TS2339: Property 'span' does not exist on type 'JSX.IntrinsicElements'.
kinsphere_prototype.tsx(1346,51): error TS2339: Property 'span' does not exist on type 'JSX.IntrinsicElements'.
kinsphere_prototype.tsx(1347,9): error TS2339: Property 'div' does not exist on type 'JSX.IntrinsicElements'.
kinsphere_prototype.tsx(1348,7): error TS2339: Property 'div' does not exist on type 'JSX.IntrinsicElements'.
kinsphere_prototype.tsx(1350,7): error TS2339: Property 'div' does not exist on type 'JSX.IntrinsicElements'.
kinsphere_prototype.tsx(1350,116): error TS2339: Property 'div' does not exist on type 'JSX.IntrinsicElements'.
kinsphere_prototype.tsx(1351,7): error TS2339: Property 'div' does not exist on type 'JSX.IntrinsicElements'.
kinsphere_prototype.tsx(1355,9): error TS2339: Property 'div' does not exist on type 'JSX.IntrinsicElements'.
kinsphere_prototype.tsx(1356,11): error TS2339: Property 'span' does not exist on type 'JSX.IntrinsicElements'.
kinsphere_prototype.tsx(1356,33): error TS2339: Property 'span' does not exist on type 'JSX.IntrinsicElements'.
kinsphere_prototype.tsx(1357,11): error TS2339: Property 'span' does not exist on type 'JSX.IntrinsicElements'.
kinsphere_prototype.tsx(1357,45): error TS2339: Property 'span' does not exist on type 'JSX.IntrinsicElements'.
kinsphere_prototype.tsx(1358,9): error TS2339: Property 'div' does not exist on type 'JSX.IntrinsicElements'.
kinsphere_prototype.tsx(1359,7): error TS2339: Property 'div' does not exist on type 'JSX.IntrinsicElements'.
kinsphere_prototype.tsx(1361,7): error TS2339: Property 'div' does not exist on type 'JSX.IntrinsicElements'.
kinsphere_prototype.tsx(1362,9): error TS2339: Property 'div' does not exist on type 'JSX.IntrinsicElements'.
kinsphere_prototype.tsx(1363,11): error TS2339: Property 'span' does not exist on type 'JSX.IntrinsicElements'.
kinsphere_prototype.tsx(1363,101): error TS2339: Property 'span' does not exist on type 'JSX.IntrinsicElements'.
kinsphere_prototype.tsx(1364,11): error TS2339: Property 'span' does not exist on type 'JSX.IntrinsicElements'.
kinsphere_prototype.tsx(1364,106): error TS2339: Property 'span' does not exist on type 'JSX.IntrinsicElements'.
kinsphere_prototype.tsx(1365,9): error TS2339: Property 'div' does not exist on type 'JSX.IntrinsicElements'.
kinsphere_prototype.tsx(1366,7): error TS2339: Property 'div' does not exist on type 'JSX.IntrinsicElements'.
kinsphere_prototype.tsx(1368,7): error TS2339: Property 'div' does not exist on type 'JSX.IntrinsicElements'.
kinsphere_prototype.tsx(1369,9): error TS2339: Property 'div' does not exist on type 'JSX.IntrinsicElements'.
kinsphere_prototype.tsx(1370,11): error TS2339: Property 'div' does not exist on type 'JSX.IntrinsicElements'.
kinsphere_prototype.tsx(1371,11): error TS2339: Property 'div' does not exist on type 'JSX.IntrinsicElements'.
kinsphere_prototype.tsx(1371,98): error TS2339: Property 'div' does not exist on type 'JSX.IntrinsicElements'.
kinsphere_prototype.tsx(1372,11): error TS2339: Property 'div' does not exist on type 'JSX.IntrinsicElements'.
kinsphere_prototype.tsx(1372,120): error TS2339: Property 'div' does not exist on type 'JSX.IntrinsicElements'.
kinsphere_prototype.tsx(1373,9): error TS2339: Property 'div' does not exist on type 'JSX.IntrinsicElements'.
kinsphere_prototype.tsx(1374,7): error TS2339: Property 'div' does not exist on type 'JSX.IntrinsicElements'.
kinsphere_prototype.tsx(1375,7): error TS2339: Property 'div' does not exist on type 'JSX.IntrinsicElements'.
kinsphere_prototype.tsx(1377,7): error TS2339: Property 'div' does not exist on type 'JSX.IntrinsicElements'.
kinsphere_prototype.tsx(1378,5): error TS2339: Property 'div' does not exist on type 'JSX.IntrinsicElements'.
kinsphere_prototype.tsx(1418,14): error TS2339: Property 'x' does not exist on type 'Particle'.
kinsphere_prototype.tsx(1419,14): error TS2339: Property 'y' does not exist on type 'Particle'.
kinsphere_prototype.tsx(1420,14): error TS2339: Property 'speedX' does not exist on type 'Particle'.
kinsphere_prototype.tsx(1421,14): error TS2339: Property 'speedY' does not exist on type 'Particle'.
kinsphere_prototype.tsx(1422,14): error TS2339: Property 'size' does not exist on type 'Particle'.
kinsphere_prototype.tsx(1423,14): error TS2339: Property 'baseOpacity' does not exist on type 'Particle'.
kinsphere_prototype.tsx(1424,14): error TS2339: Property 'opacity' does not exist on type 'Particle'.
kinsphere_prototype.tsx(1425,14): error TS2339: Property 'parallax' does not exist on type 'Particle'.
kinsphere_prototype.tsx(1426,14): error TS2339: Property 'pulse' does not exist on type 'Particle'.
kinsphere_prototype.tsx(1427,14): error TS2339: Property 'pulseSpeed' does not exist on type 'Particle'.
kinsphere_prototype.tsx(1432,22): error TS2339: Property 'x' does not exist on type 'Particle'.
kinsphere_prototype.tsx(1432,30): error TS2339: Property 'y' does not exist on type 'Particle'.
kinsphere_prototype.tsx(1432,38): error TS2339: Property 'size' does not exist on type 'Particle'.
kinsphere_prototype.tsx(1433,53): error TS2339: Property 'opacity' does not exist on type 'Particle'.
kinsphere_prototype.tsx(1438,22): error TS2339: Property 'x' does not exist on type 'Particle'.
kinsphere_prototype.tsx(1438,30): error TS2339: Property 'y' does not exist on type 'Particle'.
kinsphere_prototype.tsx(1438,38): error TS2339: Property 'size' does not exist on type 'Particle'.
kinsphere_prototype.tsx(1439,53): error TS2339: Property 'opacity' does not exist on type 'Particle'.
kinsphere_prototype.tsx(1443,18): error TS2339: Property 'x' does not exist on type 'Particle'.
kinsphere_prototype.tsx(1443,43): error TS2339: Property 'x' does not exist on type 'Particle'.
kinsphere_prototype.tsx(1443,55): error TS2339: Property 'speedX' does not exist on type 'Particle'.
kinsphere_prototype.tsx(1443,70): error TS2339: Property 'speedX' does not exist on type 'Particle'.
kinsphere_prototype.tsx(1444,18): error TS2339: Property 'y' does not exist on type 'Particle'.
kinsphere_prototype.tsx(1444,44): error TS2339: Property 'y' does not exist on type 'Particle'.
kinsphere_prototype.tsx(1444,56): error TS2339: Property 'speedY' does not exist on type 'Particle'.
kinsphere_prototype.tsx(1444,71): error TS2339: Property 'speedY' does not exist on type 'Particle'.
kinsphere_prototype.tsx(1447,35): error TS2339: Property 'x' does not exist on type 'Particle'.
kinsphere_prototype.tsx(1448,35): error TS2339: Property 'y' does not exist on type 'Particle'.
kinsphere_prototype.tsx(1454,20): error TS2339: Property 'x' does not exist on type 'Particle'.
kinsphere_prototype.tsx(1455,20): error TS2339: Property 'y' does not exist on type 'Particle'.
kinsphere_prototype.tsx(1457,20): error TS2339: Property 'x' does not exist on type 'Particle'.
kinsphere_prototype.tsx(1458,20): error TS2339: Property 'y' does not exist on type 'Particle'.
kinsphere_prototype.tsx(1463,14): error TS2339: Property 'x' does not exist on type 'Particle'.
kinsphere_prototype.tsx(1463,24): error TS2339: Property 'speedX' does not exist on type 'Particle'.
kinsphere_prototype.tsx(1463,38): error TS2339: Property 'parallax' does not exist on type 'Particle'.
kinsphere_prototype.tsx(1464,14): error TS2339: Property 'y' does not exist on type 'Particle'.
kinsphere_prototype.tsx(1464,24): error TS2339: Property 'speedY' does not exist on type 'Particle'.
kinsphere_prototype.tsx(1464,38): error TS2339: Property 'parallax' does not exist on type 'Particle'.
kinsphere_prototype.tsx(1466,14): error TS2339: Property 'pulse' does not exist on type 'Particle'.
kinsphere_prototype.tsx(1466,28): error TS2339: Property 'pulseSpeed' does not exist on type 'Particle'.
kinsphere_prototype.tsx(1467,14): error TS2339: Property 'opacity' does not exist on type 'Particle'.
kinsphere_prototype.tsx(1467,29): error TS2339: Property 'baseOpacity' does not exist on type 'Particle'.
kinsphere_prototype.tsx(1467,64): error TS2339: Property 'pulse' does not exist on type 'Particle'.
kinsphere_prototype.tsx(1583,5): error TS2339: Property 'div' does not exist on type 'JSX.IntrinsicElements'.
kinsphere_prototype.tsx(1584,7): error TS2339: Property 'canvas' does not exist on type 'JSX.IntrinsicElements'.
kinsphere_prototype.tsx(1585,5): error TS2339: Property 'div' does not exist on type 'JSX.IntrinsicElements'.
kinsphere_prototype.tsx(1612,5): error TS2339: Property 'div' does not exist on type 'JSX.IntrinsicElements'.
kinsphere_prototype.tsx(1613,7): error TS2339: Property 'style' does not exist on type 'JSX.IntrinsicElements'.
kinsphere_prototype.tsx(1615,9): error TS2339: Property 'style' does not exist on type 'JSX.IntrinsicElements'.
kinsphere_prototype.tsx(1618,7): error TS2339: Property 'div' does not exist on type 'JSX.IntrinsicElements'.
kinsphere_prototype.tsx(1624,9): error TS2339: Property 'div' does not exist on type 'JSX.IntrinsicElements'.
kinsphere_prototype.tsx(1625,9): error TS2339: Property 'div' does not exist on type 'JSX.IntrinsicElements'.
kinsphere_prototype.tsx(1627,9): error TS2339: Property 'div' does not exist on type 'JSX.IntrinsicElements'.
kinsphere_prototype.tsx(1628,11): error TS2339: Property 'div' does not exist on type 'JSX.IntrinsicElements'.
kinsphere_prototype.tsx(1629,24): error TS2339: Property 'img' does not exist on type 'JSX.IntrinsicElements'.
kinsphere_prototype.tsx(1629,116): error TS2339: Property 'div' does not exist on type 'JSX.IntrinsicElements'.
kinsphere_prototype.tsx(1629,319): error TS2339: Property 'div' does not exist on type 'JSX.IntrinsicElements'.
kinsphere_prototype.tsx(1630,13): error TS2339: Property 'div' does not exist on type 'JSX.IntrinsicElements'.
kinsphere_prototype.tsx(1630,109): error TS2339: Property 'div' does not exist on type 'JSX.IntrinsicElements'.
kinsphere_prototype.tsx(1631,11): error TS2339: Property 'div' does not exist on type 'JSX.IntrinsicElements'.
kinsphere_prototype.tsx(1632,11): error TS2339: Property 'h1' does not exist on type 'JSX.IntrinsicElements'.
kinsphere_prototype.tsx(1634,11): error TS2339: Property 'h1' does not exist on type 'JSX.IntrinsicElements'.
kinsphere_prototype.tsx(1635,11): error TS2339: Property 'p' does not exist on type 'JSX.IntrinsicElements'.
kinsphere_prototype.tsx(1637,11): error TS2339: Property 'p' does not exist on type 'JSX.IntrinsicElements'.
kinsphere_prototype.tsx(1638,9): error TS2339: Property 'div' does not exist on type 'JSX.IntrinsicElements'.
kinsphere_prototype.tsx(1639,7): error TS2339: Property 'div' does not exist on type 'JSX.IntrinsicElements'.
kinsphere_prototype.tsx(1642,7): error TS2339: Property 'div' does not exist on type 'JSX.IntrinsicElements'.
kinsphere_prototype.tsx(1643,9): error TS2339: Property 'div' does not exist on type 'JSX.IntrinsicElements'.
kinsphere_prototype.tsx(1644,11): error TS2339: Property 'h2' does not exist on type 'JSX.IntrinsicElements'.
kinsphere_prototype.tsx(1644,126): error TS2339: Property 'h2' does not exist on type 'JSX.IntrinsicElements'.
kinsphere_prototype.tsx(1645,11): error TS2339: Property 'p' does not exist on type 'JSX.IntrinsicElements'.
kinsphere_prototype.tsx(1645,114): error TS2339: Property 'p' does not exist on type 'JSX.IntrinsicElements'.
kinsphere_prototype.tsx(1647,11): error TS2339: Property 'form' does not exist on type 'JSX.IntrinsicElements'.
kinsphere_prototype.tsx(1648,13): error TS2339: Property 'div' does not exist on type 'JSX.IntrinsicElements'.
kinsphere_prototype.tsx(1649,15): error TS2339: Property 'label' does not exist on type 'JSX.IntrinsicElements'.
kinsphere_prototype.tsx(1649,164): error TS2339: Property 'label' does not exist on type 'JSX.IntrinsicElements'.
kinsphere_prototype.tsx(1650,15): error TS2339: Property 'input' does not exist on type 'JSX.IntrinsicElements'.
kinsphere_prototype.tsx(1651,13): error TS2339: Property 'div' does not exist on type 'JSX.IntrinsicElements'.
kinsphere_prototype.tsx(1652,13): error TS2339: Property 'div' does not exist on type 'JSX.IntrinsicElements'.
kinsphere_prototype.tsx(1653,15): error TS2339: Property 'label' does not exist on type 'JSX.IntrinsicElements'.
kinsphere_prototype.tsx(1653,162): error TS2339: Property 'label' does not exist on type 'JSX.IntrinsicElements'.
kinsphere_prototype.tsx(1654,15): error TS2339: Property 'input' does not exist on type 'JSX.IntrinsicElements'.
kinsphere_prototype.tsx(1655,13): error TS2339: Property 'div' does not exist on type 'JSX.IntrinsicElements'.
kinsphere_prototype.tsx(1656,13): error TS2339: Property 'button' does not exist on type 'JSX.IntrinsicElements'.
kinsphere_prototype.tsx(1658,13): error TS2339: Property 'button' does not exist on type 'JSX.IntrinsicElements'.
kinsphere_prototype.tsx(1659,11): error TS2339: Property 'form' does not exist on type 'JSX.IntrinsicElements'.
kinsphere_prototype.tsx(1661,11): error TS2339: Property 'div' does not exist on type 'JSX.IntrinsicElements'.
kinsphere_prototype.tsx(1662,13): error TS2339: Property 'div' does not exist on type 'JSX.IntrinsicElements'.
kinsphere_prototype.tsx(1663,13): error TS2339: Property 'span' does not exist on type 'JSX.IntrinsicElements'.
kinsphere_prototype.tsx(1663,125): error TS2339: Property 'span' does not exist on type 'JSX.IntrinsicElements'.
kinsphere_prototype.tsx(1664,13): error TS2339: Property 'div' does not exist on type 'JSX.IntrinsicElements'.
kinsphere_prototype.tsx(1665,11): error TS2339: Property 'div' does not exist on type 'JSX.IntrinsicElements'.
kinsphere_prototype.tsx(1667,11): error TS2339: Property 'div' does not exist on type 'JSX.IntrinsicElements'.
kinsphere_prototype.tsx(1668,13): error TS2339: Property 'button' does not exist on type 'JSX.IntrinsicElements'.
kinsphere_prototype.tsx(1668,417): error TS2339: Property 'button' does not exist on type 'JSX.IntrinsicElements'.
kinsphere_prototype.tsx(1669,13): error TS2339: Property 'button' does not exist on type 'JSX.IntrinsicElements'.
kinsphere_prototype.tsx(1669,411): error TS2339: Property 'button' does not exist on type 'JSX.IntrinsicElements'.
kinsphere_prototype.tsx(1670,13): error TS2339: Property 'button' does not exist on type 'JSX.IntrinsicElements'.
kinsphere_prototype.tsx(1670,414): error TS2339: Property 'button' does not exist on type 'JSX.IntrinsicElements'.
kinsphere_prototype.tsx(1671,11): error TS2339: Property 'div' does not exist on type 'JSX.IntrinsicElements'.
kinsphere_prototype.tsx(1672,9): error TS2339: Property 'div' does not exist on type 'JSX.IntrinsicElements'.
kinsphere_prototype.tsx(1673,7): error TS2339: Property 'div' does not exist on type 'JSX.IntrinsicElements'.
kinsphere_prototype.tsx(1674,5): error TS2339: Property 'div' does not exist on type 'JSX.IntrinsicElements'.
kinsphere_prototype.tsx(1742,3): error TS2339: Property 'div' does not exist on type 'JSX.IntrinsicElements'.
kinsphere_prototype.tsx(1743,5): error TS2339: Property 'div' does not exist on type 'JSX.IntrinsicElements'.
kinsphere_prototype.tsx(1743,98): error TS2339: Property 'div' does not exist on type 'JSX.IntrinsicElements'.
kinsphere_prototype.tsx(1744,5): error TS2339: Property 'div' does not exist on type 'JSX.IntrinsicElements'.
kinsphere_prototype.tsx(1744,128): error TS2339: Property 'div' does not exist on type 'JSX.IntrinsicElements'.
kinsphere_prototype.tsx(1745,3): error TS2339: Property 'div' does not exist on type 'JSX.IntrinsicElements'.
kinsphere_prototype.tsx(1749,3): error TS2339: Property 'div' does not exist on type 'JSX.IntrinsicElements'.
kinsphere_prototype.tsx(1750,5): error TS2339: Property 'h3' does not exist on type 'JSX.IntrinsicElements'.
kinsphere_prototype.tsx(1750,145): error TS2339: Property 'h3' does not exist on type 'JSX.IntrinsicElements'.
kinsphere_prototype.tsx(1751,21): error TS2339: Property 'span' does not exist on type 'JSX.IntrinsicElements'.
kinsphere_prototype.tsx(1751,147): error TS2339: Property 'span' does not exist on type 'JSX.IntrinsicElements'.
kinsphere_prototype.tsx(1752,3): error TS2339: Property 'div' does not exist on type 'JSX.IntrinsicElements'.
kinsphere_prototype.tsx(1758,5): error TS2339: Property 'div' does not exist on type 'JSX.IntrinsicElements'.
kinsphere_prototype.tsx(1760,9): error TS2339: Property 'div' does not exist on type 'JSX.IntrinsicElements'.
kinsphere_prototype.tsx(1762,9): error TS2339: Property 'div' does not exist on type 'JSX.IntrinsicElements'.
kinsphere_prototype.tsx(1764,7): error TS2339: Property 'div' does not exist on type 'JSX.IntrinsicElements'.
kinsphere_prototype.tsx(1766,11): error TS2339: Property 'input' does not exist on type 'JSX.IntrinsicElements'.
kinsphere_prototype.tsx(1768,11): error TS2339: Property 'span' does not exist on type 'JSX.IntrinsicElements'.
kinsphere_prototype.tsx(1768,115): error TS2339: Property 'span' does not exist on type 'JSX.IntrinsicElements'.
kinsphere_prototype.tsx(1770,7): error TS2339: Property 'div' does not exist on type 'JSX.IntrinsicElements'.
kinsphere_prototype.tsx(1772,9): error TS2339: Property 'button' does not exist on type 'JSX.IntrinsicElements'.
kinsphere_prototype.tsx(1774,9): error TS2339: Property 'button' does not exist on type 'JSX.IntrinsicElements'.
kinsphere_prototype.tsx(1777,9): error TS2339: Property 'button' does not exist on type 'JSX.IntrinsicElements'.
kinsphere_prototype.tsx(1779,9): error TS2339: Property 'button' does not exist on type 'JSX.IntrinsicElements'.
kinsphere_prototype.tsx(1781,5): error TS2339: Property 'div' does not exist on type 'JSX.IntrinsicElements'.
kinsphere_prototype.tsx(1812,5): error TS2339: Property 'div' does not exist on type 'JSX.IntrinsicElements'.
kinsphere_prototype.tsx(1813,7): error TS2339: Property 'div' does not exist on type 'JSX.IntrinsicElements'.
kinsphere_prototype.tsx(1814,9): error TS2339: Property 'button' does not exist on type 'JSX.IntrinsicElements'.
kinsphere_prototype.tsx(1814,160): error TS2339: Property 'button' does not exist on type 'JSX.IntrinsicElements'.
kinsphere_prototype.tsx(1815,9): error TS2339: Property 'div' does not exist on type 'JSX.IntrinsicElements'.
kinsphere_prototype.tsx(1815,14): error TS2339: Property 'h2' does not exist on type 'JSX.IntrinsicElements'.
kinsphere_prototype.tsx(1815,131): error TS2339: Property 'h2' does not exist on type 'JSX.IntrinsicElements'.
kinsphere_prototype.tsx(1815,136): error TS2339: Property 'p' does not exist on type 'JSX.IntrinsicElements'.
kinsphere_prototype.tsx(1815,252): error TS2339: Property 'p' does not exist on type 'JSX.IntrinsicElements'.
kinsphere_prototype.tsx(1815,256): error TS2339: Property 'div' does not exist on type 'JSX.IntrinsicElements'.
kinsphere_prototype.tsx(1816,7): error TS2339: Property 'div' does not exist on type 'JSX.IntrinsicElements'.
kinsphere_prototype.tsx(1818,9): error TS2339: Property 'div' does not exist on type 'JSX.IntrinsicElements'.
kinsphere_prototype.tsx(1820,13): error TS2339: Property 'label' does not exist on type 'JSX.IntrinsicElements'.
kinsphere_prototype.tsx(1821,15): error TS2339: Property 'input' does not exist on type 'JSX.IntrinsicElements'.
kinsphere_prototype.tsx(1822,15): error TS2339: Property 'div' does not exist on type 'JSX.IntrinsicElements'.
kinsphere_prototype.tsx(1822,20): error TS2339: Property 'div' does not exist on type 'JSX.IntrinsicElements'.
kinsphere_prototype.tsx(1822,81): error TS2339: Property 'div' does not exist on type 'JSX.IntrinsicElements'.
kinsphere_prototype.tsx(1822,87): error TS2339: Property 'div' does not exist on type 'JSX.IntrinsicElements'.
kinsphere_prototype.tsx(1822,132): error TS2339: Property 'div' does not exist on type 'JSX.IntrinsicElements'.
kinsphere_prototype.tsx(1822,138): error TS2339: Property 'div' does not exist on type 'JSX.IntrinsicElements'.
kinsphere_prototype.tsx(1823,13): error TS2339: Property 'label' does not exist on type 'JSX.IntrinsicElements'.
kinsphere_prototype.tsx(1825,9): error TS2339: Property 'div' does not exist on type 'JSX.IntrinsicElements'.
kinsphere_prototype.tsx(1827,11): error TS2339: Property 'div' does not exist on type 'JSX.IntrinsicElements'.
kinsphere_prototype.tsx(1832,11): error TS2339: Property 'div' does not exist on type 'JSX.IntrinsicElements'.
kinsphere_prototype.tsx(1834,11): error TS2339: Property 'div' does not exist on type 'JSX.IntrinsicElements'.
kinsphere_prototype.tsx(1837,11): error TS2339: Property 'div' does not exist on type 'JSX.IntrinsicElements'.
kinsphere_prototype.tsx(1839,9): error TS2339: Property 'div' does not exist on type 'JSX.IntrinsicElements'.
kinsphere_prototype.tsx(1842,9): error TS2339: Property 'div' does not exist on type 'JSX.IntrinsicElements'.
kinsphere_prototype.tsx(1844,7): error TS2339: Property 'style' does not exist on type 'JSX.IntrinsicElements'.
kinsphere_prototype.tsx(1844,106): error TS2339: Property 'style' does not exist on type 'JSX.IntrinsicElements'.
kinsphere_prototype.tsx(1845,5): error TS2339: Property 'div' does not exist on type 'JSX.IntrinsicElements'.
kinsphere_prototype.tsx(1857,7): error TS2339: Property 'div' does not exist on type 'JSX.IntrinsicElements'.
kinsphere_prototype.tsx(1858,9): error TS2339: Property 'div' does not exist on type 'JSX.IntrinsicElements'.
kinsphere_prototype.tsx(1859,11): error TS2339: Property 'button' does not exist on type 'JSX.IntrinsicElements'.
kinsphere_prototype.tsx(1859,175): error TS2339: Property 'button' does not exist on type 'JSX.IntrinsicElements'.
kinsphere_prototype.tsx(1860,11): error TS2339: Property 'div' does not exist on type 'JSX.IntrinsicElements'.
kinsphere_prototype.tsx(1861,13): error TS2339: Property 'div' does not exist on type 'JSX.IntrinsicElements'.
kinsphere_prototype.tsx(1862,15): error TS2339: Property 'div' does not exist on type 'JSX.IntrinsicElements'.
kinsphere_prototype.tsx(1862,257): error TS2339: Property 'div' does not exist on type 'JSX.IntrinsicElements'.
kinsphere_prototype.tsx(1863,15): error TS2339: Property 'div' does not exist on type 'JSX.IntrinsicElements'.
kinsphere_prototype.tsx(1864,17): error TS2339: Property 'h2' does not exist on type 'JSX.IntrinsicElements'.
kinsphere_prototype.tsx(1864,121): error TS2339: Property 'h2' does not exist on type 'JSX.IntrinsicElements'.
kinsphere_prototype.tsx(1865,17): error TS2339: Property 'div' does not exist on type 'JSX.IntrinsicElements'.
kinsphere_prototype.tsx(1865,112): error TS2339: Property 'div' does not exist on type 'JSX.IntrinsicElements'.
kinsphere_prototype.tsx(1866,15): error TS2339: Property 'div' does not exist on type 'JSX.IntrinsicElements'.
kinsphere_prototype.tsx(1867,13): error TS2339: Property 'div' does not exist on type 'JSX.IntrinsicElements'.
kinsphere_prototype.tsx(1868,11): error TS2339: Property 'div' does not exist on type 'JSX.IntrinsicElements'.
kinsphere_prototype.tsx(1869,11): error TS2339: Property 'button' does not exist on type 'JSX.IntrinsicElements'.
kinsphere_prototype.tsx(1871,11): error TS2339: Property 'button' does not exist on type 'JSX.IntrinsicElements'.
kinsphere_prototype.tsx(1872,9): error TS2339: Property 'div' does not exist on type 'JSX.IntrinsicElements'.
kinsphere_prototype.tsx(1873,9): error TS2339: Property 'div' does not exist on type 'JSX.IntrinsicElements'.
kinsphere_prototype.tsx(1878,9): error TS2339: Property 'div' does not exist on type 'JSX.IntrinsicElements'.
kinsphere_prototype.tsx(1879,9): error TS2339: Property 'div' does not exist on type 'JSX.IntrinsicElements'.
kinsphere_prototype.tsx(1880,11): error TS2339: Property 'div' does not exist on type 'JSX.IntrinsicElements'.
kinsphere_prototype.tsx(1881,9): error TS2339: Property 'div' does not exist on type 'JSX.IntrinsicElements'.
kinsphere_prototype.tsx(1882,9): error TS2339: Property 'div' does not exist on type 'JSX.IntrinsicElements'.
kinsphere_prototype.tsx(1887,15): error TS2339: Property 'section' does not exist on type 'JSX.IntrinsicElements'.
kinsphere_prototype.tsx(1901,15): error TS2339: Property 'section' does not exist on type 'JSX.IntrinsicElements'.
kinsphere_prototype.tsx(1905,13): error TS2339: Property 'button' does not exist on type 'JSX.IntrinsicElements'.
kinsphere_prototype.tsx(1907,13): error TS2339: Property 'button' does not exist on type 'JSX.IntrinsicElements'.
kinsphere_prototype.tsx(1909,9): error TS2339: Property 'div' does not exist on type 'JSX.IntrinsicElements'.
kinsphere_prototype.tsx(1910,9): error TS2339: Property 'style' does not exist on type 'JSX.IntrinsicElements'.
kinsphere_prototype.tsx(1910,108): error TS2339: Property 'style' does not exist on type 'JSX.IntrinsicElements'.
kinsphere_prototype.tsx(1911,7): error TS2339: Property 'div' does not exist on type 'JSX.IntrinsicElements'.
kinsphere_prototype.tsx(1916,5): error TS2339: Property 'div' does not exist on type 'JSX.IntrinsicElements'.
kinsphere_prototype.tsx(1917,7): error TS2339: Property 'div' does not exist on type 'JSX.IntrinsicElements'.
kinsphere_prototype.tsx(1918,9): error TS2339: Property 'div' does not exist on type 'JSX.IntrinsicElements'.
kinsphere_prototype.tsx(1919,11): error TS2339: Property 'h2' does not exist on type 'JSX.IntrinsicElements'.
kinsphere_prototype.tsx(1919,132): error TS2339: Property 'h2' does not exist on type 'JSX.IntrinsicElements'.
kinsphere_prototype.tsx(1920,11): error TS2339: Property 'p' does not exist on type 'JSX.IntrinsicElements'.
kinsphere_prototype.tsx(1920,113): error TS2339: Property 'p' does not exist on type 'JSX.IntrinsicElements'.
kinsphere_prototype.tsx(1921,9): error TS2339: Property 'div' does not exist on type 'JSX.IntrinsicElements'.
kinsphere_prototype.tsx(1925,7): error TS2339: Property 'div' does not exist on type 'JSX.IntrinsicElements'.
kinsphere_prototype.tsx(1927,9): error TS2339: Property 'div' does not exist on type 'JSX.IntrinsicElements'.
kinsphere_prototype.tsx(1928,11): error TS2339: Property 'div' does not exist on type 'JSX.IntrinsicElements'.
kinsphere_prototype.tsx(1928,119): error TS2339: Property 'div' does not exist on type 'JSX.IntrinsicElements'.
kinsphere_prototype.tsx(1929,11): error TS2339: Property 'h3' does not exist on type 'JSX.IntrinsicElements'.
kinsphere_prototype.tsx(1929,96): error TS2339: Property 'h3' does not exist on type 'JSX.IntrinsicElements'.
kinsphere_prototype.tsx(1930,11): error TS2339: Property 'p' does not exist on type 'JSX.IntrinsicElements'.
kinsphere_prototype.tsx(1930,116): error TS2339: Property 'p' does not exist on type 'JSX.IntrinsicElements'.
kinsphere_prototype.tsx(1931,9): error TS2339: Property 'div' does not exist on type 'JSX.IntrinsicElements'.
kinsphere_prototype.tsx(1933,9): error TS2339: Property 'div' does not exist on type 'JSX.IntrinsicElements'.
kinsphere_prototype.tsx(1938,15): error TS2339: Property 'div' does not exist on type 'JSX.IntrinsicElements'.
kinsphere_prototype.tsx(1939,17): error TS2339: Property 'div' does not exist on type 'JSX.IntrinsicElements'.
kinsphere_prototype.tsx(1939,272): error TS2339: Property 'div' does not exist on type 'JSX.IntrinsicElements'.
kinsphere_prototype.tsx(1940,17): error TS2339: Property 'div' does not exist on type 'JSX.IntrinsicElements'.
kinsphere_prototype.tsx(1941,19): error TS2339: Property 'div' does not exist on type 'JSX.IntrinsicElements'.
kinsphere_prototype.tsx(1941,85): error TS2339: Property 'div' does not exist on type 'JSX.IntrinsicElements'.
kinsphere_prototype.tsx(1942,19): error TS2339: Property 'div' does not exist on type 'JSX.IntrinsicElements'.
kinsphere_prototype.tsx(1942,112): error TS2339: Property 'div' does not exist on type 'JSX.IntrinsicElements'.
kinsphere_prototype.tsx(1943,19): error TS2339: Property 'div' does not exist on type 'JSX.IntrinsicElements'.
kinsphere_prototype.tsx(1944,21): error TS2339: Property 'div' does not exist on type 'JSX.IntrinsicElements'.
kinsphere_prototype.tsx(1945,19): error TS2339: Property 'div' does not exist on type 'JSX.IntrinsicElements'.
kinsphere_prototype.tsx(1946,17): error TS2339: Property 'div' does not exist on type 'JSX.IntrinsicElements'.
kinsphere_prototype.tsx(1947,17): error TS2339: Property 'div' does not exist on type 'JSX.IntrinsicElements'.
kinsphere_prototype.tsx(1948,19): error TS2339: Property 'div' does not exist on type 'JSX.IntrinsicElements'.
kinsphere_prototype.tsx(1948,101): error TS2339: Property 'div' does not exist on type 'JSX.IntrinsicElements'.
kinsphere_prototype.tsx(1949,19): error TS2339: Property 'div' does not exist on type 'JSX.IntrinsicElements'.
kinsphere_prototype.tsx(1949,165): error TS2339: Property 'div' does not exist on type 'JSX.IntrinsicElements'.
kinsphere_prototype.tsx(1950,17): error TS2339: Property 'div' does not exist on type 'JSX.IntrinsicElements'.
kinsphere_prototype.tsx(1951,15): error TS2339: Property 'div' does not exist on type 'JSX.IntrinsicElements'.
kinsphere_prototype.tsx(1954,9): error TS2339: Property 'div' does not exist on type 'JSX.IntrinsicElements'.
kinsphere_prototype.tsx(1956,7): error TS2339: Property 'style' does not exist on type 'JSX.IntrinsicElements'.
kinsphere_prototype.tsx(1956,106): error TS2339: Property 'style' does not exist on type 'JSX.IntrinsicElements'.
kinsphere_prototype.tsx(1957,5): error TS2339: Property 'div' does not exist on type 'JSX.IntrinsicElements'.
kinsphere_prototype.tsx(1983,19): error TS2345: Argument of type 'Date' is not assignable to parameter of type 'number'.
kinsphere_prototype.tsx(1992,65): error TS2362: The left-hand side of an arithmetic operation must be of type 'any', 'number', 'bigint' or an enum type.
kinsphere_prototype.tsx(1992,70): error TS2363: The right-hand side of an arithmetic operation must be of type 'any', 'number', 'bigint' or an enum type.
kinsphere_prototype.tsx(2001,54): error TS2362: The left-hand side of an arithmetic operation must be of type 'any', 'number', 'bigint' or an enum type.
kinsphere_prototype.tsx(2001,59): error TS2363: The right-hand side of an arithmetic operation must be of type 'any', 'number', 'bigint' or an enum type.
kinsphere_prototype.tsx(2009,5): error TS2339: Property 'span' does not exist on type 'JSX.IntrinsicElements'.
kinsphere_prototype.tsx(2012,7): error TS2339: Property 'svg' does not exist on type 'JSX.IntrinsicElements'.
kinsphere_prototype.tsx(2013,15): error TS2339: Property 'polyline' does not exist on type 'JSX.IntrinsicElements'.
kinsphere_prototype.tsx(2013,50): error TS2339: Property 'polyline' does not exist on type 'JSX.IntrinsicElements'.
kinsphere_prototype.tsx(2014,7): error TS2339: Property 'svg' does not exist on type 'JSX.IntrinsicElements'.
kinsphere_prototype.tsx(2016,5): error TS2339: Property 'span' does not exist on type 'JSX.IntrinsicElements'.
kinsphere_prototype.tsx(2020,5): error TS2339: Property 'div' does not exist on type 'JSX.IntrinsicElements'.
kinsphere_prototype.tsx(2022,7): error TS2339: Property 'span' does not exist on type 'JSX.IntrinsicElements'.
kinsphere_prototype.tsx(2022,55): error TS2339: Property 'span' does not exist on type 'JSX.IntrinsicElements'.
kinsphere_prototype.tsx(2023,7): error TS2339: Property 'span' does not exist on type 'JSX.IntrinsicElements'.
kinsphere_prototype.tsx(2023,72): error TS2339: Property 'span' does not exist on type 'JSX.IntrinsicElements'.
kinsphere_prototype.tsx(2024,5): error TS2339: Property 'div' does not exist on type 'JSX.IntrinsicElements'.
kinsphere_prototype.tsx(2028,5): error TS2339: Property 'div' does not exist on type 'JSX.IntrinsicElements'.
kinsphere_prototype.tsx(2030,7): error TS2339: Property 'div' does not exist on type 'JSX.IntrinsicElements'.
kinsphere_prototype.tsx(2031,9): error TS2339: Property 'div' does not exist on type 'JSX.IntrinsicElements'.
kinsphere_prototype.tsx(2031,119): error TS2339: Property 'div' does not exist on type 'JSX.IntrinsicElements'.
kinsphere_prototype.tsx(2032,9): error TS2339: Property 'div' does not exist on type 'JSX.IntrinsicElements'.
kinsphere_prototype.tsx(2032,64): error TS2339: Property 'div' does not exist on type 'JSX.IntrinsicElements'.
kinsphere_prototype.tsx(2033,7): error TS2339: Property 'div' does not exist on type 'JSX.IntrinsicElements'.
kinsphere_prototype.tsx(2034,7): error TS2339: Property 'div' does not exist on type 'JSX.IntrinsicElements'.
kinsphere_prototype.tsx(2034,105): error TS2339: Property 'div' does not exist on type 'JSX.IntrinsicElements'.
kinsphere_prototype.tsx(2035,15): error TS2339: Property 'div' does not exist on type 'JSX.IntrinsicElements'.
kinsphere_prototype.tsx(2035,62): error TS2339: Property 'div' does not exist on type 'JSX.IntrinsicElements'.
kinsphere_prototype.tsx(2037,5): error TS2339: Property 'div' does not exist on type 'JSX.IntrinsicElements'.
kinsphere_prototype.tsx(2041,5): error TS2339: Property 'button' does not exist on type 'JSX.IntrinsicElements'.
kinsphere_prototype.tsx(2045,15): error TS2339: Property 'button' does not exist on type 'JSX.IntrinsicElements'.
kinsphere_prototype.tsx(2051,7): error TS2339: Property 'div' does not exist on type 'JSX.IntrinsicElements'.
kinsphere_prototype.tsx(2052,9): error TS2339: Property 'div' does not exist on type 'JSX.IntrinsicElements'.
kinsphere_prototype.tsx(2053,11): error TS2339: Property 'span' does not exist on type 'JSX.IntrinsicElements'.
kinsphere_prototype.tsx(2053,61): error TS2339: Property 'span' does not exist on type 'JSX.IntrinsicElements'.
kinsphere_prototype.tsx(2054,11): error TS2339: Property 'span' does not exist on type 'JSX.IntrinsicElements'.
kinsphere_prototype.tsx(2054,77): error TS2339: Property 'span' does not exist on type 'JSX.IntrinsicElements'.
kinsphere_prototype.tsx(2055,9): error TS2339: Property 'div' does not exist on type 'JSX.IntrinsicElements'.
kinsphere_prototype.tsx(2056,9): error TS2339: Property 'div' does not exist on type 'JSX.IntrinsicElements'.
kinsphere_prototype.tsx(2057,11): error TS2339: Property 'div' does not exist on type 'JSX.IntrinsicElements'.
kinsphere_prototype.tsx(2058,9): error TS2339: Property 'div' does not exist on type 'JSX.IntrinsicElements'.
kinsphere_prototype.tsx(2059,7): error TS2339: Property 'div' does not exist on type 'JSX.IntrinsicElements'.
kinsphere_prototype.tsx(2064,5): error TS2339: Property 'div' does not exist on type 'JSX.IntrinsicElements'.
kinsphere_prototype.tsx(2064,80): error TS2339: Property 'div' does not exist on type 'JSX.IntrinsicElements'.
kinsphere_prototype.tsx(2068,28): error TS2339: Property 'svg' does not exist on type 'JSX.IntrinsicElements'.
kinsphere_prototype.tsx(2068,171): error TS2339: Property 'path' does not exist on type 'JSX.IntrinsicElements'.
kinsphere_prototype.tsx(2068,224): error TS2339: Property 'circle' does not exist on type 'JSX.IntrinsicElements'.
kinsphere_prototype.tsx(2068,253): error TS2339: Property 'path' does not exist on type 'JSX.IntrinsicElements'.
kinsphere_prototype.tsx(2068,291): error TS2339: Property 'path' does not exist on type 'JSX.IntrinsicElements'.
kinsphere_prototype.tsx(2068,328): error TS2339: Property 'svg' does not exist on type 'JSX.IntrinsicElements'.
kinsphere_prototype.tsx(2069,28): error TS2339: Property 'svg' does not exist on type 'JSX.IntrinsicElements'.
kinsphere_prototype.tsx(2069,171): error TS2339: Property 'polyline' does not exist on type 'JSX.IntrinsicElements'.
kinsphere_prototype.tsx(2069,220): error TS2339: Property 'polyline' does not exist on type 'JSX.IntrinsicElements'.
kinsphere_prototype.tsx(2069,256): error TS2339: Property 'svg' does not exist on type 'JSX.IntrinsicElements'.
kinsphere_prototype.tsx(2070,28): error TS2339: Property 'svg' does not exist on type 'JSX.IntrinsicElements'.
kinsphere_prototype.tsx(2070,171): error TS2339: Property 'path' does not exist on type 'JSX.IntrinsicElements'.
kinsphere_prototype.tsx(2070,263): error TS2339: Property 'path' does not exist on type 'JSX.IntrinsicElements'.
kinsphere_prototype.tsx(2070,323): error TS2339: Property 'svg' does not exist on type 'JSX.IntrinsicElements'.
kinsphere_prototype.tsx(2071,28): error TS2339: Property 'svg' does not exist on type 'JSX.IntrinsicElements'.
kinsphere_prototype.tsx(2071,171): error TS2339: Property 'line' does not exist on type 'JSX.IntrinsicElements'.
kinsphere_prototype.tsx(2071,209): error TS2339: Property 'path' does not exist on type 'JSX.IntrinsicElements'.
kinsphere_prototype.tsx(2071,270): error TS2339: Property 'svg' does not exist on type 'JSX.IntrinsicElements'.
kinsphere_prototype.tsx(2072,28): error TS2339: Property 'svg' does not exist on type 'JSX.IntrinsicElements'.
kinsphere_prototype.tsx(2072,171): error TS2339: Property 'path' does not exist on type 'JSX.IntrinsicElements'.
kinsphere_prototype.tsx(2072,244): error TS2339: Property 'svg' does not exist on type 'JSX.IntrinsicElements'.
kinsphere_prototype.tsx(2073,28): error TS2339: Property 'svg' does not exist on type 'JSX.IntrinsicElements'.
kinsphere_prototype.tsx(2073,171): error TS2339: Property 'rect' does not exist on type 'JSX.IntrinsicElements'.
kinsphere_prototype.tsx(2073,218): error TS2339: Property 'rect' does not exist on type 'JSX.IntrinsicElements'.
kinsphere_prototype.tsx(2073,266): error TS2339: Property 'rect' does not exist on type 'JSX.IntrinsicElements'.
kinsphere_prototype.tsx(2073,315): error TS2339: Property 'rect' does not exist on type 'JSX.IntrinsicElements'.
kinsphere_prototype.tsx(2073,363): error TS2339: Property 'svg' does not exist on type 'JSX.IntrinsicElements'.
kinsphere_prototype.tsx(2074,28): error TS2339: Property 'svg' does not exist on type 'JSX.IntrinsicElements'.
kinsphere_prototype.tsx(2074,171): error TS2339: Property 'circle' does not exist on type 'JSX.IntrinsicElements'.
kinsphere_prototype.tsx(2074,203): error TS2339: Property 'line' does not exist on type 'JSX.IntrinsicElements'.
kinsphere_prototype.tsx(2074,241): error TS2339: Property 'line' does not exist on type 'JSX.IntrinsicElements'.
kinsphere_prototype.tsx(2074,283): error TS2339: Property 'svg' does not exist on type 'JSX.IntrinsicElements'.
kinsphere_prototype.tsx(2085,5): error TS2339: Property 'div' does not exist on type 'JSX.IntrinsicElements'.
kinsphere_prototype.tsx(2087,7): error TS2339: Property 'div' does not exist on type 'JSX.IntrinsicElements'.
kinsphere_prototype.tsx(2088,9): error TS2339: Property 'div' does not exist on type 'JSX.IntrinsicElements'.
kinsphere_prototype.tsx(2091,11): error TS2339: Property 'svg' does not exist on type 'JSX.IntrinsicElements'.
kinsphere_prototype.tsx(2091,156): error TS2339: Property 'line' does not exist on type 'JSX.IntrinsicElements'.
kinsphere_prototype.tsx(2091,195): error TS2339: Property 'line' does not exist on type 'JSX.IntrinsicElements'.
kinsphere_prototype.tsx(2091,233): error TS2339: Property 'line' does not exist on type 'JSX.IntrinsicElements'.
kinsphere_prototype.tsx(2091,270): error TS2339: Property 'svg' does not exist on type 'JSX.IntrinsicElements'.
kinsphere_prototype.tsx(2093,9): error TS2339: Property 'div' does not exist on type 'JSX.IntrinsicElements'.
kinsphere_prototype.tsx(2094,9): error TS2339: Property 'h1' does not exist on type 'JSX.IntrinsicElements'.
kinsphere_prototype.tsx(2094,156): error TS2339: Property 'h1' does not exist on type 'JSX.IntrinsicElements'.
kinsphere_prototype.tsx(2095,9): error TS2339: Property 'p' does not exist on type 'JSX.IntrinsicElements'.
kinsphere_prototype.tsx(2095,145): error TS2339: Property 'p' does not exist on type 'JSX.IntrinsicElements'.
kinsphere_prototype.tsx(2096,7): error TS2339: Property 'div' does not exist on type 'JSX.IntrinsicElements'.
kinsphere_prototype.tsx(2099,7): error TS2339: Property 'div' does not exist on type 'JSX.IntrinsicElements'.
kinsphere_prototype.tsx(2101,7): error TS2339: Property 'div' does not exist on type 'JSX.IntrinsicElements'.
kinsphere_prototype.tsx(2106,11): error TS2339: Property 'div' does not exist on type 'JSX.IntrinsicElements'.
kinsphere_prototype.tsx(2111,11): error TS2339: Property 'div' does not exist on type 'JSX.IntrinsicElements'.
kinsphere_prototype.tsx(2113,11): error TS2339: Property 'div' does not exist on type 'JSX.IntrinsicElements'.
kinsphere_prototype.tsx(2114,13): error TS2339: Property 'div' does not exist on type 'JSX.IntrinsicElements'.
kinsphere_prototype.tsx(2114,153): error TS2339: Property 'div' does not exist on type 'JSX.IntrinsicElements'.
kinsphere_prototype.tsx(2116,11): error TS2339: Property 'div' does not exist on type 'JSX.IntrinsicElements'.
kinsphere_prototype.tsx(2130,11): error TS2339: Property 'div' does not exist on type 'JSX.IntrinsicElements'.
kinsphere_prototype.tsx(2135,11): error TS2339: Property 'div' does not exist on type 'JSX.IntrinsicElements'.
kinsphere_prototype.tsx(2137,11): error TS2339: Property 'div' does not exist on type 'JSX.IntrinsicElements'.
kinsphere_prototype.tsx(2138,13): error TS2339: Property 'div' does not exist on type 'JSX.IntrinsicElements'.
kinsphere_prototype.tsx(2138,145): error TS2339: Property 'div' does not exist on type 'JSX.IntrinsicElements'.
kinsphere_prototype.tsx(2143,47): error TS2339: Property 'div' does not exist on type 'JSX.IntrinsicElements'.
kinsphere_prototype.tsx(2143,106): error TS2339: Property 'div' does not exist on type 'JSX.IntrinsicElements'.
kinsphere_prototype.tsx(2144,11): error TS2339: Property 'div' does not exist on type 'JSX.IntrinsicElements'.
kinsphere_prototype.tsx(2156,11): error TS2339: Property 'div' does not exist on type 'JSX.IntrinsicElements'.
kinsphere_prototype.tsx(2161,11): error TS2339: Property 'div' does not exist on type 'JSX.IntrinsicElements'.
kinsphere_prototype.tsx(2163,11): error TS2339: Property 'div' does not exist on type 'JSX.IntrinsicElements'.
kinsphere_prototype.tsx(2164,13): error TS2339: Property 'div' does not exist on type 'JSX.IntrinsicElements'.
kinsphere_prototype.tsx(2164,156): error TS2339: Property 'div' does not exist on type 'JSX.IntrinsicElements'.
kinsphere_prototype.tsx(2166,17): error TS2339: Property 'div' does not exist on type 'JSX.IntrinsicElements'.
kinsphere_prototype.tsx(2166,82): error TS2339: Property 'div' does not exist on type 'JSX.IntrinsicElements'.
kinsphere_prototype.tsx(2167,56): error TS2362: The left-hand side of an arithmetic operation must be of type 'any', 'number', 'bigint' or an enum type.
kinsphere_prototype.tsx(2167,61): error TS2363: The right-hand side of an arithmetic operation must be of type 'any', 'number', 'bigint' or an enum type.
kinsphere_prototype.tsx(2171,11): error TS2339: Property 'div' does not exist on type 'JSX.IntrinsicElements'.
kinsphere_prototype.tsx(2185,11): error TS2339: Property 'div' does not exist on type 'JSX.IntrinsicElements'.
kinsphere_prototype.tsx(2190,11): error TS2339: Property 'div' does not exist on type 'JSX.IntrinsicElements'.
kinsphere_prototype.tsx(2192,11): error TS2339: Property 'div' does not exist on type 'JSX.IntrinsicElements'.
kinsphere_prototype.tsx(2193,13): error TS2339: Property 'div' does not exist on type 'JSX.IntrinsicElements'.
kinsphere_prototype.tsx(2193,166): error TS2339: Property 'div' does not exist on type 'JSX.IntrinsicElements'.
kinsphere_prototype.tsx(2195,17): error TS2339: Property 'div' does not exist on type 'JSX.IntrinsicElements'.
kinsphere_prototype.tsx(2195,78): error TS2339: Property 'div' does not exist on type 'JSX.IntrinsicElements'.
kinsphere_prototype.tsx(2202,11): error TS2339: Property 'div' does not exist on type 'JSX.IntrinsicElements'.
kinsphere_prototype.tsx(2214,11): error TS2339: Property 'div' does not exist on type 'JSX.IntrinsicElements'.
kinsphere_prototype.tsx(2215,13): error TS2339: Property 'div' does not exist on type 'JSX.IntrinsicElements'.
kinsphere_prototype.tsx(2215,152): error TS2339: Property 'div' does not exist on type 'JSX.IntrinsicElements'.
kinsphere_prototype.tsx(2216,13): error TS2339: Property 'div' does not exist on type 'JSX.IntrinsicElements'.
kinsphere_prototype.tsx(2218,15): error TS2339: Property 'div' does not exist on type 'JSX.IntrinsicElements'.
kinsphere_prototype.tsx(2220,17): error TS2339: Property 'div' does not exist on type 'JSX.IntrinsicElements'.
kinsphere_prototype.tsx(2220,32): error TS2339: Property 'div' does not exist on type 'JSX.IntrinsicElements'.
kinsphere_prototype.tsx(2220,38): error TS2339: Property 'div' does not exist on type 'JSX.IntrinsicElements'.
kinsphere_prototype.tsx(2220,81): error TS2339: Property 'div' does not exist on type 'JSX.IntrinsicElements'.
kinsphere_prototype.tsx(2221,17): error TS2339: Property 'div' does not exist on type 'JSX.IntrinsicElements'.
kinsphere_prototype.tsx(2221,57): error TS2339: Property 'div' does not exist on type 'JSX.IntrinsicElements'.
kinsphere_prototype.tsx(2221,63): error TS2339: Property 'div' does not exist on type 'JSX.IntrinsicElements'.
kinsphere_prototype.tsx(2221,102): error TS2339: Property 'div' does not exist on type 'JSX.IntrinsicElements'.
kinsphere_prototype.tsx(2222,15): error TS2339: Property 'div' does not exist on type 'JSX.IntrinsicElements'.
kinsphere_prototype.tsx(2233,19): error TS2339: Property 'div' does not exist on type 'JSX.IntrinsicElements'.
kinsphere_prototype.tsx(2238,21): error TS2339: Property 'div' does not exist on type 'JSX.IntrinsicElements'.
kinsphere_prototype.tsx(2238,85): error TS2339: Property 'div' does not exist on type 'JSX.IntrinsicElements'.
kinsphere_prototype.tsx(2239,21): error TS2339: Property 'div' does not exist on type 'JSX.IntrinsicElements'.
kinsphere_prototype.tsx(2239,104): error TS2339: Property 'div' does not exist on type 'JSX.IntrinsicElements'.
kinsphere_prototype.tsx(2240,21): error TS2339: Property 'div' does not exist on type 'JSX.IntrinsicElements'.
kinsphere_prototype.tsx(2240,95): error TS2339: Property 'div' does not exist on type 'JSX.IntrinsicElements'.
kinsphere_prototype.tsx(2241,21): error TS2339: Property 'div' does not exist on type 'JSX.IntrinsicElements'.
kinsphere_prototype.tsx(2241,148): error TS2339: Property 'div' does not exist on type 'JSX.IntrinsicElements'.
kinsphere_prototype.tsx(2242,19): error TS2339: Property 'div' does not exist on type 'JSX.IntrinsicElements'.
kinsphere_prototype.tsx(2245,13): error TS2339: Property 'div' does not exist on type 'JSX.IntrinsicElements'.
kinsphere_prototype.tsx(2246,11): error TS2339: Property 'div' does not exist on type 'JSX.IntrinsicElements'.
kinsphere_prototype.tsx(2255,7): error TS2339: Property 'style' does not exist on type 'JSX.IntrinsicElements'.
kinsphere_prototype.tsx(2255,106): error TS2339: Property 'style' does not exist on type 'JSX.IntrinsicElements'.
kinsphere_prototype.tsx(2256,5): error TS2339: Property 'div' does not exist on type 'JSX.IntrinsicElements'.
kinsphere_prototype.tsx(2312,7): error TS2339: Property 'div' does not exist on type 'JSX.IntrinsicElements'.
kinsphere_prototype.tsx(2313,9): error TS2339: Property 'div' does not exist on type 'JSX.IntrinsicElements'.
kinsphere_prototype.tsx(2314,11): error TS2339: Property 'button' does not exist on type 'JSX.IntrinsicElements'.
kinsphere_prototype.tsx(2314,177): error TS2339: Property 'button' does not exist on type 'JSX.IntrinsicElements'.
kinsphere_prototype.tsx(2315,11): error TS2339: Property 'div' does not exist on type 'JSX.IntrinsicElements'.
kinsphere_prototype.tsx(2316,13): error TS2339: Property 'div' does not exist on type 'JSX.IntrinsicElements'.
kinsphere_prototype.tsx(2317,15): error TS2339: Property 'div' does not exist on type 'JSX.IntrinsicElements'.
kinsphere_prototype.tsx(2317,259): error TS2339: Property 'div' does not exist on type 'JSX.IntrinsicElements'.
kinsphere_prototype.tsx(2318,15): error TS2339: Property 'div' does not exist on type 'JSX.IntrinsicElements'.
kinsphere_prototype.tsx(2319,17): error TS2339: Property 'h2' does not exist on type 'JSX.IntrinsicElements'.
kinsphere_prototype.tsx(2319,123): error TS2339: Property 'h2' does not exist on type 'JSX.IntrinsicElements'.
kinsphere_prototype.tsx(2320,17): error TS2339: Property 'div' does not exist on type 'JSX.IntrinsicElements'.
kinsphere_prototype.tsx(2320,127): error TS2339: Property 'div' does not exist on type 'JSX.IntrinsicElements'.
kinsphere_prototype.tsx(2321,15): error TS2339: Property 'div' does not exist on type 'JSX.IntrinsicElements'.
kinsphere_prototype.tsx(2322,13): error TS2339: Property 'div' does not exist on type 'JSX.IntrinsicElements'.
kinsphere_prototype.tsx(2323,11): error TS2339: Property 'div' does not exist on type 'JSX.IntrinsicElements'.
kinsphere_prototype.tsx(2324,11): error TS2339: Property 'button' does not exist on type 'JSX.IntrinsicElements'.
kinsphere_prototype.tsx(2326,11): error TS2339: Property 'button' does not exist on type 'JSX.IntrinsicElements'.
kinsphere_prototype.tsx(2327,9): error TS2339: Property 'div' does not exist on type 'JSX.IntrinsicElements'.
kinsphere_prototype.tsx(2329,9): error TS2339: Property 'div' does not exist on type 'JSX.IntrinsicElements'.
kinsphere_prototype.tsx(2334,9): error TS2339: Property 'div' does not exist on type 'JSX.IntrinsicElements'.
kinsphere_prototype.tsx(2336,9): error TS2339: Property 'div' does not exist on type 'JSX.IntrinsicElements'.
kinsphere_prototype.tsx(2337,11): error TS2339: Property 'div' does not exist on type 'JSX.IntrinsicElements'.
kinsphere_prototype.tsx(2338,9): error TS2339: Property 'div' does not exist on type 'JSX.IntrinsicElements'.
kinsphere_prototype.tsx(2340,9): error TS2339: Property 'div' does not exist on type 'JSX.IntrinsicElements'.
kinsphere_prototype.tsx(2341,11): error TS2339: Property 'div' does not exist on type 'JSX.IntrinsicElements'.
kinsphere_prototype.tsx(2342,13): error TS2339: Property 'label' does not exist on type 'JSX.IntrinsicElements'.
kinsphere_prototype.tsx(2342,169): error TS2339: Property 'label' does not exist on type 'JSX.IntrinsicElements'.
kinsphere_prototype.tsx(2343,13): error TS2339: Property 'input' does not exist on type 'JSX.IntrinsicElements'.
kinsphere_prototype.tsx(2344,11): error TS2339: Property 'div' does not exist on type 'JSX.IntrinsicElements'.
kinsphere_prototype.tsx(2345,11): error TS2339: Property 'div' does not exist on type 'JSX.IntrinsicElements'.
kinsphere_prototype.tsx(2346,13): error TS2339: Property 'label' does not exist on type 'JSX.IntrinsicElements'.
kinsphere_prototype.tsx(2346,164): error TS2339: Property 'label' does not exist on type 'JSX.IntrinsicElements'.
kinsphere_prototype.tsx(2347,13): error TS2339: Property 'input' does not exist on type 'JSX.IntrinsicElements'.
kinsphere_prototype.tsx(2348,11): error TS2339: Property 'div' does not exist on type 'JSX.IntrinsicElements'.
kinsphere_prototype.tsx(2349,11): error TS2339: Property 'div' does not exist on type 'JSX.IntrinsicElements'.
kinsphere_prototype.tsx(2350,13): error TS2339: Property 'div' does not exist on type 'JSX.IntrinsicElements'.
kinsphere_prototype.tsx(2350,18): error TS2339: Property 'div' does not exist on type 'JSX.IntrinsicElements'.
kinsphere_prototype.tsx(2350,147): error TS2339: Property 'div' does not exist on type 'JSX.IntrinsicElements'.
kinsphere_prototype.tsx(2350,153): error TS2339: Property 'div' does not exist on type 'JSX.IntrinsicElements'.
kinsphere_prototype.tsx(2350,216): error TS2339: Property 'div' does not exist on type 'JSX.IntrinsicElements'.
kinsphere_prototype.tsx(2350,222): error TS2339: Property 'div' does not exist on type 'JSX.IntrinsicElements'.
kinsphere_prototype.tsx(2351,13): error TS2339: Property 'button' does not exist on type 'JSX.IntrinsicElements'.
kinsphere_prototype.tsx(2351,302): error TS2339: Property 'button' does not exist on type 'JSX.IntrinsicElements'.
kinsphere_prototype.tsx(2352,11): error TS2339: Property 'div' does not exist on type 'JSX.IntrinsicElements'.
kinsphere_prototype.tsx(2353,9): error TS2339: Property 'div' does not exist on type 'JSX.IntrinsicElements'.
kinsphere_prototype.tsx(2355,9): error TS2339: Property 'div' does not exist on type 'JSX.IntrinsicElements'.
kinsphere_prototype.tsx(2360,15): error TS2339: Property 'section' does not exist on type 'JSX.IntrinsicElements'.
kinsphere_prototype.tsx(2374,15): error TS2339: Property 'section' does not exist on type 'JSX.IntrinsicElements'.
kinsphere_prototype.tsx(2378,13): error TS2339: Property 'button' does not exist on type 'JSX.IntrinsicElements'.
kinsphere_prototype.tsx(2380,13): error TS2339: Property 'button' does not exist on type 'JSX.IntrinsicElements'.
kinsphere_prototype.tsx(2382,9): error TS2339: Property 'div' does not exist on type 'JSX.IntrinsicElements'.
kinsphere_prototype.tsx(2383,9): error TS2339: Property 'style' does not exist on type 'JSX.IntrinsicElements'.
kinsphere_prototype.tsx(2383,108): error TS2339: Property 'style' does not exist on type 'JSX.IntrinsicElements'.
kinsphere_prototype.tsx(2384,7): error TS2339: Property 'div' does not exist on type 'JSX.IntrinsicElements'.
kinsphere_prototype.tsx(2389,5): error TS2339: Property 'div' does not exist on type 'JSX.IntrinsicElements'.
kinsphere_prototype.tsx(2390,7): error TS2339: Property 'div' does not exist on type 'JSX.IntrinsicElements'.
kinsphere_prototype.tsx(2391,9): error TS2339: Property 'div' does not exist on type 'JSX.IntrinsicElements'.
kinsphere_prototype.tsx(2392,11): error TS2339: Property 'h2' does not exist on type 'JSX.IntrinsicElements'.
kinsphere_prototype.tsx(2392,133): error TS2339: Property 'h2' does not exist on type 'JSX.IntrinsicElements'.
kinsphere_prototype.tsx(2393,11): error TS2339: Property 'p' does not exist on type 'JSX.IntrinsicElements'.
kinsphere_prototype.tsx(2393,109): error TS2339: Property 'p' does not exist on type 'JSX.IntrinsicElements'.
kinsphere_prototype.tsx(2394,9): error TS2339: Property 'div' does not exist on type 'JSX.IntrinsicElements'.
kinsphere_prototype.tsx(2398,7): error TS2339: Property 'div' does not exist on type 'JSX.IntrinsicElements'.
kinsphere_prototype.tsx(2401,9): error TS2339: Property 'div' does not exist on type 'JSX.IntrinsicElements'.
kinsphere_prototype.tsx(2402,11): error TS2339: Property 'div' does not exist on type 'JSX.IntrinsicElements'.
kinsphere_prototype.tsx(2402,119): error TS2339: Property 'div' does not exist on type 'JSX.IntrinsicElements'.
kinsphere_prototype.tsx(2403,11): error TS2339: Property 'h3' does not exist on type 'JSX.IntrinsicElements'.
kinsphere_prototype.tsx(2403,99): error TS2339: Property 'h3' does not exist on type 'JSX.IntrinsicElements'.
kinsphere_prototype.tsx(2404,11): error TS2339: Property 'p' does not exist on type 'JSX.IntrinsicElements'.
kinsphere_prototype.tsx(2404,120): error TS2339: Property 'p' does not exist on type 'JSX.IntrinsicElements'.
kinsphere_prototype.tsx(2405,9): error TS2339: Property 'div' does not exist on type 'JSX.IntrinsicElements'.
kinsphere_prototype.tsx(2407,9): error TS2339: Property 'div' does not exist on type 'JSX.IntrinsicElements'.
kinsphere_prototype.tsx(2411,15): error TS2339: Property 'div' does not exist on type 'JSX.IntrinsicElements'.
kinsphere_prototype.tsx(2412,17): error TS2339: Property 'div' does not exist on type 'JSX.IntrinsicElements'.
kinsphere_prototype.tsx(2412,272): error TS2339: Property 'div' does not exist on type 'JSX.IntrinsicElements'.
kinsphere_prototype.tsx(2413,17): error TS2339: Property 'div' does not exist on type 'JSX.IntrinsicElements'.
kinsphere_prototype.tsx(2414,19): error TS2339: Property 'div' does not exist on type 'JSX.IntrinsicElements'.
kinsphere_prototype.tsx(2414,85): error TS2339: Property 'div' does not exist on type 'JSX.IntrinsicElements'.
kinsphere_prototype.tsx(2415,19): error TS2339: Property 'div' does not exist on type 'JSX.IntrinsicElements'.
kinsphere_prototype.tsx(2415,123): error TS2339: Property 'div' does not exist on type 'JSX.IntrinsicElements'.
kinsphere_prototype.tsx(2416,19): error TS2339: Property 'div' does not exist on type 'JSX.IntrinsicElements'.
kinsphere_prototype.tsx(2417,21): error TS2339: Property 'div' does not exist on type 'JSX.IntrinsicElements'.
kinsphere_prototype.tsx(2418,19): error TS2339: Property 'div' does not exist on type 'JSX.IntrinsicElements'.
kinsphere_prototype.tsx(2419,17): error TS2339: Property 'div' does not exist on type 'JSX.IntrinsicElements'.
kinsphere_prototype.tsx(2420,17): error TS2339: Property 'div' does not exist on type 'JSX.IntrinsicElements'.
kinsphere_prototype.tsx(2421,19): error TS2339: Property 'div' does not exist on type 'JSX.IntrinsicElements'.
kinsphere_prototype.tsx(2421,106): error TS2339: Property 'div' does not exist on type 'JSX.IntrinsicElements'.
kinsphere_prototype.tsx(2422,19): error TS2339: Property 'div' does not exist on type 'JSX.IntrinsicElements'.
kinsphere_prototype.tsx(2422,224): error TS2339: Property 'div' does not exist on type 'JSX.IntrinsicElements'.
kinsphere_prototype.tsx(2423,17): error TS2339: Property 'div' does not exist on type 'JSX.IntrinsicElements'.
kinsphere_prototype.tsx(2424,15): error TS2339: Property 'div' does not exist on type 'JSX.IntrinsicElements'.
kinsphere_prototype.tsx(2427,9): error TS2339: Property 'div' does not exist on type 'JSX.IntrinsicElements'.
kinsphere_prototype.tsx(2432,11): error TS2339: Property 'p' does not exist on type 'JSX.IntrinsicElements'.
kinsphere_prototype.tsx(2432,204): error TS2339: Property 'p' does not exist on type 'JSX.IntrinsicElements'.
kinsphere_prototype.tsx(2433,11): error TS2339: Property 'div' does not exist on type 'JSX.IntrinsicElements'.
kinsphere_prototype.tsx(2437,11): error TS2339: Property 'div' does not exist on type 'JSX.IntrinsicElements'.
kinsphere_prototype.tsx(2438,11): error TS2339: Property 'div' does not exist on type 'JSX.IntrinsicElements'.
kinsphere_prototype.tsx(2441,11): error TS2339: Property 'div' does not exist on type 'JSX.IntrinsicElements'.
kinsphere_prototype.tsx(2444,7): error TS2339: Property 'style' does not exist on type 'JSX.IntrinsicElements'.
kinsphere_prototype.tsx(2444,106): error TS2339: Property 'style' does not exist on type 'JSX.IntrinsicElements'.
kinsphere_prototype.tsx(2445,5): error TS2339: Property 'div' does not exist on type 'JSX.IntrinsicElements'.
kinsphere_prototype.tsx(2520,9): error TS2339: Property 'div' does not exist on type 'JSX.IntrinsicElements'.
kinsphere_prototype.tsx(2521,11): error TS2339: Property 'p' does not exist on type 'JSX.IntrinsicElements'.
kinsphere_prototype.tsx(2521,137): error TS2339: Property 'p' does not exist on type 'JSX.IntrinsicElements'.
kinsphere_prototype.tsx(2523,11): error TS2339: Property 'div' does not exist on type 'JSX.IntrinsicElements'.
kinsphere_prototype.tsx(2524,13): error TS2339: Property 'div' does not exist on type 'JSX.IntrinsicElements'.
kinsphere_prototype.tsx(2524,116): error TS2339: Property 'div' does not exist on type 'JSX.IntrinsicElements'.
kinsphere_prototype.tsx(2525,13): error TS2339: Property 'div' does not exist on type 'JSX.IntrinsicElements'.
kinsphere_prototype.tsx(2526,15): error TS2339: Property 'select' does not exist on type 'JSX.IntrinsicElements'.
kinsphere_prototype.tsx(2536,19): error TS2339: Property 'option' does not exist on type 'JSX.IntrinsicElements'.
kinsphere_prototype.tsx(2536,62): error TS2339: Property 'option' does not exist on type 'JSX.IntrinsicElements'.
kinsphere_prototype.tsx(2538,15): error TS2339: Property 'select' does not exist on type 'JSX.IntrinsicElements'.
kinsphere_prototype.tsx(2539,15): error TS2339: Property 'div' does not exist on type 'JSX.IntrinsicElements'.
kinsphere_prototype.tsx(2540,17): error TS2339: Property 'svg' does not exist on type 'JSX.IntrinsicElements'.
kinsphere_prototype.tsx(2540,162): error TS2339: Property 'path' does not exist on type 'JSX.IntrinsicElements'.
kinsphere_prototype.tsx(2540,186): error TS2339: Property 'svg' does not exist on type 'JSX.IntrinsicElements'.
kinsphere_prototype.tsx(2541,15): error TS2339: Property 'div' does not exist on type 'JSX.IntrinsicElements'.
kinsphere_prototype.tsx(2542,13): error TS2339: Property 'div' does not exist on type 'JSX.IntrinsicElements'.
kinsphere_prototype.tsx(2543,11): error TS2339: Property 'div' does not exist on type 'JSX.IntrinsicElements'.
kinsphere_prototype.tsx(2545,11): error TS2339: Property 'div' does not exist on type 'JSX.IntrinsicElements'.
kinsphere_prototype.tsx(2548,11): error TS2339: Property 'div' does not exist on type 'JSX.IntrinsicElements'.
kinsphere_prototype.tsx(2549,9): error TS2339: Property 'div' does not exist on type 'JSX.IntrinsicElements'.
kinsphere_prototype.tsx(2557,9): error TS2339: Property 'div' does not exist on type 'JSX.IntrinsicElements'.
kinsphere_prototype.tsx(2558,11): error TS2339: Property 'div' does not exist on type 'JSX.IntrinsicElements'.
kinsphere_prototype.tsx(2559,13): error TS2339: Property 'h3' does not exist on type 'JSX.IntrinsicElements'.
kinsphere_prototype.tsx(2559,126): error TS2339: Property 'h3' does not exist on type 'JSX.IntrinsicElements'.
kinsphere_prototype.tsx(2560,13): error TS2339: Property 'p' does not exist on type 'JSX.IntrinsicElements'.
kinsphere_prototype.tsx(2560,122): error TS2339: Property 'p' does not exist on type 'JSX.IntrinsicElements'.
kinsphere_prototype.tsx(2561,11): error TS2339: Property 'div' does not exist on type 'JSX.IntrinsicElements'.
kinsphere_prototype.tsx(2563,13): error TS2339: Property 'label' does not exist on type 'JSX.IntrinsicElements'.
kinsphere_prototype.tsx(2564,15): error TS2339: Property 'input' does not exist on type 'JSX.IntrinsicElements'.
kinsphere_prototype.tsx(2571,13): error TS2339: Property 'label' does not exist on type 'JSX.IntrinsicElements'.
kinsphere_prototype.tsx(2573,9): error TS2339: Property 'div' does not exist on type 'JSX.IntrinsicElements'.
kinsphere_prototype.tsx(2575,9): error TS2339: Property 'div' does not exist on type 'JSX.IntrinsicElements'.
kinsphere_prototype.tsx(2576,11): error TS2339: Property 'table' does not exist on type 'JSX.IntrinsicElements'.
kinsphere_prototype.tsx(2577,14): error TS2339: Property 'thead' does not exist on type 'JSX.IntrinsicElements'.
kinsphere_prototype.tsx(2578,17): error TS2339: Property 'tr' does not exist on type 'JSX.IntrinsicElements'.
kinsphere_prototype.tsx(2579,20): error TS2339: Property 'th' does not exist on type 'JSX.IntrinsicElements'.
kinsphere_prototype.tsx(2579,66): error TS2339: Property 'th' does not exist on type 'JSX.IntrinsicElements'.
kinsphere_prototype.tsx(2580,20): error TS2339: Property 'th' does not exist on type 'JSX.IntrinsicElements'.
kinsphere_prototype.tsx(2580,123): error TS2339: Property 'th' does not exist on type 'JSX.IntrinsicElements'.
kinsphere_prototype.tsx(2581,20): error TS2339: Property 'th' does not exist on type 'JSX.IntrinsicElements'.
kinsphere_prototype.tsx(2581,125): error TS2339: Property 'th' does not exist on type 'JSX.IntrinsicElements'.
kinsphere_prototype.tsx(2582,20): error TS2339: Property 'th' does not exist on type 'JSX.IntrinsicElements'.
kinsphere_prototype.tsx(2582,145): error TS2339: Property 'th' does not exist on type 'JSX.IntrinsicElements'.
kinsphere_prototype.tsx(2583,17): error TS2339: Property 'tr' does not exist on type 'JSX.IntrinsicElements'.
kinsphere_prototype.tsx(2584,14): error TS2339: Property 'thead' does not exist on type 'JSX.IntrinsicElements'.
kinsphere_prototype.tsx(2585,14): error TS2339: Property 'tbody' does not exist on type 'JSX.IntrinsicElements'.
kinsphere_prototype.tsx(2587,19): error TS2339: Property 'tr' does not exist on type 'JSX.IntrinsicElements'.
kinsphere_prototype.tsx(2588,22): error TS2339: Property 'td' does not exist on type 'JSX.IntrinsicElements'.
kinsphere_prototype.tsx(2589,25): error TS2339: Property 'input' does not exist on type 'JSX.IntrinsicElements'.
kinsphere_prototype.tsx(2590,22): error TS2339: Property 'td' does not exist on type 'JSX.IntrinsicElements'.
kinsphere_prototype.tsx(2591,22): error TS2339: Property 'td' does not exist on type 'JSX.IntrinsicElements'.
kinsphere_prototype.tsx(2592,25): error TS2339: Property 'div' does not exist on type 'JSX.IntrinsicElements'.
kinsphere_prototype.tsx(2594,27): error TS2339: Property 'span' does not exist on type 'JSX.IntrinsicElements'.
kinsphere_prototype.tsx(2594,94): error TS2339: Property 'span' does not exist on type 'JSX.IntrinsicElements'.
kinsphere_prototype.tsx(2595,25): error TS2339: Property 'div' does not exist on type 'JSX.IntrinsicElements'.
kinsphere_prototype.tsx(2596,22): error TS2339: Property 'td' does not exist on type 'JSX.IntrinsicElements'.
kinsphere_prototype.tsx(2597,22): error TS2339: Property 'td' does not exist on type 'JSX.IntrinsicElements'.
kinsphere_prototype.tsx(2597,101): error TS2339: Property 'td' does not exist on type 'JSX.IntrinsicElements'.
kinsphere_prototype.tsx(2598,22): error TS2339: Property 'td' does not exist on type 'JSX.IntrinsicElements'.
kinsphere_prototype.tsx(2598,205): error TS2339: Property 'td' does not exist on type 'JSX.IntrinsicElements'.
kinsphere_prototype.tsx(2599,19): error TS2339: Property 'tr' does not exist on type 'JSX.IntrinsicElements'.
kinsphere_prototype.tsx(2602,19): error TS2339: Property 'tr' does not exist on type 'JSX.IntrinsicElements'.
kinsphere_prototype.tsx(2602,23): error TS2339: Property 'td' does not exist on type 'JSX.IntrinsicElements'.
kinsphere_prototype.tsx(2602,168): error TS2339: Property 'td' does not exist on type 'JSX.IntrinsicElements'.
kinsphere_prototype.tsx(2602,173): error TS2339: Property 'tr' does not exist on type 'JSX.IntrinsicElements'.
kinsphere_prototype.tsx(2604,14): error TS2339: Property 'tbody' does not exist on type 'JSX.IntrinsicElements'.
kinsphere_prototype.tsx(2605,11): error TS2339: Property 'table' does not exist on type 'JSX.IntrinsicElements'.
kinsphere_prototype.tsx(2606,9): error TS2339: Property 'div' does not exist on type 'JSX.IntrinsicElements'.
kinsphere_prototype.tsx(2609,11): error TS2339: Property 'div' does not exist on type 'JSX.IntrinsicElements'.
kinsphere_prototype.tsx(2611,15): error TS2339: Property 'div' does not exist on type 'JSX.IntrinsicElements'.
kinsphere_prototype.tsx(2612,17): error TS2339: Property 'div' does not exist on type 'JSX.IntrinsicElements'.
kinsphere_prototype.tsx(2613,19): error TS2339: Property 'svg' does not exist on type 'JSX.IntrinsicElements'.
kinsphere_prototype.tsx(2613,114): error TS2339: Property 'circle' does not exist on type 'JSX.IntrinsicElements'.
kinsphere_prototype.tsx(2613,146): error TS2339: Property 'line' does not exist on type 'JSX.IntrinsicElements'.
kinsphere_prototype.tsx(2613,184): error TS2339: Property 'line' does not exist on type 'JSX.IntrinsicElements'.
kinsphere_prototype.tsx(2613,226): error TS2339: Property 'svg' does not exist on type 'JSX.IntrinsicElements'.
kinsphere_prototype.tsx(2614,19): error TS2339: Property 'span' does not exist on type 'JSX.IntrinsicElements'.
kinsphere_prototype.tsx(2614,143): error TS2339: Property 'span' does not exist on type 'JSX.IntrinsicElements'.
kinsphere_prototype.tsx(2615,17): error TS2339: Property 'div' does not exist on type 'JSX.IntrinsicElements'.
kinsphere_prototype.tsx(2616,17): error TS2339: Property 'div' does not exist on type 'JSX.IntrinsicElements'.
kinsphere_prototype.tsx(2618,21): error TS2339: Property 'span' does not exist on type 'JSX.IntrinsicElements'.
kinsphere_prototype.tsx(2618,180): error TS2339: Property 'span' does not exist on type 'JSX.IntrinsicElements'.
kinsphere_prototype.tsx(2620,17): error TS2339: Property 'div' does not exist on type 'JSX.IntrinsicElements'.
kinsphere_prototype.tsx(2621,15): error TS2339: Property 'div' does not exist on type 'JSX.IntrinsicElements'.
kinsphere_prototype.tsx(2624,15): error TS2339: Property 'div' does not exist on type 'JSX.IntrinsicElements'.
kinsphere_prototype.tsx(2625,17): error TS2339: Property 'div' does not exist on type 'JSX.IntrinsicElements'.
kinsphere_prototype.tsx(2626,19): error TS2339: Property 'svg' does not exist on type 'JSX.IntrinsicElements'.
kinsphere_prototype.tsx(2626,114): error TS2339: Property 'polyline' does not exist on type 'JSX.IntrinsicElements'.
kinsphere_prototype.tsx(2626,149): error TS2339: Property 'svg' does not exist on type 'JSX.IntrinsicElements'.
kinsphere_prototype.tsx(2627,19): error TS2339: Property 'span' does not exist on type 'JSX.IntrinsicElements'.
kinsphere_prototype.tsx(2627,135): error TS2339: Property 'span' does not exist on type 'JSX.IntrinsicElements'.
kinsphere_prototype.tsx(2628,17): error TS2339: Property 'div' does not exist on type 'JSX.IntrinsicElements'.
kinsphere_prototype.tsx(2629,17): error TS2339: Property 'div' does not exist on type 'JSX.IntrinsicElements'.
kinsphere_prototype.tsx(2631,21): error TS2339: Property 'span' does not exist on type 'JSX.IntrinsicElements'.
kinsphere_prototype.tsx(2631,180): error TS2339: Property 'span' does not exist on type 'JSX.IntrinsicElements'.
kinsphere_prototype.tsx(2633,17): error TS2339: Property 'div' does not exist on type 'JSX.IntrinsicElements'.
kinsphere_prototype.tsx(2634,15): error TS2339: Property 'div' does not exist on type 'JSX.IntrinsicElements'.
kinsphere_prototype.tsx(2636,11): error TS2339: Property 'div' does not exist on type 'JSX.IntrinsicElements'.
kinsphere_prototype.tsx(2639,9): error TS2339: Property 'div' does not exist on type 'JSX.IntrinsicElements'.
kinsphere_prototype.tsx(2641,12): error TS2339: Property 'div' does not exist on type 'JSX.IntrinsicElements'.
kinsphere_prototype.tsx(2644,12): error TS2339: Property 'div' does not exist on type 'JSX.IntrinsicElements'.
kinsphere_prototype.tsx(2645,9): error TS2339: Property 'div' does not exist on type 'JSX.IntrinsicElements'.
kinsphere_prototype.tsx(2654,9): error TS2339: Property 'div' does not exist on type 'JSX.IntrinsicElements'.
kinsphere_prototype.tsx(2655,12): error TS2339: Property 'div' does not exist on type 'JSX.IntrinsicElements'.
kinsphere_prototype.tsx(2656,14): error TS2339: Property 'svg' does not exist on type 'JSX.IntrinsicElements'.
kinsphere_prototype.tsx(2656,157): error TS2339: Property 'rect' does not exist on type 'JSX.IntrinsicElements'.
kinsphere_prototype.tsx(2656,206): error TS2339: Property 'line' does not exist on type 'JSX.IntrinsicElements'.
kinsphere_prototype.tsx(2656,244): error TS2339: Property 'path' does not exist on type 'JSX.IntrinsicElements'.
kinsphere_prototype.tsx(2656,265): error TS2339: Property 'path' does not exist on type 'JSX.IntrinsicElements'.
kinsphere_prototype.tsx(2656,285): error TS2339: Property 'svg' does not exist on type 'JSX.IntrinsicElements'.
kinsphere_prototype.tsx(2657,12): error TS2339: Property 'div' does not exist on type 'JSX.IntrinsicElements'.
kinsphere_prototype.tsx(2658,12): error TS2339: Property 'h2' does not exist on type 'JSX.IntrinsicElements'.
kinsphere_prototype.tsx(2658,139): error TS2339: Property 'h2' does not exist on type 'JSX.IntrinsicElements'.
kinsphere_prototype.tsx(2659,12): error TS2339: Property 'p' does not exist on type 'JSX.IntrinsicElements'.
kinsphere_prototype.tsx(2660,54): error TS2339: Property 'strong' does not exist on type 'JSX.IntrinsicElements'.
kinsphere_prototype.tsx(2660,116): error TS2339: Property 'strong' does not exist on type 'JSX.IntrinsicElements'.
kinsphere_prototype.tsx(2660,134): error TS2339: Property 'strong' does not exist on type 'JSX.IntrinsicElements'.
kinsphere_prototype.tsx(2660,214): error TS2339: Property 'strong' does not exist on type 'JSX.IntrinsicElements'.
kinsphere_prototype.tsx(2661,12): error TS2339: Property 'p' does not exist on type 'JSX.IntrinsicElements'.
kinsphere_prototype.tsx(2663,12): error TS2339: Property 'div' does not exist on type 'JSX.IntrinsicElements'.
kinsphere_prototype.tsx(2664,14): error TS2339: Property 'div' does not exist on type 'JSX.IntrinsicElements'.
kinsphere_prototype.tsx(2665,14): error TS2339: Property 'div' does not exist on type 'JSX.IntrinsicElements'.
kinsphere_prototype.tsx(2665,144): error TS2339: Property 'div' does not exist on type 'JSX.IntrinsicElements'.
kinsphere_prototype.tsx(2666,14): error TS2339: Property 'div' does not exist on type 'JSX.IntrinsicElements'.
kinsphere_prototype.tsx(2666,132): error TS2339: Property 'div' does not exist on type 'JSX.IntrinsicElements'.
kinsphere_prototype.tsx(2667,14): error TS2339: Property 'div' does not exist on type 'JSX.IntrinsicElements'.
kinsphere_prototype.tsx(2667,129): error TS2339: Property 'div' does not exist on type 'JSX.IntrinsicElements'.
kinsphere_prototype.tsx(2668,12): error TS2339: Property 'div' does not exist on type 'JSX.IntrinsicElements'.
kinsphere_prototype.tsx(2670,12): error TS2339: Property 'div' does not exist on type 'JSX.IntrinsicElements'.
kinsphere_prototype.tsx(2683,20): error TS2339: Property 'svg' does not exist on type 'JSX.IntrinsicElements'.
kinsphere_prototype.tsx(2683,166): error TS2339: Property 'path' does not exist on type 'JSX.IntrinsicElements'.
kinsphere_prototype.tsx(2683,205): error TS2339: Property 'svg' does not exist on type 'JSX.IntrinsicElements'.
kinsphere_prototype.tsx(2689,12): error TS2339: Property 'div' does not exist on type 'JSX.IntrinsicElements'.
kinsphere_prototype.tsx(2690,9): error TS2339: Property 'div' does not exist on type 'JSX.IntrinsicElements'.
kinsphere_prototype.tsx(2698,10): error TS2339: Property 'div' does not exist on type 'JSX.IntrinsicElements'.
kinsphere_prototype.tsx(2699,13): error TS2339: Property 'div' does not exist on type 'JSX.IntrinsicElements'.
kinsphere_prototype.tsx(2700,16): error TS2339: Property 'svg' does not exist on type 'JSX.IntrinsicElements'.
kinsphere_prototype.tsx(2700,159): error TS2339: Property 'polyline' does not exist on type 'JSX.IntrinsicElements'.
kinsphere_prototype.tsx(2700,194): error TS2339: Property 'svg' does not exist on type 'JSX.IntrinsicElements'.
kinsphere_prototype.tsx(2701,13): error TS2339: Property 'div' does not exist on type 'JSX.IntrinsicElements'.
kinsphere_prototype.tsx(2702,13): error TS2339: Property 'h2' does not exist on type 'JSX.IntrinsicElements'.
kinsphere_prototype.tsx(2702,135): error TS2339: Property 'h2' does not exist on type 'JSX.IntrinsicElements'.
kinsphere_prototype.tsx(2703,13): error TS2339: Property 'p' does not exist on type 'JSX.IntrinsicElements'.
kinsphere_prototype.tsx(2705,13): error TS2339: Property 'p' does not exist on type 'JSX.IntrinsicElements'.
kinsphere_prototype.tsx(2707,10): error TS2339: Property 'div' does not exist on type 'JSX.IntrinsicElements'.
kinsphere_prototype.tsx(2790,9): error TS2339: Property 'div' does not exist on type 'JSX.IntrinsicElements'.
kinsphere_prototype.tsx(2791,11): error TS2339: Property 'p' does not exist on type 'JSX.IntrinsicElements'.
kinsphere_prototype.tsx(2791,144): error TS2339: Property 'p' does not exist on type 'JSX.IntrinsicElements'.
kinsphere_prototype.tsx(2793,11): error TS2339: Property 'div' does not exist on type 'JSX.IntrinsicElements'.
kinsphere_prototype.tsx(2794,13): error TS2339: Property 'div' does not exist on type 'JSX.IntrinsicElements'.
kinsphere_prototype.tsx(2794,116): error TS2339: Property 'div' does not exist on type 'JSX.IntrinsicElements'.
kinsphere_prototype.tsx(2795,13): error TS2339: Property 'div' does not exist on type 'JSX.IntrinsicElements'.
kinsphere_prototype.tsx(2796,15): error TS2339: Property 'select' does not exist on type 'JSX.IntrinsicElements'.
kinsphere_prototype.tsx(2806,19): error TS2339: Property 'option' does not exist on type 'JSX.IntrinsicElements'.
kinsphere_prototype.tsx(2806,62): error TS2339: Property 'option' does not exist on type 'JSX.IntrinsicElements'.
kinsphere_prototype.tsx(2808,15): error TS2339: Property 'select' does not exist on type 'JSX.IntrinsicElements'.
kinsphere_prototype.tsx(2809,15): error TS2339: Property 'div' does not exist on type 'JSX.IntrinsicElements'.
kinsphere_prototype.tsx(2810,17): error TS2339: Property 'svg' does not exist on type 'JSX.IntrinsicElements'.
kinsphere_prototype.tsx(2810,162): error TS2339: Property 'path' does not exist on type 'JSX.IntrinsicElements'.
kinsphere_prototype.tsx(2810,186): error TS2339: Property 'svg' does not exist on type 'JSX.IntrinsicElements'.
kinsphere_prototype.tsx(2811,15): error TS2339: Property 'div' does not exist on type 'JSX.IntrinsicElements'.
kinsphere_prototype.tsx(2812,13): error TS2339: Property 'div' does not exist on type 'JSX.IntrinsicElements'.
kinsphere_prototype.tsx(2813,11): error TS2339: Property 'div' does not exist on type 'JSX.IntrinsicElements'.
kinsphere_prototype.tsx(2815,11): error TS2339: Property 'div' does not exist on type 'JSX.IntrinsicElements'.
kinsphere_prototype.tsx(2818,11): error TS2339: Property 'div' does not exist on type 'JSX.IntrinsicElements'.
kinsphere_prototype.tsx(2819,9): error TS2339: Property 'div' does not exist on type 'JSX.IntrinsicElements'.
kinsphere_prototype.tsx(2828,9): error TS2339: Property 'div' does not exist on type 'JSX.IntrinsicElements'.
kinsphere_prototype.tsx(2829,11): error TS2339: Property 'div' does not exist on type 'JSX.IntrinsicElements'.
kinsphere_prototype.tsx(2830,13): error TS2339: Property 'h3' does not exist on type 'JSX.IntrinsicElements'.
kinsphere_prototype.tsx(2830,125): error TS2339: Property 'h3' does not exist on type 'JSX.IntrinsicElements'.
kinsphere_prototype.tsx(2831,13): error TS2339: Property 'p' does not exist on type 'JSX.IntrinsicElements'.
kinsphere_prototype.tsx(2831,138): error TS2339: Property 'p' does not exist on type 'JSX.IntrinsicElements'.
kinsphere_prototype.tsx(2832,11): error TS2339: Property 'div' does not exist on type 'JSX.IntrinsicElements'.
kinsphere_prototype.tsx(2834,13): error TS2339: Property 'label' does not exist on type 'JSX.IntrinsicElements'.
kinsphere_prototype.tsx(2835,15): error TS2339: Property 'input' does not exist on type 'JSX.IntrinsicElements'.
kinsphere_prototype.tsx(2842,13): error TS2339: Property 'label' does not exist on type 'JSX.IntrinsicElements'.
kinsphere_prototype.tsx(2844,9): error TS2339: Property 'div' does not exist on type 'JSX.IntrinsicElements'.
kinsphere_prototype.tsx(2847,11): error TS2339: Property 'div' does not exist on type 'JSX.IntrinsicElements'.
kinsphere_prototype.tsx(2849,11): error TS2339: Property 'div' does not exist on type 'JSX.IntrinsicElements'.
kinsphere_prototype.tsx(2851,11): error TS2339: Property 'div' does not exist on type 'JSX.IntrinsicElements'.
kinsphere_prototype.tsx(2852,13): error TS2339: Property 'table' does not exist on type 'JSX.IntrinsicElements'.
kinsphere_prototype.tsx(2853,15): error TS2339: Property 'thead' does not exist on type 'JSX.IntrinsicElements'.
kinsphere_prototype.tsx(2854,17): error TS2339: Property 'tr' does not exist on type 'JSX.IntrinsicElements'.
kinsphere_prototype.tsx(2855,20): error TS2339: Property 'th' does not exist on type 'JSX.IntrinsicElements'.
kinsphere_prototype.tsx(2855,66): error TS2339: Property 'th' does not exist on type 'JSX.IntrinsicElements'.
kinsphere_prototype.tsx(2856,20): error TS2339: Property 'th' does not exist on type 'JSX.IntrinsicElements'.
kinsphere_prototype.tsx(2856,123): error TS2339: Property 'th' does not exist on type 'JSX.IntrinsicElements'.
kinsphere_prototype.tsx(2857,20): error TS2339: Property 'th' does not exist on type 'JSX.IntrinsicElements'.
kinsphere_prototype.tsx(2857,146): error TS2339: Property 'th' does not exist on type 'JSX.IntrinsicElements'.
kinsphere_prototype.tsx(2858,20): error TS2339: Property 'th' does not exist on type 'JSX.IntrinsicElements'.
kinsphere_prototype.tsx(2858,143): error TS2339: Property 'th' does not exist on type 'JSX.IntrinsicElements'.
kinsphere_prototype.tsx(2859,17): error TS2339: Property 'tr' does not exist on type 'JSX.IntrinsicElements'.
kinsphere_prototype.tsx(2860,15): error TS2339: Property 'thead' does not exist on type 'JSX.IntrinsicElements'.
kinsphere_prototype.tsx(2861,15): error TS2339: Property 'tbody' does not exist on type 'JSX.IntrinsicElements'.
kinsphere_prototype.tsx(2863,19): error TS2339: Property 'tr' does not exist on type 'JSX.IntrinsicElements'.
kinsphere_prototype.tsx(2864,21): error TS2339: Property 'td' does not exist on type 'JSX.IntrinsicElements'.
kinsphere_prototype.tsx(2865,25): error TS2339: Property 'input' does not exist on type 'JSX.IntrinsicElements'.
kinsphere_prototype.tsx(2866,21): error TS2339: Property 'td' does not exist on type 'JSX.IntrinsicElements'.
kinsphere_prototype.tsx(2867,21): error TS2339: Property 'td' does not exist on type 'JSX.IntrinsicElements'.
kinsphere_prototype.tsx(2868,24): error TS2339: Property 'div' does not exist on type 'JSX.IntrinsicElements'.
kinsphere_prototype.tsx(2870,26): error TS2339: Property 'span' does not exist on type 'JSX.IntrinsicElements'.
kinsphere_prototype.tsx(2870,95): error TS2339: Property 'span' does not exist on type 'JSX.IntrinsicElements'.
kinsphere_prototype.tsx(2871,24): error TS2339: Property 'div' does not exist on type 'JSX.IntrinsicElements'.
kinsphere_prototype.tsx(2872,21): error TS2339: Property 'td' does not exist on type 'JSX.IntrinsicElements'.
kinsphere_prototype.tsx(2873,21): error TS2339: Property 'td' does not exist on type 'JSX.IntrinsicElements'.
kinsphere_prototype.tsx(2874,25): error TS2339: Property 'div' does not exist on type 'JSX.IntrinsicElements'.
kinsphere_prototype.tsx(2875,27): error TS2339: Property 'input' does not exist on type 'JSX.IntrinsicElements'.
kinsphere_prototype.tsx(2892,27): error TS2339: Property 'span' does not exist on type 'JSX.IntrinsicElements'.
kinsphere_prototype.tsx(2892,100): error TS2339: Property 'span' does not exist on type 'JSX.IntrinsicElements'.
kinsphere_prototype.tsx(2893,27): error TS2339: Property 'span' does not exist on type 'JSX.IntrinsicElements'.
kinsphere_prototype.tsx(2893,188): error TS2339: Property 'span' does not exist on type 'JSX.IntrinsicElements'.
kinsphere_prototype.tsx(2894,25): error TS2339: Property 'div' does not exist on type 'JSX.IntrinsicElements'.
kinsphere_prototype.tsx(2895,21): error TS2339: Property 'td' does not exist on type 'JSX.IntrinsicElements'.
kinsphere_prototype.tsx(2896,21): error TS2339: Property 'td' does not exist on type 'JSX.IntrinsicElements'.
kinsphere_prototype.tsx(2896,185): error TS2339: Property 'td' does not exist on type 'JSX.IntrinsicElements'.
kinsphere_prototype.tsx(2897,19): error TS2339: Property 'tr' does not exist on type 'JSX.IntrinsicElements'.
kinsphere_prototype.tsx(2899,15): error TS2339: Property 'tbody' does not exist on type 'JSX.IntrinsicElements'.
kinsphere_prototype.tsx(2900,13): error TS2339: Property 'table' does not exist on type 'JSX.IntrinsicElements'.
kinsphere_prototype.tsx(2901,11): error TS2339: Property 'div' does not exist on type 'JSX.IntrinsicElements'.
kinsphere_prototype.tsx(2905,11): error TS2339: Property 'div' does not exist on type 'JSX.IntrinsicElements'.
kinsphere_prototype.tsx(2906,13): error TS2339: Property 'div' does not exist on type 'JSX.IntrinsicElements'.
kinsphere_prototype.tsx(2907,16): error TS2339: Property 'svg' does not exist on type 'JSX.IntrinsicElements'.
kinsphere_prototype.tsx(2907,109): error TS2339: Property 'polyline' does not exist on type 'JSX.IntrinsicElements'.
kinsphere_prototype.tsx(2907,144): error TS2339: Property 'svg' does not exist on type 'JSX.IntrinsicElements'.
kinsphere_prototype.tsx(2908,16): error TS2339: Property 'span' does not exist on type 'JSX.IntrinsicElements'.
kinsphere_prototype.tsx(2908,135): error TS2339: Property 'span' does not exist on type 'JSX.IntrinsicElements'.
kinsphere_prototype.tsx(2909,13): error TS2339: Property 'div' does not exist on type 'JSX.IntrinsicElements'.
kinsphere_prototype.tsx(2910,13): error TS2339: Property 'div' does not exist on type 'JSX.IntrinsicElements'.
kinsphere_prototype.tsx(2912,17): error TS2339: Property 'div' does not exist on type 'JSX.IntrinsicElements'.
kinsphere_prototype.tsx(2913,19): error TS2339: Property 'span' does not exist on type 'JSX.IntrinsicElements'.
kinsphere_prototype.tsx(2913,37): error TS2339: Property 'span' does not exist on type 'JSX.IntrinsicElements'.
kinsphere_prototype.tsx(2914,19): error TS2339: Property 'span' does not exist on type 'JSX.IntrinsicElements'.
kinsphere_prototype.tsx(2914,79): error TS2339: Property 'span' does not exist on type 'JSX.IntrinsicElements'.
kinsphere_prototype.tsx(2915,17): error TS2339: Property 'div' does not exist on type 'JSX.IntrinsicElements'.
kinsphere_prototype.tsx(2917,13): error TS2339: Property 'div' does not exist on type 'JSX.IntrinsicElements'.
kinsphere_prototype.tsx(2918,11): error TS2339: Property 'div' does not exist on type 'JSX.IntrinsicElements'.
kinsphere_prototype.tsx(2920,9): error TS2339: Property 'div' does not exist on type 'JSX.IntrinsicElements'.
kinsphere_prototype.tsx(2922,12): error TS2339: Property 'div' does not exist on type 'JSX.IntrinsicElements'.
kinsphere_prototype.tsx(2927,12): error TS2339: Property 'div' does not exist on type 'JSX.IntrinsicElements'.
kinsphere_prototype.tsx(2928,9): error TS2339: Property 'div' does not exist on type 'JSX.IntrinsicElements'.
kinsphere_prototype.tsx(3025,5): error TS2339: Property 'div' does not exist on type 'JSX.IntrinsicElements'.
kinsphere_prototype.tsx(3026,7): error TS2339: Property 'div' does not exist on type 'JSX.IntrinsicElements'.
kinsphere_prototype.tsx(3027,9): error TS2339: Property 'div' does not exist on type 'JSX.IntrinsicElements'.
kinsphere_prototype.tsx(3028,9): error TS2339: Property 'div' does not exist on type 'JSX.IntrinsicElements'.
kinsphere_prototype.tsx(3029,11): error TS2339: Property 'div' does not exist on type 'JSX.IntrinsicElements'.
kinsphere_prototype.tsx(3029,16): error TS2339: Property 'div' does not exist on type 'JSX.IntrinsicElements'.
kinsphere_prototype.tsx(3029,306): error TS2339: Property 'div' does not exist on type 'JSX.IntrinsicElements'.
kinsphere_prototype.tsx(3029,312): error TS2339: Property 'h1' does not exist on type 'JSX.IntrinsicElements'.
kinsphere_prototype.tsx(3029,456): error TS2339: Property 'h1' does not exist on type 'JSX.IntrinsicElements'.
kinsphere_prototype.tsx(3029,461): error TS2339: Property 'p' does not exist on type 'JSX.IntrinsicElements'.
kinsphere_prototype.tsx(3029,598): error TS2339: Property 'p' does not exist on type 'JSX.IntrinsicElements'.
kinsphere_prototype.tsx(3029,602): error TS2339: Property 'div' does not exist on type 'JSX.IntrinsicElements'.
kinsphere_prototype.tsx(3030,11): error TS2339: Property 'div' does not exist on type 'JSX.IntrinsicElements'.
kinsphere_prototype.tsx(3034,13): error TS2339: Property 'div' does not exist on type 'JSX.IntrinsicElements'.
kinsphere_prototype.tsx(3035,16): error TS2339: Property 'button' does not exist on type 'JSX.IntrinsicElements'.
kinsphere_prototype.tsx(3035,181): error TS2339: Property 'button' does not exist on type 'JSX.IntrinsicElements'.
kinsphere_prototype.tsx(3036,16): error TS2339: Property 'div' does not exist on type 'JSX.IntrinsicElements'.
kinsphere_prototype.tsx(3036,131): error TS2339: Property 'div' does not exist on type 'JSX.IntrinsicElements'.
kinsphere_prototype.tsx(3037,16): error TS2339: Property 'button' does not exist on type 'JSX.IntrinsicElements'.
kinsphere_prototype.tsx(3037,181): error TS2339: Property 'button' does not exist on type 'JSX.IntrinsicElements'.
kinsphere_prototype.tsx(3038,13): error TS2339: Property 'div' does not exist on type 'JSX.IntrinsicElements'.
kinsphere_prototype.tsx(3039,11): error TS2339: Property 'div' does not exist on type 'JSX.IntrinsicElements'.
kinsphere_prototype.tsx(3040,9): error TS2339: Property 'div' does not exist on type 'JSX.IntrinsicElements'.
kinsphere_prototype.tsx(3041,7): error TS2339: Property 'div' does not exist on type 'JSX.IntrinsicElements'.
kinsphere_prototype.tsx(3042,7): error TS2339: Property 'div' does not exist on type 'JSX.IntrinsicElements'.
kinsphere_prototype.tsx(3043,9): error TS2339: Property 'div' does not exist on type 'JSX.IntrinsicElements'.
kinsphere_prototype.tsx(3045,13): error TS2339: Property 'div' does not exist on type 'JSX.IntrinsicElements'.
kinsphere_prototype.tsx(3046,15): error TS2339: Property 'span' does not exist on type 'JSX.IntrinsicElements'.
kinsphere_prototype.tsx(3046,97): error TS2339: Property 'span' does not exist on type 'JSX.IntrinsicElements'.
kinsphere_prototype.tsx(3047,15): error TS2339: Property 'select' does not exist on type 'JSX.IntrinsicElements'.
kinsphere_prototype.tsx(3048,37): error TS2339: Property 'option' does not exist on type 'JSX.IntrinsicElements'.
kinsphere_prototype.tsx(3048,77): error TS2339: Property 'option' does not exist on type 'JSX.IntrinsicElements'.
kinsphere_prototype.tsx(3049,15): error TS2339: Property 'select' does not exist on type 'JSX.IntrinsicElements'.
kinsphere_prototype.tsx(3050,13): error TS2339: Property 'div' does not exist on type 'JSX.IntrinsicElements'.
kinsphere_prototype.tsx(3052,11): error TS2339: Property 'div' does not exist on type 'JSX.IntrinsicElements'.
kinsphere_prototype.tsx(3053,13): error TS2339: Property 'div' does not exist on type 'JSX.IntrinsicElements'.
kinsphere_prototype.tsx(3055,17): error TS2339: Property 'div' does not exist on type 'JSX.IntrinsicElements'.
kinsphere_prototype.tsx(3056,19): error TS2339: Property 'div' does not exist on type 'JSX.IntrinsicElements'.
kinsphere_prototype.tsx(3057,19): error TS2339: Property 'span' does not exist on type 'JSX.IntrinsicElements'.
kinsphere_prototype.tsx(3057,87): error TS2339: Property 'span' does not exist on type 'JSX.IntrinsicElements'.
kinsphere_prototype.tsx(3058,17): error TS2339: Property 'div' does not exist on type 'JSX.IntrinsicElements'.
kinsphere_prototype.tsx(3060,13): error TS2339: Property 'div' does not exist on type 'JSX.IntrinsicElements'.
kinsphere_prototype.tsx(3061,13): error TS2339: Property 'div' does not exist on type 'JSX.IntrinsicElements'.
kinsphere_prototype.tsx(3062,69): error TS2339: Property 'div' does not exist on type 'JSX.IntrinsicElements'.
kinsphere_prototype.tsx(3062,158): error TS2339: Property 'div' does not exist on type 'JSX.IntrinsicElements'.
kinsphere_prototype.tsx(3063,13): error TS2339: Property 'div' does not exist on type 'JSX.IntrinsicElements'.
kinsphere_prototype.tsx(3065,15): error TS2339: Property 'div' does not exist on type 'JSX.IntrinsicElements'.
kinsphere_prototype.tsx(3066,17): error TS2339: Property 'div' does not exist on type 'JSX.IntrinsicElements'.
kinsphere_prototype.tsx(3066,64): error TS2339: Property 'div' does not exist on type 'JSX.IntrinsicElements'.
kinsphere_prototype.tsx(3068,15): error TS2339: Property 'div' does not exist on type 'JSX.IntrinsicElements'.
kinsphere_prototype.tsx(3070,15): error TS2339: Property 'div' does not exist on type 'JSX.IntrinsicElements'.
kinsphere_prototype.tsx(3071,65): error TS2339: Property 'div' does not exist on type 'JSX.IntrinsicElements'.
kinsphere_prototype.tsx(3075,21): error TS2339: Property 'button' does not exist on type 'JSX.IntrinsicElements'.
kinsphere_prototype.tsx(3076,23): error TS2339: Property 'span' does not exist on type 'JSX.IntrinsicElements'.
kinsphere_prototype.tsx(3076,74): error TS2339: Property 'span' does not exist on type 'JSX.IntrinsicElements'.
kinsphere_prototype.tsx(3077,23): error TS2339: Property 'div' does not exist on type 'JSX.IntrinsicElements'.
kinsphere_prototype.tsx(3078,21): error TS2339: Property 'button' does not exist on type 'JSX.IntrinsicElements'.
kinsphere_prototype.tsx(3081,15): error TS2339: Property 'div' does not exist on type 'JSX.IntrinsicElements'.
kinsphere_prototype.tsx(3083,11): error TS2339: Property 'div' does not exist on type 'JSX.IntrinsicElements'.
kinsphere_prototype.tsx(3088,15): error TS2339: Property 'div' does not exist on type 'JSX.IntrinsicElements'.
kinsphere_prototype.tsx(3089,17): error TS2339: Property 'div' does not exist on type 'JSX.IntrinsicElements'.
kinsphere_prototype.tsx(3090,19): error TS2339: Property 'div' does not exist on type 'JSX.IntrinsicElements'.
kinsphere_prototype.tsx(3091,21): error TS2339: Property 'h3' does not exist on type 'JSX.IntrinsicElements'.
kinsphere_prototype.tsx(3091,155): error TS2339: Property 'h3' does not exist on type 'JSX.IntrinsicElements'.
kinsphere_prototype.tsx(3092,21): error TS2339: Property 'div' does not exist on type 'JSX.IntrinsicElements'.
kinsphere_prototype.tsx(3093,23): error TS2339: Property 'div' does not exist on type 'JSX.IntrinsicElements'.
kinsphere_prototype.tsx(3094,23): error TS2339: Property 'span' does not exist on type 'JSX.IntrinsicElements'.
kinsphere_prototype.tsx(3094,97): error TS2339: Property 'span' does not exist on type 'JSX.IntrinsicElements'.
kinsphere_prototype.tsx(3095,74): error TS2339: Property 'span' does not exist on type 'JSX.IntrinsicElements'.
kinsphere_prototype.tsx(3095,133): error TS2339: Property 'span' does not exist on type 'JSX.IntrinsicElements'.
kinsphere_prototype.tsx(3096,21): error TS2339: Property 'div' does not exist on type 'JSX.IntrinsicElements'.
kinsphere_prototype.tsx(3097,19): error TS2339: Property 'div' does not exist on type 'JSX.IntrinsicElements'.
kinsphere_prototype.tsx(3099,21): error TS2339: Property 'div' does not exist on type 'JSX.IntrinsicElements'.
kinsphere_prototype.tsx(3101,25): error TS2339: Property 'div' does not exist on type 'JSX.IntrinsicElements'.
kinsphere_prototype.tsx(3101,40): error TS2339: Property 'div' does not exist on type 'JSX.IntrinsicElements'.
kinsphere_prototype.tsx(3101,120): error TS2339: Property 'div' does not exist on type 'JSX.IntrinsicElements'.
kinsphere_prototype.tsx(3101,126): error TS2339: Property 'div' does not exist on type 'JSX.IntrinsicElements'.
kinsphere_prototype.tsx(3101,207): error TS2339: Property 'div' does not exist on type 'JSX.IntrinsicElements'.
kinsphere_prototype.tsx(3101,213): error TS2339: Property 'div' does not exist on type 'JSX.IntrinsicElements'.
kinsphere_prototype.tsx(3103,21): error TS2339: Property 'div' does not exist on type 'JSX.IntrinsicElements'.
kinsphere_prototype.tsx(3105,17): error TS2339: Property 'div' does not exist on type 'JSX.IntrinsicElements'.
kinsphere_prototype.tsx(3107,19): error TS2339: Property 'div' does not exist on type 'JSX.IntrinsicElements'.
kinsphere_prototype.tsx(3109,19): error TS2339: Property 'div' does not exist on type 'JSX.IntrinsicElements'.
kinsphere_prototype.tsx(3112,19): error TS2339: Property 'div' does not exist on type 'JSX.IntrinsicElements'.
kinsphere_prototype.tsx(3113,74): error TS2339: Property 'strong' does not exist on type 'JSX.IntrinsicElements'.
kinsphere_prototype.tsx(3113,98): error TS2339: Property 'strong' does not exist on type 'JSX.IntrinsicElements'.
kinsphere_prototype.tsx(3114,19): error TS2339: Property 'div' does not exist on type 'JSX.IntrinsicElements'.
kinsphere_prototype.tsx(3116,15): error TS2339: Property 'div' does not exist on type 'JSX.IntrinsicElements'.
kinsphere_prototype.tsx(3119,9): error TS2339: Property 'div' does not exist on type 'JSX.IntrinsicElements'.
kinsphere_prototype.tsx(3120,9): error TS2339: Property 'div' does not exist on type 'JSX.IntrinsicElements'.
kinsphere_prototype.tsx(3121,11): error TS2339: Property 'div' does not exist on type 'JSX.IntrinsicElements'.
kinsphere_prototype.tsx(3122,13): error TS2339: Property 'h3' does not exist on type 'JSX.IntrinsicElements'.
kinsphere_prototype.tsx(3122,143): error TS2339: Property 'h3' does not exist on type 'JSX.IntrinsicElements'.
kinsphere_prototype.tsx(3123,13): error TS2339: Property 'div' does not exist on type 'JSX.IntrinsicElements'.
kinsphere_prototype.tsx(3130,17): error TS2339: Property 'div' does not exist on type 'JSX.IntrinsicElements'.
kinsphere_prototype.tsx(3131,19): error TS2339: Property 'span' does not exist on type 'JSX.IntrinsicElements'.
kinsphere_prototype.tsx(3131,68): error TS2339: Property 'span' does not exist on type 'JSX.IntrinsicElements'.
kinsphere_prototype.tsx(3132,19): error TS2339: Property 'span' does not exist on type 'JSX.IntrinsicElements'.
kinsphere_prototype.tsx(3132,81): error TS2339: Property 'span' does not exist on type 'JSX.IntrinsicElements'.
kinsphere_prototype.tsx(3133,17): error TS2339: Property 'div' does not exist on type 'JSX.IntrinsicElements'.
kinsphere_prototype.tsx(3135,13): error TS2339: Property 'div' does not exist on type 'JSX.IntrinsicElements'.
kinsphere_prototype.tsx(3136,13): error TS2339: Property 'div' does not exist on type 'JSX.IntrinsicElements'.
kinsphere_prototype.tsx(3137,15): error TS2339: Property 'strong' does not exist on type 'JSX.IntrinsicElements'.
kinsphere_prototype.tsx(3137,57): error TS2339: Property 'strong' does not exist on type 'JSX.IntrinsicElements'.
kinsphere_prototype.tsx(3137,67): error TS2339: Property 'span' does not exist on type 'JSX.IntrinsicElements'.
kinsphere_prototype.tsx(3137,123): error TS2339: Property 'span' does not exist on type 'JSX.IntrinsicElements'.
kinsphere_prototype.tsx(3138,13): error TS2339: Property 'div' does not exist on type 'JSX.IntrinsicElements'.
kinsphere_prototype.tsx(3139,11): error TS2339: Property 'div' does not exist on type 'JSX.IntrinsicElements'.
kinsphere_prototype.tsx(3141,13): error TS2339: Property 'div' does not exist on type 'JSX.IntrinsicElements'.
kinsphere_prototype.tsx(3142,15): error TS2339: Property 'span' does not exist on type 'JSX.IntrinsicElements'.
kinsphere_prototype.tsx(3142,89): error TS2339: Property 'span' does not exist on type 'JSX.IntrinsicElements'.
kinsphere_prototype.tsx(3144,17): error TS2339: Property 'button' does not exist on type 'JSX.IntrinsicElements'.
kinsphere_prototype.tsx(3145,19): error TS2339: Property 'div' does not exist on type 'JSX.IntrinsicElements'.
kinsphere_prototype.tsx(3145,84): error TS2339: Property 'div' does not exist on type 'JSX.IntrinsicElements'.
kinsphere_prototype.tsx(3146,19): error TS2339: Property 'div' does not exist on type 'JSX.IntrinsicElements'.
kinsphere_prototype.tsx(3146,135): error TS2339: Property 'div' does not exist on type 'JSX.IntrinsicElements'.
kinsphere_prototype.tsx(3147,68): error TS2339: Property 'div' does not exist on type 'JSX.IntrinsicElements'.
kinsphere_prototype.tsx(3147,148): error TS2339: Property 'button' does not exist on type 'JSX.IntrinsicElements'.
kinsphere_prototype.tsx(3147,523): error TS2339: Property 'button' does not exist on type 'JSX.IntrinsicElements'.
kinsphere_prototype.tsx(3147,534): error TS2339: Property 'div' does not exist on type 'JSX.IntrinsicElements'.
kinsphere_prototype.tsx(3148,17): error TS2339: Property 'button' does not exist on type 'JSX.IntrinsicElements'.
kinsphere_prototype.tsx(3150,13): error TS2339: Property 'div' does not exist on type 'JSX.IntrinsicElements'.
kinsphere_prototype.tsx(3152,9): error TS2339: Property 'div' does not exist on type 'JSX.IntrinsicElements'.
kinsphere_prototype.tsx(3153,7): error TS2339: Property 'div' does not exist on type 'JSX.IntrinsicElements'.
kinsphere_prototype.tsx(3154,5): error TS2339: Property 'div' does not exist on type 'JSX.IntrinsicElements'.
kinsphere_prototype.tsx(3203,5): error TS2339: Property 'div' does not exist on type 'JSX.IntrinsicElements'.
kinsphere_prototype.tsx(3205,7): error TS2339: Property 'div' does not exist on type 'JSX.IntrinsicElements'.
kinsphere_prototype.tsx(3210,9): error TS2339: Property 'div' does not exist on type 'JSX.IntrinsicElements'.
kinsphere_prototype.tsx(3211,11): error TS2339: Property 'div' does not exist on type 'JSX.IntrinsicElements'.
kinsphere_prototype.tsx(3211,299): error TS2339: Property 'div' does not exist on type 'JSX.IntrinsicElements'.
kinsphere_prototype.tsx(3212,11): error TS2339: Property 'h1' does not exist on type 'JSX.IntrinsicElements'.
kinsphere_prototype.tsx(3212,155): error TS2339: Property 'h1' does not exist on type 'JSX.IntrinsicElements'.
kinsphere_prototype.tsx(3213,11): error TS2339: Property 'p' does not exist on type 'JSX.IntrinsicElements'.
kinsphere_prototype.tsx(3213,173): error TS2339: Property 'p' does not exist on type 'JSX.IntrinsicElements'.
kinsphere_prototype.tsx(3214,9): error TS2339: Property 'div' does not exist on type 'JSX.IntrinsicElements'.
kinsphere_prototype.tsx(3215,7): error TS2339: Property 'div' does not exist on type 'JSX.IntrinsicElements'.
kinsphere_prototype.tsx(3217,7): error TS2339: Property 'div' does not exist on type 'JSX.IntrinsicElements'.
kinsphere_prototype.tsx(3219,9): error TS2339: Property 'div' does not exist on type 'JSX.IntrinsicElements'.
kinsphere_prototype.tsx(3220,11): error TS2339: Property 'h2' does not exist on type 'JSX.IntrinsicElements'.
kinsphere_prototype.tsx(3220,102): error TS2339: Property 'h2' does not exist on type 'JSX.IntrinsicElements'.
kinsphere_prototype.tsx(3221,11): error TS2339: Property 'div' does not exist on type 'JSX.IntrinsicElements'.
kinsphere_prototype.tsx(3222,13): error TS2339: Property 'div' does not exist on type 'JSX.IntrinsicElements'.
kinsphere_prototype.tsx(3223,15): error TS2339: Property 'label' does not exist on type 'JSX.IntrinsicElements'.
kinsphere_prototype.tsx(3223,139): error TS2339: Property 'label' does not exist on type 'JSX.IntrinsicElements'.
kinsphere_prototype.tsx(3224,15): error TS2339: Property 'select' does not exist on type 'JSX.IntrinsicElements'.
kinsphere_prototype.tsx(3225,33): error TS2339: Property 'option' does not exist on type 'JSX.IntrinsicElements'.
kinsphere_prototype.tsx(3225,62): error TS2339: Property 'option' does not exist on type 'JSX.IntrinsicElements'.
kinsphere_prototype.tsx(3226,15): error TS2339: Property 'select' does not exist on type 'JSX.IntrinsicElements'.
kinsphere_prototype.tsx(3227,13): error TS2339: Property 'div' does not exist on type 'JSX.IntrinsicElements'.
kinsphere_prototype.tsx(3228,13): error TS2339: Property 'div' does not exist on type 'JSX.IntrinsicElements'.
kinsphere_prototype.tsx(3229,15): error TS2339: Property 'label' does not exist on type 'JSX.IntrinsicElements'.
kinsphere_prototype.tsx(3229,139): error TS2339: Property 'label' does not exist on type 'JSX.IntrinsicElements'.
kinsphere_prototype.tsx(3230,15): error TS2339: Property 'select' does not exist on type 'JSX.IntrinsicElements'.
kinsphere_prototype.tsx(3231,32): error TS2339: Property 'option' does not exist on type 'JSX.IntrinsicElements'.
kinsphere_prototype.tsx(3231,61): error TS2339: Property 'option' does not exist on type 'JSX.IntrinsicElements'.
kinsphere_prototype.tsx(3232,15): error TS2339: Property 'select' does not exist on type 'JSX.IntrinsicElements'.
kinsphere_prototype.tsx(3233,13): error TS2339: Property 'div' does not exist on type 'JSX.IntrinsicElements'.
kinsphere_prototype.tsx(3234,13): error TS2339: Property 'div' does not exist on type 'JSX.IntrinsicElements'.
kinsphere_prototype.tsx(3235,15): error TS2339: Property 'label' does not exist on type 'JSX.IntrinsicElements'.
kinsphere_prototype.tsx(3235,138): error TS2339: Property 'label' does not exist on type 'JSX.IntrinsicElements'.
kinsphere_prototype.tsx(3236,15): error TS2339: Property 'textarea' does not exist on type 'JSX.IntrinsicElements'.
kinsphere_prototype.tsx(3242,13): error TS2339: Property 'div' does not exist on type 'JSX.IntrinsicElements'.
kinsphere_prototype.tsx(3243,13): error TS2339: Property 'div' does not exist on type 'JSX.IntrinsicElements'.
kinsphere_prototype.tsx(3244,15): error TS2339: Property 'label' does not exist on type 'JSX.IntrinsicElements'.
kinsphere_prototype.tsx(3244,147): error TS2339: Property 'label' does not exist on type 'JSX.IntrinsicElements'.
kinsphere_prototype.tsx(3245,15): error TS2339: Property 'div' does not exist on type 'JSX.IntrinsicElements'.
kinsphere_prototype.tsx(3247,15): error TS2339: Property 'div' does not exist on type 'JSX.IntrinsicElements'.
kinsphere_prototype.tsx(3248,13): error TS2339: Property 'div' does not exist on type 'JSX.IntrinsicElements'.
kinsphere_prototype.tsx(3249,13): error TS2339: Property 'div' does not exist on type 'JSX.IntrinsicElements'.
kinsphere_prototype.tsx(3250,15): error TS2339: Property 'div' does not exist on type 'JSX.IntrinsicElements'.
kinsphere_prototype.tsx(3251,17): error TS2339: Property 'div' does not exist on type 'JSX.IntrinsicElements'.
kinsphere_prototype.tsx(3251,93): error TS2339: Property 'div' does not exist on type 'JSX.IntrinsicElements'.
kinsphere_prototype.tsx(3252,17): error TS2339: Property 'div' does not exist on type 'JSX.IntrinsicElements'.
kinsphere_prototype.tsx(3252,89): error TS2339: Property 'div' does not exist on type 'JSX.IntrinsicElements'.
kinsphere_prototype.tsx(3253,15): error TS2339: Property 'div' does not exist on type 'JSX.IntrinsicElements'.
kinsphere_prototype.tsx(3254,15): error TS2339: Property 'button' does not exist on type 'JSX.IntrinsicElements'.
kinsphere_prototype.tsx(3258,17): error TS2339: Property 'div' does not exist on type 'JSX.IntrinsicElements'.
kinsphere_prototype.tsx(3259,15): error TS2339: Property 'button' does not exist on type 'JSX.IntrinsicElements'.
kinsphere_prototype.tsx(3260,13): error TS2339: Property 'div' does not exist on type 'JSX.IntrinsicElements'.
kinsphere_prototype.tsx(3262,11): error TS2339: Property 'div' does not exist on type 'JSX.IntrinsicElements'.
kinsphere_prototype.tsx(3263,9): error TS2339: Property 'div' does not exist on type 'JSX.IntrinsicElements'.
kinsphere_prototype.tsx(3266,9): error TS2339: Property 'div' does not exist on type 'JSX.IntrinsicElements'.
kinsphere_prototype.tsx(3268,13): error TS2339: Property 'div' does not exist on type 'JSX.IntrinsicElements'.
kinsphere_prototype.tsx(3269,15): error TS2339: Property 'select' does not exist on type 'JSX.IntrinsicElements'.
kinsphere_prototype.tsx(3270,17): error TS2339: Property 'option' does not exist on type 'JSX.IntrinsicElements'.
kinsphere_prototype.tsx(3270,46): error TS2339: Property 'option' does not exist on type 'JSX.IntrinsicElements'.
kinsphere_prototype.tsx(3271,33): error TS2339: Property 'option' does not exist on type 'JSX.IntrinsicElements'.
kinsphere_prototype.tsx(3271,62): error TS2339: Property 'option' does not exist on type 'JSX.IntrinsicElements'.
kinsphere_prototype.tsx(3272,15): error TS2339: Property 'select' does not exist on type 'JSX.IntrinsicElements'.
kinsphere_prototype.tsx(3273,15): error TS2339: Property 'select' does not exist on type 'JSX.IntrinsicElements'.
kinsphere_prototype.tsx(3274,17): error TS2339: Property 'option' does not exist on type 'JSX.IntrinsicElements'.
kinsphere_prototype.tsx(3274,48): error TS2339: Property 'option' does not exist on type 'JSX.IntrinsicElements'.
kinsphere_prototype.tsx(3275,32): error TS2339: Property 'option' does not exist on type 'JSX.IntrinsicElements'.
kinsphere_prototype.tsx(3275,61): error TS2339: Property 'option' does not exist on type 'JSX.IntrinsicElements'.
kinsphere_prototype.tsx(3276,15): error TS2339: Property 'select' does not exist on type 'JSX.IntrinsicElements'.
kinsphere_prototype.tsx(3277,15): error TS2339: Property 'select' does not exist on type 'JSX.IntrinsicElements'.
kinsphere_prototype.tsx(3278,17): error TS2339: Property 'option' does not exist on type 'JSX.IntrinsicElements'.
kinsphere_prototype.tsx(3278,47): error TS2339: Property 'option' does not exist on type 'JSX.IntrinsicElements'.
kinsphere_prototype.tsx(3279,17): error TS2339: Property 'option' does not exist on type 'JSX.IntrinsicElements'.
kinsphere_prototype.tsx(3279,29): error TS2339: Property 'option' does not exist on type 'JSX.IntrinsicElements'.
kinsphere_prototype.tsx(3280,17): error TS2339: Property 'option' does not exist on type 'JSX.IntrinsicElements'.
kinsphere_prototype.tsx(3280,34): error TS2339: Property 'option' does not exist on type 'JSX.IntrinsicElements'.
kinsphere_prototype.tsx(3281,17): error TS2339: Property 'option' does not exist on type 'JSX.IntrinsicElements'.
kinsphere_prototype.tsx(3281,33): error TS2339: Property 'option' does not exist on type 'JSX.IntrinsicElements'.
kinsphere_prototype.tsx(3282,15): error TS2339: Property 'select' does not exist on type 'JSX.IntrinsicElements'.
kinsphere_prototype.tsx(3283,13): error TS2339: Property 'div' does not exist on type 'JSX.IntrinsicElements'.
kinsphere_prototype.tsx(3286,11): error TS2339: Property 'div' does not exist on type 'JSX.IntrinsicElements'.
kinsphere_prototype.tsx(3287,13): error TS2339: Property 'div' does not exist on type 'JSX.IntrinsicElements'.
kinsphere_prototype.tsx(3289,13): error TS2339: Property 'div' does not exist on type 'JSX.IntrinsicElements'.
kinsphere_prototype.tsx(3291,15): error TS2339: Property 'div' does not exist on type 'JSX.IntrinsicElements'.
kinsphere_prototype.tsx(3293,15): error TS2339: Property 'div' does not exist on type 'JSX.IntrinsicElements'.
kinsphere_prototype.tsx(3296,17): error TS2339: Property 'div' does not exist on type 'JSX.IntrinsicElements'.
kinsphere_prototype.tsx(3297,19): error TS2339: Property 'div' does not exist on type 'JSX.IntrinsicElements'.
kinsphere_prototype.tsx(3298,21): error TS2339: Property 'div' does not exist on type 'JSX.IntrinsicElements'.
kinsphere_prototype.tsx(3299,23): error TS2339: Property 'div' does not exist on type 'JSX.IntrinsicElements'.
kinsphere_prototype.tsx(3305,23): error TS2339: Property 'div' does not exist on type 'JSX.IntrinsicElements'.
kinsphere_prototype.tsx(3306,23): error TS2339: Property 'div' does not exist on type 'JSX.IntrinsicElements'.
kinsphere_prototype.tsx(3306,91): error TS2339: Property 'div' does not exist on type 'JSX.IntrinsicElements'.
kinsphere_prototype.tsx(3307,21): error TS2339: Property 'div' does not exist on type 'JSX.IntrinsicElements'.
kinsphere_prototype.tsx(3308,21): error TS2339: Property 'div' does not exist on type 'JSX.IntrinsicElements'.
kinsphere_prototype.tsx(3315,21): error TS2339: Property 'div' does not exist on type 'JSX.IntrinsicElements'.
kinsphere_prototype.tsx(3316,19): error TS2339: Property 'div' does not exist on type 'JSX.IntrinsicElements'.
kinsphere_prototype.tsx(3317,19): error TS2339: Property 'p' does not exist on type 'JSX.IntrinsicElements'.
kinsphere_prototype.tsx(3317,97): error TS2339: Property 'p' does not exist on type 'JSX.IntrinsicElements'.
kinsphere_prototype.tsx(3318,19): error TS2339: Property 'div' does not exist on type 'JSX.IntrinsicElements'.
kinsphere_prototype.tsx(3319,21): error TS2339: Property 'div' does not exist on type 'JSX.IntrinsicElements'.
kinsphere_prototype.tsx(3321,23): error TS2339: Property 'span' does not exist on type 'JSX.IntrinsicElements'.
kinsphere_prototype.tsx(3321,94): error TS2339: Property 'span' does not exist on type 'JSX.IntrinsicElements'.
kinsphere_prototype.tsx(3321,155): error TS2339: Property 'span' does not exist on type 'JSX.IntrinsicElements'.
kinsphere_prototype.tsx(3321,162): error TS2339: Property 'span' does not exist on type 'JSX.IntrinsicElements'.
kinsphere_prototype.tsx(3322,21): error TS2339: Property 'div' does not exist on type 'JSX.IntrinsicElements'.
kinsphere_prototype.tsx(3324,23): error TS2339: Property 'div' does not exist on type 'JSX.IntrinsicElements'.
kinsphere_prototype.tsx(3327,29): error TS2339: Property 'button' does not exist on type 'JSX.IntrinsicElements'.
kinsphere_prototype.tsx(3333,29): error TS2339: Property 'button' does not exist on type 'JSX.IntrinsicElements'.
kinsphere_prototype.tsx(3336,23): error TS2339: Property 'div' does not exist on type 'JSX.IntrinsicElements'.
kinsphere_prototype.tsx(3338,19): error TS2339: Property 'div' does not exist on type 'JSX.IntrinsicElements'.
kinsphere_prototype.tsx(3339,17): error TS2339: Property 'div' does not exist on type 'JSX.IntrinsicElements'.
kinsphere_prototype.tsx(3342,11): error TS2339: Property 'div' does not exist on type 'JSX.IntrinsicElements'.
kinsphere_prototype.tsx(3343,9): error TS2339: Property 'div' does not exist on type 'JSX.IntrinsicElements'.
kinsphere_prototype.tsx(3344,7): error TS2339: Property 'div' does not exist on type 'JSX.IntrinsicElements'.
kinsphere_prototype.tsx(3345,5): error TS2339: Property 'div' does not exist on type 'JSX.IntrinsicElements'.
kinsphere_prototype.tsx(3469,5): error TS2339: Property 'div' does not exist on type 'JSX.IntrinsicElements'.
kinsphere_prototype.tsx(3471,7): error TS2339: Property 'div' does not exist on type 'JSX.IntrinsicElements'.
kinsphere_prototype.tsx(3479,9): error TS2339: Property 'div' does not exist on type 'JSX.IntrinsicElements'.
kinsphere_prototype.tsx(3484,9): error TS2339: Property 'div' does not exist on type 'JSX.IntrinsicElements'.
kinsphere_prototype.tsx(3485,11): error TS2339: Property 'div' does not exist on type 'JSX.IntrinsicElements'.
kinsphere_prototype.tsx(3490,13): error TS2339: Property 'svg' does not exist on type 'JSX.IntrinsicElements'.
kinsphere_prototype.tsx(3490,156): error TS2339: Property 'polyline' does not exist on type 'JSX.IntrinsicElements'.
kinsphere_prototype.tsx(3490,205): error TS2339: Property 'polyline' does not exist on type 'JSX.IntrinsicElements'.
kinsphere_prototype.tsx(3490,241): error TS2339: Property 'svg' does not exist on type 'JSX.IntrinsicElements'.
kinsphere_prototype.tsx(3492,11): error TS2339: Property 'div' does not exist on type 'JSX.IntrinsicElements'.
kinsphere_prototype.tsx(3493,11): error TS2339: Property 'h1' does not exist on type 'JSX.IntrinsicElements'.
kinsphere_prototype.tsx(3496,22): error TS2339: Property 'h1' does not exist on type 'JSX.IntrinsicElements'.
kinsphere_prototype.tsx(3497,11): error TS2339: Property 'p' does not exist on type 'JSX.IntrinsicElements'.
kinsphere_prototype.tsx(3499,11): error TS2339: Property 'p' does not exist on type 'JSX.IntrinsicElements'.
kinsphere_prototype.tsx(3500,9): error TS2339: Property 'div' does not exist on type 'JSX.IntrinsicElements'.
kinsphere_prototype.tsx(3501,7): error TS2339: Property 'div' does not exist on type 'JSX.IntrinsicElements'.
kinsphere_prototype.tsx(3507,9): error TS2339: Property 'div' does not exist on type 'JSX.IntrinsicElements'.
kinsphere_prototype.tsx(3508,11): error TS2339: Property 'div' does not exist on type 'JSX.IntrinsicElements'.
kinsphere_prototype.tsx(3509,13): error TS2339: Property 'div' does not exist on type 'JSX.IntrinsicElements'.
kinsphere_prototype.tsx(3509,128): error TS2339: Property 'div' does not exist on type 'JSX.IntrinsicElements'.
kinsphere_prototype.tsx(3513,11): error TS2339: Property 'div' does not exist on type 'JSX.IntrinsicElements'.
kinsphere_prototype.tsx(3515,11): error TS2339: Property 'div' does not exist on type 'JSX.IntrinsicElements'.
kinsphere_prototype.tsx(3525,19): error TS2339: Property 'div' does not exist on type 'JSX.IntrinsicElements'.
kinsphere_prototype.tsx(3526,21): error TS2339: Property 'div' does not exist on type 'JSX.IntrinsicElements'.
kinsphere_prototype.tsx(3526,122): error TS2339: Property 'div' does not exist on type 'JSX.IntrinsicElements'.
kinsphere_prototype.tsx(3528,19): error TS2339: Property 'div' does not exist on type 'JSX.IntrinsicElements'.
kinsphere_prototype.tsx(3529,19): error TS2339: Property 'h3' does not exist on type 'JSX.IntrinsicElements'.
kinsphere_prototype.tsx(3529,107): error TS2339: Property 'h3' does not exist on type 'JSX.IntrinsicElements'.
kinsphere_prototype.tsx(3530,19): error TS2339: Property 'p' does not exist on type 'JSX.IntrinsicElements'.
kinsphere_prototype.tsx(3530,136): error TS2339: Property 'p' does not exist on type 'JSX.IntrinsicElements'.
kinsphere_prototype.tsx(3532,19): error TS2339: Property 'div' does not exist on type 'JSX.IntrinsicElements'.
kinsphere_prototype.tsx(3533,21): error TS2339: Property 'div' does not exist on type 'JSX.IntrinsicElements'.
kinsphere_prototype.tsx(3534,23): error TS2339: Property 'span' does not exist on type 'JSX.IntrinsicElements'.
kinsphere_prototype.tsx(3534,80): error TS2339: Property 'span' does not exist on type 'JSX.IntrinsicElements'.
kinsphere_prototype.tsx(3535,23): error TS2339: Property 'span' does not exist on type 'JSX.IntrinsicElements'.
kinsphere_prototype.tsx(3535,101): error TS2339: Property 'span' does not exist on type 'JSX.IntrinsicElements'.
kinsphere_prototype.tsx(3536,21): error TS2339: Property 'div' does not exist on type 'JSX.IntrinsicElements'.
kinsphere_prototype.tsx(3538,19): error TS2339: Property 'div' does not exist on type 'JSX.IntrinsicElements'.
kinsphere_prototype.tsx(3540,19): error TS2339: Property 'div' does not exist on type 'JSX.IntrinsicElements'.
kinsphere_prototype.tsx(3541,21): error TS2339: Property 'div' does not exist on type 'JSX.IntrinsicElements'.
kinsphere_prototype.tsx(3546,57): error TS2339: Property 'div' does not exist on type 'JSX.IntrinsicElements'.
kinsphere_prototype.tsx(3546,294): error TS2339: Property 'div' does not exist on type 'JSX.IntrinsicElements'.
kinsphere_prototype.tsx(3547,21): error TS2339: Property 'div' does not exist on type 'JSX.IntrinsicElements'.
kinsphere_prototype.tsx(3548,21): error TS2339: Property 'div' does not exist on type 'JSX.IntrinsicElements'.
kinsphere_prototype.tsx(3548,76): error TS2339: Property 'div' does not exist on type 'JSX.IntrinsicElements'.
kinsphere_prototype.tsx(3549,19): error TS2339: Property 'div' does not exist on type 'JSX.IntrinsicElements'.
kinsphere_prototype.tsx(3553,11): error TS2339: Property 'div' does not exist on type 'JSX.IntrinsicElements'.
kinsphere_prototype.tsx(3556,13): error TS2339: Property 'div' does not exist on type 'JSX.IntrinsicElements'.
kinsphere_prototype.tsx(3558,13): error TS2339: Property 'div' does not exist on type 'JSX.IntrinsicElements'.
kinsphere_prototype.tsx(3560,9): error TS2339: Property 'div' does not exist on type 'JSX.IntrinsicElements'.
kinsphere_prototype.tsx(3565,9): error TS2339: Property 'div' does not exist on type 'JSX.IntrinsicElements'.
kinsphere_prototype.tsx(3566,11): error TS2339: Property 'div' does not exist on type 'JSX.IntrinsicElements'.
kinsphere_prototype.tsx(3567,13): error TS2339: Property 'div' does not exist on type 'JSX.IntrinsicElements'.
kinsphere_prototype.tsx(3568,15): error TS2339: Property 'div' does not exist on type 'JSX.IntrinsicElements'.
kinsphere_prototype.tsx(3568,101): error TS2339: Property 'div' does not exist on type 'JSX.IntrinsicElements'.
kinsphere_prototype.tsx(3570,13): error TS2339: Property 'div' does not exist on type 'JSX.IntrinsicElements'.
kinsphere_prototype.tsx(3574,15): error TS2339: Property 'div' does not exist on type 'JSX.IntrinsicElements'.
kinsphere_prototype.tsx(3576,17): error TS2339: Property 'div' does not exist on type 'JSX.IntrinsicElements'.
kinsphere_prototype.tsx(3581,23): error TS2339: Property 'div' does not exist on type 'JSX.IntrinsicElements'.
kinsphere_prototype.tsx(3582,25): error TS2339: Property 'div' does not exist on type 'JSX.IntrinsicElements'.
kinsphere_prototype.tsx(3583,27): error TS2339: Property 'div' does not exist on type 'JSX.IntrinsicElements'.
kinsphere_prototype.tsx(3583,84): error TS2339: Property 'div' does not exist on type 'JSX.IntrinsicElements'.
kinsphere_prototype.tsx(3584,27): error TS2339: Property 'div' does not exist on type 'JSX.IntrinsicElements'.
kinsphere_prototype.tsx(3584,118): error TS2339: Property 'div' does not exist on type 'JSX.IntrinsicElements'.
kinsphere_prototype.tsx(3585,25): error TS2339: Property 'div' does not exist on type 'JSX.IntrinsicElements'.
kinsphere_prototype.tsx(3587,23): error TS2339: Property 'div' does not exist on type 'JSX.IntrinsicElements'.
kinsphere_prototype.tsx(3590,17): error TS2339: Property 'div' does not exist on type 'JSX.IntrinsicElements'.
kinsphere_prototype.tsx(3591,15): error TS2339: Property 'div' does not exist on type 'JSX.IntrinsicElements'.
kinsphere_prototype.tsx(3594,13): error TS2339: Property 'div' does not exist on type 'JSX.IntrinsicElements'.
kinsphere_prototype.tsx(3610,21): error TS2339: Property 'div' does not exist on type 'JSX.IntrinsicElements'.
kinsphere_prototype.tsx(3611,23): error TS2339: Property 'div' does not exist on type 'JSX.IntrinsicElements'.
kinsphere_prototype.tsx(3612,25): error TS2339: Property 'h3' does not exist on type 'JSX.IntrinsicElements'.
kinsphere_prototype.tsx(3612,94): error TS2339: Property 'h3' does not exist on type 'JSX.IntrinsicElements'.
kinsphere_prototype.tsx(3613,25): error TS2339: Property 'div' does not exist on type 'JSX.IntrinsicElements'.
kinsphere_prototype.tsx(3614,27): error TS2339: Property 'span' does not exist on type 'JSX.IntrinsicElements'.
kinsphere_prototype.tsx(3614,99): error TS2339: Property 'span' does not exist on type 'JSX.IntrinsicElements'.
kinsphere_prototype.tsx(3615,49): error TS2339: Property 'div' does not exist on type 'JSX.IntrinsicElements'.
kinsphere_prototype.tsx(3615,190): error TS2339: Property 'div' does not exist on type 'JSX.IntrinsicElements'.
kinsphere_prototype.tsx(3616,25): error TS2339: Property 'div' does not exist on type 'JSX.IntrinsicElements'.
kinsphere_prototype.tsx(3617,23): error TS2339: Property 'div' does not exist on type 'JSX.IntrinsicElements'.
kinsphere_prototype.tsx(3619,26): error TS2339: Property 'button' does not exist on type 'JSX.IntrinsicElements'.
kinsphere_prototype.tsx(3619,262): error TS2339: Property 'button' does not exist on type 'JSX.IntrinsicElements'.
kinsphere_prototype.tsx(3621,21): error TS2339: Property 'div' does not exist on type 'JSX.IntrinsicElements'.
kinsphere_prototype.tsx(3623,21): error TS2339: Property 'div' does not exist on type 'JSX.IntrinsicElements'.
kinsphere_prototype.tsx(3624,23): error TS2339: Property 'div' does not exist on type 'JSX.IntrinsicElements'.
kinsphere_prototype.tsx(3624,128): error TS2339: Property 'div' does not exist on type 'JSX.IntrinsicElements'.
kinsphere_prototype.tsx(3626,25): error TS2339: Property 'div' does not exist on type 'JSX.IntrinsicElements'.
kinsphere_prototype.tsx(3626,135): error TS2339: Property 'div' does not exist on type 'JSX.IntrinsicElements'.
kinsphere_prototype.tsx(3636,29): error TS2339: Property 'div' does not exist on type 'JSX.IntrinsicElements'.
kinsphere_prototype.tsx(3637,31): error TS2339: Property 'div' does not exist on type 'JSX.IntrinsicElements'.
kinsphere_prototype.tsx(3639,33): error TS2339: Property 'div' does not exist on type 'JSX.IntrinsicElements'.
kinsphere_prototype.tsx(3640,35): error TS2339: Property 'div' does not exist on type 'JSX.IntrinsicElements'.
kinsphere_prototype.tsx(3640,92): error TS2339: Property 'div' does not exist on type 'JSX.IntrinsicElements'.
kinsphere_prototype.tsx(3641,35): error TS2339: Property 'div' does not exist on type 'JSX.IntrinsicElements'.
kinsphere_prototype.tsx(3643,35): error TS2339: Property 'div' does not exist on type 'JSX.IntrinsicElements'.
kinsphere_prototype.tsx(3644,33): error TS2339: Property 'div' does not exist on type 'JSX.IntrinsicElements'.
kinsphere_prototype.tsx(3645,31): error TS2339: Property 'div' does not exist on type 'JSX.IntrinsicElements'.
kinsphere_prototype.tsx(3646,31): error TS2339: Property 'div' does not exist on type 'JSX.IntrinsicElements'.
kinsphere_prototype.tsx(3647,33): error TS2339: Property 'div' does not exist on type 'JSX.IntrinsicElements'.
kinsphere_prototype.tsx(3649,89): error TS2339: Property 'div' does not exist on type 'JSX.IntrinsicElements'.
kinsphere_prototype.tsx(3649,183): error TS2339: Property 'div' does not exist on type 'JSX.IntrinsicElements'.
kinsphere_prototype.tsx(3650,33): error TS2339: Property 'div' does not exist on type 'JSX.IntrinsicElements'.
kinsphere_prototype.tsx(3651,33): error TS2339: Property 'div' does not exist on type 'JSX.IntrinsicElements'.
kinsphere_prototype.tsx(3652,35): error TS2339: Property 'button' does not exist on type 'JSX.IntrinsicElements'.
kinsphere_prototype.tsx(3657,35): error TS2339: Property 'button' does not exist on type 'JSX.IntrinsicElements'.
kinsphere_prototype.tsx(3659,37): error TS2339: Property 'button' does not exist on type 'JSX.IntrinsicElements'.
kinsphere_prototype.tsx(3667,37): error TS2339: Property 'button' does not exist on type 'JSX.IntrinsicElements'.
kinsphere_prototype.tsx(3669,33): error TS2339: Property 'div' does not exist on type 'JSX.IntrinsicElements'.
kinsphere_prototype.tsx(3670,31): error TS2339: Property 'div' does not exist on type 'JSX.IntrinsicElements'.
kinsphere_prototype.tsx(3671,29): error TS2339: Property 'div' does not exist on type 'JSX.IntrinsicElements'.
kinsphere_prototype.tsx(3675,21): error TS2339: Property 'div' does not exist on type 'JSX.IntrinsicElements'.
kinsphere_prototype.tsx(3679,13): error TS2339: Property 'div' does not exist on type 'JSX.IntrinsicElements'.
kinsphere_prototype.tsx(3680,11): error TS2339: Property 'div' does not exist on type 'JSX.IntrinsicElements'.
kinsphere_prototype.tsx(3685,13): error TS2339: Property 'p' does not exist on type 'JSX.IntrinsicElements'.
kinsphere_prototype.tsx(3685,115): error TS2339: Property 'p' does not exist on type 'JSX.IntrinsicElements'.
kinsphere_prototype.tsx(3687,13): error TS2339: Property 'div' does not exist on type 'JSX.IntrinsicElements'.
kinsphere_prototype.tsx(3689,17): error TS2339: Property 'div' does not exist on type 'JSX.IntrinsicElements'.
kinsphere_prototype.tsx(3690,19): error TS2339: Property 'div' does not exist on type 'JSX.IntrinsicElements'.
kinsphere_prototype.tsx(3691,21): error TS2339: Property 'div' does not exist on type 'JSX.IntrinsicElements'.
kinsphere_prototype.tsx(3693,23): error TS2339: Property 'span' does not exist on type 'JSX.IntrinsicElements'.
kinsphere_prototype.tsx(3693,79): error TS2339: Property 'span' does not exist on type 'JSX.IntrinsicElements'.
kinsphere_prototype.tsx(3694,21): error TS2339: Property 'div' does not exist on type 'JSX.IntrinsicElements'.
kinsphere_prototype.tsx(3695,21): error TS2339: Property 'span' does not exist on type 'JSX.IntrinsicElements'.
kinsphere_prototype.tsx(3695,74): error TS2339: Property 'span' does not exist on type 'JSX.IntrinsicElements'.
kinsphere_prototype.tsx(3696,19): error TS2339: Property 'div' does not exist on type 'JSX.IntrinsicElements'.
kinsphere_prototype.tsx(3697,19): error TS2339: Property 'p' does not exist on type 'JSX.IntrinsicElements'.
kinsphere_prototype.tsx(3697,79): error TS2339: Property 'p' does not exist on type 'JSX.IntrinsicElements'.
kinsphere_prototype.tsx(3698,17): error TS2339: Property 'div' does not exist on type 'JSX.IntrinsicElements'.
kinsphere_prototype.tsx(3700,13): error TS2339: Property 'div' does not exist on type 'JSX.IntrinsicElements'.
kinsphere_prototype.tsx(3704,9): error TS2339: Property 'div' does not exist on type 'JSX.IntrinsicElements'.
kinsphere_prototype.tsx(3709,9): error TS2339: Property 'div' does not exist on type 'JSX.IntrinsicElements'.
kinsphere_prototype.tsx(3710,11): error TS2339: Property 'div' does not exist on type 'JSX.IntrinsicElements'.
kinsphere_prototype.tsx(3717,17): error TS2339: Property 'div' does not exist on type 'JSX.IntrinsicElements'.
kinsphere_prototype.tsx(3717,72): error TS2339: Property 'div' does not exist on type 'JSX.IntrinsicElements'.
kinsphere_prototype.tsx(3718,17): error TS2339: Property 'div' does not exist on type 'JSX.IntrinsicElements'.
kinsphere_prototype.tsx(3718,102): error TS2339: Property 'div' does not exist on type 'JSX.IntrinsicElements'.
kinsphere_prototype.tsx(3719,17): error TS2339: Property 'div' does not exist on type 'JSX.IntrinsicElements'.
kinsphere_prototype.tsx(3719,105): error TS2339: Property 'div' does not exist on type 'JSX.IntrinsicElements'.
kinsphere_prototype.tsx(3722,11): error TS2339: Property 'div' does not exist on type 'JSX.IntrinsicElements'.
kinsphere_prototype.tsx(3724,11): error TS2339: Property 'div' does not exist on type 'JSX.IntrinsicElements'.
kinsphere_prototype.tsx(3725,14): error TS2339: Property 'div' does not exist on type 'JSX.IntrinsicElements'.
kinsphere_prototype.tsx(3726,14): error TS2339: Property 'div' does not exist on type 'JSX.IntrinsicElements'.
kinsphere_prototype.tsx(3728,14): error TS2339: Property 'div' does not exist on type 'JSX.IntrinsicElements'.
kinsphere_prototype.tsx(3729,11): error TS2339: Property 'div' does not exist on type 'JSX.IntrinsicElements'.
kinsphere_prototype.tsx(3730,9): error TS2339: Property 'div' does not exist on type 'JSX.IntrinsicElements'.
kinsphere_prototype.tsx(3735,11): error TS2339: Property 'div' does not exist on type 'JSX.IntrinsicElements'.
kinsphere_prototype.tsx(3739,13): error TS2339: Property 'div' does not exist on type 'JSX.IntrinsicElements'.
kinsphere_prototype.tsx(3753,13): error TS2339: Property 'div' does not exist on type 'JSX.IntrinsicElements'.
kinsphere_prototype.tsx(3755,13): error TS2339: Property 'div' does not exist on type 'JSX.IntrinsicElements'.
kinsphere_prototype.tsx(3758,13): error TS2339: Property 'div' does not exist on type 'JSX.IntrinsicElements'.
kinsphere_prototype.tsx(3760,13): error TS2339: Property 'div' does not exist on type 'JSX.IntrinsicElements'.
kinsphere_prototype.tsx(3762,15): error TS2339: Property 'div' does not exist on type 'JSX.IntrinsicElements'.
kinsphere_prototype.tsx(3764,19): error TS2339: Property 'div' does not exist on type 'JSX.IntrinsicElements'.
kinsphere_prototype.tsx(3765,21): error TS2339: Property 'div' does not exist on type 'JSX.IntrinsicElements'.
kinsphere_prototype.tsx(3772,21): error TS2339: Property 'div' does not exist on type 'JSX.IntrinsicElements'.
kinsphere_prototype.tsx(3773,21): error TS2339: Property 'div' does not exist on type 'JSX.IntrinsicElements'.
kinsphere_prototype.tsx(3780,21): error TS2339: Property 'div' does not exist on type 'JSX.IntrinsicElements'.
kinsphere_prototype.tsx(3782,23): error TS2339: Property 'button' does not exist on type 'JSX.IntrinsicElements'.
kinsphere_prototype.tsx(3782,215): error TS2339: Property 'button' does not exist on type 'JSX.IntrinsicElements'.
kinsphere_prototype.tsx(3784,19): error TS2339: Property 'div' does not exist on type 'JSX.IntrinsicElements'.
kinsphere_prototype.tsx(3786,15): error TS2339: Property 'div' does not exist on type 'JSX.IntrinsicElements'.
kinsphere_prototype.tsx(3787,15): error TS2339: Property 'button' does not exist on type 'JSX.IntrinsicElements'.
kinsphere_prototype.tsx(3792,15): error TS2339: Property 'button' does not exist on type 'JSX.IntrinsicElements'.
kinsphere_prototype.tsx(3793,13): error TS2339: Property 'div' does not exist on type 'JSX.IntrinsicElements'.
kinsphere_prototype.tsx(3796,11): error TS2339: Property 'div' does not exist on type 'JSX.IntrinsicElements'.
kinsphere_prototype.tsx(3802,11): error TS2339: Property 'div' does not exist on type 'JSX.IntrinsicElements'.
kinsphere_prototype.tsx(3803,13): error TS2339: Property 'div' does not exist on type 'JSX.IntrinsicElements'.
kinsphere_prototype.tsx(3804,15): error TS2339: Property 'h2' does not exist on type 'JSX.IntrinsicElements'.
kinsphere_prototype.tsx(3804,96): error TS2339: Property 'h2' does not exist on type 'JSX.IntrinsicElements'.
kinsphere_prototype.tsx(3805,15): error TS2339: Property 'p' does not exist on type 'JSX.IntrinsicElements'.
kinsphere_prototype.tsx(3805,89): error TS2339: Property 'p' does not exist on type 'JSX.IntrinsicElements'.
kinsphere_prototype.tsx(3806,13): error TS2339: Property 'div' does not exist on type 'JSX.IntrinsicElements'.
kinsphere_prototype.tsx(3808,13): error TS2339: Property 'div' does not exist on type 'JSX.IntrinsicElements'.
kinsphere_prototype.tsx(3809,15): error TS2339: Property 'div' does not exist on type 'JSX.IntrinsicElements'.
kinsphere_prototype.tsx(3810,17): error TS2339: Property 'div' does not exist on type 'JSX.IntrinsicElements'.
kinsphere_prototype.tsx(3810,92): error TS2339: Property 'div' does not exist on type 'JSX.IntrinsicElements'.
kinsphere_prototype.tsx(3811,17): error TS2339: Property 'div' does not exist on type 'JSX.IntrinsicElements'.
kinsphere_prototype.tsx(3811,142): error TS2339: Property 'div' does not exist on type 'JSX.IntrinsicElements'.
kinsphere_prototype.tsx(3812,15): error TS2339: Property 'div' does not exist on type 'JSX.IntrinsicElements'.
kinsphere_prototype.tsx(3814,13): error TS2339: Property 'div' does not exist on type 'JSX.IntrinsicElements'.
kinsphere_prototype.tsx(3817,13): error TS2339: Property 'div' does not exist on type 'JSX.IntrinsicElements'.
kinsphere_prototype.tsx(3821,19): error TS2339: Property 'div' does not exist on type 'JSX.IntrinsicElements'.
kinsphere_prototype.tsx(3822,21): error TS2339: Property 'div' does not exist on type 'JSX.IntrinsicElements'.
kinsphere_prototype.tsx(3823,23): error TS2339: Property 'div' does not exist on type 'JSX.IntrinsicElements'.
kinsphere_prototype.tsx(3824,25): error TS2339: Property 'div' does not exist on type 'JSX.IntrinsicElements'.
kinsphere_prototype.tsx(3824,79): error TS2339: Property 'div' does not exist on type 'JSX.IntrinsicElements'.
kinsphere_prototype.tsx(3825,42): error TS2339: Property 'div' does not exist on type 'JSX.IntrinsicElements'.
kinsphere_prototype.tsx(3825,129): error TS2339: Property 'div' does not exist on type 'JSX.IntrinsicElements'.
kinsphere_prototype.tsx(3826,23): error TS2339: Property 'div' does not exist on type 'JSX.IntrinsicElements'.
kinsphere_prototype.tsx(3827,23): error TS2339: Property 'select' does not exist on type 'JSX.IntrinsicElements'.
kinsphere_prototype.tsx(3833,25): error TS2339: Property 'option' does not exist on type 'JSX.IntrinsicElements'.
kinsphere_prototype.tsx(3833,44): error TS2339: Property 'option' does not exist on type 'JSX.IntrinsicElements'.
kinsphere_prototype.tsx(3834,25): error TS2339: Property 'option' does not exist on type 'JSX.IntrinsicElements'.
kinsphere_prototype.tsx(3834,44): error TS2339: Property 'option' does not exist on type 'JSX.IntrinsicElements'.
kinsphere_prototype.tsx(3835,25): error TS2339: Property 'option' does not exist on type 'JSX.IntrinsicElements'.
kinsphere_prototype.tsx(3835,42): error TS2339: Property 'option' does not exist on type 'JSX.IntrinsicElements'.
kinsphere_prototype.tsx(3836,23): error TS2339: Property 'select' does not exist on type 'JSX.IntrinsicElements'.
kinsphere_prototype.tsx(3837,21): error TS2339: Property 'div' does not exist on type 'JSX.IntrinsicElements'.
kinsphere_prototype.tsx(3840,23): error TS2339: Property 'div' does not exist on type 'JSX.IntrinsicElements'.
kinsphere_prototype.tsx(3842,28): error TS2339: Property 'div' does not exist on type 'JSX.IntrinsicElements'.
kinsphere_prototype.tsx(3843,30): error TS2339: Property 'span' does not exist on type 'JSX.IntrinsicElements'.
kinsphere_prototype.tsx(3843,72): error TS2339: Property 'span' does not exist on type 'JSX.IntrinsicElements'.
kinsphere_prototype.tsx(3843,88): error TS2339: Property 'span' does not exist on type 'JSX.IntrinsicElements'.
kinsphere_prototype.tsx(3843,140): error TS2339: Property 'span' does not exist on type 'JSX.IntrinsicElements'.
kinsphere_prototype.tsx(3844,28): error TS2339: Property 'div' does not exist on type 'JSX.IntrinsicElements'.
kinsphere_prototype.tsx(3846,23): error TS2339: Property 'div' does not exist on type 'JSX.IntrinsicElements'.
kinsphere_prototype.tsx(3850,24): error TS2339: Property 'div' does not exist on type 'JSX.IntrinsicElements'.
kinsphere_prototype.tsx(3851,26): error TS2339: Property 'input' does not exist on type 'JSX.IntrinsicElements'.
kinsphere_prototype.tsx(3862,24): error TS2339: Property 'div' does not exist on type 'JSX.IntrinsicElements'.
kinsphere_prototype.tsx(3864,19): error TS2339: Property 'div' does not exist on type 'JSX.IntrinsicElements'.
kinsphere_prototype.tsx(3868,17): error TS2339: Property 'button' does not exist on type 'JSX.IntrinsicElements'.
kinsphere_prototype.tsx(3876,17): error TS2339: Property 'button' does not exist on type 'JSX.IntrinsicElements'.
kinsphere_prototype.tsx(3878,13): error TS2339: Property 'div' does not exist on type 'JSX.IntrinsicElements'.
kinsphere_prototype.tsx(3879,11): error TS2339: Property 'div' does not exist on type 'JSX.IntrinsicElements'.
kinsphere_prototype.tsx(3885,11): error TS2339: Property 'div' does not exist on type 'JSX.IntrinsicElements'.
kinsphere_prototype.tsx(3887,14): error TS2339: Property 'div' does not exist on type 'JSX.IntrinsicElements'.
kinsphere_prototype.tsx(3890,14): error TS2339: Property 'div' does not exist on type 'JSX.IntrinsicElements'.
kinsphere_prototype.tsx(3892,14): error TS2339: Property 'div' does not exist on type 'JSX.IntrinsicElements'.
kinsphere_prototype.tsx(3893,16): error TS2339: Property 'input' does not exist on type 'JSX.IntrinsicElements'.
kinsphere_prototype.tsx(3894,16): error TS2339: Property 'label' does not exist on type 'JSX.IntrinsicElements'.
kinsphere_prototype.tsx(3894,84): error TS2339: Property 'label' does not exist on type 'JSX.IntrinsicElements'.
kinsphere_prototype.tsx(3895,14): error TS2339: Property 'div' does not exist on type 'JSX.IntrinsicElements'.
kinsphere_prototype.tsx(3897,14): error TS2339: Property 'div' does not exist on type 'JSX.IntrinsicElements'.
kinsphere_prototype.tsx(3898,16): error TS2339: Property 'label' does not exist on type 'JSX.IntrinsicElements'.
kinsphere_prototype.tsx(3898,153): error TS2339: Property 'label' does not exist on type 'JSX.IntrinsicElements'.
kinsphere_prototype.tsx(3899,16): error TS2339: Property 'div' does not exist on type 'JSX.IntrinsicElements'.
kinsphere_prototype.tsx(3903,22): error TS2339: Property 'div' does not exist on type 'JSX.IntrinsicElements'.
kinsphere_prototype.tsx(3904,24): error TS2339: Property 'input' does not exist on type 'JSX.IntrinsicElements'.
kinsphere_prototype.tsx(3916,24): error TS2339: Property 'span' does not exist on type 'JSX.IntrinsicElements'.
kinsphere_prototype.tsx(3916,88): error TS2339: Property 'span' does not exist on type 'JSX.IntrinsicElements'.
kinsphere_prototype.tsx(3918,26): error TS2339: Property 'div' does not exist on type 'JSX.IntrinsicElements'.
kinsphere_prototype.tsx(3919,28): error TS2339: Property 'span' does not exist on type 'JSX.IntrinsicElements'.
kinsphere_prototype.tsx(3919,80): error TS2339: Property 'span' does not exist on type 'JSX.IntrinsicElements'.
kinsphere_prototype.tsx(3920,28): error TS2339: Property 'select' does not exist on type 'JSX.IntrinsicElements'.
kinsphere_prototype.tsx(3928,50): error TS2339: Property 'option' does not exist on type 'JSX.IntrinsicElements'.
kinsphere_prototype.tsx(3928,90): error TS2339: Property 'option' does not exist on type 'JSX.IntrinsicElements'.
kinsphere_prototype.tsx(3929,28): error TS2339: Property 'select' does not exist on type 'JSX.IntrinsicElements'.
kinsphere_prototype.tsx(3930,26): error TS2339: Property 'div' does not exist on type 'JSX.IntrinsicElements'.
kinsphere_prototype.tsx(3932,22): error TS2339: Property 'div' does not exist on type 'JSX.IntrinsicElements'.
kinsphere_prototype.tsx(3935,16): error TS2339: Property 'div' does not exist on type 'JSX.IntrinsicElements'.
kinsphere_prototype.tsx(3936,14): error TS2339: Property 'div' does not exist on type 'JSX.IntrinsicElements'.
kinsphere_prototype.tsx(3938,28): error TS2304: Cannot find name 'handleCreateCycle'.
kinsphere_prototype.tsx(3939,11): error TS2339: Property 'div' does not exist on type 'JSX.IntrinsicElements'.
kinsphere_prototype.tsx(3945,11): error TS2339: Property 'div' does not exist on type 'JSX.IntrinsicElements'.
kinsphere_prototype.tsx(3949,15): error TS2339: Property 'div' does not exist on type 'JSX.IntrinsicElements'.
kinsphere_prototype.tsx(3950,17): error TS2339: Property 'div' does not exist on type 'JSX.IntrinsicElements'.
kinsphere_prototype.tsx(3950,128): error TS2339: Property 'div' does not exist on type 'JSX.IntrinsicElements'.
kinsphere_prototype.tsx(3951,17): error TS2339: Property 'div' does not exist on type 'JSX.IntrinsicElements'.
kinsphere_prototype.tsx(3953,21): error TS2339: Property 'div' does not exist on type 'JSX.IntrinsicElements'.
kinsphere_prototype.tsx(3954,23): error TS2339: Property 'div' does not exist on type 'JSX.IntrinsicElements'.
kinsphere_prototype.tsx(3955,25): error TS2339: Property 'div' does not exist on type 'JSX.IntrinsicElements'.
kinsphere_prototype.tsx(3955,79): error TS2339: Property 'div' does not exist on type 'JSX.IntrinsicElements'.
kinsphere_prototype.tsx(3956,25): error TS2339: Property 'div' does not exist on type 'JSX.IntrinsicElements'.
kinsphere_prototype.tsx(3956,75): error TS2339: Property 'div' does not exist on type 'JSX.IntrinsicElements'.
kinsphere_prototype.tsx(3957,23): error TS2339: Property 'div' does not exist on type 'JSX.IntrinsicElements'.
kinsphere_prototype.tsx(3958,23): error TS2339: Property 'div' does not exist on type 'JSX.IntrinsicElements'.
kinsphere_prototype.tsx(3959,25): error TS2339: Property 'div' does not exist on type 'JSX.IntrinsicElements'.
kinsphere_prototype.tsx(3959,94): error TS2339: Property 'div' does not exist on type 'JSX.IntrinsicElements'.
kinsphere_prototype.tsx(3961,23): error TS2339: Property 'div' does not exist on type 'JSX.IntrinsicElements'.
kinsphere_prototype.tsx(3962,21): error TS2339: Property 'div' does not exist on type 'JSX.IntrinsicElements'.
kinsphere_prototype.tsx(3965,22): error TS2339: Property 'div' does not exist on type 'JSX.IntrinsicElements'.
kinsphere_prototype.tsx(3965,124): error TS2339: Property 'div' does not exist on type 'JSX.IntrinsicElements'.
kinsphere_prototype.tsx(3967,17): error TS2339: Property 'div' does not exist on type 'JSX.IntrinsicElements'.
kinsphere_prototype.tsx(3968,15): error TS2339: Property 'div' does not exist on type 'JSX.IntrinsicElements'.
kinsphere_prototype.tsx(3972,13): error TS2339: Property 'div' does not exist on type 'JSX.IntrinsicElements'.
kinsphere_prototype.tsx(3973,15): error TS2339: Property 'div' does not exist on type 'JSX.IntrinsicElements'.
kinsphere_prototype.tsx(3973,110): error TS2339: Property 'div' does not exist on type 'JSX.IntrinsicElements'.
kinsphere_prototype.tsx(3975,17): error TS2339: Property 'div' does not exist on type 'JSX.IntrinsicElements'.
kinsphere_prototype.tsx(3987,17): error TS2339: Property 'div' does not exist on type 'JSX.IntrinsicElements'.
kinsphere_prototype.tsx(3989,17): error TS2339: Property 'div' does not exist on type 'JSX.IntrinsicElements'.
kinsphere_prototype.tsx(3990,19): error TS2339: Property 'div' does not exist on type 'JSX.IntrinsicElements'.
kinsphere_prototype.tsx(3991,22): error TS2339: Property 'label' does not exist on type 'JSX.IntrinsicElements'.
kinsphere_prototype.tsx(3991,86): error TS2339: Property 'label' does not exist on type 'JSX.IntrinsicElements'.
kinsphere_prototype.tsx(3992,22): error TS2339: Property 'p' does not exist on type 'JSX.IntrinsicElements'.
kinsphere_prototype.tsx(3992,95): error TS2339: Property 'p' does not exist on type 'JSX.IntrinsicElements'.
kinsphere_prototype.tsx(3993,19): error TS2339: Property 'div' does not exist on type 'JSX.IntrinsicElements'.
kinsphere_prototype.tsx(3994,19): error TS2339: Property 'div' does not exist on type 'JSX.IntrinsicElements'.
kinsphere_prototype.tsx(3995,22): error TS2339: Property 'label' does not exist on type 'JSX.IntrinsicElements'.
kinsphere_prototype.tsx(3995,92): error TS2339: Property 'label' does not exist on type 'JSX.IntrinsicElements'.
kinsphere_prototype.tsx(3996,22): error TS2339: Property 'p' does not exist on type 'JSX.IntrinsicElements'.
kinsphere_prototype.tsx(3996,93): error TS2339: Property 'p' does not exist on type 'JSX.IntrinsicElements'.
kinsphere_prototype.tsx(3997,19): error TS2339: Property 'div' does not exist on type 'JSX.IntrinsicElements'.
kinsphere_prototype.tsx(3999,21): error TS2339: Property 'div' does not exist on type 'JSX.IntrinsicElements'.
kinsphere_prototype.tsx(4000,23): error TS2339: Property 'label' does not exist on type 'JSX.IntrinsicElements'.
kinsphere_prototype.tsx(4000,98): error TS2339: Property 'label' does not exist on type 'JSX.IntrinsicElements'.
kinsphere_prototype.tsx(4001,23): error TS2339: Property 'p' does not exist on type 'JSX.IntrinsicElements'.
kinsphere_prototype.tsx(4001,98): error TS2339: Property 'p' does not exist on type 'JSX.IntrinsicElements'.
kinsphere_prototype.tsx(4002,21): error TS2339: Property 'div' does not exist on type 'JSX.IntrinsicElements'.
kinsphere_prototype.tsx(4004,19): error TS2339: Property 'div' does not exist on type 'JSX.IntrinsicElements'.
kinsphere_prototype.tsx(4005,21): error TS2339: Property 'label' does not exist on type 'JSX.IntrinsicElements'.
kinsphere_prototype.tsx(4005,93): error TS2339: Property 'label' does not exist on type 'JSX.IntrinsicElements'.
kinsphere_prototype.tsx(4006,21): error TS2339: Property 'span' does not exist on type 'JSX.IntrinsicElements'.
kinsphere_prototype.tsx(4006,116): error TS2339: Property 'span' does not exist on type 'JSX.IntrinsicElements'.
kinsphere_prototype.tsx(4007,19): error TS2339: Property 'div' does not exist on type 'JSX.IntrinsicElements'.
kinsphere_prototype.tsx(4008,17): error TS2339: Property 'div' does not exist on type 'JSX.IntrinsicElements'.
kinsphere_prototype.tsx(4010,13): error TS2339: Property 'div' does not exist on type 'JSX.IntrinsicElements'.
kinsphere_prototype.tsx(4014,15): error TS2339: Property 'div' does not exist on type 'JSX.IntrinsicElements'.
kinsphere_prototype.tsx(4015,17): error TS2339: Property 'div' does not exist on type 'JSX.IntrinsicElements'.
kinsphere_prototype.tsx(4015,110): error TS2339: Property 'div' does not exist on type 'JSX.IntrinsicElements'.
kinsphere_prototype.tsx(4017,19): error TS2339: Property 'div' does not exist on type 'JSX.IntrinsicElements'.
kinsphere_prototype.tsx(4026,19): error TS2339: Property 'div' does not exist on type 'JSX.IntrinsicElements'.
kinsphere_prototype.tsx(4028,19): error TS2339: Property 'div' does not exist on type 'JSX.IntrinsicElements'.
kinsphere_prototype.tsx(4029,21): error TS2339: Property 'div' does not exist on type 'JSX.IntrinsicElements'.
kinsphere_prototype.tsx(4030,24): error TS2339: Property 'label' does not exist on type 'JSX.IntrinsicElements'.
kinsphere_prototype.tsx(4030,92): error TS2339: Property 'label' does not exist on type 'JSX.IntrinsicElements'.
kinsphere_prototype.tsx(4031,24): error TS2339: Property 'p' does not exist on type 'JSX.IntrinsicElements'.
kinsphere_prototype.tsx(4031,119): error TS2339: Property 'p' does not exist on type 'JSX.IntrinsicElements'.
kinsphere_prototype.tsx(4032,21): error TS2339: Property 'div' does not exist on type 'JSX.IntrinsicElements'.
kinsphere_prototype.tsx(4033,21): error TS2339: Property 'div' does not exist on type 'JSX.IntrinsicElements'.
kinsphere_prototype.tsx(4034,23): error TS2339: Property 'label' does not exist on type 'JSX.IntrinsicElements'.
kinsphere_prototype.tsx(4034,98): error TS2339: Property 'label' does not exist on type 'JSX.IntrinsicElements'.
kinsphere_prototype.tsx(4035,23): error TS2339: Property 'span' does not exist on type 'JSX.IntrinsicElements'.
kinsphere_prototype.tsx(4035,121): error TS2339: Property 'span' does not exist on type 'JSX.IntrinsicElements'.
kinsphere_prototype.tsx(4036,21): error TS2339: Property 'div' does not exist on type 'JSX.IntrinsicElements'.
kinsphere_prototype.tsx(4037,19): error TS2339: Property 'div' does not exist on type 'JSX.IntrinsicElements'.
kinsphere_prototype.tsx(4039,15): error TS2339: Property 'div' does not exist on type 'JSX.IntrinsicElements'.
kinsphere_prototype.tsx(4041,11): error TS2339: Property 'div' does not exist on type 'JSX.IntrinsicElements'.
kinsphere_prototype.tsx(4044,5): error TS2339: Property 'div' does not exist on type 'JSX.IntrinsicElements'.
kinsphere_prototype.tsx(4049,3): error TS2339: Property 'div' does not exist on type 'JSX.IntrinsicElements'.
kinsphere_prototype.tsx(4050,5): error TS2339: Property 'div' does not exist on type 'JSX.IntrinsicElements'.
kinsphere_prototype.tsx(4051,3): error TS2339: Property 'div' does not exist on type 'JSX.IntrinsicElements'.
kinsphere_prototype.tsx(4402,22): error TS2362: The left-hand side of an arithmetic operation must be of type 'any', 'number', 'bigint' or an enum type.
kinsphere_prototype.tsx(4402,29): error TS2363: The right-hand side of an arithmetic operation must be of type 'any', 'number', 'bigint' or an enum type.
kinsphere_prototype.tsx(4406,22): error TS2362: The left-hand side of an arithmetic operation must be of type 'any', 'number', 'bigint' or an enum type.
kinsphere_prototype.tsx(4406,29): error TS2363: The right-hand side of an arithmetic operation must be of type 'any', 'number', 'bigint' or an enum type.
kinsphere_prototype.tsx(4441,25): error TS2339: Property 'halfDay' does not exist on type '{ id: number; empId: number; ini: string; emp: string; type: string; from: string; to: string; fromISO: string; toISO: string; days: string; reason: string; approver: string; status: string; }'.
kinsphere_prototype.tsx(4493,45): error TS2339: Property 'accountNumber' does not exist on type '{ holder: string; acc: string; ifsc: string; }'.
kinsphere_prototype.tsx(4513,30): error TS2339: Property 'accountNumber' does not exist on type '{ holder: string; acc: string; ifsc: string; }'.
kinsphere_prototype.tsx(4669,5): error TS2339: Property 'div' does not exist on type 'JSX.IntrinsicElements'.
kinsphere_prototype.tsx(4686,11): error TS2339: Property 'div' does not exist on type 'JSX.IntrinsicElements'.
kinsphere_prototype.tsx(4687,13): error TS2339: Property 'style' does not exist on type 'JSX.IntrinsicElements'.
kinsphere_prototype.tsx(4687,81): error TS2339: Property 'style' does not exist on type 'JSX.IntrinsicElements'.
kinsphere_prototype.tsx(4688,13): error TS2339: Property 'div' does not exist on type 'JSX.IntrinsicElements'.
kinsphere_prototype.tsx(4689,15): error TS2339: Property 'div' does not exist on type 'JSX.IntrinsicElements'.
kinsphere_prototype.tsx(4690,17): error TS2339: Property 'div' does not exist on type 'JSX.IntrinsicElements'.
kinsphere_prototype.tsx(4690,183): error TS2339: Property 'div' does not exist on type 'JSX.IntrinsicElements'.
kinsphere_prototype.tsx(4691,17): error TS2339: Property 'div' does not exist on type 'JSX.IntrinsicElements'.
kinsphere_prototype.tsx(4692,19): error TS2339: Property 'div' does not exist on type 'JSX.IntrinsicElements'.
kinsphere_prototype.tsx(4692,90): error TS2339: Property 'div' does not exist on type 'JSX.IntrinsicElements'.
kinsphere_prototype.tsx(4693,19): error TS2339: Property 'div' does not exist on type 'JSX.IntrinsicElements'.
kinsphere_prototype.tsx(4693,105): error TS2339: Property 'div' does not exist on type 'JSX.IntrinsicElements'.
kinsphere_prototype.tsx(4694,17): error TS2339: Property 'div' does not exist on type 'JSX.IntrinsicElements'.
kinsphere_prototype.tsx(4695,15): error TS2339: Property 'div' does not exist on type 'JSX.IntrinsicElements'.
kinsphere_prototype.tsx(4696,15): error TS2339: Property 'button' does not exist on type 'JSX.IntrinsicElements'.
kinsphere_prototype.tsx(4696,225): error TS2339: Property 'button' does not exist on type 'JSX.IntrinsicElements'.
kinsphere_prototype.tsx(4697,13): error TS2339: Property 'div' does not exist on type 'JSX.IntrinsicElements'.
kinsphere_prototype.tsx(4699,13): error TS2339: Property 'div' does not exist on type 'JSX.IntrinsicElements'.
kinsphere_prototype.tsx(4700,15): error TS2339: Property 'div' does not exist on type 'JSX.IntrinsicElements'.
kinsphere_prototype.tsx(4701,17): error TS2339: Property 'div' does not exist on type 'JSX.IntrinsicElements'.
kinsphere_prototype.tsx(4701,144): error TS2339: Property 'div' does not exist on type 'JSX.IntrinsicElements'.
kinsphere_prototype.tsx(4703,17): error TS2339: Property 'h2' does not exist on type 'JSX.IntrinsicElements'.
kinsphere_prototype.tsx(4703,126): error TS2339: Property 'h2' does not exist on type 'JSX.IntrinsicElements'.
kinsphere_prototype.tsx(4704,17): error TS2339: Property 'pre' does not exist on type 'JSX.IntrinsicElements'.
kinsphere_prototype.tsx(4704,159): error TS2339: Property 'pre' does not exist on type 'JSX.IntrinsicElements'.
kinsphere_prototype.tsx(4706,17): error TS2339: Property 'div' does not exist on type 'JSX.IntrinsicElements'.
kinsphere_prototype.tsx(4707,19): error TS2339: Property 'div' does not exist on type 'JSX.IntrinsicElements'.
kinsphere_prototype.tsx(4708,21): error TS2339: Property 'div' does not exist on type 'JSX.IntrinsicElements'.
kinsphere_prototype.tsx(4709,23): error TS2339: Property 'div' does not exist on type 'JSX.IntrinsicElements'.
kinsphere_prototype.tsx(4709,123): error TS2339: Property 'div' does not exist on type 'JSX.IntrinsicElements'.
kinsphere_prototype.tsx(4710,23): error TS2339: Property 'div' does not exist on type 'JSX.IntrinsicElements'.
kinsphere_prototype.tsx(4710,107): error TS2339: Property 'div' does not exist on type 'JSX.IntrinsicElements'.
kinsphere_prototype.tsx(4711,21): error TS2339: Property 'div' does not exist on type 'JSX.IntrinsicElements'.
kinsphere_prototype.tsx(4712,21): error TS2339: Property 'div' does not exist on type 'JSX.IntrinsicElements'.
kinsphere_prototype.tsx(4713,23): error TS2339: Property 'button' does not exist on type 'JSX.IntrinsicElements'.
kinsphere_prototype.tsx(4713,263): error TS2339: Property 'button' does not exist on type 'JSX.IntrinsicElements'.
kinsphere_prototype.tsx(4714,23): error TS2339: Property 'button' does not exist on type 'JSX.IntrinsicElements'.
kinsphere_prototype.tsx(4714,263): error TS2339: Property 'button' does not exist on type 'JSX.IntrinsicElements'.
kinsphere_prototype.tsx(4715,21): error TS2339: Property 'div' does not exist on type 'JSX.IntrinsicElements'.
kinsphere_prototype.tsx(4716,19): error TS2339: Property 'div' does not exist on type 'JSX.IntrinsicElements'.
kinsphere_prototype.tsx(4718,19): error TS2339: Property 'div' does not exist on type 'JSX.IntrinsicElements'.
kinsphere_prototype.tsx(4720,23): error TS2339: Property 'input' does not exist on type 'JSX.IntrinsicElements'.
kinsphere_prototype.tsx(4728,23): error TS2339: Property 'div' does not exist on type 'JSX.IntrinsicElements'.
kinsphere_prototype.tsx(4730,23): error TS2339: Property 'div' does not exist on type 'JSX.IntrinsicElements'.
kinsphere_prototype.tsx(4732,19): error TS2339: Property 'div' does not exist on type 'JSX.IntrinsicElements'.
kinsphere_prototype.tsx(4734,19): error TS2339: Property 'div' does not exist on type 'JSX.IntrinsicElements'.
kinsphere_prototype.tsx(4748,19): error TS2339: Property 'div' does not exist on type 'JSX.IntrinsicElements'.
kinsphere_prototype.tsx(4749,17): error TS2339: Property 'div' does not exist on type 'JSX.IntrinsicElements'.
kinsphere_prototype.tsx(4750,15): error TS2339: Property 'div' does not exist on type 'JSX.IntrinsicElements'.
kinsphere_prototype.tsx(4751,13): error TS2339: Property 'div' does not exist on type 'JSX.IntrinsicElements'.
kinsphere_prototype.tsx(4752,11): error TS2339: Property 'div' does not exist on type 'JSX.IntrinsicElements'.
kinsphere_prototype.tsx(4756,9): error TS2339: Property 'header' does not exist on type 'JSX.IntrinsicElements'.
kinsphere_prototype.tsx(4771,11): error TS2339: Property 'button' does not exist on type 'JSX.IntrinsicElements'.
kinsphere_prototype.tsx(4791,11): error TS2339: Property 'button' does not exist on type 'JSX.IntrinsicElements'.
kinsphere_prototype.tsx(4792,11): error TS2339: Property 'div' does not exist on type 'JSX.IntrinsicElements'.
kinsphere_prototype.tsx(4793,13): error TS2339: Property 'div' does not exist on type 'JSX.IntrinsicElements'.
kinsphere_prototype.tsx(4793,125): error TS2339: Property 'div' does not exist on type 'JSX.IntrinsicElements'.
kinsphere_prototype.tsx(4794,13): error TS2339: Property 'div' does not exist on type 'JSX.IntrinsicElements'.
kinsphere_prototype.tsx(4794,141): error TS2339: Property 'div' does not exist on type 'JSX.IntrinsicElements'.
kinsphere_prototype.tsx(4795,11): error TS2339: Property 'div' does not exist on type 'JSX.IntrinsicElements'.
kinsphere_prototype.tsx(4796,9): error TS2339: Property 'header' does not exist on type 'JSX.IntrinsicElements'.
kinsphere_prototype.tsx(4799,9): error TS2339: Property 'div' does not exist on type 'JSX.IntrinsicElements'.
kinsphere_prototype.tsx(4816,7): error TS2339: Property 'aside' does not exist on type 'JSX.IntrinsicElements'.
kinsphere_prototype.tsx(4835,9): error TS2339: Property 'div' does not exist on type 'JSX.IntrinsicElements'.
kinsphere_prototype.tsx(4836,11): error TS2339: Property 'input' does not exist on type 'JSX.IntrinsicElements'.
kinsphere_prototype.tsx(4850,11): error TS2339: Property 'div' does not exist on type 'JSX.IntrinsicElements'.
kinsphere_prototype.tsx(4851,13): error TS2339: Property 'div' does not exist on type 'JSX.IntrinsicElements'.
kinsphere_prototype.tsx(4857,17): error TS2339: Property 'img' does not exist on type 'JSX.IntrinsicElements'.
kinsphere_prototype.tsx(4859,17): error TS2339: Property 'div' does not exist on type 'JSX.IntrinsicElements'.
kinsphere_prototype.tsx(4859,185): error TS2339: Property 'div' does not exist on type 'JSX.IntrinsicElements'.
kinsphere_prototype.tsx(4862,17): error TS2339: Property 'button' does not exist on type 'JSX.IntrinsicElements'.
kinsphere_prototype.tsx(4872,19): error TS2339: Property 'svg' does not exist on type 'JSX.IntrinsicElements'.
kinsphere_prototype.tsx(4873,21): error TS2339: Property 'path' does not exist on type 'JSX.IntrinsicElements'.
kinsphere_prototype.tsx(4874,21): error TS2339: Property 'polyline' does not exist on type 'JSX.IntrinsicElements'.
kinsphere_prototype.tsx(4875,21): error TS2339: Property 'line' does not exist on type 'JSX.IntrinsicElements'.
kinsphere_prototype.tsx(4876,19): error TS2339: Property 'svg' does not exist on type 'JSX.IntrinsicElements'.
kinsphere_prototype.tsx(4877,17): error TS2339: Property 'button' does not exist on type 'JSX.IntrinsicElements'.
kinsphere_prototype.tsx(4879,13): error TS2339: Property 'div' does not exist on type 'JSX.IntrinsicElements'.
kinsphere_prototype.tsx(4880,13): error TS2339: Property 'div' does not exist on type 'JSX.IntrinsicElements'.
kinsphere_prototype.tsx(4881,15): error TS2339: Property 'div' does not exist on type 'JSX.IntrinsicElements'.
kinsphere_prototype.tsx(4881,138): error TS2339: Property 'div' does not exist on type 'JSX.IntrinsicElements'.
kinsphere_prototype.tsx(4882,15): error TS2339: Property 'div' does not exist on type 'JSX.IntrinsicElements'.
kinsphere_prototype.tsx(4883,17): error TS2339: Property 'span' does not exist on type 'JSX.IntrinsicElements'.
kinsphere_prototype.tsx(4883,112): error TS2339: Property 'span' does not exist on type 'JSX.IntrinsicElements'.
kinsphere_prototype.tsx(4884,15): error TS2339: Property 'div' does not exist on type 'JSX.IntrinsicElements'.
kinsphere_prototype.tsx(4885,13): error TS2339: Property 'div' does not exist on type 'JSX.IntrinsicElements'.
kinsphere_prototype.tsx(4886,11): error TS2339: Property 'div' does not exist on type 'JSX.IntrinsicElements'.
kinsphere_prototype.tsx(4887,9): error TS2339: Property 'div' does not exist on type 'JSX.IntrinsicElements'.
kinsphere_prototype.tsx(4890,9): error TS2339: Property 'nav' does not exist on type 'JSX.IntrinsicElements'.
kinsphere_prototype.tsx(4894,15): error TS2339: Property 'div' does not exist on type 'JSX.IntrinsicElements'.
kinsphere_prototype.tsx(4903,17): error TS2339: Property 'span' does not exist on type 'JSX.IntrinsicElements'.
kinsphere_prototype.tsx(4903,145): error TS2339: Property 'span' does not exist on type 'JSX.IntrinsicElements'.
kinsphere_prototype.tsx(4905,15): error TS2339: Property 'div' does not exist on type 'JSX.IntrinsicElements'.
kinsphere_prototype.tsx(4908,9): error TS2339: Property 'nav' does not exist on type 'JSX.IntrinsicElements'.
kinsphere_prototype.tsx(4911,9): error TS2339: Property 'div' does not exist on type 'JSX.IntrinsicElements'.
kinsphere_prototype.tsx(4912,11): error TS2339: Property 'div' does not exist on type 'JSX.IntrinsicElements'.
kinsphere_prototype.tsx(4913,13): error TS2339: Property 'div' does not exist on type 'JSX.IntrinsicElements'.
kinsphere_prototype.tsx(4913,101): error TS2339: Property 'div' does not exist on type 'JSX.IntrinsicElements'.
kinsphere_prototype.tsx(4914,13): error TS2339: Property 'div' does not exist on type 'JSX.IntrinsicElements'.
kinsphere_prototype.tsx(4916,17): error TS2339: Property 'button' does not exist on type 'JSX.IntrinsicElements'.
kinsphere_prototype.tsx(4921,66): error TS2339: Property 'button' does not exist on type 'JSX.IntrinsicElements'.
kinsphere_prototype.tsx(4923,13): error TS2339: Property 'div' does not exist on type 'JSX.IntrinsicElements'.
kinsphere_prototype.tsx(4924,13): error TS2339: Property 'div' does not exist on type 'JSX.IntrinsicElements'.
kinsphere_prototype.tsx(4924,91): error TS2339: Property 'div' does not exist on type 'JSX.IntrinsicElements'.
kinsphere_prototype.tsx(4925,11): error TS2339: Property 'div' does not exist on type 'JSX.IntrinsicElements'.
kinsphere_prototype.tsx(4926,11): error TS2339: Property 'button' does not exist on type 'JSX.IntrinsicElements'.
kinsphere_prototype.tsx(4937,13): error TS2339: Property 'span' does not exist on type 'JSX.IntrinsicElements'.
kinsphere_prototype.tsx(4937,65): error TS2339: Property 'span' does not exist on type 'JSX.IntrinsicElements'.
kinsphere_prototype.tsx(4939,11): error TS2339: Property 'button' does not exist on type 'JSX.IntrinsicElements'.
kinsphere_prototype.tsx(4940,11): error TS2339: Property 'div' does not exist on type 'JSX.IntrinsicElements'.
kinsphere_prototype.tsx(4942,13): error TS2339: Property 'div' does not exist on type 'JSX.IntrinsicElements'.
kinsphere_prototype.tsx(4943,15): error TS2339: Property 'div' does not exist on type 'JSX.IntrinsicElements'.
kinsphere_prototype.tsx(4943,148): error TS2339: Property 'div' does not exist on type 'JSX.IntrinsicElements'.
kinsphere_prototype.tsx(4944,15): error TS2339: Property 'div' does not exist on type 'JSX.IntrinsicElements'.
kinsphere_prototype.tsx(4944,64): error TS2339: Property 'div' does not exist on type 'JSX.IntrinsicElements'.
kinsphere_prototype.tsx(4945,13): error TS2339: Property 'div' does not exist on type 'JSX.IntrinsicElements'.
kinsphere_prototype.tsx(4946,13): error TS2339: Property 'button' does not exist on type 'JSX.IntrinsicElements'.
kinsphere_prototype.tsx(4967,13): error TS2339: Property 'button' does not exist on type 'JSX.IntrinsicElements'.
kinsphere_prototype.tsx(4968,11): error TS2339: Property 'div' does not exist on type 'JSX.IntrinsicElements'.
kinsphere_prototype.tsx(4969,9): error TS2339: Property 'div' does not exist on type 'JSX.IntrinsicElements'.
kinsphere_prototype.tsx(4970,7): error TS2339: Property 'aside' does not exist on type 'JSX.IntrinsicElements'.
kinsphere_prototype.tsx(4973,7): error TS2339: Property 'main' does not exist on type 'JSX.IntrinsicElements'.
kinsphere_prototype.tsx(4986,11): error TS2339: Property 'div' does not exist on type 'JSX.IntrinsicElements'.
kinsphere_prototype.tsx(5001,25): error TS2339: Property 'div' does not exist on type 'JSX.IntrinsicElements'.
kinsphere_prototype.tsx(5015,15): error TS2339: Property 'button' does not exist on type 'JSX.IntrinsicElements'.
kinsphere_prototype.tsx(5036,17): error TS2339: Property 'svg' does not exist on type 'JSX.IntrinsicElements'.
kinsphere_prototype.tsx(5037,19): error TS2339: Property 'path' does not exist on type 'JSX.IntrinsicElements'.
kinsphere_prototype.tsx(5038,19): error TS2339: Property 'path' does not exist on type 'JSX.IntrinsicElements'.
kinsphere_prototype.tsx(5039,17): error TS2339: Property 'svg' does not exist on type 'JSX.IntrinsicElements'.
kinsphere_prototype.tsx(5041,19): error TS2339: Property 'span' does not exist on type 'JSX.IntrinsicElements'.
kinsphere_prototype.tsx(5049,50): error TS2339: Property 'span' does not exist on type 'JSX.IntrinsicElements'.
kinsphere_prototype.tsx(5051,15): error TS2339: Property 'button' does not exist on type 'JSX.IntrinsicElements'.
kinsphere_prototype.tsx(5055,19): error TS2339: Property 'div' does not exist on type 'JSX.IntrinsicElements'.
kinsphere_prototype.tsx(5059,19): error TS2339: Property 'div' does not exist on type 'JSX.IntrinsicElements'.
kinsphere_prototype.tsx(5077,21): error TS2339: Property 'div' does not exist on type 'JSX.IntrinsicElements'.
kinsphere_prototype.tsx(5078,23): error TS2339: Property 'div' does not exist on type 'JSX.IntrinsicElements'.
kinsphere_prototype.tsx(5079,25): error TS2339: Property 'div' does not exist on type 'JSX.IntrinsicElements'.
kinsphere_prototype.tsx(5079,96): error TS2339: Property 'div' does not exist on type 'JSX.IntrinsicElements'.
kinsphere_prototype.tsx(5080,25): error TS2339: Property 'div' does not exist on type 'JSX.IntrinsicElements'.
kinsphere_prototype.tsx(5080,126): error TS2339: Property 'div' does not exist on type 'JSX.IntrinsicElements'.
kinsphere_prototype.tsx(5081,23): error TS2339: Property 'div' does not exist on type 'JSX.IntrinsicElements'.
kinsphere_prototype.tsx(5083,25): error TS2339: Property 'button' does not exist on type 'JSX.IntrinsicElements'.
kinsphere_prototype.tsx(5086,39): error TS2339: Property 'button' does not exist on type 'JSX.IntrinsicElements'.
kinsphere_prototype.tsx(5088,21): error TS2339: Property 'div' does not exist on type 'JSX.IntrinsicElements'.
kinsphere_prototype.tsx(5091,21): error TS2339: Property 'div' does not exist on type 'JSX.IntrinsicElements'.
kinsphere_prototype.tsx(5093,25): error TS2339: Property 'div' does not exist on type 'JSX.IntrinsicElements'.
kinsphere_prototype.tsx(5093,129): error TS2339: Property 'div' does not exist on type 'JSX.IntrinsicElements'.
kinsphere_prototype.tsx(5095,25): error TS2339: Property 'div' does not exist on type 'JSX.IntrinsicElements'.
kinsphere_prototype.tsx(5109,29): error TS2339: Property 'span' does not exist on type 'JSX.IntrinsicElements'.
kinsphere_prototype.tsx(5111,27): error TS2339: Property 'div' does not exist on type 'JSX.IntrinsicElements'.
kinsphere_prototype.tsx(5113,27): error TS2339: Property 'div' does not exist on type 'JSX.IntrinsicElements'.
kinsphere_prototype.tsx(5114,27): error TS2339: Property 'div' does not exist on type 'JSX.IntrinsicElements'.
kinsphere_prototype.tsx(5115,29): error TS2339: Property 'div' does not exist on type 'JSX.IntrinsicElements'.
kinsphere_prototype.tsx(5115,128): error TS2339: Property 'div' does not exist on type 'JSX.IntrinsicElements'.
kinsphere_prototype.tsx(5116,29): error TS2339: Property 'div' does not exist on type 'JSX.IntrinsicElements'.
kinsphere_prototype.tsx(5116,173): error TS2339: Property 'div' does not exist on type 'JSX.IntrinsicElements'.
kinsphere_prototype.tsx(5117,29): error TS2339: Property 'div' does not exist on type 'JSX.IntrinsicElements'.
kinsphere_prototype.tsx(5117,92): error TS2339: Property 'div' does not exist on type 'JSX.IntrinsicElements'.
kinsphere_prototype.tsx(5118,27): error TS2339: Property 'div' does not exist on type 'JSX.IntrinsicElements'.
kinsphere_prototype.tsx(5119,25): error TS2339: Property 'div' does not exist on type 'JSX.IntrinsicElements'.
kinsphere_prototype.tsx(5121,21): error TS2339: Property 'div' does not exist on type 'JSX.IntrinsicElements'.
kinsphere_prototype.tsx(5124,21): error TS2339: Property 'div' does not exist on type 'JSX.IntrinsicElements'.
kinsphere_prototype.tsx(5125,23): error TS2339: Property 'button' does not exist on type 'JSX.IntrinsicElements'.
kinsphere_prototype.tsx(5128,34): error TS2339: Property 'button' does not exist on type 'JSX.IntrinsicElements'.
kinsphere_prototype.tsx(5129,21): error TS2339: Property 'div' does not exist on type 'JSX.IntrinsicElements'.
kinsphere_prototype.tsx(5130,19): error TS2339: Property 'div' does not exist on type 'JSX.IntrinsicElements'.
kinsphere_prototype.tsx(5137,11): error TS2339: Property 'div' does not exist on type 'JSX.IntrinsicElements'.
kinsphere_prototype.tsx(5155,15): error TS2339: Property 'div' does not exist on type 'JSX.IntrinsicElements'.
kinsphere_prototype.tsx(5155,34): error TS2339: Property 'div' does not exist on type 'JSX.IntrinsicElements'.
kinsphere_prototype.tsx(5157,11): error TS2339: Property 'div' does not exist on type 'JSX.IntrinsicElements'.
kinsphere_prototype.tsx(5162,11): error TS2339: Property 'div' does not exist on type 'JSX.IntrinsicElements'.
kinsphere_prototype.tsx(5164,13): error TS2339: Property 'div' does not exist on type 'JSX.IntrinsicElements'.
kinsphere_prototype.tsx(5172,15): error TS2339: Property 'div' does not exist on type 'JSX.IntrinsicElements'.
kinsphere_prototype.tsx(5177,15): error TS2339: Property 'div' does not exist on type 'JSX.IntrinsicElements'.
kinsphere_prototype.tsx(5178,17): error TS2339: Property 'div' does not exist on type 'JSX.IntrinsicElements'.
kinsphere_prototype.tsx(5181,19): error TS2339: Property 'span' does not exist on type 'JSX.IntrinsicElements'.
kinsphere_prototype.tsx(5183,17): error TS2339: Property 'div' does not exist on type 'JSX.IntrinsicElements'.
kinsphere_prototype.tsx(5184,17): error TS2339: Property 'h1' does not exist on type 'JSX.IntrinsicElements'.
kinsphere_prototype.tsx(5187,52): error TS2339: Property 'h1' does not exist on type 'JSX.IntrinsicElements'.
kinsphere_prototype.tsx(5188,17): error TS2339: Property 'p' does not exist on type 'JSX.IntrinsicElements'.
kinsphere_prototype.tsx(5191,19): error TS2339: Property 'span' does not exist on type 'JSX.IntrinsicElements'.
kinsphere_prototype.tsx(5191,80): error TS2339: Property 'span' does not exist on type 'JSX.IntrinsicElements'.
kinsphere_prototype.tsx(5194,17): error TS2339: Property 'p' does not exist on type 'JSX.IntrinsicElements'.
kinsphere_prototype.tsx(5195,15): error TS2339: Property 'div' does not exist on type 'JSX.IntrinsicElements'.
kinsphere_prototype.tsx(5196,13): error TS2339: Property 'div' does not exist on type 'JSX.IntrinsicElements'.
kinsphere_prototype.tsx(5199,13): error TS2339: Property 'div' does not exist on type 'JSX.IntrinsicElements'.
kinsphere_prototype.tsx(5214,109): error TS2339: Property 'CalendarCheck' does not exist on type '{ Dashboard: Element; "Paperwork Hub": Element; Employees: Element; "Time Away": Element; Paydays: Element; Recognition: Element; "Org Chart": Element; ... 10 more ...; "Level Up": Element; }'.
kinsphere_prototype.tsx(5217,17): error TS2339: Property 'div' does not exist on type 'JSX.IntrinsicElements'.
kinsphere_prototype.tsx(5229,19): error TS2339: Property 'div' does not exist on type 'JSX.IntrinsicElements'.
kinsphere_prototype.tsx(5230,19): error TS2339: Property 'div' does not exist on type 'JSX.IntrinsicElements'.
kinsphere_prototype.tsx(5231,21): error TS2339: Property 'div' does not exist on type 'JSX.IntrinsicElements'.
kinsphere_prototype.tsx(5232,23): error TS2339: Property 'div' does not exist on type 'JSX.IntrinsicElements'.
kinsphere_prototype.tsx(5232,149): error TS2339: Property 'div' does not exist on type 'JSX.IntrinsicElements'.
kinsphere_prototype.tsx(5233,23): error TS2339: Property 'div' does not exist on type 'JSX.IntrinsicElements'.
kinsphere_prototype.tsx(5233,161): error TS2339: Property 'div' does not exist on type 'JSX.IntrinsicElements'.
kinsphere_prototype.tsx(5234,23): error TS2339: Property 'div' does not exist on type 'JSX.IntrinsicElements'.
kinsphere_prototype.tsx(5234,85): error TS2339: Property 'div' does not exist on type 'JSX.IntrinsicElements'.
kinsphere_prototype.tsx(5235,21): error TS2339: Property 'div' does not exist on type 'JSX.IntrinsicElements'.
kinsphere_prototype.tsx(5236,21): error TS2339: Property 'div' does not exist on type 'JSX.IntrinsicElements'.
kinsphere_prototype.tsx(5241,32): error TS2339: Property 'div' does not exist on type 'JSX.IntrinsicElements'.
kinsphere_prototype.tsx(5242,19): error TS2339: Property 'div' does not exist on type 'JSX.IntrinsicElements'.
kinsphere_prototype.tsx(5243,17): error TS2339: Property 'div' does not exist on type 'JSX.IntrinsicElements'.
kinsphere_prototype.tsx(5245,13): error TS2339: Property 'div' does not exist on type 'JSX.IntrinsicElements'.
kinsphere_prototype.tsx(5248,13): error TS2339: Property 'div' does not exist on type 'JSX.IntrinsicElements'.
kinsphere_prototype.tsx(5255,15): error TS2339: Property 'div' does not exist on type 'JSX.IntrinsicElements'.
kinsphere_prototype.tsx(5260,17): error TS2339: Property 'div' does not exist on type 'JSX.IntrinsicElements'.
kinsphere_prototype.tsx(5261,19): error TS2339: Property 'div' does not exist on type 'JSX.IntrinsicElements'.
kinsphere_prototype.tsx(5262,21): error TS2339: Property 'div' does not exist on type 'JSX.IntrinsicElements'.
kinsphere_prototype.tsx(5262,115): error TS2339: Property 'div' does not exist on type 'JSX.IntrinsicElements'.
kinsphere_prototype.tsx(5263,21): error TS2339: Property 'h2' does not exist on type 'JSX.IntrinsicElements'.
kinsphere_prototype.tsx(5263,133): error TS2339: Property 'h2' does not exist on type 'JSX.IntrinsicElements'.
kinsphere_prototype.tsx(5264,21): error TS2339: Property 'p' does not exist on type 'JSX.IntrinsicElements'.
kinsphere_prototype.tsx(5265,31): error TS2339: Property 'strong' does not exist on type 'JSX.IntrinsicElements'.
kinsphere_prototype.tsx(5265,68): error TS2339: Property 'strong' does not exist on type 'JSX.IntrinsicElements'.
kinsphere_prototype.tsx(5266,21): error TS2339: Property 'p' does not exist on type 'JSX.IntrinsicElements'.
kinsphere_prototype.tsx(5267,19): error TS2339: Property 'div' does not exist on type 'JSX.IntrinsicElements'.
kinsphere_prototype.tsx(5268,19): error TS2339: Property 'button' does not exist on type 'JSX.IntrinsicElements'.
kinsphere_prototype.tsx(5277,19): error TS2339: Property 'button' does not exist on type 'JSX.IntrinsicElements'.
kinsphere_prototype.tsx(5278,17): error TS2339: Property 'div' does not exist on type 'JSX.IntrinsicElements'.
kinsphere_prototype.tsx(5281,21): error TS2339: Property 'div' does not exist on type 'JSX.IntrinsicElements'.
kinsphere_prototype.tsx(5286,23): error TS2339: Property 'div' does not exist on type 'JSX.IntrinsicElements'.
kinsphere_prototype.tsx(5286,81): error TS2339: Property 'div' does not exist on type 'JSX.IntrinsicElements'.
kinsphere_prototype.tsx(5287,23): error TS2339: Property 'div' does not exist on type 'JSX.IntrinsicElements'.
kinsphere_prototype.tsx(5287,94): error TS2339: Property 'div' does not exist on type 'JSX.IntrinsicElements'.
kinsphere_prototype.tsx(5288,23): error TS2339: Property 'div' does not exist on type 'JSX.IntrinsicElements'.
kinsphere_prototype.tsx(5290,23): error TS2339: Property 'div' does not exist on type 'JSX.IntrinsicElements'.
kinsphere_prototype.tsx(5291,21): error TS2339: Property 'div' does not exist on type 'JSX.IntrinsicElements'.
kinsphere_prototype.tsx(5294,23): error TS2339: Property 'div' does not exist on type 'JSX.IntrinsicElements'.
kinsphere_prototype.tsx(5304,25): error TS2339: Property 'div' does not exist on type 'JSX.IntrinsicElements'.
kinsphere_prototype.tsx(5306,27): error TS2339: Property 'div' does not exist on type 'JSX.IntrinsicElements'.
kinsphere_prototype.tsx(5307,29): error TS2339: Property 'div' does not exist on type 'JSX.IntrinsicElements'.
kinsphere_prototype.tsx(5307,94): error TS2339: Property 'div' does not exist on type 'JSX.IntrinsicElements'.
kinsphere_prototype.tsx(5308,29): error TS2339: Property 'div' does not exist on type 'JSX.IntrinsicElements'.
kinsphere_prototype.tsx(5310,29): error TS2339: Property 'div' does not exist on type 'JSX.IntrinsicElements'.
kinsphere_prototype.tsx(5311,27): error TS2339: Property 'div' does not exist on type 'JSX.IntrinsicElements'.
kinsphere_prototype.tsx(5312,25): error TS2339: Property 'div' does not exist on type 'JSX.IntrinsicElements'.
kinsphere_prototype.tsx(5313,25): error TS2339: Property 'div' does not exist on type 'JSX.IntrinsicElements'.
kinsphere_prototype.tsx(5316,25): error TS2339: Property 'div' does not exist on type 'JSX.IntrinsicElements'.
kinsphere_prototype.tsx(5317,23): error TS2339: Property 'div' does not exist on type 'JSX.IntrinsicElements'.
kinsphere_prototype.tsx(5319,15): error TS2339: Property 'div' does not exist on type 'JSX.IntrinsicElements'.
kinsphere_prototype.tsx(5321,15): error TS2339: Property 'div' does not exist on type 'JSX.IntrinsicElements'.
kinsphere_prototype.tsx(5323,17): error TS2339: Property 'div' does not exist on type 'JSX.IntrinsicElements'.
kinsphere_prototype.tsx(5327,19): error TS2339: Property 'div' does not exist on type 'JSX.IntrinsicElements'.
kinsphere_prototype.tsx(5328,19): error TS2339: Property 'div' does not exist on type 'JSX.IntrinsicElements'.
kinsphere_prototype.tsx(5329,21): error TS2339: Property 'div' does not exist on type 'JSX.IntrinsicElements'.
kinsphere_prototype.tsx(5330,23): error TS2339: Property 'div' does not exist on type 'JSX.IntrinsicElements'.
kinsphere_prototype.tsx(5331,25): error TS2339: Property 'div' does not exist on type 'JSX.IntrinsicElements'.
kinsphere_prototype.tsx(5331,120): error TS2339: Property 'div' does not exist on type 'JSX.IntrinsicElements'.
kinsphere_prototype.tsx(5332,25): error TS2339: Property 'h2' does not exist on type 'JSX.IntrinsicElements'.
kinsphere_prototype.tsx(5332,129): error TS2339: Property 'h2' does not exist on type 'JSX.IntrinsicElements'.
kinsphere_prototype.tsx(5333,25): error TS2339: Property 'p' does not exist on type 'JSX.IntrinsicElements'.
kinsphere_prototype.tsx(5335,25): error TS2339: Property 'p' does not exist on type 'JSX.IntrinsicElements'.
kinsphere_prototype.tsx(5336,23): error TS2339: Property 'div' does not exist on type 'JSX.IntrinsicElements'.
kinsphere_prototype.tsx(5337,23): error TS2339: Property 'button' does not exist on type 'JSX.IntrinsicElements'.
kinsphere_prototype.tsx(5343,23): error TS2339: Property 'button' does not exist on type 'JSX.IntrinsicElements'.
kinsphere_prototype.tsx(5344,21): error TS2339: Property 'div' does not exist on type 'JSX.IntrinsicElements'.
kinsphere_prototype.tsx(5346,23): error TS2339: Property 'div' does not exist on type 'JSX.IntrinsicElements'.
kinsphere_prototype.tsx(5347,52): error TS2339: Property 'strong' does not exist on type 'JSX.IntrinsicElements'.
kinsphere_prototype.tsx(5347,97): error TS2339: Property 'strong' does not exist on type 'JSX.IntrinsicElements'.
kinsphere_prototype.tsx(5348,23): error TS2339: Property 'div' does not exist on type 'JSX.IntrinsicElements'.
kinsphere_prototype.tsx(5350,23): error TS2339: Property 'div' does not exist on type 'JSX.IntrinsicElements'.
kinsphere_prototype.tsx(5352,27): error TS2339: Property 'div' does not exist on type 'JSX.IntrinsicElements'.
kinsphere_prototype.tsx(5359,29): error TS2339: Property 'div' does not exist on type 'JSX.IntrinsicElements'.
kinsphere_prototype.tsx(5361,31): error TS2339: Property 'div' does not exist on type 'JSX.IntrinsicElements'.
kinsphere_prototype.tsx(5362,33): error TS2339: Property 'div' does not exist on type 'JSX.IntrinsicElements'.
kinsphere_prototype.tsx(5362,99): error TS2339: Property 'div' does not exist on type 'JSX.IntrinsicElements'.
kinsphere_prototype.tsx(5363,33): error TS2339: Property 'div' does not exist on type 'JSX.IntrinsicElements'.
kinsphere_prototype.tsx(5363,114): error TS2339: Property 'div' does not exist on type 'JSX.IntrinsicElements'.
kinsphere_prototype.tsx(5364,31): error TS2339: Property 'div' does not exist on type 'JSX.IntrinsicElements'.
kinsphere_prototype.tsx(5365,29): error TS2339: Property 'div' does not exist on type 'JSX.IntrinsicElements'.
kinsphere_prototype.tsx(5367,27): error TS2339: Property 'div' does not exist on type 'JSX.IntrinsicElements'.
kinsphere_prototype.tsx(5369,23): error TS2339: Property 'div' does not exist on type 'JSX.IntrinsicElements'.
kinsphere_prototype.tsx(5371,19): error TS2339: Property 'div' does not exist on type 'JSX.IntrinsicElements'.
kinsphere_prototype.tsx(5372,17): error TS2339: Property 'div' does not exist on type 'JSX.IntrinsicElements'.
kinsphere_prototype.tsx(5374,17): error TS2339: Property 'div' does not exist on type 'JSX.IntrinsicElements'.
kinsphere_prototype.tsx(5378,19): error TS2339: Property 'div' does not exist on type 'JSX.IntrinsicElements'.
kinsphere_prototype.tsx(5379,19): error TS2339: Property 'div' does not exist on type 'JSX.IntrinsicElements'.
kinsphere_prototype.tsx(5380,21): error TS2339: Property 'div' does not exist on type 'JSX.IntrinsicElements'.
kinsphere_prototype.tsx(5381,23): error TS2339: Property 'div' does not exist on type 'JSX.IntrinsicElements'.
kinsphere_prototype.tsx(5382,25): error TS2339: Property 'div' does not exist on type 'JSX.IntrinsicElements'.
kinsphere_prototype.tsx(5382,123): error TS2339: Property 'div' does not exist on type 'JSX.IntrinsicElements'.
kinsphere_prototype.tsx(5383,25): error TS2339: Property 'h2' does not exist on type 'JSX.IntrinsicElements'.
kinsphere_prototype.tsx(5383,137): error TS2339: Property 'h2' does not exist on type 'JSX.IntrinsicElements'.
kinsphere_prototype.tsx(5384,23): error TS2339: Property 'div' does not exist on type 'JSX.IntrinsicElements'.
kinsphere_prototype.tsx(5386,25): error TS2339: Property 'span' does not exist on type 'JSX.IntrinsicElements'.
kinsphere_prototype.tsx(5390,25): error TS2339: Property 'span' does not exist on type 'JSX.IntrinsicElements'.
kinsphere_prototype.tsx(5392,21): error TS2339: Property 'div' does not exist on type 'JSX.IntrinsicElements'.
kinsphere_prototype.tsx(5393,21): error TS2339: Property 'p' does not exist on type 'JSX.IntrinsicElements'.
kinsphere_prototype.tsx(5395,21): error TS2339: Property 'p' does not exist on type 'JSX.IntrinsicElements'.
kinsphere_prototype.tsx(5397,23): error TS2339: Property 'div' does not exist on type 'JSX.IntrinsicElements'.
kinsphere_prototype.tsx(5402,23): error TS2339: Property 'div' does not exist on type 'JSX.IntrinsicElements'.
kinsphere_prototype.tsx(5405,25): error TS2339: Property 'div' does not exist on type 'JSX.IntrinsicElements'.
kinsphere_prototype.tsx(5413,27): error TS2339: Property 'div' does not exist on type 'JSX.IntrinsicElements'.
kinsphere_prototype.tsx(5415,29): error TS2339: Property 'div' does not exist on type 'JSX.IntrinsicElements'.
kinsphere_prototype.tsx(5416,31): error TS2339: Property 'div' does not exist on type 'JSX.IntrinsicElements'.
kinsphere_prototype.tsx(5416,96): error TS2339: Property 'div' does not exist on type 'JSX.IntrinsicElements'.
kinsphere_prototype.tsx(5417,31): error TS2339: Property 'div' does not exist on type 'JSX.IntrinsicElements'.
kinsphere_prototype.tsx(5419,31): error TS2339: Property 'div' does not exist on type 'JSX.IntrinsicElements'.
kinsphere_prototype.tsx(5420,29): error TS2339: Property 'div' does not exist on type 'JSX.IntrinsicElements'.
kinsphere_prototype.tsx(5421,27): error TS2339: Property 'div' does not exist on type 'JSX.IntrinsicElements'.
kinsphere_prototype.tsx(5422,27): error TS2339: Property 'div' does not exist on type 'JSX.IntrinsicElements'.
kinsphere_prototype.tsx(5425,27): error TS2339: Property 'div' does not exist on type 'JSX.IntrinsicElements'.
kinsphere_prototype.tsx(5426,25): error TS2339: Property 'div' does not exist on type 'JSX.IntrinsicElements'.
kinsphere_prototype.tsx(5429,21): error TS2339: Property 'button' does not exist on type 'JSX.IntrinsicElements'.
kinsphere_prototype.tsx(5438,21): error TS2339: Property 'button' does not exist on type 'JSX.IntrinsicElements'.
kinsphere_prototype.tsx(5439,19): error TS2339: Property 'div' does not exist on type 'JSX.IntrinsicElements'.
kinsphere_prototype.tsx(5440,17): error TS2339: Property 'div' does not exist on type 'JSX.IntrinsicElements'.
kinsphere_prototype.tsx(5441,15): error TS2339: Property 'div' does not exist on type 'JSX.IntrinsicElements'.
kinsphere_prototype.tsx(5444,15): error TS2339: Property 'div' does not exist on type 'JSX.IntrinsicElements'.
kinsphere_prototype.tsx(5445,17): error TS2339: Property 'div' does not exist on type 'JSX.IntrinsicElements'.
kinsphere_prototype.tsx(5451,19): error TS2339: Property 'div' does not exist on type 'JSX.IntrinsicElements'.
kinsphere_prototype.tsx(5451,117): error TS2339: Property 'div' does not exist on type 'JSX.IntrinsicElements'.
kinsphere_prototype.tsx(5452,19): error TS2339: Property 'h2' does not exist on type 'JSX.IntrinsicElements'.
kinsphere_prototype.tsx(5452,136): error TS2339: Property 'h2' does not exist on type 'JSX.IntrinsicElements'.
kinsphere_prototype.tsx(5453,19): error TS2339: Property 'div' does not exist on type 'JSX.IntrinsicElements'.
kinsphere_prototype.tsx(5454,21): error TS2339: Property 'button' does not exist on type 'JSX.IntrinsicElements'.
kinsphere_prototype.tsx(5464,23): error TS2339: Property 'span' does not exist on type 'JSX.IntrinsicElements'.
kinsphere_prototype.tsx(5464,55): error TS2339: Property 'span' does not exist on type 'JSX.IntrinsicElements'.
kinsphere_prototype.tsx(5465,23): error TS2339: Property 'span' does not exist on type 'JSX.IntrinsicElements'.
kinsphere_prototype.tsx(5465,63): error TS2339: Property 'span' does not exist on type 'JSX.IntrinsicElements'.
kinsphere_prototype.tsx(5466,23): error TS2339: Property 'span' does not exist on type 'JSX.IntrinsicElements'.
kinsphere_prototype.tsx(5466,67): error TS2339: Property 'span' does not exist on type 'JSX.IntrinsicElements'.
kinsphere_prototype.tsx(5467,21): error TS2339: Property 'button' does not exist on type 'JSX.IntrinsicElements'.
kinsphere_prototype.tsx(5469,23): error TS2339: Property 'button' does not exist on type 'JSX.IntrinsicElements'.
kinsphere_prototype.tsx(5484,25): error TS2339: Property 'span' does not exist on type 'JSX.IntrinsicElements'.
kinsphere_prototype.tsx(5484,115): error TS2339: Property 'span' does not exist on type 'JSX.IntrinsicElements'.
kinsphere_prototype.tsx(5485,25): error TS2339: Property 'span' does not exist on type 'JSX.IntrinsicElements'.
kinsphere_prototype.tsx(5485,62): error TS2339: Property 'span' does not exist on type 'JSX.IntrinsicElements'.
kinsphere_prototype.tsx(5486,25): error TS2339: Property 'span' does not exist on type 'JSX.IntrinsicElements'.
kinsphere_prototype.tsx(5486,68): error TS2339: Property 'span' does not exist on type 'JSX.IntrinsicElements'.
kinsphere_prototype.tsx(5487,23): error TS2339: Property 'button' does not exist on type 'JSX.IntrinsicElements'.
kinsphere_prototype.tsx(5489,19): error TS2339: Property 'div' does not exist on type 'JSX.IntrinsicElements'.
kinsphere_prototype.tsx(5490,17): error TS2339: Property 'div' does not exist on type 'JSX.IntrinsicElements'.
kinsphere_prototype.tsx(5492,17): error TS2339: Property 'div' does not exist on type 'JSX.IntrinsicElements'.
kinsphere_prototype.tsx(5497,19): error TS2339: Property 'div' does not exist on type 'JSX.IntrinsicElements'.
kinsphere_prototype.tsx(5498,21): error TS2339: Property 'h2' does not exist on type 'JSX.IntrinsicElements'.
kinsphere_prototype.tsx(5498,133): error TS2339: Property 'h2' does not exist on type 'JSX.IntrinsicElements'.
kinsphere_prototype.tsx(5499,21): error TS2339: Property 'span' does not exist on type 'JSX.IntrinsicElements'.
kinsphere_prototype.tsx(5499,130): error TS2339: Property 'span' does not exist on type 'JSX.IntrinsicElements'.
kinsphere_prototype.tsx(5500,19): error TS2339: Property 'div' does not exist on type 'JSX.IntrinsicElements'.
kinsphere_prototype.tsx(5502,21): error TS2339: Property 'div' does not exist on type 'JSX.IntrinsicElements'.
kinsphere_prototype.tsx(5510,23): error TS2339: Property 'div' does not exist on type 'JSX.IntrinsicElements'.
kinsphere_prototype.tsx(5511,25): error TS2339: Property 'span' does not exist on type 'JSX.IntrinsicElements'.
kinsphere_prototype.tsx(5515,25): error TS2339: Property 'span' does not exist on type 'JSX.IntrinsicElements'.
kinsphere_prototype.tsx(5515,89): error TS2339: Property 'span' does not exist on type 'JSX.IntrinsicElements'.
kinsphere_prototype.tsx(5516,23): error TS2339: Property 'div' does not exist on type 'JSX.IntrinsicElements'.
kinsphere_prototype.tsx(5517,23): error TS2339: Property 'span' does not exist on type 'JSX.IntrinsicElements'.
kinsphere_prototype.tsx(5517,127): error TS2339: Property 'span' does not exist on type 'JSX.IntrinsicElements'.
kinsphere_prototype.tsx(5518,21): error TS2339: Property 'div' does not exist on type 'JSX.IntrinsicElements'.
kinsphere_prototype.tsx(5520,17): error TS2339: Property 'div' does not exist on type 'JSX.IntrinsicElements'.
kinsphere_prototype.tsx(5521,15): error TS2339: Property 'div' does not exist on type 'JSX.IntrinsicElements'.
kinsphere_prototype.tsx(5522,13): error TS2339: Property 'div' does not exist on type 'JSX.IntrinsicElements'.
kinsphere_prototype.tsx(5525,13): error TS2339: Property 'div' does not exist on type 'JSX.IntrinsicElements'.
kinsphere_prototype.tsx(5531,15): error TS2339: Property 'div' does not exist on type 'JSX.IntrinsicElements'.
kinsphere_prototype.tsx(5537,17): error TS2339: Property 'div' does not exist on type 'JSX.IntrinsicElements'.
kinsphere_prototype.tsx(5538,19): error TS2339: Property 'div' does not exist on type 'JSX.IntrinsicElements'.
kinsphere_prototype.tsx(5539,21): error TS2339: Property 'span' does not exist on type 'JSX.IntrinsicElements'.
kinsphere_prototype.tsx(5539,53): error TS2339: Property 'span' does not exist on type 'JSX.IntrinsicElements'.
kinsphere_prototype.tsx(5540,21): error TS2339: Property 'h2' does not exist on type 'JSX.IntrinsicElements'.
kinsphere_prototype.tsx(5540,125): error TS2339: Property 'h2' does not exist on type 'JSX.IntrinsicElements'.
kinsphere_prototype.tsx(5541,19): error TS2339: Property 'div' does not exist on type 'JSX.IntrinsicElements'.
kinsphere_prototype.tsx(5542,19): error TS2339: Property 'span' does not exist on type 'JSX.IntrinsicElements'.
kinsphere_prototype.tsx(5542,107): error TS2339: Property 'span' does not exist on type 'JSX.IntrinsicElements'.
kinsphere_prototype.tsx(5543,17): error TS2339: Property 'div' does not exist on type 'JSX.IntrinsicElements'.
kinsphere_prototype.tsx(5548,21): error TS2339: Property 'p' does not exist on type 'JSX.IntrinsicElements'.
kinsphere_prototype.tsx(5550,21): error TS2339: Property 'p' does not exist on type 'JSX.IntrinsicElements'.
kinsphere_prototype.tsx(5553,21): error TS2339: Property 'div' does not exist on type 'JSX.IntrinsicElements'.
kinsphere_prototype.tsx(5555,25): error TS2339: Property 'div' does not exist on type 'JSX.IntrinsicElements'.
kinsphere_prototype.tsx(5565,27): error TS2339: Property 'div' does not exist on type 'JSX.IntrinsicElements'.
kinsphere_prototype.tsx(5567,29): error TS2339: Property 'div' does not exist on type 'JSX.IntrinsicElements'.
kinsphere_prototype.tsx(5568,31): error TS2339: Property 'div' does not exist on type 'JSX.IntrinsicElements'.
kinsphere_prototype.tsx(5568,97): error TS2339: Property 'div' does not exist on type 'JSX.IntrinsicElements'.
kinsphere_prototype.tsx(5569,31): error TS2339: Property 'div' does not exist on type 'JSX.IntrinsicElements'.
kinsphere_prototype.tsx(5569,125): error TS2339: Property 'div' does not exist on type 'JSX.IntrinsicElements'.
kinsphere_prototype.tsx(5570,29): error TS2339: Property 'div' does not exist on type 'JSX.IntrinsicElements'.
kinsphere_prototype.tsx(5571,27): error TS2339: Property 'div' does not exist on type 'JSX.IntrinsicElements'.
kinsphere_prototype.tsx(5573,29): error TS2339: Property 'span' does not exist on type 'JSX.IntrinsicElements'.
kinsphere_prototype.tsx(5573,148): error TS2339: Property 'span' does not exist on type 'JSX.IntrinsicElements'.
kinsphere_prototype.tsx(5575,29): error TS2339: Property 'div' does not exist on type 'JSX.IntrinsicElements'.
kinsphere_prototype.tsx(5576,31): error TS2339: Property 'div' does not exist on type 'JSX.IntrinsicElements'.
kinsphere_prototype.tsx(5576,123): error TS2339: Property 'div' does not exist on type 'JSX.IntrinsicElements'.
kinsphere_prototype.tsx(5577,31): error TS2339: Property 'div' does not exist on type 'JSX.IntrinsicElements'.
kinsphere_prototype.tsx(5577,105): error TS2339: Property 'div' does not exist on type 'JSX.IntrinsicElements'.
kinsphere_prototype.tsx(5578,29): error TS2339: Property 'div' does not exist on type 'JSX.IntrinsicElements'.
kinsphere_prototype.tsx(5580,25): error TS2339: Property 'div' does not exist on type 'JSX.IntrinsicElements'.
kinsphere_prototype.tsx(5582,21): error TS2339: Property 'div' does not exist on type 'JSX.IntrinsicElements'.
kinsphere_prototype.tsx(5585,15): error TS2339: Property 'div' does not exist on type 'JSX.IntrinsicElements'.
kinsphere_prototype.tsx(5588,15): error TS2339: Property 'div' does not exist on type 'JSX.IntrinsicElements'.
kinsphere_prototype.tsx(5593,17): error TS2339: Property 'div' does not exist on type 'JSX.IntrinsicElements'.
kinsphere_prototype.tsx(5594,19): error TS2339: Property 'div' does not exist on type 'JSX.IntrinsicElements'.
kinsphere_prototype.tsx(5595,21): error TS2339: Property 'span' does not exist on type 'JSX.IntrinsicElements'.
kinsphere_prototype.tsx(5595,53): error TS2339: Property 'span' does not exist on type 'JSX.IntrinsicElements'.
kinsphere_prototype.tsx(5596,21): error TS2339: Property 'h2' does not exist on type 'JSX.IntrinsicElements'.
kinsphere_prototype.tsx(5596,134): error TS2339: Property 'h2' does not exist on type 'JSX.IntrinsicElements'.
kinsphere_prototype.tsx(5597,19): error TS2339: Property 'div' does not exist on type 'JSX.IntrinsicElements'.
kinsphere_prototype.tsx(5598,19): error TS2339: Property 'span' does not exist on type 'JSX.IntrinsicElements'.
kinsphere_prototype.tsx(5598,107): error TS2339: Property 'span' does not exist on type 'JSX.IntrinsicElements'.
kinsphere_prototype.tsx(5599,17): error TS2339: Property 'div' does not exist on type 'JSX.IntrinsicElements'.
kinsphere_prototype.tsx(5604,21): error TS2339: Property 'p' does not exist on type 'JSX.IntrinsicElements'.
kinsphere_prototype.tsx(5606,21): error TS2339: Property 'p' does not exist on type 'JSX.IntrinsicElements'.
kinsphere_prototype.tsx(5609,21): error TS2339: Property 'div' does not exist on type 'JSX.IntrinsicElements'.
kinsphere_prototype.tsx(5614,27): error TS2339: Property 'div' does not exist on type 'JSX.IntrinsicElements'.
kinsphere_prototype.tsx(5624,29): error TS2339: Property 'div' does not exist on type 'JSX.IntrinsicElements'.
kinsphere_prototype.tsx(5626,31): error TS2339: Property 'div' does not exist on type 'JSX.IntrinsicElements'.
kinsphere_prototype.tsx(5627,33): error TS2339: Property 'div' does not exist on type 'JSX.IntrinsicElements'.
kinsphere_prototype.tsx(5627,99): error TS2339: Property 'div' does not exist on type 'JSX.IntrinsicElements'.
kinsphere_prototype.tsx(5628,33): error TS2339: Property 'div' does not exist on type 'JSX.IntrinsicElements'.
kinsphere_prototype.tsx(5628,174): error TS2339: Property 'div' does not exist on type 'JSX.IntrinsicElements'.
kinsphere_prototype.tsx(5629,31): error TS2339: Property 'div' does not exist on type 'JSX.IntrinsicElements'.
kinsphere_prototype.tsx(5630,29): error TS2339: Property 'div' does not exist on type 'JSX.IntrinsicElements'.
kinsphere_prototype.tsx(5632,31): error TS2339: Property 'span' does not exist on type 'JSX.IntrinsicElements'.
kinsphere_prototype.tsx(5632,151): error TS2339: Property 'span' does not exist on type 'JSX.IntrinsicElements'.
kinsphere_prototype.tsx(5634,31): error TS2339: Property 'div' does not exist on type 'JSX.IntrinsicElements'.
kinsphere_prototype.tsx(5635,33): error TS2339: Property 'div' does not exist on type 'JSX.IntrinsicElements'.
kinsphere_prototype.tsx(5635,126): error TS2339: Property 'div' does not exist on type 'JSX.IntrinsicElements'.
kinsphere_prototype.tsx(5636,33): error TS2339: Property 'div' does not exist on type 'JSX.IntrinsicElements'.
kinsphere_prototype.tsx(5636,107): error TS2339: Property 'div' does not exist on type 'JSX.IntrinsicElements'.
kinsphere_prototype.tsx(5637,31): error TS2339: Property 'div' does not exist on type 'JSX.IntrinsicElements'.
kinsphere_prototype.tsx(5639,27): error TS2339: Property 'div' does not exist on type 'JSX.IntrinsicElements'.
kinsphere_prototype.tsx(5642,21): error TS2339: Property 'div' does not exist on type 'JSX.IntrinsicElements'.
kinsphere_prototype.tsx(5645,15): error TS2339: Property 'div' does not exist on type 'JSX.IntrinsicElements'.
kinsphere_prototype.tsx(5646,13): error TS2339: Property 'div' does not exist on type 'JSX.IntrinsicElements'.
kinsphere_prototype.tsx(5647,11): error TS2339: Property 'div' does not exist on type 'JSX.IntrinsicElements'.
kinsphere_prototype.tsx(5674,11): error TS2339: Property 'div' does not exist on type 'JSX.IntrinsicElements'.
kinsphere_prototype.tsx(5675,13): error TS2339: Property 'div' does not exist on type 'JSX.IntrinsicElements'.
kinsphere_prototype.tsx(5683,15): error TS2339: Property 'div' does not exist on type 'JSX.IntrinsicElements'.
kinsphere_prototype.tsx(5688,15): error TS2339: Property 'div' does not exist on type 'JSX.IntrinsicElements'.
kinsphere_prototype.tsx(5689,17): error TS2339: Property 'div' does not exist on type 'JSX.IntrinsicElements'.
kinsphere_prototype.tsx(5690,19): error TS2339: Property 'div' does not exist on type 'JSX.IntrinsicElements'.
kinsphere_prototype.tsx(5696,19): error TS2339: Property 'div' does not exist on type 'JSX.IntrinsicElements'.
kinsphere_prototype.tsx(5697,19): error TS2339: Property 'h1' does not exist on type 'JSX.IntrinsicElements'.
kinsphere_prototype.tsx(5699,60): error TS2339: Property 'h1' does not exist on type 'JSX.IntrinsicElements'.
kinsphere_prototype.tsx(5700,19): error TS2339: Property 'p' does not exist on type 'JSX.IntrinsicElements'.
kinsphere_prototype.tsx(5702,19): error TS2339: Property 'p' does not exist on type 'JSX.IntrinsicElements'.
kinsphere_prototype.tsx(5703,17): error TS2339: Property 'div' does not exist on type 'JSX.IntrinsicElements'.
kinsphere_prototype.tsx(5705,17): error TS2339: Property 'div' does not exist on type 'JSX.IntrinsicElements'.
kinsphere_prototype.tsx(5709,17): error TS2339: Property 'div' does not exist on type 'JSX.IntrinsicElements'.
kinsphere_prototype.tsx(5711,15): error TS2339: Property 'div' does not exist on type 'JSX.IntrinsicElements'.
kinsphere_prototype.tsx(5712,13): error TS2339: Property 'div' does not exist on type 'JSX.IntrinsicElements'.
kinsphere_prototype.tsx(5723,17): error TS2339: Property 'div' does not exist on type 'JSX.IntrinsicElements'.
kinsphere_prototype.tsx(5725,17): error TS2339: Property 'div' does not exist on type 'JSX.IntrinsicElements'.
kinsphere_prototype.tsx(5730,19): error TS2339: Property 'div' does not exist on type 'JSX.IntrinsicElements'.
kinsphere_prototype.tsx(5732,19): error TS2339: Property 'div' does not exist on type 'JSX.IntrinsicElements'.
kinsphere_prototype.tsx(5734,17): error TS2339: Property 'input' does not exist on type 'JSX.IntrinsicElements'.
kinsphere_prototype.tsx(5744,17): error TS2339: Property 'div' does not exist on type 'JSX.IntrinsicElements'.
kinsphere_prototype.tsx(5745,19): error TS2339: Property 'div' does not exist on type 'JSX.IntrinsicElements'.
kinsphere_prototype.tsx(5746,19): error TS2339: Property 'table' does not exist on type 'JSX.IntrinsicElements'.
kinsphere_prototype.tsx(5747,21): error TS2339: Property 'thead' does not exist on type 'JSX.IntrinsicElements'.
kinsphere_prototype.tsx(5748,23): error TS2339: Property 'tr' does not exist on type 'JSX.IntrinsicElements'.
kinsphere_prototype.tsx(5750,27): error TS2339: Property 'th' does not exist on type 'JSX.IntrinsicElements'.
kinsphere_prototype.tsx(5750,201): error TS2339: Property 'th' does not exist on type 'JSX.IntrinsicElements'.
kinsphere_prototype.tsx(5752,23): error TS2339: Property 'tr' does not exist on type 'JSX.IntrinsicElements'.
kinsphere_prototype.tsx(5753,21): error TS2339: Property 'thead' does not exist on type 'JSX.IntrinsicElements'.
kinsphere_prototype.tsx(5754,21): error TS2339: Property 'tbody' does not exist on type 'JSX.IntrinsicElements'.
kinsphere_prototype.tsx(5756,25): error TS2339: Property 'tr' does not exist on type 'JSX.IntrinsicElements'.
kinsphere_prototype.tsx(5760,27): error TS2339: Property 'td' does not exist on type 'JSX.IntrinsicElements'.
kinsphere_prototype.tsx(5761,29): error TS2339: Property 'div' does not exist on type 'JSX.IntrinsicElements'.
kinsphere_prototype.tsx(5763,31): error TS2339: Property 'div' does not exist on type 'JSX.IntrinsicElements'.
kinsphere_prototype.tsx(5764,33): error TS2339: Property 'div' does not exist on type 'JSX.IntrinsicElements'.
kinsphere_prototype.tsx(5766,47): error TS2339: Property 'span' does not exist on type 'JSX.IntrinsicElements'.
kinsphere_prototype.tsx(5766,91): error TS2339: Property 'span' does not exist on type 'JSX.IntrinsicElements'.
kinsphere_prototype.tsx(5767,33): error TS2339: Property 'div' does not exist on type 'JSX.IntrinsicElements'.
kinsphere_prototype.tsx(5768,33): error TS2339: Property 'div' does not exist on type 'JSX.IntrinsicElements'.
kinsphere_prototype.tsx(5768,84): error TS2339: Property 'div' does not exist on type 'JSX.IntrinsicElements'.
kinsphere_prototype.tsx(5769,31): error TS2339: Property 'div' does not exist on type 'JSX.IntrinsicElements'.
kinsphere_prototype.tsx(5770,29): error TS2339: Property 'div' does not exist on type 'JSX.IntrinsicElements'.
kinsphere_prototype.tsx(5771,27): error TS2339: Property 'td' does not exist on type 'JSX.IntrinsicElements'.
kinsphere_prototype.tsx(5772,27): error TS2339: Property 'td' does not exist on type 'JSX.IntrinsicElements'.
kinsphere_prototype.tsx(5772,84): error TS2339: Property 'td' does not exist on type 'JSX.IntrinsicElements'.
kinsphere_prototype.tsx(5773,27): error TS2339: Property 'td' does not exist on type 'JSX.IntrinsicElements'.
kinsphere_prototype.tsx(5773,106): error TS2339: Property 'td' does not exist on type 'JSX.IntrinsicElements'.
kinsphere_prototype.tsx(5774,27): error TS2339: Property 'td' does not exist on type 'JSX.IntrinsicElements'.
kinsphere_prototype.tsx(5774,84): error TS2339: Property 'td' does not exist on type 'JSX.IntrinsicElements'.
kinsphere_prototype.tsx(5775,27): error TS2339: Property 'td' does not exist on type 'JSX.IntrinsicElements'.
kinsphere_prototype.tsx(5775,86): error TS2339: Property 'td' does not exist on type 'JSX.IntrinsicElements'.
kinsphere_prototype.tsx(5776,27): error TS2339: Property 'td' does not exist on type 'JSX.IntrinsicElements'.
kinsphere_prototype.tsx(5776,102): error TS2339: Property 'td' does not exist on type 'JSX.IntrinsicElements'.
kinsphere_prototype.tsx(5777,25): error TS2339: Property 'tr' does not exist on type 'JSX.IntrinsicElements'.
kinsphere_prototype.tsx(5779,21): error TS2339: Property 'tbody' does not exist on type 'JSX.IntrinsicElements'.
kinsphere_prototype.tsx(5780,19): error TS2339: Property 'table' does not exist on type 'JSX.IntrinsicElements'.
kinsphere_prototype.tsx(5781,19): error TS2339: Property 'div' does not exist on type 'JSX.IntrinsicElements'.
kinsphere_prototype.tsx(5782,17): error TS2339: Property 'div' does not exist on type 'JSX.IntrinsicElements'.
kinsphere_prototype.tsx(5785,11): error TS2339: Property 'div' does not exist on type 'JSX.IntrinsicElements'.
kinsphere_prototype.tsx(5790,11): error TS2339: Property 'div' does not exist on type 'JSX.IntrinsicElements'.
kinsphere_prototype.tsx(5791,13): error TS2339: Property 'div' does not exist on type 'JSX.IntrinsicElements'.
kinsphere_prototype.tsx(5799,15): error TS2339: Property 'div' does not exist on type 'JSX.IntrinsicElements'.
kinsphere_prototype.tsx(5804,15): error TS2339: Property 'div' does not exist on type 'JSX.IntrinsicElements'.
kinsphere_prototype.tsx(5805,17): error TS2339: Property 'div' does not exist on type 'JSX.IntrinsicElements'.
kinsphere_prototype.tsx(5806,19): error TS2339: Property 'div' does not exist on type 'JSX.IntrinsicElements'.
kinsphere_prototype.tsx(5810,29): error TS2339: Property 'div' does not exist on type 'JSX.IntrinsicElements'.
kinsphere_prototype.tsx(5811,19): error TS2339: Property 'h1' does not exist on type 'JSX.IntrinsicElements'.
kinsphere_prototype.tsx(5813,31): error TS2339: Property 'h1' does not exist on type 'JSX.IntrinsicElements'.
kinsphere_prototype.tsx(5814,19): error TS2339: Property 'p' does not exist on type 'JSX.IntrinsicElements'.
kinsphere_prototype.tsx(5816,19): error TS2339: Property 'p' does not exist on type 'JSX.IntrinsicElements'.
kinsphere_prototype.tsx(5817,17): error TS2339: Property 'div' does not exist on type 'JSX.IntrinsicElements'.
kinsphere_prototype.tsx(5818,17): error TS2339: Property 'div' does not exist on type 'JSX.IntrinsicElements'.
kinsphere_prototype.tsx(5820,21): error TS2339: Property 'div' does not exist on type 'JSX.IntrinsicElements'.
kinsphere_prototype.tsx(5823,21): error TS2339: Property 'div' does not exist on type 'JSX.IntrinsicElements'.
kinsphere_prototype.tsx(5829,17): error TS2339: Property 'div' does not exist on type 'JSX.IntrinsicElements'.
kinsphere_prototype.tsx(5830,15): error TS2339: Property 'div' does not exist on type 'JSX.IntrinsicElements'.
kinsphere_prototype.tsx(5831,13): error TS2339: Property 'div' does not exist on type 'JSX.IntrinsicElements'.
kinsphere_prototype.tsx(5834,17): error TS2339: Property 'div' does not exist on type 'JSX.IntrinsicElements'.
kinsphere_prototype.tsx(5835,19): error TS2339: Property 'div' does not exist on type 'JSX.IntrinsicElements'.
kinsphere_prototype.tsx(5836,21): error TS2339: Property 'div' does not exist on type 'JSX.IntrinsicElements'.
kinsphere_prototype.tsx(5838,21): error TS2339: Property 'div' does not exist on type 'JSX.IntrinsicElements'.
kinsphere_prototype.tsx(5839,21): error TS2339: Property 'div' does not exist on type 'JSX.IntrinsicElements'.
kinsphere_prototype.tsx(5840,23): error TS2339: Property 'span' does not exist on type 'JSX.IntrinsicElements'.
kinsphere_prototype.tsx(5840,89): error TS2339: Property 'span' does not exist on type 'JSX.IntrinsicElements'.
kinsphere_prototype.tsx(5841,23): error TS2339: Property 'span' does not exist on type 'JSX.IntrinsicElements'.
kinsphere_prototype.tsx(5841,104): error TS2339: Property 'span' does not exist on type 'JSX.IntrinsicElements'.
kinsphere_prototype.tsx(5841,219): error TS2339: Property 'span' does not exist on type 'JSX.IntrinsicElements'.
kinsphere_prototype.tsx(5842,23): error TS2339: Property 'span' does not exist on type 'JSX.IntrinsicElements'.
kinsphere_prototype.tsx(5842,104): error TS2339: Property 'span' does not exist on type 'JSX.IntrinsicElements'.
kinsphere_prototype.tsx(5842,220): error TS2339: Property 'span' does not exist on type 'JSX.IntrinsicElements'.
kinsphere_prototype.tsx(5843,23): error TS2339: Property 'span' does not exist on type 'JSX.IntrinsicElements'.
kinsphere_prototype.tsx(5843,104): error TS2339: Property 'span' does not exist on type 'JSX.IntrinsicElements'.
kinsphere_prototype.tsx(5843,220): error TS2339: Property 'span' does not exist on type 'JSX.IntrinsicElements'.
kinsphere_prototype.tsx(5844,23): error TS2339: Property 'span' does not exist on type 'JSX.IntrinsicElements'.
kinsphere_prototype.tsx(5844,104): error TS2339: Property 'span' does not exist on type 'JSX.IntrinsicElements'.
kinsphere_prototype.tsx(5844,217): error TS2339: Property 'span' does not exist on type 'JSX.IntrinsicElements'.
kinsphere_prototype.tsx(5845,23): error TS2339: Property 'span' does not exist on type 'JSX.IntrinsicElements'.
kinsphere_prototype.tsx(5845,104): error TS2339: Property 'span' does not exist on type 'JSX.IntrinsicElements'.
kinsphere_prototype.tsx(5845,221): error TS2339: Property 'span' does not exist on type 'JSX.IntrinsicElements'.
kinsphere_prototype.tsx(5846,23): error TS2339: Property 'span' does not exist on type 'JSX.IntrinsicElements'.
kinsphere_prototype.tsx(5846,104): error TS2339: Property 'span' does not exist on type 'JSX.IntrinsicElements'.
kinsphere_prototype.tsx(5846,195): error TS2339: Property 'span' does not exist on type 'JSX.IntrinsicElements'.
kinsphere_prototype.tsx(5847,21): error TS2339: Property 'div' does not exist on type 'JSX.IntrinsicElements'.
kinsphere_prototype.tsx(5848,19): error TS2339: Property 'div' does not exist on type 'JSX.IntrinsicElements'.
kinsphere_prototype.tsx(5849,17): error TS2339: Property 'div' does not exist on type 'JSX.IntrinsicElements'.
kinsphere_prototype.tsx(5851,19): error TS2339: Property 'div' does not exist on type 'JSX.IntrinsicElements'.
kinsphere_prototype.tsx(5852,21): error TS2339: Property 'div' does not exist on type 'JSX.IntrinsicElements'.
kinsphere_prototype.tsx(5853,21): error TS2339: Property 'div' does not exist on type 'JSX.IntrinsicElements'.
kinsphere_prototype.tsx(5854,21): error TS2339: Property 'div' does not exist on type 'JSX.IntrinsicElements'.
kinsphere_prototype.tsx(5856,23): error TS2339: Property 'div' does not exist on type 'JSX.IntrinsicElements'.
kinsphere_prototype.tsx(5858,23): error TS2339: Property 'div' does not exist on type 'JSX.IntrinsicElements'.
kinsphere_prototype.tsx(5860,21): error TS2339: Property 'div' does not exist on type 'JSX.IntrinsicElements'.
kinsphere_prototype.tsx(5861,21): error TS2339: Property 'p' does not exist on type 'JSX.IntrinsicElements'.
kinsphere_prototype.tsx(5861,163): error TS2339: Property 'p' does not exist on type 'JSX.IntrinsicElements'.
kinsphere_prototype.tsx(5862,21): error TS2339: Property 'div' does not exist on type 'JSX.IntrinsicElements'.
kinsphere_prototype.tsx(5864,25): error TS2339: Property 'div' does not exist on type 'JSX.IntrinsicElements'.
kinsphere_prototype.tsx(5864,125): error TS2339: Property 'div' does not exist on type 'JSX.IntrinsicElements'.
kinsphere_prototype.tsx(5872,68): error TS2339: Property 'div' does not exist on type 'JSX.IntrinsicElements'.
kinsphere_prototype.tsx(5888,29): error TS2339: Property 'div' does not exist on type 'JSX.IntrinsicElements'.
kinsphere_prototype.tsx(5923,33): error TS2339: Property 'span' does not exist on type 'JSX.IntrinsicElements'.
kinsphere_prototype.tsx(5925,33): error TS2339: Property 'span' does not exist on type 'JSX.IntrinsicElements'.
kinsphere_prototype.tsx(5927,29): error TS2339: Property 'div' does not exist on type 'JSX.IntrinsicElements'.
kinsphere_prototype.tsx(5932,21): error TS2339: Property 'div' does not exist on type 'JSX.IntrinsicElements'.
kinsphere_prototype.tsx(5933,21): error TS2339: Property 'div' does not exist on type 'JSX.IntrinsicElements'.
kinsphere_prototype.tsx(5934,19): error TS2339: Property 'div' does not exist on type 'JSX.IntrinsicElements'.
kinsphere_prototype.tsx(5937,21): error TS2339: Property 'div' does not exist on type 'JSX.IntrinsicElements'.
kinsphere_prototype.tsx(5939,21): error TS2339: Property 'div' does not exist on type 'JSX.IntrinsicElements'.
kinsphere_prototype.tsx(5940,21): error TS2339: Property 'div' does not exist on type 'JSX.IntrinsicElements'.
kinsphere_prototype.tsx(5941,23): error TS2339: Property 'div' does not exist on type 'JSX.IntrinsicElements'.
kinsphere_prototype.tsx(5942,23): error TS2339: Property 'table' does not exist on type 'JSX.IntrinsicElements'.
kinsphere_prototype.tsx(5943,25): error TS2339: Property 'thead' does not exist on type 'JSX.IntrinsicElements'.
kinsphere_prototype.tsx(5944,27): error TS2339: Property 'tr' does not exist on type 'JSX.IntrinsicElements'.
kinsphere_prototype.tsx(5946,31): error TS2339: Property 'th' does not exist on type 'JSX.IntrinsicElements'.
kinsphere_prototype.tsx(5946,205): error TS2339: Property 'th' does not exist on type 'JSX.IntrinsicElements'.
kinsphere_prototype.tsx(5948,27): error TS2339: Property 'tr' does not exist on type 'JSX.IntrinsicElements'.
kinsphere_prototype.tsx(5949,25): error TS2339: Property 'thead' does not exist on type 'JSX.IntrinsicElements'.
kinsphere_prototype.tsx(5950,25): error TS2339: Property 'tbody' does not exist on type 'JSX.IntrinsicElements'.
kinsphere_prototype.tsx(5952,29): error TS2339: Property 'tr' does not exist on type 'JSX.IntrinsicElements'.
kinsphere_prototype.tsx(5953,31): error TS2339: Property 'td' does not exist on type 'JSX.IntrinsicElements'.
kinsphere_prototype.tsx(5954,33): error TS2339: Property 'div' does not exist on type 'JSX.IntrinsicElements'.
kinsphere_prototype.tsx(5956,35): error TS2339: Property 'span' does not exist on type 'JSX.IntrinsicElements'.
kinsphere_prototype.tsx(5956,88): error TS2339: Property 'span' does not exist on type 'JSX.IntrinsicElements'.
kinsphere_prototype.tsx(5957,33): error TS2339: Property 'div' does not exist on type 'JSX.IntrinsicElements'.
kinsphere_prototype.tsx(5958,31): error TS2339: Property 'td' does not exist on type 'JSX.IntrinsicElements'.
kinsphere_prototype.tsx(5959,31): error TS2339: Property 'td' does not exist on type 'JSX.IntrinsicElements'.
kinsphere_prototype.tsx(5959,88): error TS2339: Property 'td' does not exist on type 'JSX.IntrinsicElements'.
kinsphere_prototype.tsx(5960,31): error TS2339: Property 'td' does not exist on type 'JSX.IntrinsicElements'.
kinsphere_prototype.tsx(5960,88): error TS2339: Property 'td' does not exist on type 'JSX.IntrinsicElements'.
kinsphere_prototype.tsx(5961,31): error TS2339: Property 'td' does not exist on type 'JSX.IntrinsicElements'.
kinsphere_prototype.tsx(5961,86): error TS2339: Property 'td' does not exist on type 'JSX.IntrinsicElements'.
kinsphere_prototype.tsx(5962,31): error TS2339: Property 'td' does not exist on type 'JSX.IntrinsicElements'.
kinsphere_prototype.tsx(5962,104): error TS2339: Property 'td' does not exist on type 'JSX.IntrinsicElements'.
kinsphere_prototype.tsx(5963,31): error TS2339: Property 'td' does not exist on type 'JSX.IntrinsicElements'.
kinsphere_prototype.tsx(5963,90): error TS2339: Property 'td' does not exist on type 'JSX.IntrinsicElements'.
kinsphere_prototype.tsx(5964,31): error TS2339: Property 'td' does not exist on type 'JSX.IntrinsicElements'.
kinsphere_prototype.tsx(5964,114): error TS2339: Property 'td' does not exist on type 'JSX.IntrinsicElements'.
kinsphere_prototype.tsx(5965,31): error TS2339: Property 'td' does not exist on type 'JSX.IntrinsicElements'.
kinsphere_prototype.tsx(5965,89): error TS2339: Property 'td' does not exist on type 'JSX.IntrinsicElements'.
kinsphere_prototype.tsx(5966,31): error TS2339: Property 'td' does not exist on type 'JSX.IntrinsicElements'.
kinsphere_prototype.tsx(5968,37): error TS2339: Property 'div' does not exist on type 'JSX.IntrinsicElements'.
kinsphere_prototype.tsx(5971,37): error TS2339: Property 'div' does not exist on type 'JSX.IntrinsicElements'.
kinsphere_prototype.tsx(5972,37): error TS2339: Property 'span' does not exist on type 'JSX.IntrinsicElements'.
kinsphere_prototype.tsx(5972,81): error TS2339: Property 'span' does not exist on type 'JSX.IntrinsicElements'.
kinsphere_prototype.tsx(5974,31): error TS2339: Property 'td' does not exist on type 'JSX.IntrinsicElements'.
kinsphere_prototype.tsx(5975,29): error TS2339: Property 'tr' does not exist on type 'JSX.IntrinsicElements'.
kinsphere_prototype.tsx(5978,29): error TS2339: Property 'tr' does not exist on type 'JSX.IntrinsicElements'.
kinsphere_prototype.tsx(5978,33): error TS2339: Property 'td' does not exist on type 'JSX.IntrinsicElements'.
kinsphere_prototype.tsx(5978,135): error TS2339: Property 'td' does not exist on type 'JSX.IntrinsicElements'.
kinsphere_prototype.tsx(5978,140): error TS2339: Property 'tr' does not exist on type 'JSX.IntrinsicElements'.
kinsphere_prototype.tsx(5980,25): error TS2339: Property 'tbody' does not exist on type 'JSX.IntrinsicElements'.
kinsphere_prototype.tsx(5981,23): error TS2339: Property 'table' does not exist on type 'JSX.IntrinsicElements'.
kinsphere_prototype.tsx(5982,23): error TS2339: Property 'div' does not exist on type 'JSX.IntrinsicElements'.
kinsphere_prototype.tsx(5983,21): error TS2339: Property 'div' does not exist on type 'JSX.IntrinsicElements'.
kinsphere_prototype.tsx(5989,17): error TS2339: Property 'div' does not exist on type 'JSX.IntrinsicElements'.
kinsphere_prototype.tsx(5990,19): error TS2339: Property 'div' does not exist on type 'JSX.IntrinsicElements'.
kinsphere_prototype.tsx(5991,21): error TS2339: Property 'div' does not exist on type 'JSX.IntrinsicElements'.
kinsphere_prototype.tsx(5993,21): error TS2339: Property 'div' does not exist on type 'JSX.IntrinsicElements'.
kinsphere_prototype.tsx(5994,21): error TS2339: Property 'div' does not exist on type 'JSX.IntrinsicElements'.
kinsphere_prototype.tsx(5995,23): error TS2339: Property 'span' does not exist on type 'JSX.IntrinsicElements'.
kinsphere_prototype.tsx(5995,89): error TS2339: Property 'span' does not exist on type 'JSX.IntrinsicElements'.
kinsphere_prototype.tsx(5996,23): error TS2339: Property 'span' does not exist on type 'JSX.IntrinsicElements'.
kinsphere_prototype.tsx(5996,104): error TS2339: Property 'span' does not exist on type 'JSX.IntrinsicElements'.
kinsphere_prototype.tsx(5996,219): error TS2339: Property 'span' does not exist on type 'JSX.IntrinsicElements'.
kinsphere_prototype.tsx(5997,23): error TS2339: Property 'span' does not exist on type 'JSX.IntrinsicElements'.
kinsphere_prototype.tsx(5997,104): error TS2339: Property 'span' does not exist on type 'JSX.IntrinsicElements'.
kinsphere_prototype.tsx(5997,220): error TS2339: Property 'span' does not exist on type 'JSX.IntrinsicElements'.
kinsphere_prototype.tsx(5998,23): error TS2339: Property 'span' does not exist on type 'JSX.IntrinsicElements'.
kinsphere_prototype.tsx(5998,104): error TS2339: Property 'span' does not exist on type 'JSX.IntrinsicElements'.
kinsphere_prototype.tsx(5998,220): error TS2339: Property 'span' does not exist on type 'JSX.IntrinsicElements'.
kinsphere_prototype.tsx(5999,23): error TS2339: Property 'span' does not exist on type 'JSX.IntrinsicElements'.
kinsphere_prototype.tsx(5999,104): error TS2339: Property 'span' does not exist on type 'JSX.IntrinsicElements'.
kinsphere_prototype.tsx(5999,217): error TS2339: Property 'span' does not exist on type 'JSX.IntrinsicElements'.
kinsphere_prototype.tsx(6000,23): error TS2339: Property 'span' does not exist on type 'JSX.IntrinsicElements'.
kinsphere_prototype.tsx(6000,104): error TS2339: Property 'span' does not exist on type 'JSX.IntrinsicElements'.
kinsphere_prototype.tsx(6000,221): error TS2339: Property 'span' does not exist on type 'JSX.IntrinsicElements'.
kinsphere_prototype.tsx(6001,23): error TS2339: Property 'span' does not exist on type 'JSX.IntrinsicElements'.
kinsphere_prototype.tsx(6001,104): error TS2339: Property 'span' does not exist on type 'JSX.IntrinsicElements'.
kinsphere_prototype.tsx(6001,195): error TS2339: Property 'span' does not exist on type 'JSX.IntrinsicElements'.
kinsphere_prototype.tsx(6002,21): error TS2339: Property 'div' does not exist on type 'JSX.IntrinsicElements'.
kinsphere_prototype.tsx(6003,19): error TS2339: Property 'div' does not exist on type 'JSX.IntrinsicElements'.
kinsphere_prototype.tsx(6004,17): error TS2339: Property 'div' does not exist on type 'JSX.IntrinsicElements'.
kinsphere_prototype.tsx(6006,19): error TS2339: Property 'div' does not exist on type 'JSX.IntrinsicElements'.
kinsphere_prototype.tsx(6007,21): error TS2339: Property 'div' does not exist on type 'JSX.IntrinsicElements'.
kinsphere_prototype.tsx(6008,21): error TS2339: Property 'div' does not exist on type 'JSX.IntrinsicElements'.
kinsphere_prototype.tsx(6009,21): error TS2339: Property 'div' does not exist on type 'JSX.IntrinsicElements'.
kinsphere_prototype.tsx(6011,23): error TS2339: Property 'div' does not exist on type 'JSX.IntrinsicElements'.
kinsphere_prototype.tsx(6013,23): error TS2339: Property 'div' does not exist on type 'JSX.IntrinsicElements'.
kinsphere_prototype.tsx(6015,21): error TS2339: Property 'div' does not exist on type 'JSX.IntrinsicElements'.
kinsphere_prototype.tsx(6016,21): error TS2339: Property 'div' does not exist on type 'JSX.IntrinsicElements'.
kinsphere_prototype.tsx(6018,25): error TS2339: Property 'div' does not exist on type 'JSX.IntrinsicElements'.
kinsphere_prototype.tsx(6018,125): error TS2339: Property 'div' does not exist on type 'JSX.IntrinsicElements'.
kinsphere_prototype.tsx(6026,68): error TS2339: Property 'div' does not exist on type 'JSX.IntrinsicElements'.
kinsphere_prototype.tsx(6040,29): error TS2339: Property 'div' does not exist on type 'JSX.IntrinsicElements'.
kinsphere_prototype.tsx(6046,55): error TS2339: Property 'span' does not exist on type 'JSX.IntrinsicElements'.
kinsphere_prototype.tsx(6046,130): error TS2339: Property 'span' does not exist on type 'JSX.IntrinsicElements'.
kinsphere_prototype.tsx(6047,63): error TS2339: Property 'span' does not exist on type 'JSX.IntrinsicElements'.
kinsphere_prototype.tsx(6047,164): error TS2339: Property 'span' does not exist on type 'JSX.IntrinsicElements'.
kinsphere_prototype.tsx(6048,29): error TS2339: Property 'div' does not exist on type 'JSX.IntrinsicElements'.
kinsphere_prototype.tsx(6053,21): error TS2339: Property 'div' does not exist on type 'JSX.IntrinsicElements'.
kinsphere_prototype.tsx(6054,21): error TS2339: Property 'div' does not exist on type 'JSX.IntrinsicElements'.
kinsphere_prototype.tsx(6055,19): error TS2339: Property 'div' does not exist on type 'JSX.IntrinsicElements'.
kinsphere_prototype.tsx(6058,21): error TS2339: Property 'div' does not exist on type 'JSX.IntrinsicElements'.
kinsphere_prototype.tsx(6060,21): error TS2339: Property 'div' does not exist on type 'JSX.IntrinsicElements'.
kinsphere_prototype.tsx(6061,21): error TS2339: Property 'div' does not exist on type 'JSX.IntrinsicElements'.
kinsphere_prototype.tsx(6062,23): error TS2339: Property 'div' does not exist on type 'JSX.IntrinsicElements'.
kinsphere_prototype.tsx(6063,23): error TS2339: Property 'table' does not exist on type 'JSX.IntrinsicElements'.
kinsphere_prototype.tsx(6064,25): error TS2339: Property 'thead' does not exist on type 'JSX.IntrinsicElements'.
kinsphere_prototype.tsx(6065,27): error TS2339: Property 'tr' does not exist on type 'JSX.IntrinsicElements'.
kinsphere_prototype.tsx(6067,31): error TS2339: Property 'th' does not exist on type 'JSX.IntrinsicElements'.
kinsphere_prototype.tsx(6067,205): error TS2339: Property 'th' does not exist on type 'JSX.IntrinsicElements'.
kinsphere_prototype.tsx(6069,27): error TS2339: Property 'tr' does not exist on type 'JSX.IntrinsicElements'.
kinsphere_prototype.tsx(6070,25): error TS2339: Property 'thead' does not exist on type 'JSX.IntrinsicElements'.
kinsphere_prototype.tsx(6071,25): error TS2339: Property 'tbody' does not exist on type 'JSX.IntrinsicElements'.
kinsphere_prototype.tsx(6073,29): error TS2339: Property 'tr' does not exist on type 'JSX.IntrinsicElements'.
kinsphere_prototype.tsx(6074,31): error TS2339: Property 'td' does not exist on type 'JSX.IntrinsicElements'.
kinsphere_prototype.tsx(6074,88): error TS2339: Property 'td' does not exist on type 'JSX.IntrinsicElements'.
kinsphere_prototype.tsx(6075,31): error TS2339: Property 'td' does not exist on type 'JSX.IntrinsicElements'.
kinsphere_prototype.tsx(6075,88): error TS2339: Property 'td' does not exist on type 'JSX.IntrinsicElements'.
kinsphere_prototype.tsx(6076,31): error TS2339: Property 'td' does not exist on type 'JSX.IntrinsicElements'.
kinsphere_prototype.tsx(6076,86): error TS2339: Property 'td' does not exist on type 'JSX.IntrinsicElements'.
kinsphere_prototype.tsx(6077,31): error TS2339: Property 'td' does not exist on type 'JSX.IntrinsicElements'.
kinsphere_prototype.tsx(6077,91): error TS2339: Property 'td' does not exist on type 'JSX.IntrinsicElements'.
kinsphere_prototype.tsx(6078,31): error TS2339: Property 'td' does not exist on type 'JSX.IntrinsicElements'.
kinsphere_prototype.tsx(6078,90): error TS2339: Property 'td' does not exist on type 'JSX.IntrinsicElements'.
kinsphere_prototype.tsx(6079,31): error TS2339: Property 'td' does not exist on type 'JSX.IntrinsicElements'.
kinsphere_prototype.tsx(6079,114): error TS2339: Property 'td' does not exist on type 'JSX.IntrinsicElements'.
kinsphere_prototype.tsx(6080,31): error TS2339: Property 'td' does not exist on type 'JSX.IntrinsicElements'.
kinsphere_prototype.tsx(6080,89): error TS2339: Property 'td' does not exist on type 'JSX.IntrinsicElements'.
kinsphere_prototype.tsx(6081,29): error TS2339: Property 'tr' does not exist on type 'JSX.IntrinsicElements'.
kinsphere_prototype.tsx(6084,29): error TS2339: Property 'tr' does not exist on type 'JSX.IntrinsicElements'.
kinsphere_prototype.tsx(6084,33): error TS2339: Property 'td' does not exist on type 'JSX.IntrinsicElements'.
kinsphere_prototype.tsx(6084,118): error TS2339: Property 'td' does not exist on type 'JSX.IntrinsicElements'.
kinsphere_prototype.tsx(6084,123): error TS2339: Property 'tr' does not exist on type 'JSX.IntrinsicElements'.
kinsphere_prototype.tsx(6086,25): error TS2339: Property 'tbody' does not exist on type 'JSX.IntrinsicElements'.
kinsphere_prototype.tsx(6087,23): error TS2339: Property 'table' does not exist on type 'JSX.IntrinsicElements'.
kinsphere_prototype.tsx(6088,23): error TS2339: Property 'div' does not exist on type 'JSX.IntrinsicElements'.
kinsphere_prototype.tsx(6089,21): error TS2339: Property 'div' does not exist on type 'JSX.IntrinsicElements'.
kinsphere_prototype.tsx(6094,11): error TS2339: Property 'div' does not exist on type 'JSX.IntrinsicElements'.
kinsphere_prototype.tsx(6099,11): error TS2339: Property 'div' does not exist on type 'JSX.IntrinsicElements'.
kinsphere_prototype.tsx(6100,13): error TS2339: Property 'div' does not exist on type 'JSX.IntrinsicElements'.
kinsphere_prototype.tsx(6108,15): error TS2339: Property 'div' does not exist on type 'JSX.IntrinsicElements'.
kinsphere_prototype.tsx(6113,15): error TS2339: Property 'div' does not exist on type 'JSX.IntrinsicElements'.
kinsphere_prototype.tsx(6114,17): error TS2339: Property 'div' does not exist on type 'JSX.IntrinsicElements'.
kinsphere_prototype.tsx(6115,19): error TS2339: Property 'div' does not exist on type 'JSX.IntrinsicElements'.
kinsphere_prototype.tsx(6119,31): error TS2339: Property 'div' does not exist on type 'JSX.IntrinsicElements'.
kinsphere_prototype.tsx(6120,19): error TS2339: Property 'h1' does not exist on type 'JSX.IntrinsicElements'.
kinsphere_prototype.tsx(6122,29): error TS2339: Property 'h1' does not exist on type 'JSX.IntrinsicElements'.
kinsphere_prototype.tsx(6123,19): error TS2339: Property 'p' does not exist on type 'JSX.IntrinsicElements'.
kinsphere_prototype.tsx(6127,66): error TS2339: Property 'span' does not exist on type 'JSX.IntrinsicElements'.
kinsphere_prototype.tsx(6127,270): error TS2339: Property 'span' does not exist on type 'JSX.IntrinsicElements'.
kinsphere_prototype.tsx(6132,19): error TS2339: Property 'p' does not exist on type 'JSX.IntrinsicElements'.
kinsphere_prototype.tsx(6133,17): error TS2339: Property 'div' does not exist on type 'JSX.IntrinsicElements'.
kinsphere_prototype.tsx(6134,17): error TS2339: Property 'div' does not exist on type 'JSX.IntrinsicElements'.
kinsphere_prototype.tsx(6135,19): error TS2339: Property 'div' does not exist on type 'JSX.IntrinsicElements'.
kinsphere_prototype.tsx(6137,23): error TS2339: Property 'div' does not exist on type 'JSX.IntrinsicElements'.
kinsphere_prototype.tsx(6138,25): error TS2339: Property 'div' does not exist on type 'JSX.IntrinsicElements'.
kinsphere_prototype.tsx(6138,122): error TS2339: Property 'div' does not exist on type 'JSX.IntrinsicElements'.
kinsphere_prototype.tsx(6139,25): error TS2339: Property 'select' does not exist on type 'JSX.IntrinsicElements'.
kinsphere_prototype.tsx(6147,27): error TS2339: Property 'option' does not exist on type 'JSX.IntrinsicElements'.
kinsphere_prototype.tsx(6147,57): error TS2339: Property 'option' does not exist on type 'JSX.IntrinsicElements'.
kinsphere_prototype.tsx(6149,29): error TS2339: Property 'option' does not exist on type 'JSX.IntrinsicElements'.
kinsphere_prototype.tsx(6149,58): error TS2339: Property 'option' does not exist on type 'JSX.IntrinsicElements'.
kinsphere_prototype.tsx(6151,25): error TS2339: Property 'select' does not exist on type 'JSX.IntrinsicElements'.
kinsphere_prototype.tsx(6152,23): error TS2339: Property 'div' does not exist on type 'JSX.IntrinsicElements'.
kinsphere_prototype.tsx(6154,21): error TS2339: Property 'div' does not exist on type 'JSX.IntrinsicElements'.
kinsphere_prototype.tsx(6155,23): error TS2339: Property 'div' does not exist on type 'JSX.IntrinsicElements'.
kinsphere_prototype.tsx(6155,119): error TS2339: Property 'div' does not exist on type 'JSX.IntrinsicElements'.
kinsphere_prototype.tsx(6156,23): error TS2339: Property 'select' does not exist on type 'JSX.IntrinsicElements'.
kinsphere_prototype.tsx(6161,25): error TS2339: Property 'option' does not exist on type 'JSX.IntrinsicElements'.
kinsphere_prototype.tsx(6161,50): error TS2339: Property 'option' does not exist on type 'JSX.IntrinsicElements'.
kinsphere_prototype.tsx(6162,25): error TS2339: Property 'option' does not exist on type 'JSX.IntrinsicElements'.
kinsphere_prototype.tsx(6162,50): error TS2339: Property 'option' does not exist on type 'JSX.IntrinsicElements'.
kinsphere_prototype.tsx(6163,23): error TS2339: Property 'select' does not exist on type 'JSX.IntrinsicElements'.
kinsphere_prototype.tsx(6164,21): error TS2339: Property 'div' does not exist on type 'JSX.IntrinsicElements'.
kinsphere_prototype.tsx(6176,19): error TS2339: Property 'div' does not exist on type 'JSX.IntrinsicElements'.
kinsphere_prototype.tsx(6185,17): error TS2339: Property 'div' does not exist on type 'JSX.IntrinsicElements'.
kinsphere_prototype.tsx(6186,15): error TS2339: Property 'div' does not exist on type 'JSX.IntrinsicElements'.
kinsphere_prototype.tsx(6189,13): error TS2339: Property 'div' does not exist on type 'JSX.IntrinsicElements'.
kinsphere_prototype.tsx(6190,13): error TS2339: Property 'div' does not exist on type 'JSX.IntrinsicElements'.
kinsphere_prototype.tsx(6198,13): error TS2339: Property 'div' does not exist on type 'JSX.IntrinsicElements'.
kinsphere_prototype.tsx(6202,19): error TS2339: Property 'div' does not exist on type 'JSX.IntrinsicElements'.
kinsphere_prototype.tsx(6203,19): error TS2339: Property 'div' does not exist on type 'JSX.IntrinsicElements'.
kinsphere_prototype.tsx(6204,19): error TS2339: Property 'table' does not exist on type 'JSX.IntrinsicElements'.
kinsphere_prototype.tsx(6205,21): error TS2339: Property 'thead' does not exist on type 'JSX.IntrinsicElements'.
kinsphere_prototype.tsx(6206,23): error TS2339: Property 'tr' does not exist on type 'JSX.IntrinsicElements'.
kinsphere_prototype.tsx(6208,27): error TS2339: Property 'th' does not exist on type 'JSX.IntrinsicElements'.
kinsphere_prototype.tsx(6208,222): error TS2339: Property 'th' does not exist on type 'JSX.IntrinsicElements'.
kinsphere_prototype.tsx(6210,23): error TS2339: Property 'tr' does not exist on type 'JSX.IntrinsicElements'.
kinsphere_prototype.tsx(6211,21): error TS2339: Property 'thead' does not exist on type 'JSX.IntrinsicElements'.
kinsphere_prototype.tsx(6212,21): error TS2339: Property 'tbody' does not exist on type 'JSX.IntrinsicElements'.
kinsphere_prototype.tsx(6214,25): error TS2339: Property 'tr' does not exist on type 'JSX.IntrinsicElements'.
kinsphere_prototype.tsx(6217,27): error TS2339: Property 'td' does not exist on type 'JSX.IntrinsicElements'.
kinsphere_prototype.tsx(6218,29): error TS2339: Property 'div' does not exist on type 'JSX.IntrinsicElements'.
kinsphere_prototype.tsx(6220,31): error TS2339: Property 'div' does not exist on type 'JSX.IntrinsicElements'.
kinsphere_prototype.tsx(6221,33): error TS2339: Property 'div' does not exist on type 'JSX.IntrinsicElements'.
kinsphere_prototype.tsx(6221,86): error TS2339: Property 'div' does not exist on type 'JSX.IntrinsicElements'.
kinsphere_prototype.tsx(6222,61): error TS2339: Property 'div' does not exist on type 'JSX.IntrinsicElements'.
kinsphere_prototype.tsx(6222,111): error TS2339: Property 'div' does not exist on type 'JSX.IntrinsicElements'.
kinsphere_prototype.tsx(6223,31): error TS2339: Property 'div' does not exist on type 'JSX.IntrinsicElements'.
kinsphere_prototype.tsx(6224,29): error TS2339: Property 'div' does not exist on type 'JSX.IntrinsicElements'.
kinsphere_prototype.tsx(6225,27): error TS2339: Property 'td' does not exist on type 'JSX.IntrinsicElements'.
kinsphere_prototype.tsx(6226,27): error TS2339: Property 'td' does not exist on type 'JSX.IntrinsicElements'.
kinsphere_prototype.tsx(6226,106): error TS2339: Property 'td' does not exist on type 'JSX.IntrinsicElements'.
kinsphere_prototype.tsx(6227,27): error TS2339: Property 'td' does not exist on type 'JSX.IntrinsicElements'.
kinsphere_prototype.tsx(6227,88): error TS2339: Property 'td' does not exist on type 'JSX.IntrinsicElements'.
kinsphere_prototype.tsx(6228,27): error TS2339: Property 'td' does not exist on type 'JSX.IntrinsicElements'.
kinsphere_prototype.tsx(6228,85): error TS2339: Property 'td' does not exist on type 'JSX.IntrinsicElements'.
kinsphere_prototype.tsx(6229,27): error TS2339: Property 'td' does not exist on type 'JSX.IntrinsicElements'.
kinsphere_prototype.tsx(6229,121): error TS2339: Property 'td' does not exist on type 'JSX.IntrinsicElements'.
kinsphere_prototype.tsx(6230,27): error TS2339: Property 'td' does not exist on type 'JSX.IntrinsicElements'.
kinsphere_prototype.tsx(6231,29): error TS2339: Property 'div' does not exist on type 'JSX.IntrinsicElements'.
kinsphere_prototype.tsx(6232,47): error TS2339: Property 'span' does not exist on type 'JSX.IntrinsicElements'.
kinsphere_prototype.tsx(6232,174): error TS2339: Property 'span' does not exist on type 'JSX.IntrinsicElements'.
kinsphere_prototype.tsx(6234,33): error TS2339: Property 'span' does not exist on type 'JSX.IntrinsicElements'.
kinsphere_prototype.tsx(6234,157): error TS2339: Property 'span' does not exist on type 'JSX.IntrinsicElements'.
kinsphere_prototype.tsx(6236,33): error TS2339: Property 'span' does not exist on type 'JSX.IntrinsicElements'.
kinsphere_prototype.tsx(6236,152): error TS2339: Property 'span' does not exist on type 'JSX.IntrinsicElements'.
kinsphere_prototype.tsx(6238,29): error TS2339: Property 'div' does not exist on type 'JSX.IntrinsicElements'.
kinsphere_prototype.tsx(6239,27): error TS2339: Property 'td' does not exist on type 'JSX.IntrinsicElements'.
kinsphere_prototype.tsx(6240,27): error TS2339: Property 'td' does not exist on type 'JSX.IntrinsicElements'.
kinsphere_prototype.tsx(6241,29): error TS2339: Property 'div' does not exist on type 'JSX.IntrinsicElements'.
kinsphere_prototype.tsx(6244,33): error TS2339: Property 'button' does not exist on type 'JSX.IntrinsicElements'.
kinsphere_prototype.tsx(6252,33): error TS2339: Property 'button' does not exist on type 'JSX.IntrinsicElements'.
kinsphere_prototype.tsx(6254,29): error TS2339: Property 'div' does not exist on type 'JSX.IntrinsicElements'.
kinsphere_prototype.tsx(6255,27): error TS2339: Property 'td' does not exist on type 'JSX.IntrinsicElements'.
kinsphere_prototype.tsx(6256,25): error TS2339: Property 'tr' does not exist on type 'JSX.IntrinsicElements'.
kinsphere_prototype.tsx(6259,25): error TS2339: Property 'tr' does not exist on type 'JSX.IntrinsicElements'.
kinsphere_prototype.tsx(6259,29): error TS2339: Property 'td' does not exist on type 'JSX.IntrinsicElements'.
kinsphere_prototype.tsx(6259,150): error TS2339: Property 'td' does not exist on type 'JSX.IntrinsicElements'.
kinsphere_prototype.tsx(6259,155): error TS2339: Property 'tr' does not exist on type 'JSX.IntrinsicElements'.
kinsphere_prototype.tsx(6261,21): error TS2339: Property 'tbody' does not exist on type 'JSX.IntrinsicElements'.
kinsphere_prototype.tsx(6262,19): error TS2339: Property 'table' does not exist on type 'JSX.IntrinsicElements'.
kinsphere_prototype.tsx(6263,19): error TS2339: Property 'div' does not exist on type 'JSX.IntrinsicElements'.
kinsphere_prototype.tsx(6264,17): error TS2339: Property 'div' does not exist on type 'JSX.IntrinsicElements'.
kinsphere_prototype.tsx(6267,19): error TS2339: Property 'div' does not exist on type 'JSX.IntrinsicElements'.
kinsphere_prototype.tsx(6268,21): error TS2339: Property 'div' does not exist on type 'JSX.IntrinsicElements'.
kinsphere_prototype.tsx(6268,138): error TS2339: Property 'div' does not exist on type 'JSX.IntrinsicElements'.
kinsphere_prototype.tsx(6269,21): error TS2339: Property 'div' does not exist on type 'JSX.IntrinsicElements'.
kinsphere_prototype.tsx(6270,23): error TS2339: Property 'table' does not exist on type 'JSX.IntrinsicElements'.
kinsphere_prototype.tsx(6271,25): error TS2339: Property 'thead' does not exist on type 'JSX.IntrinsicElements'.
kinsphere_prototype.tsx(6272,27): error TS2339: Property 'tr' does not exist on type 'JSX.IntrinsicElements'.
kinsphere_prototype.tsx(6274,31): error TS2339: Property 'th' does not exist on type 'JSX.IntrinsicElements'.
kinsphere_prototype.tsx(6274,193): error TS2339: Property 'th' does not exist on type 'JSX.IntrinsicElements'.
kinsphere_prototype.tsx(6276,27): error TS2339: Property 'tr' does not exist on type 'JSX.IntrinsicElements'.
kinsphere_prototype.tsx(6277,25): error TS2339: Property 'thead' does not exist on type 'JSX.IntrinsicElements'.
kinsphere_prototype.tsx(6278,25): error TS2339: Property 'tbody' does not exist on type 'JSX.IntrinsicElements'.
kinsphere_prototype.tsx(6280,29): error TS2339: Property 'tr' does not exist on type 'JSX.IntrinsicElements'.
kinsphere_prototype.tsx(6281,31): error TS2339: Property 'td' does not exist on type 'JSX.IntrinsicElements'.
kinsphere_prototype.tsx(6281,90): error TS2339: Property 'td' does not exist on type 'JSX.IntrinsicElements'.
kinsphere_prototype.tsx(6282,31): error TS2339: Property 'td' does not exist on type 'JSX.IntrinsicElements'.
kinsphere_prototype.tsx(6282,96): error TS2339: Property 'td' does not exist on type 'JSX.IntrinsicElements'.
kinsphere_prototype.tsx(6283,31): error TS2339: Property 'td' does not exist on type 'JSX.IntrinsicElements'.
kinsphere_prototype.tsx(6283,83): error TS2339: Property 'td' does not exist on type 'JSX.IntrinsicElements'.
kinsphere_prototype.tsx(6284,31): error TS2339: Property 'td' does not exist on type 'JSX.IntrinsicElements'.
kinsphere_prototype.tsx(6284,97): error TS2339: Property 'td' does not exist on type 'JSX.IntrinsicElements'.
kinsphere_prototype.tsx(6285,31): error TS2339: Property 'td' does not exist on type 'JSX.IntrinsicElements'.
kinsphere_prototype.tsx(6285,68): error TS2339: Property 'span' does not exist on type 'JSX.IntrinsicElements'.
kinsphere_prototype.tsx(6285,124): error TS2339: Property 'span' does not exist on type 'JSX.IntrinsicElements'.
kinsphere_prototype.tsx(6285,131): error TS2339: Property 'td' does not exist on type 'JSX.IntrinsicElements'.
kinsphere_prototype.tsx(6286,29): error TS2339: Property 'tr' does not exist on type 'JSX.IntrinsicElements'.
kinsphere_prototype.tsx(6288,25): error TS2339: Property 'tbody' does not exist on type 'JSX.IntrinsicElements'.
kinsphere_prototype.tsx(6289,23): error TS2339: Property 'table' does not exist on type 'JSX.IntrinsicElements'.
kinsphere_prototype.tsx(6290,21): error TS2339: Property 'div' does not exist on type 'JSX.IntrinsicElements'.
kinsphere_prototype.tsx(6291,19): error TS2339: Property 'div' does not exist on type 'JSX.IntrinsicElements'.
kinsphere_prototype.tsx(6295,17): error TS2339: Property 'div' does not exist on type 'JSX.IntrinsicElements'.
kinsphere_prototype.tsx(6301,23): error TS2339: Property 'div' does not exist on type 'JSX.IntrinsicElements'.
kinsphere_prototype.tsx(6302,23): error TS2339: Property 'div' does not exist on type 'JSX.IntrinsicElements'.
kinsphere_prototype.tsx(6303,25): error TS2339: Property 'div' does not exist on type 'JSX.IntrinsicElements'.
kinsphere_prototype.tsx(6303,204): error TS2339: Property 'div' does not exist on type 'JSX.IntrinsicElements'.
kinsphere_prototype.tsx(6304,25): error TS2339: Property 'div' does not exist on type 'JSX.IntrinsicElements'.
kinsphere_prototype.tsx(6305,27): error TS2339: Property 'div' does not exist on type 'JSX.IntrinsicElements'.
kinsphere_prototype.tsx(6305,144): error TS2339: Property 'div' does not exist on type 'JSX.IntrinsicElements'.
kinsphere_prototype.tsx(6306,27): error TS2339: Property 'div' does not exist on type 'JSX.IntrinsicElements'.
kinsphere_prototype.tsx(6306,90): error TS2339: Property 'div' does not exist on type 'JSX.IntrinsicElements'.
kinsphere_prototype.tsx(6307,25): error TS2339: Property 'div' does not exist on type 'JSX.IntrinsicElements'.
kinsphere_prototype.tsx(6308,23): error TS2339: Property 'div' does not exist on type 'JSX.IntrinsicElements'.
kinsphere_prototype.tsx(6309,23): error TS2339: Property 'div' does not exist on type 'JSX.IntrinsicElements'.
kinsphere_prototype.tsx(6310,25): error TS2339: Property 'div' does not exist on type 'JSX.IntrinsicElements'.
kinsphere_prototype.tsx(6311,27): error TS2339: Property 'div' does not exist on type 'JSX.IntrinsicElements'.
kinsphere_prototype.tsx(6311,106): error TS2339: Property 'div' does not exist on type 'JSX.IntrinsicElements'.
kinsphere_prototype.tsx(6312,27): error TS2339: Property 'div' does not exist on type 'JSX.IntrinsicElements'.
kinsphere_prototype.tsx(6312,90): error TS2339: Property 'div' does not exist on type 'JSX.IntrinsicElements'.
kinsphere_prototype.tsx(6313,25): error TS2339: Property 'div' does not exist on type 'JSX.IntrinsicElements'.
kinsphere_prototype.tsx(6314,25): error TS2339: Property 'div' does not exist on type 'JSX.IntrinsicElements'.
kinsphere_prototype.tsx(6315,27): error TS2339: Property 'div' does not exist on type 'JSX.IntrinsicElements'.
kinsphere_prototype.tsx(6315,108): error TS2339: Property 'div' does not exist on type 'JSX.IntrinsicElements'.
kinsphere_prototype.tsx(6316,27): error TS2339: Property 'div' does not exist on type 'JSX.IntrinsicElements'.
kinsphere_prototype.tsx(6316,94): error TS2339: Property 'div' does not exist on type 'JSX.IntrinsicElements'.
kinsphere_prototype.tsx(6317,25): error TS2339: Property 'div' does not exist on type 'JSX.IntrinsicElements'.
kinsphere_prototype.tsx(6319,23): error TS2339: Property 'div' does not exist on type 'JSX.IntrinsicElements'.
kinsphere_prototype.tsx(6325,17): error TS2339: Property 'div' does not exist on type 'JSX.IntrinsicElements'.
kinsphere_prototype.tsx(6328,15): error TS2339: Property 'div' does not exist on type 'JSX.IntrinsicElements'.
kinsphere_prototype.tsx(6329,17): error TS2339: Property 'div' does not exist on type 'JSX.IntrinsicElements'.
kinsphere_prototype.tsx(6330,17): error TS2339: Property 'table' does not exist on type 'JSX.IntrinsicElements'.
kinsphere_prototype.tsx(6331,19): error TS2339: Property 'thead' does not exist on type 'JSX.IntrinsicElements'.
kinsphere_prototype.tsx(6332,21): error TS2339: Property 'tr' does not exist on type 'JSX.IntrinsicElements'.
kinsphere_prototype.tsx(6334,25): error TS2339: Property 'th' does not exist on type 'JSX.IntrinsicElements'.
kinsphere_prototype.tsx(6334,199): error TS2339: Property 'th' does not exist on type 'JSX.IntrinsicElements'.
kinsphere_prototype.tsx(6336,21): error TS2339: Property 'tr' does not exist on type 'JSX.IntrinsicElements'.
kinsphere_prototype.tsx(6337,19): error TS2339: Property 'thead' does not exist on type 'JSX.IntrinsicElements'.
kinsphere_prototype.tsx(6338,19): error TS2339: Property 'tbody' does not exist on type 'JSX.IntrinsicElements'.
kinsphere_prototype.tsx(6340,23): error TS2339: Property 'tr' does not exist on type 'JSX.IntrinsicElements'.
kinsphere_prototype.tsx(6343,25): error TS2339: Property 'td' does not exist on type 'JSX.IntrinsicElements'.
kinsphere_prototype.tsx(6344,27): error TS2339: Property 'div' does not exist on type 'JSX.IntrinsicElements'.
kinsphere_prototype.tsx(6346,29): error TS2339: Property 'div' does not exist on type 'JSX.IntrinsicElements'.
kinsphere_prototype.tsx(6347,31): error TS2339: Property 'div' does not exist on type 'JSX.IntrinsicElements'.
kinsphere_prototype.tsx(6347,84): error TS2339: Property 'div' does not exist on type 'JSX.IntrinsicElements'.
kinsphere_prototype.tsx(6348,42): error TS2339: Property 'div' does not exist on type 'JSX.IntrinsicElements'.
kinsphere_prototype.tsx(6348,92): error TS2339: Property 'div' does not exist on type 'JSX.IntrinsicElements'.
kinsphere_prototype.tsx(6349,29): error TS2339: Property 'div' does not exist on type 'JSX.IntrinsicElements'.
kinsphere_prototype.tsx(6350,27): error TS2339: Property 'div' does not exist on type 'JSX.IntrinsicElements'.
kinsphere_prototype.tsx(6351,25): error TS2339: Property 'td' does not exist on type 'JSX.IntrinsicElements'.
kinsphere_prototype.tsx(6352,25): error TS2339: Property 'td' does not exist on type 'JSX.IntrinsicElements'.
kinsphere_prototype.tsx(6352,119): error TS2339: Property 'td' does not exist on type 'JSX.IntrinsicElements'.
kinsphere_prototype.tsx(6353,25): error TS2339: Property 'td' does not exist on type 'JSX.IntrinsicElements'.
kinsphere_prototype.tsx(6353,124): error TS2339: Property 'span' does not exist on type 'JSX.IntrinsicElements'.
kinsphere_prototype.tsx(6353,153): error TS2339: Property 'span' does not exist on type 'JSX.IntrinsicElements'.
kinsphere_prototype.tsx(6353,161): error TS2339: Property 'td' does not exist on type 'JSX.IntrinsicElements'.
kinsphere_prototype.tsx(6354,25): error TS2339: Property 'td' does not exist on type 'JSX.IntrinsicElements'.
kinsphere_prototype.tsx(6354,126): error TS2339: Property 'span' does not exist on type 'JSX.IntrinsicElements'.
kinsphere_prototype.tsx(6354,155): error TS2339: Property 'span' does not exist on type 'JSX.IntrinsicElements'.
kinsphere_prototype.tsx(6354,163): error TS2339: Property 'td' does not exist on type 'JSX.IntrinsicElements'.
kinsphere_prototype.tsx(6355,25): error TS2339: Property 'td' does not exist on type 'JSX.IntrinsicElements'.
kinsphere_prototype.tsx(6355,124): error TS2339: Property 'span' does not exist on type 'JSX.IntrinsicElements'.
kinsphere_prototype.tsx(6355,153): error TS2339: Property 'span' does not exist on type 'JSX.IntrinsicElements'.
kinsphere_prototype.tsx(6355,161): error TS2339: Property 'td' does not exist on type 'JSX.IntrinsicElements'.
kinsphere_prototype.tsx(6356,25): error TS2339: Property 'td' does not exist on type 'JSX.IntrinsicElements'.
kinsphere_prototype.tsx(6356,117): error TS2339: Property 'td' does not exist on type 'JSX.IntrinsicElements'.
kinsphere_prototype.tsx(6357,25): error TS2339: Property 'td' does not exist on type 'JSX.IntrinsicElements'.
kinsphere_prototype.tsx(6365,25): error TS2339: Property 'td' does not exist on type 'JSX.IntrinsicElements'.
kinsphere_prototype.tsx(6366,23): error TS2339: Property 'tr' does not exist on type 'JSX.IntrinsicElements'.
kinsphere_prototype.tsx(6368,19): error TS2339: Property 'tbody' does not exist on type 'JSX.IntrinsicElements'.
kinsphere_prototype.tsx(6369,17): error TS2339: Property 'table' does not exist on type 'JSX.IntrinsicElements'.
kinsphere_prototype.tsx(6370,17): error TS2339: Property 'div' does not exist on type 'JSX.IntrinsicElements'.
kinsphere_prototype.tsx(6371,15): error TS2339: Property 'div' does not exist on type 'JSX.IntrinsicElements'.
kinsphere_prototype.tsx(6373,11): error TS2339: Property 'div' does not exist on type 'JSX.IntrinsicElements'.
kinsphere_prototype.tsx(6382,97): error TS2339: Property 'sharedWith' does not exist on type '{ id: string; name: string; empId: number; candidateId: any; type: string; date: string; fileName: string; status: string; sendLink: any; filledBody: any; }'.
kinsphere_prototype.tsx(6382,113): error TS2339: Property 'sharedWith' does not exist on type '{ id: string; name: string; empId: number; candidateId: any; type: string; date: string; fileName: string; status: string; sendLink: any; filledBody: any; }'.
kinsphere_prototype.tsx(6401,27): error TS2339: Property 'svg' does not exist on type 'JSX.IntrinsicElements'.
kinsphere_prototype.tsx(6401,170): error TS2339: Property 'path' does not exist on type 'JSX.IntrinsicElements'.
kinsphere_prototype.tsx(6401,240): error TS2339: Property 'polyline' does not exist on type 'JSX.IntrinsicElements'.
kinsphere_prototype.tsx(6401,275): error TS2339: Property 'line' does not exist on type 'JSX.IntrinsicElements'.
kinsphere_prototype.tsx(6401,313): error TS2339: Property 'line' does not exist on type 'JSX.IntrinsicElements'.
kinsphere_prototype.tsx(6401,351): error TS2339: Property 'polyline' does not exist on type 'JSX.IntrinsicElements'.
kinsphere_prototype.tsx(6401,384): error TS2339: Property 'svg' does not exist on type 'JSX.IntrinsicElements'.
kinsphere_prototype.tsx(6402,28): error TS2339: Property 'svg' does not exist on type 'JSX.IntrinsicElements'.
kinsphere_prototype.tsx(6402,171): error TS2339: Property 'line' does not exist on type 'JSX.IntrinsicElements'.
kinsphere_prototype.tsx(6402,209): error TS2339: Property 'polygon' does not exist on type 'JSX.IntrinsicElements'.
kinsphere_prototype.tsx(6402,254): error TS2339: Property 'svg' does not exist on type 'JSX.IntrinsicElements'.
kinsphere_prototype.tsx(6403,27): error TS2339: Property 'svg' does not exist on type 'JSX.IntrinsicElements'.
kinsphere_prototype.tsx(6403,170): error TS2339: Property 'path' does not exist on type 'JSX.IntrinsicElements'.
kinsphere_prototype.tsx(6403,226): error TS2339: Property 'circle' does not exist on type 'JSX.IntrinsicElements'.
kinsphere_prototype.tsx(6403,257): error TS2339: Property 'svg' does not exist on type 'JSX.IntrinsicElements'.
kinsphere_prototype.tsx(6404,27): error TS2339: Property 'svg' does not exist on type 'JSX.IntrinsicElements'.
kinsphere_prototype.tsx(6404,170): error TS2339: Property 'rect' does not exist on type 'JSX.IntrinsicElements'.
kinsphere_prototype.tsx(6404,226): error TS2339: Property 'line' does not exist on type 'JSX.IntrinsicElements'.
kinsphere_prototype.tsx(6404,262): error TS2339: Property 'line' does not exist on type 'JSX.IntrinsicElements'.
kinsphere_prototype.tsx(6404,298): error TS2339: Property 'svg' does not exist on type 'JSX.IntrinsicElements'.
kinsphere_prototype.tsx(6405,28): error TS2339: Property 'svg' does not exist on type 'JSX.IntrinsicElements'.
kinsphere_prototype.tsx(6405,171): error TS2339: Property 'path' does not exist on type 'JSX.IntrinsicElements'.
kinsphere_prototype.tsx(6405,242): error TS2339: Property 'path' does not exist on type 'JSX.IntrinsicElements'.
kinsphere_prototype.tsx(6405,314): error TS2339: Property 'svg' does not exist on type 'JSX.IntrinsicElements'.
kinsphere_prototype.tsx(6406,30): error TS2339: Property 'svg' does not exist on type 'JSX.IntrinsicElements'.
kinsphere_prototype.tsx(6406,173): error TS2339: Property 'path' does not exist on type 'JSX.IntrinsicElements'.
kinsphere_prototype.tsx(6406,228): error TS2339: Property 'svg' does not exist on type 'JSX.IntrinsicElements'.
kinsphere_prototype.tsx(6407,29): error TS2339: Property 'svg' does not exist on type 'JSX.IntrinsicElements'.
kinsphere_prototype.tsx(6407,172): error TS2339: Property 'circle' does not exist on type 'JSX.IntrinsicElements'.
kinsphere_prototype.tsx(6407,204): error TS2339: Property 'polyline' does not exist on type 'JSX.IntrinsicElements'.
kinsphere_prototype.tsx(6407,241): error TS2339: Property 'svg' does not exist on type 'JSX.IntrinsicElements'.
kinsphere_prototype.tsx(6410,13): error TS2339: Property 'div' does not exist on type 'JSX.IntrinsicElements'.
kinsphere_prototype.tsx(6412,15): error TS2339: Property 'div' does not exist on type 'JSX.IntrinsicElements'.
kinsphere_prototype.tsx(6417,17): error TS2339: Property 'div' does not exist on type 'JSX.IntrinsicElements'.
kinsphere_prototype.tsx(6418,17): error TS2339: Property 'div' does not exist on type 'JSX.IntrinsicElements'.
kinsphere_prototype.tsx(6419,19): error TS2339: Property 'div' does not exist on type 'JSX.IntrinsicElements'.
kinsphere_prototype.tsx(6420,21): error TS2339: Property 'div' does not exist on type 'JSX.IntrinsicElements'.
kinsphere_prototype.tsx(6421,23): error TS2339: Property 'svg' does not exist on type 'JSX.IntrinsicElements'.
kinsphere_prototype.tsx(6421,168): error TS2339: Property 'path' does not exist on type 'JSX.IntrinsicElements'.
kinsphere_prototype.tsx(6421,238): error TS2339: Property 'polyline' does not exist on type 'JSX.IntrinsicElements'.
kinsphere_prototype.tsx(6421,273): error TS2339: Property 'line' does not exist on type 'JSX.IntrinsicElements'.
kinsphere_prototype.tsx(6421,311): error TS2339: Property 'line' does not exist on type 'JSX.IntrinsicElements'.
kinsphere_prototype.tsx(6421,349): error TS2339: Property 'polyline' does not exist on type 'JSX.IntrinsicElements'.
kinsphere_prototype.tsx(6421,382): error TS2339: Property 'svg' does not exist on type 'JSX.IntrinsicElements'.
kinsphere_prototype.tsx(6422,21): error TS2339: Property 'div' does not exist on type 'JSX.IntrinsicElements'.
kinsphere_prototype.tsx(6423,21): error TS2339: Property 'h1' does not exist on type 'JSX.IntrinsicElements'.
kinsphere_prototype.tsx(6423,194): error TS2339: Property 'h1' does not exist on type 'JSX.IntrinsicElements'.
kinsphere_prototype.tsx(6424,19): error TS2339: Property 'div' does not exist on type 'JSX.IntrinsicElements'.
kinsphere_prototype.tsx(6426,19): error TS2339: Property 'div' does not exist on type 'JSX.IntrinsicElements'.
kinsphere_prototype.tsx(6429,23): error TS2339: Property 'button' does not exist on type 'JSX.IntrinsicElements'.
kinsphere_prototype.tsx(6435,23): error TS2339: Property 'button' does not exist on type 'JSX.IntrinsicElements'.
kinsphere_prototype.tsx(6437,19): error TS2339: Property 'div' does not exist on type 'JSX.IntrinsicElements'.
kinsphere_prototype.tsx(6438,17): error TS2339: Property 'div' does not exist on type 'JSX.IntrinsicElements'.
kinsphere_prototype.tsx(6439,15): error TS2339: Property 'div' does not exist on type 'JSX.IntrinsicElements'.
kinsphere_prototype.tsx(6441,15): error TS2339: Property 'div' does not exist on type 'JSX.IntrinsicElements'.
kinsphere_prototype.tsx(6444,17): error TS2339: Property 'div' does not exist on type 'JSX.IntrinsicElements'.
kinsphere_prototype.tsx(6445,19): error TS2339: Property 'div' does not exist on type 'JSX.IntrinsicElements'.
kinsphere_prototype.tsx(6446,21): error TS2339: Property 'div' does not exist on type 'JSX.IntrinsicElements'.
kinsphere_prototype.tsx(6447,23): error TS2339: Property 'input' does not exist on type 'JSX.IntrinsicElements'.
kinsphere_prototype.tsx(6453,25): error TS2339: Property 'button' does not exist on type 'JSX.IntrinsicElements'.
kinsphere_prototype.tsx(6453,334): error TS2339: Property 'button' does not exist on type 'JSX.IntrinsicElements'.
kinsphere_prototype.tsx(6455,21): error TS2339: Property 'div' does not exist on type 'JSX.IntrinsicElements'.
kinsphere_prototype.tsx(6456,19): error TS2339: Property 'div' does not exist on type 'JSX.IntrinsicElements'.
kinsphere_prototype.tsx(6458,19): error TS2339: Property 'div' does not exist on type 'JSX.IntrinsicElements'.
kinsphere_prototype.tsx(6459,21): error TS2339: Property 'table' does not exist on type 'JSX.IntrinsicElements'.
kinsphere_prototype.tsx(6460,23): error TS2339: Property 'thead' does not exist on type 'JSX.IntrinsicElements'.
kinsphere_prototype.tsx(6461,25): error TS2339: Property 'tr' does not exist on type 'JSX.IntrinsicElements'.
kinsphere_prototype.tsx(6463,29): error TS2339: Property 'th' does not exist on type 'JSX.IntrinsicElements'.
kinsphere_prototype.tsx(6463,222): error TS2339: Property 'th' does not exist on type 'JSX.IntrinsicElements'.
kinsphere_prototype.tsx(6465,25): error TS2339: Property 'tr' does not exist on type 'JSX.IntrinsicElements'.
kinsphere_prototype.tsx(6466,23): error TS2339: Property 'thead' does not exist on type 'JSX.IntrinsicElements'.
kinsphere_prototype.tsx(6467,23): error TS2339: Property 'tbody' does not exist on type 'JSX.IntrinsicElements'.
kinsphere_prototype.tsx(6473,29): error TS2339: Property 'tr' does not exist on type 'JSX.IntrinsicElements'.
kinsphere_prototype.tsx(6474,31): error TS2339: Property 'td' does not exist on type 'JSX.IntrinsicElements'.
kinsphere_prototype.tsx(6475,33): error TS2339: Property 'div' does not exist on type 'JSX.IntrinsicElements'.
kinsphere_prototype.tsx(6476,35): error TS2339: Property 'div' does not exist on type 'JSX.IntrinsicElements'.
kinsphere_prototype.tsx(6476,71): error TS2339: Property 'div' does not exist on type 'JSX.IntrinsicElements'.
kinsphere_prototype.tsx(6477,35): error TS2339: Property 'div' does not exist on type 'JSX.IntrinsicElements'.
kinsphere_prototype.tsx(6478,37): error TS2339: Property 'div' does not exist on type 'JSX.IntrinsicElements'.
kinsphere_prototype.tsx(6478,145): error TS2339: Property 'div' does not exist on type 'JSX.IntrinsicElements'.
kinsphere_prototype.tsx(6479,37): error TS2339: Property 'div' does not exist on type 'JSX.IntrinsicElements'.
kinsphere_prototype.tsx(6479,112): error TS2339: Property 'div' does not exist on type 'JSX.IntrinsicElements'.
kinsphere_prototype.tsx(6480,35): error TS2339: Property 'div' does not exist on type 'JSX.IntrinsicElements'.
kinsphere_prototype.tsx(6481,33): error TS2339: Property 'div' does not exist on type 'JSX.IntrinsicElements'.
kinsphere_prototype.tsx(6482,31): error TS2339: Property 'td' does not exist on type 'JSX.IntrinsicElements'.
kinsphere_prototype.tsx(6483,31): error TS2339: Property 'td' does not exist on type 'JSX.IntrinsicElements'.
kinsphere_prototype.tsx(6485,35): error TS2339: Property 'div' does not exist on type 'JSX.IntrinsicElements'.
kinsphere_prototype.tsx(6487,37): error TS2339: Property 'span' does not exist on type 'JSX.IntrinsicElements'.
kinsphere_prototype.tsx(6487,96): error TS2339: Property 'span' does not exist on type 'JSX.IntrinsicElements'.
kinsphere_prototype.tsx(6488,35): error TS2339: Property 'div' does not exist on type 'JSX.IntrinsicElements'.
kinsphere_prototype.tsx(6490,35): error TS2339: Property 'span' does not exist on type 'JSX.IntrinsicElements'.
kinsphere_prototype.tsx(6490,86): error TS2339: Property 'span' does not exist on type 'JSX.IntrinsicElements'.
kinsphere_prototype.tsx(6492,31): error TS2339: Property 'td' does not exist on type 'JSX.IntrinsicElements'.
kinsphere_prototype.tsx(6493,31): error TS2339: Property 'td' does not exist on type 'JSX.IntrinsicElements'.
kinsphere_prototype.tsx(6494,33): error TS2339: Property 'span' does not exist on type 'JSX.IntrinsicElements'.
kinsphere_prototype.tsx(6494,169): error TS2339: Property 'span' does not exist on type 'JSX.IntrinsicElements'.
kinsphere_prototype.tsx(6495,31): error TS2339: Property 'td' does not exist on type 'JSX.IntrinsicElements'.
kinsphere_prototype.tsx(6496,31): error TS2339: Property 'td' does not exist on type 'JSX.IntrinsicElements'.
kinsphere_prototype.tsx(6498,35): error TS2339: Property 'span' does not exist on type 'JSX.IntrinsicElements'.
kinsphere_prototype.tsx(6499,37): error TS2339: Property 'svg' does not exist on type 'JSX.IntrinsicElements'.
kinsphere_prototype.tsx(6499,135): error TS2339: Property 'polyline' does not exist on type 'JSX.IntrinsicElements'.
kinsphere_prototype.tsx(6499,170): error TS2339: Property 'svg' does not exist on type 'JSX.IntrinsicElements'.
kinsphere_prototype.tsx(6500,35): error TS2339: Property 'span' does not exist on type 'JSX.IntrinsicElements'.
kinsphere_prototype.tsx(6502,35): error TS2339: Property 'span' does not exist on type 'JSX.IntrinsicElements'.
kinsphere_prototype.tsx(6502,187): error TS2339: Property 'span' does not exist on type 'JSX.IntrinsicElements'.
kinsphere_prototype.tsx(6504,35): error TS2339: Property 'span' does not exist on type 'JSX.IntrinsicElements'.
kinsphere_prototype.tsx(6504,184): error TS2339: Property 'span' does not exist on type 'JSX.IntrinsicElements'.
kinsphere_prototype.tsx(6506,31): error TS2339: Property 'td' does not exist on type 'JSX.IntrinsicElements'.
kinsphere_prototype.tsx(6507,31): error TS2339: Property 'td' does not exist on type 'JSX.IntrinsicElements'.
kinsphere_prototype.tsx(6509,31): error TS2339: Property 'td' does not exist on type 'JSX.IntrinsicElements'.
kinsphere_prototype.tsx(6510,31): error TS2339: Property 'td' does not exist on type 'JSX.IntrinsicElements'.
kinsphere_prototype.tsx(6511,33): error TS2339: Property 'div' does not exist on type 'JSX.IntrinsicElements'.
kinsphere_prototype.tsx(6514,55): error TS2339: Property 'button' does not exist on type 'JSX.IntrinsicElements'.
kinsphere_prototype.tsx(6514,358): error TS2339: Property 'button' does not exist on type 'JSX.IntrinsicElements'.
kinsphere_prototype.tsx(6515,39): error TS2339: Property 'button' does not exist on type 'JSX.IntrinsicElements'.
kinsphere_prototype.tsx(6515,325): error TS2339: Property 'button' does not exist on type 'JSX.IntrinsicElements'.
kinsphere_prototype.tsx(6516,39): error TS2339: Property 'button' does not exist on type 'JSX.IntrinsicElements'.
kinsphere_prototype.tsx(6516,302): error TS2339: Property 'button' does not exist on type 'JSX.IntrinsicElements'.
kinsphere_prototype.tsx(6520,39): error TS2339: Property 'button' does not exist on type 'JSX.IntrinsicElements'.
kinsphere_prototype.tsx(6520,320): error TS2339: Property 'button' does not exist on type 'JSX.IntrinsicElements'.
kinsphere_prototype.tsx(6521,39): error TS2339: Property 'button' does not exist on type 'JSX.IntrinsicElements'.
kinsphere_prototype.tsx(6521,272): error TS2339: Property 'button' does not exist on type 'JSX.IntrinsicElements'.
kinsphere_prototype.tsx(6525,39): error TS2339: Property 'button' does not exist on type 'JSX.IntrinsicElements'.
kinsphere_prototype.tsx(6525,320): error TS2339: Property 'button' does not exist on type 'JSX.IntrinsicElements'.
kinsphere_prototype.tsx(6526,39): error TS2339: Property 'button' does not exist on type 'JSX.IntrinsicElements'.
kinsphere_prototype.tsx(6529,284): error TS2339: Property 'button' does not exist on type 'JSX.IntrinsicElements'.
kinsphere_prototype.tsx(6532,33): error TS2339: Property 'div' does not exist on type 'JSX.IntrinsicElements'.
kinsphere_prototype.tsx(6533,31): error TS2339: Property 'td' does not exist on type 'JSX.IntrinsicElements'.
kinsphere_prototype.tsx(6534,29): error TS2339: Property 'tr' does not exist on type 'JSX.IntrinsicElements'.
kinsphere_prototype.tsx(6538,27): error TS2339: Property 'tr' does not exist on type 'JSX.IntrinsicElements'.
kinsphere_prototype.tsx(6538,31): error TS2339: Property 'td' does not exist on type 'JSX.IntrinsicElements'.
kinsphere_prototype.tsx(6538,135): error TS2339: Property 'td' does not exist on type 'JSX.IntrinsicElements'.
kinsphere_prototype.tsx(6538,140): error TS2339: Property 'tr' does not exist on type 'JSX.IntrinsicElements'.
kinsphere_prototype.tsx(6540,23): error TS2339: Property 'tbody' does not exist on type 'JSX.IntrinsicElements'.
kinsphere_prototype.tsx(6541,21): error TS2339: Property 'table' does not exist on type 'JSX.IntrinsicElements'.
kinsphere_prototype.tsx(6542,19): error TS2339: Property 'div' does not exist on type 'JSX.IntrinsicElements'.
kinsphere_prototype.tsx(6543,17): error TS2339: Property 'div' does not exist on type 'JSX.IntrinsicElements'.
kinsphere_prototype.tsx(6548,17): error TS2339: Property 'div' does not exist on type 'JSX.IntrinsicElements'.
kinsphere_prototype.tsx(6551,19): error TS2339: Property 'div' does not exist on type 'JSX.IntrinsicElements'.
kinsphere_prototype.tsx(6553,23): error TS2339: Property 'div' does not exist on type 'JSX.IntrinsicElements'.
kinsphere_prototype.tsx(6554,25): error TS2339: Property 'div' does not exist on type 'JSX.IntrinsicElements'.
kinsphere_prototype.tsx(6556,25): error TS2339: Property 'div' does not exist on type 'JSX.IntrinsicElements'.
kinsphere_prototype.tsx(6557,25): error TS2339: Property 'div' does not exist on type 'JSX.IntrinsicElements'.
kinsphere_prototype.tsx(6557,169): error TS2339: Property 'div' does not exist on type 'JSX.IntrinsicElements'.
kinsphere_prototype.tsx(6558,35): error TS2339: Property 'div' does not exist on type 'JSX.IntrinsicElements'.
kinsphere_prototype.tsx(6559,23): error TS2339: Property 'div' does not exist on type 'JSX.IntrinsicElements'.
kinsphere_prototype.tsx(6561,19): error TS2339: Property 'div' does not exist on type 'JSX.IntrinsicElements'.
kinsphere_prototype.tsx(6565,23): error TS2339: Property 'div' does not exist on type 'JSX.IntrinsicElements'.
kinsphere_prototype.tsx(6566,25): error TS2339: Property 'h2' does not exist on type 'JSX.IntrinsicElements'.
kinsphere_prototype.tsx(6566,92): error TS2339: Property 'h2' does not exist on type 'JSX.IntrinsicElements'.
kinsphere_prototype.tsx(6568,23): error TS2339: Property 'div' does not exist on type 'JSX.IntrinsicElements'.
kinsphere_prototype.tsx(6569,23): error TS2339: Property 'div' does not exist on type 'JSX.IntrinsicElements'.
kinsphere_prototype.tsx(6577,31): error TS2339: Property 'div' does not exist on type 'JSX.IntrinsicElements'.
kinsphere_prototype.tsx(6578,33): error TS2339: Property 'div' does not exist on type 'JSX.IntrinsicElements'.
kinsphere_prototype.tsx(6578,205): error TS2339: Property 'div' does not exist on type 'JSX.IntrinsicElements'.
kinsphere_prototype.tsx(6579,33): error TS2339: Property 'span' does not exist on type 'JSX.IntrinsicElements'.
kinsphere_prototype.tsx(6579,140): error TS2339: Property 'span' does not exist on type 'JSX.IntrinsicElements'.
kinsphere_prototype.tsx(6580,31): error TS2339: Property 'div' does not exist on type 'JSX.IntrinsicElements'.
kinsphere_prototype.tsx(6581,31): error TS2339: Property 'div' does not exist on type 'JSX.IntrinsicElements'.
kinsphere_prototype.tsx(6581,115): error TS2339: Property 'div' does not exist on type 'JSX.IntrinsicElements'.
kinsphere_prototype.tsx(6582,31): error TS2339: Property 'div' does not exist on type 'JSX.IntrinsicElements'.
kinsphere_prototype.tsx(6583,33): error TS2339: Property 'span' does not exist on type 'JSX.IntrinsicElements'.
kinsphere_prototype.tsx(6583,124): error TS2339: Property 'span' does not exist on type 'JSX.IntrinsicElements'.
kinsphere_prototype.tsx(6584,33): error TS2339: Property 'span' does not exist on type 'JSX.IntrinsicElements'.
kinsphere_prototype.tsx(6584,122): error TS2339: Property 'span' does not exist on type 'JSX.IntrinsicElements'.
kinsphere_prototype.tsx(6585,31): error TS2339: Property 'div' does not exist on type 'JSX.IntrinsicElements'.
kinsphere_prototype.tsx(6589,23): error TS2339: Property 'div' does not exist on type 'JSX.IntrinsicElements'.
kinsphere_prototype.tsx(6594,21): error TS2339: Property 'div' does not exist on type 'JSX.IntrinsicElements'.
kinsphere_prototype.tsx(6596,25): error TS2339: Property 'div' does not exist on type 'JSX.IntrinsicElements'.
kinsphere_prototype.tsx(6596,118): error TS2339: Property 'div' does not exist on type 'JSX.IntrinsicElements'.
kinsphere_prototype.tsx(6598,25): error TS2339: Property 'label' does not exist on type 'JSX.IntrinsicElements'.
kinsphere_prototype.tsx(6598,147): error TS2339: Property 'label' does not exist on type 'JSX.IntrinsicElements'.
kinsphere_prototype.tsx(6599,25): error TS2339: Property 'select' does not exist on type 'JSX.IntrinsicElements'.
kinsphere_prototype.tsx(6609,27): error TS2339: Property 'option' does not exist on type 'JSX.IntrinsicElements'.
kinsphere_prototype.tsx(6609,62): error TS2339: Property 'option' does not exist on type 'JSX.IntrinsicElements'.
kinsphere_prototype.tsx(6610,47): error TS2339: Property 'option' does not exist on type 'JSX.IntrinsicElements'.
kinsphere_prototype.tsx(6610,98): error TS2339: Property 'option' does not exist on type 'JSX.IntrinsicElements'.
kinsphere_prototype.tsx(6611,25): error TS2339: Property 'select' does not exist on type 'JSX.IntrinsicElements'.
kinsphere_prototype.tsx(6613,25): error TS2339: Property 'div' does not exist on type 'JSX.IntrinsicElements'.
kinsphere_prototype.tsx(6615,25): error TS2339: Property 'div' does not exist on type 'JSX.IntrinsicElements'.
kinsphere_prototype.tsx(6617,30): error TS2339: Property 'div' does not exist on type 'JSX.IntrinsicElements'.
kinsphere_prototype.tsx(6617,90): error TS2339: Property 'div' does not exist on type 'JSX.IntrinsicElements'.
kinsphere_prototype.tsx(6619,29): error TS2339: Property 'div' does not exist on type 'JSX.IntrinsicElements'.
kinsphere_prototype.tsx(6620,31): error TS2339: Property 'label' does not exist on type 'JSX.IntrinsicElements'.
kinsphere_prototype.tsx(6620,164): error TS2339: Property 'label' does not exist on type 'JSX.IntrinsicElements'.
kinsphere_prototype.tsx(6621,31): error TS2339: Property 'input' does not exist on type 'JSX.IntrinsicElements'.
kinsphere_prototype.tsx(6627,29): error TS2339: Property 'div' does not exist on type 'JSX.IntrinsicElements'.
kinsphere_prototype.tsx(6629,25): error TS2339: Property 'div' does not exist on type 'JSX.IntrinsicElements'.
kinsphere_prototype.tsx(6630,25): error TS2339: Property 'div' does not exist on type 'JSX.IntrinsicElements'.
kinsphere_prototype.tsx(6636,25): error TS2339: Property 'div' does not exist on type 'JSX.IntrinsicElements'.
kinsphere_prototype.tsx(6640,26): error TS2339: Property 'div' does not exist on type 'JSX.IntrinsicElements'.
kinsphere_prototype.tsx(6641,28): error TS2339: Property 'div' does not exist on type 'JSX.IntrinsicElements'.
kinsphere_prototype.tsx(6641,133): error TS2339: Property 'div' does not exist on type 'JSX.IntrinsicElements'.
kinsphere_prototype.tsx(6642,28): error TS2339: Property 'h2' does not exist on type 'JSX.IntrinsicElements'.
kinsphere_prototype.tsx(6642,113): error TS2339: Property 'h2' does not exist on type 'JSX.IntrinsicElements'.
kinsphere_prototype.tsx(6643,26): error TS2339: Property 'div' does not exist on type 'JSX.IntrinsicElements'.
kinsphere_prototype.tsx(6644,26): error TS2339: Property 'pre' does not exist on type 'JSX.IntrinsicElements'.
kinsphere_prototype.tsx(6646,26): error TS2339: Property 'pre' does not exist on type 'JSX.IntrinsicElements'.
kinsphere_prototype.tsx(6648,21): error TS2339: Property 'div' does not exist on type 'JSX.IntrinsicElements'.
kinsphere_prototype.tsx(6653,23): error TS2339: Property 'div' does not exist on type 'JSX.IntrinsicElements'.
kinsphere_prototype.tsx(6655,23): error TS2339: Property 'div' does not exist on type 'JSX.IntrinsicElements'.
kinsphere_prototype.tsx(6656,23): error TS2339: Property 'h2' does not exist on type 'JSX.IntrinsicElements'.
kinsphere_prototype.tsx(6656,115): error TS2339: Property 'h2' does not exist on type 'JSX.IntrinsicElements'.
kinsphere_prototype.tsx(6657,23): error TS2339: Property 'p' does not exist on type 'JSX.IntrinsicElements'.
kinsphere_prototype.tsx(6660,23): error TS2339: Property 'p' does not exist on type 'JSX.IntrinsicElements'.
kinsphere_prototype.tsx(6662,23): error TS2339: Property 'div' does not exist on type 'JSX.IntrinsicElements'.
kinsphere_prototype.tsx(6673,38): error TS2739: Type '{ id: number; name: any; type: any; status: string; date: string; empId: string; filledBody: string; }' is missing the following properties from type '{ id: string; name: string; empId: number; candidateId: any; type: string; date: string; fileName: string; status: string; sendLink: any; filledBody: any; }': candidateId, fileName, sendLink
kinsphere_prototype.tsx(6680,23): error TS2339: Property 'div' does not exist on type 'JSX.IntrinsicElements'.
kinsphere_prototype.tsx(6683,17): error TS2339: Property 'div' does not exist on type 'JSX.IntrinsicElements'.
kinsphere_prototype.tsx(6702,19): error TS2339: Property 'div' does not exist on type 'JSX.IntrinsicElements'.
kinsphere_prototype.tsx(6704,21): error TS2339: Property 'div' does not exist on type 'JSX.IntrinsicElements'.
kinsphere_prototype.tsx(6706,25): error TS2339: Property 'div' does not exist on type 'JSX.IntrinsicElements'.
kinsphere_prototype.tsx(6706,143): error TS2339: Property 'div' does not exist on type 'JSX.IntrinsicElements'.
kinsphere_prototype.tsx(6707,25): error TS2339: Property 'div' does not exist on type 'JSX.IntrinsicElements'.
kinsphere_prototype.tsx(6707,144): error TS2339: Property 'div' does not exist on type 'JSX.IntrinsicElements'.
kinsphere_prototype.tsx(6708,25): error TS2339: Property 'div' does not exist on type 'JSX.IntrinsicElements'.
kinsphere_prototype.tsx(6708,111): error TS2339: Property 'div' does not exist on type 'JSX.IntrinsicElements'.
kinsphere_prototype.tsx(6711,25): error TS2339: Property 'div' does not exist on type 'JSX.IntrinsicElements'.
kinsphere_prototype.tsx(6711,145): error TS2339: Property 'div' does not exist on type 'JSX.IntrinsicElements'.
kinsphere_prototype.tsx(6712,25): error TS2339: Property 'div' does not exist on type 'JSX.IntrinsicElements'.
kinsphere_prototype.tsx(6712,150): error TS2339: Property 'div' does not exist on type 'JSX.IntrinsicElements'.
kinsphere_prototype.tsx(6713,25): error TS2339: Property 'div' does not exist on type 'JSX.IntrinsicElements'.
kinsphere_prototype.tsx(6713,100): error TS2339: Property 'div' does not exist on type 'JSX.IntrinsicElements'.
kinsphere_prototype.tsx(6716,25): error TS2339: Property 'div' does not exist on type 'JSX.IntrinsicElements'.
kinsphere_prototype.tsx(6716,144): error TS2339: Property 'div' does not exist on type 'JSX.IntrinsicElements'.
kinsphere_prototype.tsx(6717,25): error TS2339: Property 'div' does not exist on type 'JSX.IntrinsicElements'.
kinsphere_prototype.tsx(6717,147): error TS2339: Property 'div' does not exist on type 'JSX.IntrinsicElements'.
kinsphere_prototype.tsx(6718,25): error TS2339: Property 'div' does not exist on type 'JSX.IntrinsicElements'.
kinsphere_prototype.tsx(6718,89): error TS2339: Property 'div' does not exist on type 'JSX.IntrinsicElements'.
kinsphere_prototype.tsx(6720,21): error TS2339: Property 'div' does not exist on type 'JSX.IntrinsicElements'.
kinsphere_prototype.tsx(6723,21): error TS2339: Property 'div' does not exist on type 'JSX.IntrinsicElements'.
kinsphere_prototype.tsx(6724,23): error TS2339: Property 'div' does not exist on type 'JSX.IntrinsicElements'.
kinsphere_prototype.tsx(6725,25): error TS2339: Property 'div' does not exist on type 'JSX.IntrinsicElements'.
kinsphere_prototype.tsx(6727,25): error TS2339: Property 'div' does not exist on type 'JSX.IntrinsicElements'.
kinsphere_prototype.tsx(6731,23): error TS2339: Property 'div' does not exist on type 'JSX.IntrinsicElements'.
kinsphere_prototype.tsx(6732,23): error TS2339: Property 'table' does not exist on type 'JSX.IntrinsicElements'.
kinsphere_prototype.tsx(6733,25): error TS2339: Property 'thead' does not exist on type 'JSX.IntrinsicElements'.
kinsphere_prototype.tsx(6734,27): error TS2339: Property 'tr' does not exist on type 'JSX.IntrinsicElements'.
kinsphere_prototype.tsx(6736,31): error TS2339: Property 'th' does not exist on type 'JSX.IntrinsicElements'.
kinsphere_prototype.tsx(6736,205): error TS2339: Property 'th' does not exist on type 'JSX.IntrinsicElements'.
kinsphere_prototype.tsx(6738,27): error TS2339: Property 'tr' does not exist on type 'JSX.IntrinsicElements'.
kinsphere_prototype.tsx(6739,25): error TS2339: Property 'thead' does not exist on type 'JSX.IntrinsicElements'.
kinsphere_prototype.tsx(6740,25): error TS2339: Property 'tbody' does not exist on type 'JSX.IntrinsicElements'.
kinsphere_prototype.tsx(6742,29): error TS2339: Property 'tr' does not exist on type 'JSX.IntrinsicElements'.
kinsphere_prototype.tsx(6746,31): error TS2339: Property 'td' does not exist on type 'JSX.IntrinsicElements'.
kinsphere_prototype.tsx(6747,33): error TS2339: Property 'div' does not exist on type 'JSX.IntrinsicElements'.
kinsphere_prototype.tsx(6749,35): error TS2339: Property 'div' does not exist on type 'JSX.IntrinsicElements'.
kinsphere_prototype.tsx(6750,37): error TS2339: Property 'div' does not exist on type 'JSX.IntrinsicElements'.
kinsphere_prototype.tsx(6750,83): error TS2339: Property 'div' does not exist on type 'JSX.IntrinsicElements'.
kinsphere_prototype.tsx(6751,37): error TS2339: Property 'div' does not exist on type 'JSX.IntrinsicElements'.
kinsphere_prototype.tsx(6751,117): error TS2339: Property 'div' does not exist on type 'JSX.IntrinsicElements'.
kinsphere_prototype.tsx(6752,35): error TS2339: Property 'div' does not exist on type 'JSX.IntrinsicElements'.
kinsphere_prototype.tsx(6753,33): error TS2339: Property 'div' does not exist on type 'JSX.IntrinsicElements'.
kinsphere_prototype.tsx(6754,31): error TS2339: Property 'td' does not exist on type 'JSX.IntrinsicElements'.
kinsphere_prototype.tsx(6755,31): error TS2339: Property 'td' does not exist on type 'JSX.IntrinsicElements'.
kinsphere_prototype.tsx(6756,33): error TS2339: Property 'span' does not exist on type 'JSX.IntrinsicElements'.
kinsphere_prototype.tsx(6756,88): error TS2339: Property 'span' does not exist on type 'JSX.IntrinsicElements'.
kinsphere_prototype.tsx(6757,31): error TS2339: Property 'td' does not exist on type 'JSX.IntrinsicElements'.
kinsphere_prototype.tsx(6758,31): error TS2339: Property 'td' does not exist on type 'JSX.IntrinsicElements'.
kinsphere_prototype.tsx(6759,33): error TS2339: Property 'button' does not exist on type 'JSX.IntrinsicElements'.
kinsphere_prototype.tsx(6762,33): error TS2339: Property 'button' does not exist on type 'JSX.IntrinsicElements'.
kinsphere_prototype.tsx(6763,31): error TS2339: Property 'td' does not exist on type 'JSX.IntrinsicElements'.
kinsphere_prototype.tsx(6764,31): error TS2339: Property 'td' does not exist on type 'JSX.IntrinsicElements'.
kinsphere_prototype.tsx(6765,33): error TS2339: Property 'button' does not exist on type 'JSX.IntrinsicElements'.
kinsphere_prototype.tsx(6768,33): error TS2339: Property 'button' does not exist on type 'JSX.IntrinsicElements'.
kinsphere_prototype.tsx(6769,31): error TS2339: Property 'td' does not exist on type 'JSX.IntrinsicElements'.
kinsphere_prototype.tsx(6770,31): error TS2339: Property 'td' does not exist on type 'JSX.IntrinsicElements'.
kinsphere_prototype.tsx(6772,35): error TS2339: Property 'span' does not exist on type 'JSX.IntrinsicElements'.
kinsphere_prototype.tsx(6772,174): error TS2339: Property 'span' does not exist on type 'JSX.IntrinsicElements'.
kinsphere_prototype.tsx(6774,35): error TS2339: Property 'span' does not exist on type 'JSX.IntrinsicElements'.
kinsphere_prototype.tsx(6774,175): error TS2339: Property 'span' does not exist on type 'JSX.IntrinsicElements'.
kinsphere_prototype.tsx(6776,35): error TS2339: Property 'span' does not exist on type 'JSX.IntrinsicElements'.
kinsphere_prototype.tsx(6776,176): error TS2339: Property 'span' does not exist on type 'JSX.IntrinsicElements'.
kinsphere_prototype.tsx(6778,31): error TS2339: Property 'td' does not exist on type 'JSX.IntrinsicElements'.
kinsphere_prototype.tsx(6779,31): error TS2339: Property 'td' does not exist on type 'JSX.IntrinsicElements'.
kinsphere_prototype.tsx(6780,33): error TS2339: Property 'button' does not exist on type 'JSX.IntrinsicElements'.
kinsphere_prototype.tsx(6783,33): error TS2339: Property 'button' does not exist on type 'JSX.IntrinsicElements'.
kinsphere_prototype.tsx(6784,31): error TS2339: Property 'td' does not exist on type 'JSX.IntrinsicElements'.
kinsphere_prototype.tsx(6785,29): error TS2339: Property 'tr' does not exist on type 'JSX.IntrinsicElements'.
kinsphere_prototype.tsx(6787,25): error TS2339: Property 'tbody' does not exist on type 'JSX.IntrinsicElements'.
kinsphere_prototype.tsx(6788,23): error TS2339: Property 'table' does not exist on type 'JSX.IntrinsicElements'.
kinsphere_prototype.tsx(6789,21): error TS2339: Property 'div' does not exist on type 'JSX.IntrinsicElements'.
kinsphere_prototype.tsx(6794,25): error TS2339: Property 'div' does not exist on type 'JSX.IntrinsicElements'.
kinsphere_prototype.tsx(6795,27): error TS2339: Property 'p' does not exist on type 'JSX.IntrinsicElements'.
kinsphere_prototype.tsx(6797,27): error TS2339: Property 'p' does not exist on type 'JSX.IntrinsicElements'.
kinsphere_prototype.tsx(6798,27): error TS2339: Property 'div' does not exist on type 'JSX.IntrinsicElements'.
kinsphere_prototype.tsx(6800,31): error TS2339: Property 'div' does not exist on type 'JSX.IntrinsicElements'.
kinsphere_prototype.tsx(6801,33): error TS2339: Property 'div' does not exist on type 'JSX.IntrinsicElements'.
kinsphere_prototype.tsx(6802,35): error TS2339: Property 'div' does not exist on type 'JSX.IntrinsicElements'.
kinsphere_prototype.tsx(6802,90): error TS2339: Property 'div' does not exist on type 'JSX.IntrinsicElements'.
kinsphere_prototype.tsx(6803,35): error TS2339: Property 'div' does not exist on type 'JSX.IntrinsicElements'.
kinsphere_prototype.tsx(6803,86): error TS2339: Property 'div' does not exist on type 'JSX.IntrinsicElements'.
kinsphere_prototype.tsx(6804,33): error TS2339: Property 'div' does not exist on type 'JSX.IntrinsicElements'.
kinsphere_prototype.tsx(6805,33): error TS2339: Property 'button' does not exist on type 'JSX.IntrinsicElements'.
kinsphere_prototype.tsx(6808,33): error TS2339: Property 'button' does not exist on type 'JSX.IntrinsicElements'.
kinsphere_prototype.tsx(6809,31): error TS2339: Property 'div' does not exist on type 'JSX.IntrinsicElements'.
kinsphere_prototype.tsx(6811,27): error TS2339: Property 'div' does not exist on type 'JSX.IntrinsicElements'.
kinsphere_prototype.tsx(6812,27): error TS2339: Property 'div' does not exist on type 'JSX.IntrinsicElements'.
kinsphere_prototype.tsx(6813,29): error TS2339: Property 'div' does not exist on type 'JSX.IntrinsicElements'.
kinsphere_prototype.tsx(6813,123): error TS2339: Property 'div' does not exist on type 'JSX.IntrinsicElements'.
kinsphere_prototype.tsx(6814,29): error TS2339: Property 'div' does not exist on type 'JSX.IntrinsicElements'.
kinsphere_prototype.tsx(6815,31): error TS2339: Property 'input' does not exist on type 'JSX.IntrinsicElements'.
kinsphere_prototype.tsx(6818,31): error TS2339: Property 'select' does not exist on type 'JSX.IntrinsicElements'.
kinsphere_prototype.tsx(6820,33): error TS2339: Property 'option' does not exist on type 'JSX.IntrinsicElements'.
kinsphere_prototype.tsx(6820,49): error TS2339: Property 'option' does not exist on type 'JSX.IntrinsicElements'.
kinsphere_prototype.tsx(6821,33): error TS2339: Property 'option' does not exist on type 'JSX.IntrinsicElements'.
kinsphere_prototype.tsx(6821,50): error TS2339: Property 'option' does not exist on type 'JSX.IntrinsicElements'.
kinsphere_prototype.tsx(6822,33): error TS2339: Property 'option' does not exist on type 'JSX.IntrinsicElements'.
kinsphere_prototype.tsx(6822,46): error TS2339: Property 'option' does not exist on type 'JSX.IntrinsicElements'.
kinsphere_prototype.tsx(6823,33): error TS2339: Property 'option' does not exist on type 'JSX.IntrinsicElements'.
kinsphere_prototype.tsx(6823,46): error TS2339: Property 'option' does not exist on type 'JSX.IntrinsicElements'.
kinsphere_prototype.tsx(6824,31): error TS2339: Property 'select' does not exist on type 'JSX.IntrinsicElements'.
kinsphere_prototype.tsx(6831,29): error TS2339: Property 'div' does not exist on type 'JSX.IntrinsicElements'.
kinsphere_prototype.tsx(6832,27): error TS2339: Property 'div' does not exist on type 'JSX.IntrinsicElements'.
kinsphere_prototype.tsx(6833,25): error TS2339: Property 'div' does not exist on type 'JSX.IntrinsicElements'.
kinsphere_prototype.tsx(6851,137): error TS2345: Argument of type '{ reqId: string; verified: true; }' is not assignable to parameter of type 'SetStateAction<{ reqId: string; verified: boolean; fileName: string; customName: string; }>'.
  Type '{ reqId: string; verified: true; }' is missing the following properties from type '{ reqId: string; verified: boolean; fileName: string; customName: string; }': fileName, customName
kinsphere_prototype.tsx(6852,27): error TS2339: Property 'div' does not exist on type 'JSX.IntrinsicElements'.
kinsphere_prototype.tsx(6853,29): error TS2339: Property 'div' does not exist on type 'JSX.IntrinsicElements'.
kinsphere_prototype.tsx(6855,31): error TS2339: Property 'div' does not exist on type 'JSX.IntrinsicElements'.
kinsphere_prototype.tsx(6856,33): error TS2339: Property 'div' does not exist on type 'JSX.IntrinsicElements'.
kinsphere_prototype.tsx(6856,88): error TS2339: Property 'div' does not exist on type 'JSX.IntrinsicElements'.
kinsphere_prototype.tsx(6857,33): error TS2339: Property 'div' does not exist on type 'JSX.IntrinsicElements'.
kinsphere_prototype.tsx(6857,105): error TS2339: Property 'div' does not exist on type 'JSX.IntrinsicElements'.
kinsphere_prototype.tsx(6858,31): error TS2339: Property 'div' does not exist on type 'JSX.IntrinsicElements'.
kinsphere_prototype.tsx(6859,29): error TS2339: Property 'div' does not exist on type 'JSX.IntrinsicElements'.
kinsphere_prototype.tsx(6862,29): error TS2339: Property 'div' does not exist on type 'JSX.IntrinsicElements'.
kinsphere_prototype.tsx(6863,31): error TS2339: Property 'div' does not exist on type 'JSX.IntrinsicElements'.
kinsphere_prototype.tsx(6863,188): error TS2339: Property 'div' does not exist on type 'JSX.IntrinsicElements'.
kinsphere_prototype.tsx(6865,33): error TS2339: Property 'div' does not exist on type 'JSX.IntrinsicElements'.
kinsphere_prototype.tsx(6865,114): error TS2339: Property 'div' does not exist on type 'JSX.IntrinsicElements'.
kinsphere_prototype.tsx(6869,35): error TS2339: Property 'div' does not exist on type 'JSX.IntrinsicElements'.
kinsphere_prototype.tsx(6870,37): error TS2339: Property 'svg' does not exist on type 'JSX.IntrinsicElements'.
kinsphere_prototype.tsx(6870,128): error TS2339: Property 'polyline' does not exist on type 'JSX.IntrinsicElements'.
kinsphere_prototype.tsx(6870,163): error TS2339: Property 'svg' does not exist on type 'JSX.IntrinsicElements'.
kinsphere_prototype.tsx(6871,37): error TS2339: Property 'div' does not exist on type 'JSX.IntrinsicElements'.
kinsphere_prototype.tsx(6872,39): error TS2339: Property 'div' does not exist on type 'JSX.IntrinsicElements'.
kinsphere_prototype.tsx(6872,92): error TS2339: Property 'div' does not exist on type 'JSX.IntrinsicElements'.
kinsphere_prototype.tsx(6873,39): error TS2339: Property 'div' does not exist on type 'JSX.IntrinsicElements'.
kinsphere_prototype.tsx(6873,194): error TS2339: Property 'div' does not exist on type 'JSX.IntrinsicElements'.
kinsphere_prototype.tsx(6874,37): error TS2339: Property 'div' does not exist on type 'JSX.IntrinsicElements'.
kinsphere_prototype.tsx(6876,37): error TS2339: Property 'button' does not exist on type 'JSX.IntrinsicElements'.
kinsphere_prototype.tsx(6885,39): error TS2339: Property 'svg' does not exist on type 'JSX.IntrinsicElements'.
kinsphere_prototype.tsx(6885,182): error TS2339: Property 'path' does not exist on type 'JSX.IntrinsicElements'.
kinsphere_prototype.tsx(6885,238): error TS2339: Property 'circle' does not exist on type 'JSX.IntrinsicElements'.
kinsphere_prototype.tsx(6885,269): error TS2339: Property 'svg' does not exist on type 'JSX.IntrinsicElements'.
kinsphere_prototype.tsx(6886,37): error TS2339: Property 'button' does not exist on type 'JSX.IntrinsicElements'.
kinsphere_prototype.tsx(6888,39): error TS2339: Property 'button' does not exist on type 'JSX.IntrinsicElements'.
kinsphere_prototype.tsx(6891,187): error TS2339: Property 'button' does not exist on type 'JSX.IntrinsicElements'.
kinsphere_prototype.tsx(6893,35): error TS2339: Property 'div' does not exist on type 'JSX.IntrinsicElements'.
kinsphere_prototype.tsx(6896,29): error TS2339: Property 'div' does not exist on type 'JSX.IntrinsicElements'.
kinsphere_prototype.tsx(6900,31): error TS2339: Property 'div' does not exist on type 'JSX.IntrinsicElements'.
kinsphere_prototype.tsx(6901,33): error TS2339: Property 'div' does not exist on type 'JSX.IntrinsicElements'.
kinsphere_prototype.tsx(6901,162): error TS2339: Property 'div' does not exist on type 'JSX.IntrinsicElements'.
kinsphere_prototype.tsx(6903,35): error TS2339: Property 'div' does not exist on type 'JSX.IntrinsicElements'.
kinsphere_prototype.tsx(6904,37): error TS2339: Property 'svg' does not exist on type 'JSX.IntrinsicElements'.
kinsphere_prototype.tsx(6904,132): error TS2339: Property 'circle' does not exist on type 'JSX.IntrinsicElements'.
kinsphere_prototype.tsx(6904,164): error TS2339: Property 'line' does not exist on type 'JSX.IntrinsicElements'.
kinsphere_prototype.tsx(6904,202): error TS2339: Property 'line' does not exist on type 'JSX.IntrinsicElements'.
kinsphere_prototype.tsx(6904,244): error TS2339: Property 'svg' does not exist on type 'JSX.IntrinsicElements'.
kinsphere_prototype.tsx(6905,37): error TS2339: Property 'div' does not exist on type 'JSX.IntrinsicElements'.
kinsphere_prototype.tsx(6905,115): error TS2339: Property 'div' does not exist on type 'JSX.IntrinsicElements'.
kinsphere_prototype.tsx(6906,37): error TS2339: Property 'span' does not exist on type 'JSX.IntrinsicElements'.
kinsphere_prototype.tsx(6906,91): error TS2339: Property 'span' does not exist on type 'JSX.IntrinsicElements'.
kinsphere_prototype.tsx(6907,35): error TS2339: Property 'div' does not exist on type 'JSX.IntrinsicElements'.
kinsphere_prototype.tsx(6909,31): error TS2339: Property 'div' does not exist on type 'JSX.IntrinsicElements'.
kinsphere_prototype.tsx(6914,31): error TS2339: Property 'div' does not exist on type 'JSX.IntrinsicElements'.
kinsphere_prototype.tsx(6915,33): error TS2339: Property 'div' does not exist on type 'JSX.IntrinsicElements'.
kinsphere_prototype.tsx(6915,157): error TS2339: Property 'div' does not exist on type 'JSX.IntrinsicElements'.
kinsphere_prototype.tsx(6916,33): error TS2339: Property 'div' does not exist on type 'JSX.IntrinsicElements'.
kinsphere_prototype.tsx(6918,33): error TS2339: Property 'div' does not exist on type 'JSX.IntrinsicElements'.
kinsphere_prototype.tsx(6920,35): error TS2339: Property 'div' does not exist on type 'JSX.IntrinsicElements'.
kinsphere_prototype.tsx(6921,37): error TS2339: Property 'div' does not exist on type 'JSX.IntrinsicElements'.
kinsphere_prototype.tsx(6921,123): error TS2339: Property 'div' does not exist on type 'JSX.IntrinsicElements'.
kinsphere_prototype.tsx(6922,37): error TS2339: Property 'div' does not exist on type 'JSX.IntrinsicElements'.
kinsphere_prototype.tsx(6923,39): error TS2339: Property 'select' does not exist on type 'JSX.IntrinsicElements'.
kinsphere_prototype.tsx(6925,41): error TS2339: Property 'option' does not exist on type 'JSX.IntrinsicElements'.
kinsphere_prototype.tsx(6925,87): error TS2339: Property 'option' does not exist on type 'JSX.IntrinsicElements'.
kinsphere_prototype.tsx(6927,43): error TS2339: Property 'option' does not exist on type 'JSX.IntrinsicElements'.
kinsphere_prototype.tsx(6927,103): error TS2339: Property 'option' does not exist on type 'JSX.IntrinsicElements'.
kinsphere_prototype.tsx(6929,39): error TS2339: Property 'select' does not exist on type 'JSX.IntrinsicElements'.
kinsphere_prototype.tsx(6930,39): error TS2339: Property 'button' does not exist on type 'JSX.IntrinsicElements'.
kinsphere_prototype.tsx(6946,39): error TS2339: Property 'button' does not exist on type 'JSX.IntrinsicElements'.
kinsphere_prototype.tsx(6947,37): error TS2339: Property 'div' does not exist on type 'JSX.IntrinsicElements'.
kinsphere_prototype.tsx(6948,35): error TS2339: Property 'div' does not exist on type 'JSX.IntrinsicElements'.
kinsphere_prototype.tsx(6950,31): error TS2339: Property 'div' does not exist on type 'JSX.IntrinsicElements'.
kinsphere_prototype.tsx(6955,29): error TS2339: Property 'div' does not exist on type 'JSX.IntrinsicElements'.
kinsphere_prototype.tsx(6956,31): error TS2339: Property 'div' does not exist on type 'JSX.IntrinsicElements'.
kinsphere_prototype.tsx(6957,33): error TS2339: Property 'svg' does not exist on type 'JSX.IntrinsicElements'.
kinsphere_prototype.tsx(6957,122): error TS2339: Property 'path' does not exist on type 'JSX.IntrinsicElements'.
kinsphere_prototype.tsx(6957,150): error TS2339: Property 'svg' does not exist on type 'JSX.IntrinsicElements'.
kinsphere_prototype.tsx(6958,33): error TS2339: Property 'div' does not exist on type 'JSX.IntrinsicElements'.
kinsphere_prototype.tsx(6958,124): error TS2339: Property 'div' does not exist on type 'JSX.IntrinsicElements'.
kinsphere_prototype.tsx(6959,31): error TS2339: Property 'div' does not exist on type 'JSX.IntrinsicElements'.
kinsphere_prototype.tsx(6960,31): error TS2339: Property 'div' does not exist on type 'JSX.IntrinsicElements'.
kinsphere_prototype.tsx(6961,33): error TS2339: Property 'div' does not exist on type 'JSX.IntrinsicElements'.
kinsphere_prototype.tsx(6962,35): error TS2339: Property 'label' does not exist on type 'JSX.IntrinsicElements'.
kinsphere_prototype.tsx(6962,159): error TS2339: Property 'label' does not exist on type 'JSX.IntrinsicElements'.
kinsphere_prototype.tsx(6963,35): error TS2339: Property 'select' does not exist on type 'JSX.IntrinsicElements'.
kinsphere_prototype.tsx(6965,37): error TS2339: Property 'option' does not exist on type 'JSX.IntrinsicElements'.
kinsphere_prototype.tsx(6965,78): error TS2339: Property 'option' does not exist on type 'JSX.IntrinsicElements'.
kinsphere_prototype.tsx(6966,55): error TS2339: Property 'option' does not exist on type 'JSX.IntrinsicElements'.
kinsphere_prototype.tsx(6966,95): error TS2339: Property 'option' does not exist on type 'JSX.IntrinsicElements'.
kinsphere_prototype.tsx(6967,37): error TS2339: Property 'option' does not exist on type 'JSX.IntrinsicElements'.
kinsphere_prototype.tsx(6967,79): error TS2339: Property 'option' does not exist on type 'JSX.IntrinsicElements'.
kinsphere_prototype.tsx(6968,35): error TS2339: Property 'select' does not exist on type 'JSX.IntrinsicElements'.
kinsphere_prototype.tsx(6969,33): error TS2339: Property 'div' does not exist on type 'JSX.IntrinsicElements'.
kinsphere_prototype.tsx(6971,35): error TS2339: Property 'div' does not exist on type 'JSX.IntrinsicElements'.
kinsphere_prototype.tsx(6972,37): error TS2339: Property 'label' does not exist on type 'JSX.IntrinsicElements'.
kinsphere_prototype.tsx(6972,159): error TS2339: Property 'label' does not exist on type 'JSX.IntrinsicElements'.
kinsphere_prototype.tsx(6973,37): error TS2339: Property 'input' does not exist on type 'JSX.IntrinsicElements'.
kinsphere_prototype.tsx(6977,35): error TS2339: Property 'div' does not exist on type 'JSX.IntrinsicElements'.
kinsphere_prototype.tsx(6981,33): error TS2339: Property 'div' does not exist on type 'JSX.IntrinsicElements'.
kinsphere_prototype.tsx(6982,35): error TS2339: Property 'label' does not exist on type 'JSX.IntrinsicElements'.
kinsphere_prototype.tsx(6982,156): error TS2339: Property 'label' does not exist on type 'JSX.IntrinsicElements'.
kinsphere_prototype.tsx(6983,35): error TS2339: Property 'div' does not exist on type 'JSX.IntrinsicElements'.
kinsphere_prototype.tsx(6987,37): error TS2339: Property 'input' does not exist on type 'JSX.IntrinsicElements'.
kinsphere_prototype.tsx(6992,39): error TS2339: Property 'div' does not exist on type 'JSX.IntrinsicElements'.
kinsphere_prototype.tsx(6993,41): error TS2339: Property 'div' does not exist on type 'JSX.IntrinsicElements'.
kinsphere_prototype.tsx(6994,43): error TS2339: Property 'svg' does not exist on type 'JSX.IntrinsicElements'.
kinsphere_prototype.tsx(6994,141): error TS2339: Property 'path' does not exist on type 'JSX.IntrinsicElements'.
kinsphere_prototype.tsx(6994,211): error TS2339: Property 'polyline' does not exist on type 'JSX.IntrinsicElements'.
kinsphere_prototype.tsx(6994,246): error TS2339: Property 'line' does not exist on type 'JSX.IntrinsicElements'.
kinsphere_prototype.tsx(6994,284): error TS2339: Property 'svg' does not exist on type 'JSX.IntrinsicElements'.
kinsphere_prototype.tsx(6995,41): error TS2339: Property 'div' does not exist on type 'JSX.IntrinsicElements'.
kinsphere_prototype.tsx(6996,41): error TS2339: Property 'div' does not exist on type 'JSX.IntrinsicElements'.
kinsphere_prototype.tsx(6996,128): error TS2339: Property 'div' does not exist on type 'JSX.IntrinsicElements'.
kinsphere_prototype.tsx(6997,41): error TS2339: Property 'div' does not exist on type 'JSX.IntrinsicElements'.
kinsphere_prototype.tsx(6997,102): error TS2339: Property 'div' does not exist on type 'JSX.IntrinsicElements'.
kinsphere_prototype.tsx(6998,39): error TS2339: Property 'div' does not exist on type 'JSX.IntrinsicElements'.
kinsphere_prototype.tsx(7000,39): error TS2339: Property 'div' does not exist on type 'JSX.IntrinsicElements'.
kinsphere_prototype.tsx(7001,41): error TS2339: Property 'div' does not exist on type 'JSX.IntrinsicElements'.
kinsphere_prototype.tsx(7002,43): error TS2339: Property 'svg' does not exist on type 'JSX.IntrinsicElements'.
kinsphere_prototype.tsx(7002,141): error TS2339: Property 'path' does not exist on type 'JSX.IntrinsicElements'.
kinsphere_prototype.tsx(7002,194): error TS2339: Property 'polyline' does not exist on type 'JSX.IntrinsicElements'.
kinsphere_prototype.tsx(7002,228): error TS2339: Property 'line' does not exist on type 'JSX.IntrinsicElements'.
kinsphere_prototype.tsx(7002,266): error TS2339: Property 'svg' does not exist on type 'JSX.IntrinsicElements'.
kinsphere_prototype.tsx(7003,41): error TS2339: Property 'div' does not exist on type 'JSX.IntrinsicElements'.
kinsphere_prototype.tsx(7004,41): error TS2339: Property 'div' does not exist on type 'JSX.IntrinsicElements'.
kinsphere_prototype.tsx(7004,120): error TS2339: Property 'div' does not exist on type 'JSX.IntrinsicElements'.
kinsphere_prototype.tsx(7005,41): error TS2339: Property 'div' does not exist on type 'JSX.IntrinsicElements'.
kinsphere_prototype.tsx(7005,106): error TS2339: Property 'div' does not exist on type 'JSX.IntrinsicElements'.
kinsphere_prototype.tsx(7006,39): error TS2339: Property 'div' does not exist on type 'JSX.IntrinsicElements'.
kinsphere_prototype.tsx(7008,35): error TS2339: Property 'div' does not exist on type 'JSX.IntrinsicElements'.
kinsphere_prototype.tsx(7009,33): error TS2339: Property 'div' does not exist on type 'JSX.IntrinsicElements'.
kinsphere_prototype.tsx(7011,33): error TS2339: Property 'div' does not exist on type 'JSX.IntrinsicElements'.
kinsphere_prototype.tsx(7012,35): error TS2339: Property 'input' does not exist on type 'JSX.IntrinsicElements'.
kinsphere_prototype.tsx(7015,35): error TS2339: Property 'label' does not exist on type 'JSX.IntrinsicElements'.
kinsphere_prototype.tsx(7015,175): error TS2339: Property 'label' does not exist on type 'JSX.IntrinsicElements'.
kinsphere_prototype.tsx(7016,33): error TS2339: Property 'div' does not exist on type 'JSX.IntrinsicElements'.
kinsphere_prototype.tsx(7031,31): error TS2339: Property 'div' does not exist on type 'JSX.IntrinsicElements'.
kinsphere_prototype.tsx(7032,29): error TS2339: Property 'div' does not exist on type 'JSX.IntrinsicElements'.
kinsphere_prototype.tsx(7033,27): error TS2339: Property 'div' does not exist on type 'JSX.IntrinsicElements'.
kinsphere_prototype.tsx(7050,27): error TS2339: Property 'div' does not exist on type 'JSX.IntrinsicElements'.
kinsphere_prototype.tsx(7052,31): error TS2339: Property 'div' does not exist on type 'JSX.IntrinsicElements'.
kinsphere_prototype.tsx(7054,31): error TS2339: Property 'div' does not exist on type 'JSX.IntrinsicElements'.
kinsphere_prototype.tsx(7056,31): error TS2339: Property 'div' does not exist on type 'JSX.IntrinsicElements'.
kinsphere_prototype.tsx(7063,37): error TS2339: Property 'svg' does not exist on type 'JSX.IntrinsicElements'.
kinsphere_prototype.tsx(7063,128): error TS2339: Property 'polyline' does not exist on type 'JSX.IntrinsicElements'.
kinsphere_prototype.tsx(7063,163): error TS2339: Property 'svg' does not exist on type 'JSX.IntrinsicElements'.
kinsphere_prototype.tsx(7064,37): error TS2339: Property 'svg' does not exist on type 'JSX.IntrinsicElements'.
kinsphere_prototype.tsx(7064,132): error TS2339: Property 'circle' does not exist on type 'JSX.IntrinsicElements'.
kinsphere_prototype.tsx(7064,164): error TS2339: Property 'line' does not exist on type 'JSX.IntrinsicElements'.
kinsphere_prototype.tsx(7064,202): error TS2339: Property 'line' does not exist on type 'JSX.IntrinsicElements'.
kinsphere_prototype.tsx(7064,244): error TS2339: Property 'svg' does not exist on type 'JSX.IntrinsicElements'.
kinsphere_prototype.tsx(7066,33): error TS2339: Property 'div' does not exist on type 'JSX.IntrinsicElements'.
kinsphere_prototype.tsx(7067,35): error TS2339: Property 'div' does not exist on type 'JSX.IntrinsicElements'.
kinsphere_prototype.tsx(7067,88): error TS2339: Property 'div' does not exist on type 'JSX.IntrinsicElements'.
kinsphere_prototype.tsx(7068,35): error TS2339: Property 'div' does not exist on type 'JSX.IntrinsicElements'.
kinsphere_prototype.tsx(7068,84): error TS2339: Property 'div' does not exist on type 'JSX.IntrinsicElements'.
kinsphere_prototype.tsx(7069,33): error TS2339: Property 'div' does not exist on type 'JSX.IntrinsicElements'.
kinsphere_prototype.tsx(7070,31): error TS2339: Property 'div' does not exist on type 'JSX.IntrinsicElements'.
kinsphere_prototype.tsx(7072,27): error TS2339: Property 'div' does not exist on type 'JSX.IntrinsicElements'.
kinsphere_prototype.tsx(7076,19): error TS2339: Property 'div' does not exist on type 'JSX.IntrinsicElements'.
kinsphere_prototype.tsx(7083,19): error TS2339: Property 'div' does not exist on type 'JSX.IntrinsicElements'.
kinsphere_prototype.tsx(7084,21): error TS2339: Property 'p' does not exist on type 'JSX.IntrinsicElements'.
kinsphere_prototype.tsx(7085,73): error TS2339: Property 'strong' does not exist on type 'JSX.IntrinsicElements'.
kinsphere_prototype.tsx(7085,126): error TS2339: Property 'strong' does not exist on type 'JSX.IntrinsicElements'.
kinsphere_prototype.tsx(7086,21): error TS2339: Property 'p' does not exist on type 'JSX.IntrinsicElements'.
kinsphere_prototype.tsx(7087,21): error TS2339: Property 'div' does not exist on type 'JSX.IntrinsicElements'.
kinsphere_prototype.tsx(7088,23): error TS2339: Property 'label' does not exist on type 'JSX.IntrinsicElements'.
kinsphere_prototype.tsx(7088,131): error TS2339: Property 'label' does not exist on type 'JSX.IntrinsicElements'.
kinsphere_prototype.tsx(7089,23): error TS2339: Property 'select' does not exist on type 'JSX.IntrinsicElements'.
kinsphere_prototype.tsx(7090,45): error TS2339: Property 'option' does not exist on type 'JSX.IntrinsicElements'.
kinsphere_prototype.tsx(7090,96): error TS2339: Property 'option' does not exist on type 'JSX.IntrinsicElements'.
kinsphere_prototype.tsx(7091,23): error TS2339: Property 'select' does not exist on type 'JSX.IntrinsicElements'.
kinsphere_prototype.tsx(7092,21): error TS2339: Property 'div' does not exist on type 'JSX.IntrinsicElements'.
kinsphere_prototype.tsx(7093,21): error TS2339: Property 'div' does not exist on type 'JSX.IntrinsicElements'.
kinsphere_prototype.tsx(7096,79): error TS2339: Property 'value' does not exist on type 'HTMLElement'.
kinsphere_prototype.tsx(7101,56): error TS2339: Property 'sharedWith' does not exist on type '{ id: string; name: string; empId: number; candidateId: any; type: string; date: string; fileName: string; status: string; sendLink: any; filledBody: any; }'.
kinsphere_prototype.tsx(7112,21): error TS2339: Property 'div' does not exist on type 'JSX.IntrinsicElements'.
kinsphere_prototype.tsx(7113,19): error TS2339: Property 'div' does not exist on type 'JSX.IntrinsicElements'.
kinsphere_prototype.tsx(7120,19): error TS2339: Property 'div' does not exist on type 'JSX.IntrinsicElements'.
kinsphere_prototype.tsx(7121,21): error TS2339: Property 'div' does not exist on type 'JSX.IntrinsicElements'.
kinsphere_prototype.tsx(7122,23): error TS2339: Property 'div' does not exist on type 'JSX.IntrinsicElements'.
kinsphere_prototype.tsx(7123,25): error TS2339: Property 'h2' does not exist on type 'JSX.IntrinsicElements'.
kinsphere_prototype.tsx(7123,116): error TS2339: Property 'h2' does not exist on type 'JSX.IntrinsicElements'.
kinsphere_prototype.tsx(7124,25): error TS2339: Property 'div' does not exist on type 'JSX.IntrinsicElements'.
kinsphere_prototype.tsx(7125,27): error TS2339: Property 'span' does not exist on type 'JSX.IntrinsicElements'.
kinsphere_prototype.tsx(7125,39): error TS2339: Property 'strong' does not exist on type 'JSX.IntrinsicElements'.
kinsphere_prototype.tsx(7125,88): error TS2339: Property 'strong' does not exist on type 'JSX.IntrinsicElements'.
kinsphere_prototype.tsx(7125,97): error TS2339: Property 'span' does not exist on type 'JSX.IntrinsicElements'.
kinsphere_prototype.tsx(7126,27): error TS2339: Property 'span' does not exist on type 'JSX.IntrinsicElements'.
kinsphere_prototype.tsx(7126,34): error TS2339: Property 'span' does not exist on type 'JSX.IntrinsicElements'.
kinsphere_prototype.tsx(7127,27): error TS2339: Property 'span' does not exist on type 'JSX.IntrinsicElements'.
kinsphere_prototype.tsx(7127,44): error TS2339: Property 'strong' does not exist on type 'JSX.IntrinsicElements'.
kinsphere_prototype.tsx(7127,158): error TS2339: Property 'strong' does not exist on type 'JSX.IntrinsicElements'.
kinsphere_prototype.tsx(7127,167): error TS2339: Property 'span' does not exist on type 'JSX.IntrinsicElements'.
kinsphere_prototype.tsx(7128,25): error TS2339: Property 'div' does not exist on type 'JSX.IntrinsicElements'.
kinsphere_prototype.tsx(7129,23): error TS2339: Property 'div' does not exist on type 'JSX.IntrinsicElements'.
kinsphere_prototype.tsx(7130,23): error TS2339: Property 'span' does not exist on type 'JSX.IntrinsicElements'.
kinsphere_prototype.tsx(7132,23): error TS2339: Property 'span' does not exist on type 'JSX.IntrinsicElements'.
kinsphere_prototype.tsx(7133,21): error TS2339: Property 'div' does not exist on type 'JSX.IntrinsicElements'.
kinsphere_prototype.tsx(7135,21): error TS2339: Property 'div' does not exist on type 'JSX.IntrinsicElements'.
kinsphere_prototype.tsx(7136,23): error TS2339: Property 'pre' does not exist on type 'JSX.IntrinsicElements'.
kinsphere_prototype.tsx(7138,23): error TS2339: Property 'pre' does not exist on type 'JSX.IntrinsicElements'.
kinsphere_prototype.tsx(7139,21): error TS2339: Property 'div' does not exist on type 'JSX.IntrinsicElements'.
kinsphere_prototype.tsx(7141,21): error TS2339: Property 'div' does not exist on type 'JSX.IntrinsicElements'.
kinsphere_prototype.tsx(7142,23): error TS2339: Property 'div' does not exist on type 'JSX.IntrinsicElements'.
kinsphere_prototype.tsx(7142,153): error TS2339: Property 'div' does not exist on type 'JSX.IntrinsicElements'.
kinsphere_prototype.tsx(7143,23): error TS2339: Property 'div' does not exist on type 'JSX.IntrinsicElements'.
kinsphere_prototype.tsx(7151,23): error TS2339: Property 'div' does not exist on type 'JSX.IntrinsicElements'.
kinsphere_prototype.tsx(7152,21): error TS2339: Property 'div' does not exist on type 'JSX.IntrinsicElements'.
kinsphere_prototype.tsx(7153,19): error TS2339: Property 'div' does not exist on type 'JSX.IntrinsicElements'.
kinsphere_prototype.tsx(7157,15): error TS2339: Property 'div' does not exist on type 'JSX.IntrinsicElements'.
kinsphere_prototype.tsx(7158,13): error TS2339: Property 'div' does not exist on type 'JSX.IntrinsicElements'.
kinsphere_prototype.tsx(7162,11): error TS2339: Property 'div' does not exist on type 'JSX.IntrinsicElements'.
kinsphere_prototype.tsx(7163,13): error TS2339: Property 'div' does not exist on type 'JSX.IntrinsicElements'.
kinsphere_prototype.tsx(7171,15): error TS2339: Property 'div' does not exist on type 'JSX.IntrinsicElements'.
kinsphere_prototype.tsx(7176,15): error TS2339: Property 'div' does not exist on type 'JSX.IntrinsicElements'.
kinsphere_prototype.tsx(7177,17): error TS2339: Property 'div' does not exist on type 'JSX.IntrinsicElements'.
kinsphere_prototype.tsx(7182,19): error TS2339: Property 'span' does not exist on type 'JSX.IntrinsicElements'.
kinsphere_prototype.tsx(7182,64): error TS2339: Property 'span' does not exist on type 'JSX.IntrinsicElements'.
kinsphere_prototype.tsx(7184,17): error TS2339: Property 'div' does not exist on type 'JSX.IntrinsicElements'.
kinsphere_prototype.tsx(7185,17): error TS2339: Property 'h1' does not exist on type 'JSX.IntrinsicElements'.
kinsphere_prototype.tsx(7188,31): error TS2339: Property 'h1' does not exist on type 'JSX.IntrinsicElements'.
kinsphere_prototype.tsx(7189,17): error TS2339: Property 'p' does not exist on type 'JSX.IntrinsicElements'.
kinsphere_prototype.tsx(7191,17): error TS2339: Property 'p' does not exist on type 'JSX.IntrinsicElements'.
kinsphere_prototype.tsx(7192,15): error TS2339: Property 'div' does not exist on type 'JSX.IntrinsicElements'.
kinsphere_prototype.tsx(7193,13): error TS2339: Property 'div' does not exist on type 'JSX.IntrinsicElements'.
kinsphere_prototype.tsx(7196,13): error TS2339: Property 'div' does not exist on type 'JSX.IntrinsicElements'.
kinsphere_prototype.tsx(7198,17): error TS2339: Property 'div' does not exist on type 'JSX.IntrinsicElements'.
kinsphere_prototype.tsx(7198,124): error TS2339: Property 'div' does not exist on type 'JSX.IntrinsicElements'.
kinsphere_prototype.tsx(7199,17): error TS2339: Property 'div' does not exist on type 'JSX.IntrinsicElements'.
kinsphere_prototype.tsx(7201,21): error TS2339: Property 'div' does not exist on type 'JSX.IntrinsicElements'.
kinsphere_prototype.tsx(7202,23): error TS2339: Property 'div' does not exist on type 'JSX.IntrinsicElements'.
kinsphere_prototype.tsx(7204,25): error TS2339: Property 'span' does not exist on type 'JSX.IntrinsicElements'.
kinsphere_prototype.tsx(7204,92): error TS2339: Property 'span' does not exist on type 'JSX.IntrinsicElements'.
kinsphere_prototype.tsx(7205,23): error TS2339: Property 'div' does not exist on type 'JSX.IntrinsicElements'.
kinsphere_prototype.tsx(7206,23): error TS2339: Property 'span' does not exist on type 'JSX.IntrinsicElements'.
kinsphere_prototype.tsx(7206,102): error TS2365: Operator '>' cannot be applied to types 'unknown' and 'number'.
kinsphere_prototype.tsx(7206,119): error TS2339: Property 'span' does not exist on type 'JSX.IntrinsicElements'.
kinsphere_prototype.tsx(7207,21): error TS2339: Property 'div' does not exist on type 'JSX.IntrinsicElements'.
kinsphere_prototype.tsx(7209,66): error TS2339: Property 'div' does not exist on type 'JSX.IntrinsicElements'.
kinsphere_prototype.tsx(7209,137): error TS2339: Property 'div' does not exist on type 'JSX.IntrinsicElements'.
kinsphere_prototype.tsx(7210,17): error TS2339: Property 'div' does not exist on type 'JSX.IntrinsicElements'.
kinsphere_prototype.tsx(7213,17): error TS2339: Property 'div' does not exist on type 'JSX.IntrinsicElements'.
kinsphere_prototype.tsx(7213,134): error TS2339: Property 'div' does not exist on type 'JSX.IntrinsicElements'.
kinsphere_prototype.tsx(7214,17): error TS2339: Property 'div' does not exist on type 'JSX.IntrinsicElements'.
kinsphere_prototype.tsx(7216,21): error TS2339: Property 'div' does not exist on type 'JSX.IntrinsicElements'.
kinsphere_prototype.tsx(7217,23): error TS2339: Property 'div' does not exist on type 'JSX.IntrinsicElements'.
kinsphere_prototype.tsx(7219,25): error TS2339: Property 'span' does not exist on type 'JSX.IntrinsicElements'.
kinsphere_prototype.tsx(7219,92): error TS2339: Property 'span' does not exist on type 'JSX.IntrinsicElements'.
kinsphere_prototype.tsx(7220,23): error TS2339: Property 'div' does not exist on type 'JSX.IntrinsicElements'.
kinsphere_prototype.tsx(7221,23): error TS2339: Property 'span' does not exist on type 'JSX.IntrinsicElements'.
kinsphere_prototype.tsx(7221,98): error TS2339: Property 'span' does not exist on type 'JSX.IntrinsicElements'.
kinsphere_prototype.tsx(7222,21): error TS2339: Property 'div' does not exist on type 'JSX.IntrinsicElements'.
kinsphere_prototype.tsx(7224,62): error TS2339: Property 'div' does not exist on type 'JSX.IntrinsicElements'.
kinsphere_prototype.tsx(7224,149): error TS2339: Property 'div' does not exist on type 'JSX.IntrinsicElements'.
kinsphere_prototype.tsx(7225,17): error TS2339: Property 'div' does not exist on type 'JSX.IntrinsicElements'.
kinsphere_prototype.tsx(7227,13): error TS2339: Property 'div' does not exist on type 'JSX.IntrinsicElements'.
kinsphere_prototype.tsx(7229,13): error TS2339: Property 'div' does not exist on type 'JSX.IntrinsicElements'.
kinsphere_prototype.tsx(7235,15): error TS2339: Property 'div' does not exist on type 'JSX.IntrinsicElements'.
kinsphere_prototype.tsx(7236,15): error TS2339: Property 'div' does not exist on type 'JSX.IntrinsicElements'.
kinsphere_prototype.tsx(7237,17): error TS2339: Property 'div' does not exist on type 'JSX.IntrinsicElements'.
kinsphere_prototype.tsx(7237,115): error TS2339: Property 'div' does not exist on type 'JSX.IntrinsicElements'.
kinsphere_prototype.tsx(7238,17): error TS2339: Property 'h2' does not exist on type 'JSX.IntrinsicElements'.
kinsphere_prototype.tsx(7238,134): error TS2339: Property 'h2' does not exist on type 'JSX.IntrinsicElements'.
kinsphere_prototype.tsx(7254,17): error TS2339: Property 'div' does not exist on type 'JSX.IntrinsicElements'.
kinsphere_prototype.tsx(7255,19): error TS2339: Property 'div' does not exist on type 'JSX.IntrinsicElements'.
kinsphere_prototype.tsx(7256,21): error TS2339: Property 'span' does not exist on type 'JSX.IntrinsicElements'.
kinsphere_prototype.tsx(7256,103): error TS2339: Property 'span' does not exist on type 'JSX.IntrinsicElements'.
kinsphere_prototype.tsx(7258,23): error TS2339: Property 'button' does not exist on type 'JSX.IntrinsicElements'.
kinsphere_prototype.tsx(7271,27): error TS2339: Property 'button' does not exist on type 'JSX.IntrinsicElements'.
kinsphere_prototype.tsx(7273,19): error TS2339: Property 'div' does not exist on type 'JSX.IntrinsicElements'.
kinsphere_prototype.tsx(7274,19): error TS2339: Property 'div' does not exist on type 'JSX.IntrinsicElements'.
kinsphere_prototype.tsx(7275,21): error TS2339: Property 'label' does not exist on type 'JSX.IntrinsicElements'.
kinsphere_prototype.tsx(7276,23): error TS2339: Property 'input' does not exist on type 'JSX.IntrinsicElements'.
kinsphere_prototype.tsx(7277,23): error TS2339: Property 'span' does not exist on type 'JSX.IntrinsicElements'.
kinsphere_prototype.tsx(7277,101): error TS2339: Property 'span' does not exist on type 'JSX.IntrinsicElements'.
kinsphere_prototype.tsx(7278,21): error TS2339: Property 'label' does not exist on type 'JSX.IntrinsicElements'.
kinsphere_prototype.tsx(7279,19): error TS2339: Property 'div' does not exist on type 'JSX.IntrinsicElements'.
kinsphere_prototype.tsx(7280,17): error TS2339: Property 'div' does not exist on type 'JSX.IntrinsicElements'.
kinsphere_prototype.tsx(7282,17): error TS2339: Property 'div' does not exist on type 'JSX.IntrinsicElements'.
kinsphere_prototype.tsx(7284,17): error TS2339: Property 'div' does not exist on type 'JSX.IntrinsicElements'.
kinsphere_prototype.tsx(7285,15): error TS2339: Property 'div' does not exist on type 'JSX.IntrinsicElements'.
kinsphere_prototype.tsx(7286,13): error TS2339: Property 'div' does not exist on type 'JSX.IntrinsicElements'.
kinsphere_prototype.tsx(7288,23): error TS2339: Property 'div' does not exist on type 'JSX.IntrinsicElements'.
kinsphere_prototype.tsx(7290,17): error TS2339: Property 'div' does not exist on type 'JSX.IntrinsicElements'.
kinsphere_prototype.tsx(7301,19): error TS2339: Property 'div' does not exist on type 'JSX.IntrinsicElements'.
kinsphere_prototype.tsx(7302,19): error TS2339: Property 'div' does not exist on type 'JSX.IntrinsicElements'.
kinsphere_prototype.tsx(7303,21): error TS2339: Property 'div' does not exist on type 'JSX.IntrinsicElements'.
kinsphere_prototype.tsx(7304,23): error TS2339: Property 'div' does not exist on type 'JSX.IntrinsicElements'.
kinsphere_prototype.tsx(7305,25): error TS2339: Property 'div' does not exist on type 'JSX.IntrinsicElements'.
kinsphere_prototype.tsx(7305,107): error TS2339: Property 'div' does not exist on type 'JSX.IntrinsicElements'.
kinsphere_prototype.tsx(7307,27): error TS2339: Property 'span' does not exist on type 'JSX.IntrinsicElements'.
kinsphere_prototype.tsx(7307,157): error TS2339: Property 'span' does not exist on type 'JSX.IntrinsicElements'.
kinsphere_prototype.tsx(7309,23): error TS2339: Property 'div' does not exist on type 'JSX.IntrinsicElements'.
kinsphere_prototype.tsx(7310,23): error TS2339: Property 'span' does not exist on type 'JSX.IntrinsicElements'.
kinsphere_prototype.tsx(7313,34): error TS2339: Property 'span' does not exist on type 'JSX.IntrinsicElements'.
kinsphere_prototype.tsx(7314,21): error TS2339: Property 'div' does not exist on type 'JSX.IntrinsicElements'.
kinsphere_prototype.tsx(7315,21): error TS2339: Property 'div' does not exist on type 'JSX.IntrinsicElements'.
kinsphere_prototype.tsx(7322,23): error TS2339: Property 'div' does not exist on type 'JSX.IntrinsicElements'.
kinsphere_prototype.tsx(7324,25): error TS2339: Property 'div' does not exist on type 'JSX.IntrinsicElements'.
kinsphere_prototype.tsx(7325,27): error TS2339: Property 'div' does not exist on type 'JSX.IntrinsicElements'.
kinsphere_prototype.tsx(7325,123): error TS2339: Property 'div' does not exist on type 'JSX.IntrinsicElements'.
kinsphere_prototype.tsx(7326,27): error TS2339: Property 'div' does not exist on type 'JSX.IntrinsicElements'.
kinsphere_prototype.tsx(7326,93): error TS2339: Property 'div' does not exist on type 'JSX.IntrinsicElements'.
kinsphere_prototype.tsx(7327,25): error TS2339: Property 'div' does not exist on type 'JSX.IntrinsicElements'.
kinsphere_prototype.tsx(7328,23): error TS2339: Property 'div' does not exist on type 'JSX.IntrinsicElements'.
kinsphere_prototype.tsx(7329,23): error TS2339: Property 'div' does not exist on type 'JSX.IntrinsicElements'.
kinsphere_prototype.tsx(7332,27): error TS2339: Property 'div' does not exist on type 'JSX.IntrinsicElements'.
kinsphere_prototype.tsx(7333,23): error TS2339: Property 'div' does not exist on type 'JSX.IntrinsicElements'.
kinsphere_prototype.tsx(7335,25): error TS2339: Property 'div' does not exist on type 'JSX.IntrinsicElements'.
kinsphere_prototype.tsx(7336,27): error TS2339: Property 'div' does not exist on type 'JSX.IntrinsicElements'.
kinsphere_prototype.tsx(7336,121): error TS2339: Property 'div' does not exist on type 'JSX.IntrinsicElements'.
kinsphere_prototype.tsx(7337,27): error TS2339: Property 'div' does not exist on type 'JSX.IntrinsicElements'.
kinsphere_prototype.tsx(7337,91): error TS2339: Property 'div' does not exist on type 'JSX.IntrinsicElements'.
kinsphere_prototype.tsx(7338,25): error TS2339: Property 'div' does not exist on type 'JSX.IntrinsicElements'.
kinsphere_prototype.tsx(7339,23): error TS2339: Property 'div' does not exist on type 'JSX.IntrinsicElements'.
kinsphere_prototype.tsx(7340,21): error TS2339: Property 'div' does not exist on type 'JSX.IntrinsicElements'.
kinsphere_prototype.tsx(7341,21): error TS2339: Property 'blockquote' does not exist on type 'JSX.IntrinsicElements'.
kinsphere_prototype.tsx(7357,21): error TS2339: Property 'blockquote' does not exist on type 'JSX.IntrinsicElements'.
kinsphere_prototype.tsx(7361,23): error TS2339: Property 'div' does not exist on type 'JSX.IntrinsicElements'.
kinsphere_prototype.tsx(7363,27): error TS2339: Property 'span' does not exist on type 'JSX.IntrinsicElements'.
kinsphere_prototype.tsx(7363,223): error TS2339: Property 'span' does not exist on type 'JSX.IntrinsicElements'.
kinsphere_prototype.tsx(7365,23): error TS2339: Property 'div' does not exist on type 'JSX.IntrinsicElements'.
kinsphere_prototype.tsx(7369,21): error TS2339: Property 'div' does not exist on type 'JSX.IntrinsicElements'.
kinsphere_prototype.tsx(7370,23): error TS2339: Property 'div' does not exist on type 'JSX.IntrinsicElements'.
kinsphere_prototype.tsx(7371,25): error TS2339: Property 'button' does not exist on type 'JSX.IntrinsicElements'.
kinsphere_prototype.tsx(7375,27): error TS2339: Property 'span' does not exist on type 'JSX.IntrinsicElements'.
kinsphere_prototype.tsx(7375,35): error TS2339: Property 'span' does not exist on type 'JSX.IntrinsicElements'.
kinsphere_prototype.tsx(7375,43): error TS2339: Property 'span' does not exist on type 'JSX.IntrinsicElements'.
kinsphere_prototype.tsx(7375,100): error TS2339: Property 'span' does not exist on type 'JSX.IntrinsicElements'.
kinsphere_prototype.tsx(7376,25): error TS2339: Property 'button' does not exist on type 'JSX.IntrinsicElements'.
kinsphere_prototype.tsx(7377,25): error TS2339: Property 'button' does not exist on type 'JSX.IntrinsicElements'.
kinsphere_prototype.tsx(7381,27): error TS2339: Property 'span' does not exist on type 'JSX.IntrinsicElements'.
kinsphere_prototype.tsx(7381,35): error TS2339: Property 'span' does not exist on type 'JSX.IntrinsicElements'.
kinsphere_prototype.tsx(7381,43): error TS2339: Property 'span' does not exist on type 'JSX.IntrinsicElements'.
kinsphere_prototype.tsx(7381,105): error TS2339: Property 'span' does not exist on type 'JSX.IntrinsicElements'.
kinsphere_prototype.tsx(7382,25): error TS2339: Property 'button' does not exist on type 'JSX.IntrinsicElements'.
kinsphere_prototype.tsx(7383,23): error TS2339: Property 'div' does not exist on type 'JSX.IntrinsicElements'.
kinsphere_prototype.tsx(7384,23): error TS2339: Property 'span' does not exist on type 'JSX.IntrinsicElements'.
kinsphere_prototype.tsx(7384,152): error TS2339: Property 'span' does not exist on type 'JSX.IntrinsicElements'.
kinsphere_prototype.tsx(7385,21): error TS2339: Property 'div' does not exist on type 'JSX.IntrinsicElements'.
kinsphere_prototype.tsx(7388,21): error TS2339: Property 'div' does not exist on type 'JSX.IntrinsicElements'.
kinsphere_prototype.tsx(7390,25): error TS2339: Property 'div' does not exist on type 'JSX.IntrinsicElements'.
kinsphere_prototype.tsx(7392,27): error TS2339: Property 'div' does not exist on type 'JSX.IntrinsicElements'.
kinsphere_prototype.tsx(7393,29): error TS2339: Property 'div' does not exist on type 'JSX.IntrinsicElements'.
kinsphere_prototype.tsx(7394,31): error TS2339: Property 'span' does not exist on type 'JSX.IntrinsicElements'.
kinsphere_prototype.tsx(7394,98): error TS2339: Property 'span' does not exist on type 'JSX.IntrinsicElements'.
kinsphere_prototype.tsx(7395,31): error TS2339: Property 'span' does not exist on type 'JSX.IntrinsicElements'.
kinsphere_prototype.tsx(7395,82): error TS2339: Property 'span' does not exist on type 'JSX.IntrinsicElements'.
kinsphere_prototype.tsx(7396,29): error TS2339: Property 'div' does not exist on type 'JSX.IntrinsicElements'.
kinsphere_prototype.tsx(7397,29): error TS2339: Property 'p' does not exist on type 'JSX.IntrinsicElements'.
kinsphere_prototype.tsx(7397,102): error TS2339: Property 'p' does not exist on type 'JSX.IntrinsicElements'.
kinsphere_prototype.tsx(7398,27): error TS2339: Property 'div' does not exist on type 'JSX.IntrinsicElements'.
kinsphere_prototype.tsx(7399,25): error TS2339: Property 'div' does not exist on type 'JSX.IntrinsicElements'.
kinsphere_prototype.tsx(7403,23): error TS2339: Property 'div' does not exist on type 'JSX.IntrinsicElements'.
kinsphere_prototype.tsx(7404,25): error TS2339: Property 'input' does not exist on type 'JSX.IntrinsicElements'.
kinsphere_prototype.tsx(7414,23): error TS2339: Property 'div' does not exist on type 'JSX.IntrinsicElements'.
kinsphere_prototype.tsx(7415,21): error TS2339: Property 'div' does not exist on type 'JSX.IntrinsicElements'.
kinsphere_prototype.tsx(7416,19): error TS2339: Property 'div' does not exist on type 'JSX.IntrinsicElements'.
kinsphere_prototype.tsx(7417,17): error TS2339: Property 'div' does not exist on type 'JSX.IntrinsicElements'.
kinsphere_prototype.tsx(7419,13): error TS2339: Property 'div' does not exist on type 'JSX.IntrinsicElements'.
kinsphere_prototype.tsx(7420,11): error TS2339: Property 'div' does not exist on type 'JSX.IntrinsicElements'.
kinsphere_prototype.tsx(7425,11): error TS2339: Property 'div' does not exist on type 'JSX.IntrinsicElements'.
kinsphere_prototype.tsx(7426,13): error TS2339: Property 'div' does not exist on type 'JSX.IntrinsicElements'.
kinsphere_prototype.tsx(7434,15): error TS2339: Property 'div' does not exist on type 'JSX.IntrinsicElements'.
kinsphere_prototype.tsx(7439,15): error TS2339: Property 'div' does not exist on type 'JSX.IntrinsicElements'.
kinsphere_prototype.tsx(7440,17): error TS2339: Property 'div' does not exist on type 'JSX.IntrinsicElements'.
kinsphere_prototype.tsx(7441,19): error TS2339: Property 'div' does not exist on type 'JSX.IntrinsicElements'.
kinsphere_prototype.tsx(7445,33): error TS2339: Property 'div' does not exist on type 'JSX.IntrinsicElements'.
kinsphere_prototype.tsx(7446,19): error TS2339: Property 'h1' does not exist on type 'JSX.IntrinsicElements'.
kinsphere_prototype.tsx(7448,31): error TS2339: Property 'h1' does not exist on type 'JSX.IntrinsicElements'.
kinsphere_prototype.tsx(7449,19): error TS2339: Property 'p' does not exist on type 'JSX.IntrinsicElements'.
kinsphere_prototype.tsx(7451,19): error TS2339: Property 'p' does not exist on type 'JSX.IntrinsicElements'.
kinsphere_prototype.tsx(7452,17): error TS2339: Property 'div' does not exist on type 'JSX.IntrinsicElements'.
kinsphere_prototype.tsx(7453,17): error TS2339: Property 'div' does not exist on type 'JSX.IntrinsicElements'.
kinsphere_prototype.tsx(7454,19): error TS2339: Property 'div' does not exist on type 'JSX.IntrinsicElements'.
kinsphere_prototype.tsx(7455,21): error TS2339: Property 'input' does not exist on type 'JSX.IntrinsicElements'.
kinsphere_prototype.tsx(7465,21): error TS2339: Property 'span' does not exist on type 'JSX.IntrinsicElements'.
kinsphere_prototype.tsx(7465,137): error TS2339: Property 'span' does not exist on type 'JSX.IntrinsicElements'.
kinsphere_prototype.tsx(7466,35): error TS2339: Property 'button' does not exist on type 'JSX.IntrinsicElements'.
kinsphere_prototype.tsx(7466,236): error TS2339: Property 'button' does not exist on type 'JSX.IntrinsicElements'.
kinsphere_prototype.tsx(7467,19): error TS2339: Property 'div' does not exist on type 'JSX.IntrinsicElements'.
kinsphere_prototype.tsx(7469,17): error TS2339: Property 'div' does not exist on type 'JSX.IntrinsicElements'.
kinsphere_prototype.tsx(7470,15): error TS2339: Property 'div' does not exist on type 'JSX.IntrinsicElements'.
kinsphere_prototype.tsx(7471,13): error TS2339: Property 'div' does not exist on type 'JSX.IntrinsicElements'.
kinsphere_prototype.tsx(7473,13): error TS2339: Property 'div' does not exist on type 'JSX.IntrinsicElements'.
kinsphere_prototype.tsx(7480,15): error TS2339: Property 'button' does not exist on type 'JSX.IntrinsicElements'.
kinsphere_prototype.tsx(7492,15): error TS2339: Property 'button' does not exist on type 'JSX.IntrinsicElements'.
kinsphere_prototype.tsx(7494,15): error TS2339: Property 'div' does not exist on type 'JSX.IntrinsicElements'.
kinsphere_prototype.tsx(7498,21): error TS2339: Property 'div' does not exist on type 'JSX.IntrinsicElements'.
kinsphere_prototype.tsx(7499,67): error TS2339: Property 'strong' does not exist on type 'JSX.IntrinsicElements'.
kinsphere_prototype.tsx(7499,108): error TS2339: Property 'strong' does not exist on type 'JSX.IntrinsicElements'.
kinsphere_prototype.tsx(7500,21): error TS2339: Property 'div' does not exist on type 'JSX.IntrinsicElements'.
kinsphere_prototype.tsx(7513,15): error TS2339: Property 'div' does not exist on type 'JSX.IntrinsicElements'.
kinsphere_prototype.tsx(7514,13): error TS2339: Property 'div' does not exist on type 'JSX.IntrinsicElements'.
kinsphere_prototype.tsx(7531,11): error TS2339: Property 'div' does not exist on type 'JSX.IntrinsicElements'.
kinsphere_prototype.tsx(7536,11): error TS2339: Property 'div' does not exist on type 'JSX.IntrinsicElements'.
kinsphere_prototype.tsx(7537,13): error TS2339: Property 'div' does not exist on type 'JSX.IntrinsicElements'.
kinsphere_prototype.tsx(7545,15): error TS2339: Property 'div' does not exist on type 'JSX.IntrinsicElements'.
kinsphere_prototype.tsx(7550,15): error TS2339: Property 'div' does not exist on type 'JSX.IntrinsicElements'.
kinsphere_prototype.tsx(7551,17): error TS2339: Property 'div' does not exist on type 'JSX.IntrinsicElements'.
kinsphere_prototype.tsx(7556,19): error TS2339: Property 'span' does not exist on type 'JSX.IntrinsicElements'.
kinsphere_prototype.tsx(7556,76): error TS2339: Property 'span' does not exist on type 'JSX.IntrinsicElements'.
kinsphere_prototype.tsx(7558,17): error TS2339: Property 'div' does not exist on type 'JSX.IntrinsicElements'.
kinsphere_prototype.tsx(7559,17): error TS2339: Property 'h1' does not exist on type 'JSX.IntrinsicElements'.
kinsphere_prototype.tsx(7562,38): error TS2339: Property 'h1' does not exist on type 'JSX.IntrinsicElements'.
kinsphere_prototype.tsx(7563,17): error TS2339: Property 'p' does not exist on type 'JSX.IntrinsicElements'.
kinsphere_prototype.tsx(7565,17): error TS2339: Property 'p' does not exist on type 'JSX.IntrinsicElements'.
kinsphere_prototype.tsx(7566,15): error TS2339: Property 'div' does not exist on type 'JSX.IntrinsicElements'.
kinsphere_prototype.tsx(7567,13): error TS2339: Property 'div' does not exist on type 'JSX.IntrinsicElements'.
kinsphere_prototype.tsx(7569,13): error TS2339: Property 'div' does not exist on type 'JSX.IntrinsicElements'.
kinsphere_prototype.tsx(7575,15): error TS2339: Property 'div' does not exist on type 'JSX.IntrinsicElements'.
kinsphere_prototype.tsx(7576,15): error TS2339: Property 'div' does not exist on type 'JSX.IntrinsicElements'.
kinsphere_prototype.tsx(7577,17): error TS2339: Property 'div' does not exist on type 'JSX.IntrinsicElements'.
kinsphere_prototype.tsx(7580,22): error TS2339: Property 'div' does not exist on type 'JSX.IntrinsicElements'.
kinsphere_prototype.tsx(7581,17): error TS2339: Property 'div' does not exist on type 'JSX.IntrinsicElements'.
kinsphere_prototype.tsx(7582,19): error TS2339: Property 'div' does not exist on type 'JSX.IntrinsicElements'.
kinsphere_prototype.tsx(7582,114): error TS2339: Property 'div' does not exist on type 'JSX.IntrinsicElements'.
kinsphere_prototype.tsx(7583,19): error TS2339: Property 'p' does not exist on type 'JSX.IntrinsicElements'.
kinsphere_prototype.tsx(7585,19): error TS2339: Property 'p' does not exist on type 'JSX.IntrinsicElements'.
kinsphere_prototype.tsx(7586,17): error TS2339: Property 'div' does not exist on type 'JSX.IntrinsicElements'.
kinsphere_prototype.tsx(7587,15): error TS2339: Property 'div' does not exist on type 'JSX.IntrinsicElements'.
kinsphere_prototype.tsx(7588,13): error TS2339: Property 'div' does not exist on type 'JSX.IntrinsicElements'.
kinsphere_prototype.tsx(7590,13): error TS2339: Property 'div' does not exist on type 'JSX.IntrinsicElements'.
kinsphere_prototype.tsx(7595,15): error TS2339: Property 'div' does not exist on type 'JSX.IntrinsicElements'.
kinsphere_prototype.tsx(7596,15): error TS2339: Property 'div' does not exist on type 'JSX.IntrinsicElements'.
kinsphere_prototype.tsx(7597,17): error TS2339: Property 'div' does not exist on type 'JSX.IntrinsicElements'.
kinsphere_prototype.tsx(7597,118): error TS2339: Property 'div' does not exist on type 'JSX.IntrinsicElements'.
kinsphere_prototype.tsx(7598,17): error TS2339: Property 'h2' does not exist on type 'JSX.IntrinsicElements'.
kinsphere_prototype.tsx(7598,123): error TS2339: Property 'h2' does not exist on type 'JSX.IntrinsicElements'.
kinsphere_prototype.tsx(7599,15): error TS2339: Property 'div' does not exist on type 'JSX.IntrinsicElements'.
kinsphere_prototype.tsx(7600,15): error TS2339: Property 'div' does not exist on type 'JSX.IntrinsicElements'.
kinsphere_prototype.tsx(7610,21): error TS2339: Property 'div' does not exist on type 'JSX.IntrinsicElements'.
kinsphere_prototype.tsx(7614,23): error TS2339: Property 'div' does not exist on type 'JSX.IntrinsicElements'.
kinsphere_prototype.tsx(7618,28): error TS2339: Property 'div' does not exist on type 'JSX.IntrinsicElements'.
kinsphere_prototype.tsx(7619,23): error TS2339: Property 'div' does not exist on type 'JSX.IntrinsicElements'.
kinsphere_prototype.tsx(7619,120): error TS2339: Property 'div' does not exist on type 'JSX.IntrinsicElements'.
kinsphere_prototype.tsx(7620,23): error TS2339: Property 'div' does not exist on type 'JSX.IntrinsicElements'.
kinsphere_prototype.tsx(7622,23): error TS2339: Property 'div' does not exist on type 'JSX.IntrinsicElements'.
kinsphere_prototype.tsx(7623,21): error TS2339: Property 'div' does not exist on type 'JSX.IntrinsicElements'.
kinsphere_prototype.tsx(7626,23): error TS2339: Property 'div' does not exist on type 'JSX.IntrinsicElements'.
kinsphere_prototype.tsx(7639,23): error TS2339: Property 'div' does not exist on type 'JSX.IntrinsicElements'.
kinsphere_prototype.tsx(7642,15): error TS2339: Property 'div' does not exist on type 'JSX.IntrinsicElements'.
kinsphere_prototype.tsx(7643,13): error TS2339: Property 'div' does not exist on type 'JSX.IntrinsicElements'.
kinsphere_prototype.tsx(7645,13): error TS2339: Property 'div' does not exist on type 'JSX.IntrinsicElements'.
kinsphere_prototype.tsx(7650,15): error TS2339: Property 'div' does not exist on type 'JSX.IntrinsicElements'.
kinsphere_prototype.tsx(7651,15): error TS2339: Property 'div' does not exist on type 'JSX.IntrinsicElements'.
kinsphere_prototype.tsx(7652,17): error TS2339: Property 'div' does not exist on type 'JSX.IntrinsicElements'.
kinsphere_prototype.tsx(7652,115): error TS2339: Property 'div' does not exist on type 'JSX.IntrinsicElements'.
kinsphere_prototype.tsx(7653,17): error TS2339: Property 'div' does not exist on type 'JSX.IntrinsicElements'.
kinsphere_prototype.tsx(7655,21): error TS2339: Property 'button' does not exist on type 'JSX.IntrinsicElements'.
kinsphere_prototype.tsx(7667,21): error TS2339: Property 'button' does not exist on type 'JSX.IntrinsicElements'.
kinsphere_prototype.tsx(7669,17): error TS2339: Property 'div' does not exist on type 'JSX.IntrinsicElements'.
kinsphere_prototype.tsx(7670,17): error TS2339: Property 'div' does not exist on type 'JSX.IntrinsicElements'.
kinsphere_prototype.tsx(7670,113): error TS2339: Property 'div' does not exist on type 'JSX.IntrinsicElements'.
kinsphere_prototype.tsx(7671,17): error TS2339: Property 'div' does not exist on type 'JSX.IntrinsicElements'.
kinsphere_prototype.tsx(7672,19): error TS2339: Property 'input' does not exist on type 'JSX.IntrinsicElements'.
kinsphere_prototype.tsx(7684,17): error TS2339: Property 'div' does not exist on type 'JSX.IntrinsicElements'.
kinsphere_prototype.tsx(7685,15): error TS2339: Property 'div' does not exist on type 'JSX.IntrinsicElements'.
kinsphere_prototype.tsx(7686,13): error TS2339: Property 'div' does not exist on type 'JSX.IntrinsicElements'.
kinsphere_prototype.tsx(7687,11): error TS2339: Property 'div' does not exist on type 'JSX.IntrinsicElements'.
kinsphere_prototype.tsx(7693,11): error TS2339: Property 'div' does not exist on type 'JSX.IntrinsicElements'.
kinsphere_prototype.tsx(7701,11): error TS2339: Property 'div' does not exist on type 'JSX.IntrinsicElements'.
kinsphere_prototype.tsx(7706,14): error TS2339: Property 'div' does not exist on type 'JSX.IntrinsicElements'.
kinsphere_prototype.tsx(7708,16): error TS2339: Property 'div' does not exist on type 'JSX.IntrinsicElements'.
kinsphere_prototype.tsx(7709,18): error TS2339: Property 'div' does not exist on type 'JSX.IntrinsicElements'.
kinsphere_prototype.tsx(7709,272): error TS2339: Property 'svg' does not exist on type 'JSX.IntrinsicElements'.
kinsphere_prototype.tsx(7709,417): error TS2339: Property 'circle' does not exist on type 'JSX.IntrinsicElements'.
kinsphere_prototype.tsx(7709,449): error TS2339: Property 'polygon' does not exist on type 'JSX.IntrinsicElements'.
kinsphere_prototype.tsx(7709,523): error TS2339: Property 'svg' does not exist on type 'JSX.IntrinsicElements'.
kinsphere_prototype.tsx(7709,547): error TS2339: Property 'div' does not exist on type 'JSX.IntrinsicElements'.
kinsphere_prototype.tsx(7710,18): error TS2339: Property 'h1' does not exist on type 'JSX.IntrinsicElements'.
kinsphere_prototype.tsx(7710,137): error TS2339: Property 'h1' does not exist on type 'JSX.IntrinsicElements'.
kinsphere_prototype.tsx(7711,18): error TS2339: Property 'p' does not exist on type 'JSX.IntrinsicElements'.
kinsphere_prototype.tsx(7711,201): error TS2339: Property 'p' does not exist on type 'JSX.IntrinsicElements'.
kinsphere_prototype.tsx(7712,16): error TS2339: Property 'div' does not exist on type 'JSX.IntrinsicElements'.
kinsphere_prototype.tsx(7715,18): error TS2339: Property 'div' does not exist on type 'JSX.IntrinsicElements'.
kinsphere_prototype.tsx(7717,22): error TS2339: Property 'div' does not exist on type 'JSX.IntrinsicElements'.
kinsphere_prototype.tsx(7717,187): error TS2339: Property 'svg' does not exist on type 'JSX.IntrinsicElements'.
kinsphere_prototype.tsx(7717,332): error TS2339: Property 'path' does not exist on type 'JSX.IntrinsicElements'.
kinsphere_prototype.tsx(7717,385): error TS2339: Property 'circle' does not exist on type 'JSX.IntrinsicElements'.
kinsphere_prototype.tsx(7717,414): error TS2339: Property 'line' does not exist on type 'JSX.IntrinsicElements'.
kinsphere_prototype.tsx(7717,452): error TS2339: Property 'line' does not exist on type 'JSX.IntrinsicElements'.
kinsphere_prototype.tsx(7717,491): error TS2339: Property 'svg' does not exist on type 'JSX.IntrinsicElements'.
kinsphere_prototype.tsx(7717,497): error TS2339: Property 'div' does not exist on type 'JSX.IntrinsicElements'.
kinsphere_prototype.tsx(7718,22): error TS2339: Property 'div' does not exist on type 'JSX.IntrinsicElements'.
kinsphere_prototype.tsx(7719,24): error TS2339: Property 'h2' does not exist on type 'JSX.IntrinsicElements'.
kinsphere_prototype.tsx(7719,109): error TS2339: Property 'h2' does not exist on type 'JSX.IntrinsicElements'.
kinsphere_prototype.tsx(7720,24): error TS2339: Property 'p' does not exist on type 'JSX.IntrinsicElements'.
kinsphere_prototype.tsx(7720,145): error TS2339: Property 'p' does not exist on type 'JSX.IntrinsicElements'.
kinsphere_prototype.tsx(7721,22): error TS2339: Property 'div' does not exist on type 'JSX.IntrinsicElements'.
kinsphere_prototype.tsx(7725,22): error TS2339: Property 'div' does not exist on type 'JSX.IntrinsicElements'.
kinsphere_prototype.tsx(7725,187): error TS2339: Property 'svg' does not exist on type 'JSX.IntrinsicElements'.
kinsphere_prototype.tsx(7725,332): error TS2339: Property 'path' does not exist on type 'JSX.IntrinsicElements'.
kinsphere_prototype.tsx(7725,383): error TS2339: Property 'polyline' does not exist on type 'JSX.IntrinsicElements'.
kinsphere_prototype.tsx(7725,420): error TS2339: Property 'line' does not exist on type 'JSX.IntrinsicElements'.
kinsphere_prototype.tsx(7725,458): error TS2339: Property 'svg' does not exist on type 'JSX.IntrinsicElements'.
kinsphere_prototype.tsx(7725,464): error TS2339: Property 'div' does not exist on type 'JSX.IntrinsicElements'.
kinsphere_prototype.tsx(7726,22): error TS2339: Property 'div' does not exist on type 'JSX.IntrinsicElements'.
kinsphere_prototype.tsx(7727,24): error TS2339: Property 'h2' does not exist on type 'JSX.IntrinsicElements'.
kinsphere_prototype.tsx(7727,110): error TS2339: Property 'h2' does not exist on type 'JSX.IntrinsicElements'.
kinsphere_prototype.tsx(7728,24): error TS2339: Property 'p' does not exist on type 'JSX.IntrinsicElements'.
kinsphere_prototype.tsx(7728,141): error TS2339: Property 'p' does not exist on type 'JSX.IntrinsicElements'.
kinsphere_prototype.tsx(7729,22): error TS2339: Property 'div' does not exist on type 'JSX.IntrinsicElements'.
kinsphere_prototype.tsx(7731,18): error TS2339: Property 'div' does not exist on type 'JSX.IntrinsicElements'.
kinsphere_prototype.tsx(7748,19): error TS2339: Property 'div' does not exist on type 'JSX.IntrinsicElements'.
kinsphere_prototype.tsx(7749,21): error TS2339: Property 'div' does not exist on type 'JSX.IntrinsicElements'.
kinsphere_prototype.tsx(7749,208): error TS2339: Property 'svg' does not exist on type 'JSX.IntrinsicElements'.
kinsphere_prototype.tsx(7749,353): error TS2339: Property 'circle' does not exist on type 'JSX.IntrinsicElements'.
kinsphere_prototype.tsx(7749,385): error TS2339: Property 'line' does not exist on type 'JSX.IntrinsicElements'.
kinsphere_prototype.tsx(7749,423): error TS2339: Property 'line' does not exist on type 'JSX.IntrinsicElements'.
kinsphere_prototype.tsx(7749,465): error TS2339: Property 'svg' does not exist on type 'JSX.IntrinsicElements'.
kinsphere_prototype.tsx(7749,471): error TS2339: Property 'div' does not exist on type 'JSX.IntrinsicElements'.
kinsphere_prototype.tsx(7750,21): error TS2339: Property 'h2' does not exist on type 'JSX.IntrinsicElements'.
kinsphere_prototype.tsx(7750,127): error TS2339: Property 'h2' does not exist on type 'JSX.IntrinsicElements'.
kinsphere_prototype.tsx(7751,21): error TS2339: Property 'p' does not exist on type 'JSX.IntrinsicElements'.
kinsphere_prototype.tsx(7751,236): error TS2339: Property 'p' does not exist on type 'JSX.IntrinsicElements'.
kinsphere_prototype.tsx(7753,19): error TS2339: Property 'div' does not exist on type 'JSX.IntrinsicElements'.
kinsphere_prototype.tsx(7755,14): error TS2339: Property 'div' does not exist on type 'JSX.IntrinsicElements'.
kinsphere_prototype.tsx(7779,11): error TS2339: Property 'div' does not exist on type 'JSX.IntrinsicElements'.
kinsphere_prototype.tsx(7780,13): error TS2339: Property 'div' does not exist on type 'JSX.IntrinsicElements'.
kinsphere_prototype.tsx(7788,15): error TS2339: Property 'div' does not exist on type 'JSX.IntrinsicElements'.
kinsphere_prototype.tsx(7793,15): error TS2339: Property 'div' does not exist on type 'JSX.IntrinsicElements'.
kinsphere_prototype.tsx(7794,17): error TS2339: Property 'div' does not exist on type 'JSX.IntrinsicElements'.
kinsphere_prototype.tsx(7800,17): error TS2339: Property 'div' does not exist on type 'JSX.IntrinsicElements'.
kinsphere_prototype.tsx(7801,17): error TS2339: Property 'h1' does not exist on type 'JSX.IntrinsicElements'.
kinsphere_prototype.tsx(7804,28): error TS2339: Property 'h1' does not exist on type 'JSX.IntrinsicElements'.
kinsphere_prototype.tsx(7805,17): error TS2339: Property 'p' does not exist on type 'JSX.IntrinsicElements'.
kinsphere_prototype.tsx(7811,17): error TS2339: Property 'p' does not exist on type 'JSX.IntrinsicElements'.
kinsphere_prototype.tsx(7812,15): error TS2339: Property 'div' does not exist on type 'JSX.IntrinsicElements'.
kinsphere_prototype.tsx(7813,13): error TS2339: Property 'div' does not exist on type 'JSX.IntrinsicElements'.
kinsphere_prototype.tsx(7816,15): error TS2339: Property 'div' does not exist on type 'JSX.IntrinsicElements'.
kinsphere_prototype.tsx(7818,17): error TS2339: Property 'div' does not exist on type 'JSX.IntrinsicElements'.
kinsphere_prototype.tsx(7819,19): error TS2339: Property 'div' does not exist on type 'JSX.IntrinsicElements'.
kinsphere_prototype.tsx(7819,87): error TS2339: Property 'div' does not exist on type 'JSX.IntrinsicElements'.
kinsphere_prototype.tsx(7820,19): error TS2339: Property 'div' does not exist on type 'JSX.IntrinsicElements'.
kinsphere_prototype.tsx(7822,19): error TS2339: Property 'div' does not exist on type 'JSX.IntrinsicElements'.
kinsphere_prototype.tsx(7823,17): error TS2339: Property 'div' does not exist on type 'JSX.IntrinsicElements'.
kinsphere_prototype.tsx(7824,15): error TS2339: Property 'div' does not exist on type 'JSX.IntrinsicElements'.
kinsphere_prototype.tsx(7828,15): error TS2339: Property 'p' does not exist on type 'JSX.IntrinsicElements'.
kinsphere_prototype.tsx(7830,15): error TS2339: Property 'p' does not exist on type 'JSX.IntrinsicElements'.
kinsphere_prototype.tsx(7831,15): error TS2339: Property 'div' does not exist on type 'JSX.IntrinsicElements'.
kinsphere_prototype.tsx(7835,21): error TS2339: Property 'button' does not exist on type 'JSX.IntrinsicElements'.
kinsphere_prototype.tsx(7855,23): error TS2339: Property 'div' does not exist on type 'JSX.IntrinsicElements'.
kinsphere_prototype.tsx(7856,25): error TS2339: Property 'div' does not exist on type 'JSX.IntrinsicElements'.
kinsphere_prototype.tsx(7857,25): error TS2339: Property 'div' does not exist on type 'JSX.IntrinsicElements'.
kinsphere_prototype.tsx(7858,25): error TS2339: Property 'div' does not exist on type 'JSX.IntrinsicElements'.
kinsphere_prototype.tsx(7859,23): error TS2339: Property 'div' does not exist on type 'JSX.IntrinsicElements'.
kinsphere_prototype.tsx(7860,23): error TS2339: Property 'div' does not exist on type 'JSX.IntrinsicElements'.
kinsphere_prototype.tsx(7860,127): error TS2339: Property 'div' does not exist on type 'JSX.IntrinsicElements'.
kinsphere_prototype.tsx(7861,21): error TS2339: Property 'button' does not exist on type 'JSX.IntrinsicElements'.
kinsphere_prototype.tsx(7864,15): error TS2339: Property 'div' does not exist on type 'JSX.IntrinsicElements'.
kinsphere_prototype.tsx(7866,15): error TS2339: Property 'div' does not exist on type 'JSX.IntrinsicElements'.
kinsphere_prototype.tsx(7867,17): error TS2339: Property 'div' does not exist on type 'JSX.IntrinsicElements'.
kinsphere_prototype.tsx(7868,19): error TS2339: Property 'div' does not exist on type 'JSX.IntrinsicElements'.
kinsphere_prototype.tsx(7868,86): error TS2339: Property 'div' does not exist on type 'JSX.IntrinsicElements'.
kinsphere_prototype.tsx(7869,19): error TS2339: Property 'div' does not exist on type 'JSX.IntrinsicElements'.
kinsphere_prototype.tsx(7869,97): error TS2339: Property 'div' does not exist on type 'JSX.IntrinsicElements'.
kinsphere_prototype.tsx(7870,17): error TS2339: Property 'div' does not exist on type 'JSX.IntrinsicElements'.
kinsphere_prototype.tsx(7871,17): error TS2339: Property 'button' does not exist on type 'JSX.IntrinsicElements'.
kinsphere_prototype.tsx(7879,19): error TS2339: Property 'div' does not exist on type 'JSX.IntrinsicElements'.
kinsphere_prototype.tsx(7883,17): error TS2339: Property 'button' does not exist on type 'JSX.IntrinsicElements'.
kinsphere_prototype.tsx(7884,15): error TS2339: Property 'div' does not exist on type 'JSX.IntrinsicElements'.
kinsphere_prototype.tsx(7891,19): error TS2339: Property 'p' does not exist on type 'JSX.IntrinsicElements'.
kinsphere_prototype.tsx(7893,19): error TS2339: Property 'p' does not exist on type 'JSX.IntrinsicElements'.
kinsphere_prototype.tsx(7894,19): error TS2339: Property 'div' does not exist on type 'JSX.IntrinsicElements'.
kinsphere_prototype.tsx(7897,21): error TS2339: Property 'div' does not exist on type 'JSX.IntrinsicElements'.
kinsphere_prototype.tsx(7898,23): error TS2339: Property 'div' does not exist on type 'JSX.IntrinsicElements'.
kinsphere_prototype.tsx(7898,127): error TS2339: Property 'div' does not exist on type 'JSX.IntrinsicElements'.
kinsphere_prototype.tsx(7899,23): error TS2339: Property 'input' does not exist on type 'JSX.IntrinsicElements'.
kinsphere_prototype.tsx(7905,21): error TS2339: Property 'div' does not exist on type 'JSX.IntrinsicElements'.
kinsphere_prototype.tsx(7906,21): error TS2339: Property 'div' does not exist on type 'JSX.IntrinsicElements'.
kinsphere_prototype.tsx(7907,23): error TS2339: Property 'div' does not exist on type 'JSX.IntrinsicElements'.
kinsphere_prototype.tsx(7907,124): error TS2339: Property 'div' does not exist on type 'JSX.IntrinsicElements'.
kinsphere_prototype.tsx(7908,23): error TS2339: Property 'div' does not exist on type 'JSX.IntrinsicElements'.
kinsphere_prototype.tsx(7908,134): error TS2339: Property 'div' does not exist on type 'JSX.IntrinsicElements'.
kinsphere_prototype.tsx(7909,21): error TS2339: Property 'div' does not exist on type 'JSX.IntrinsicElements'.
kinsphere_prototype.tsx(7910,21): error TS2339: Property 'div' does not exist on type 'JSX.IntrinsicElements'.
kinsphere_prototype.tsx(7911,23): error TS2339: Property 'div' does not exist on type 'JSX.IntrinsicElements'.
kinsphere_prototype.tsx(7911,127): error TS2339: Property 'div' does not exist on type 'JSX.IntrinsicElements'.
kinsphere_prototype.tsx(7912,23): error TS2339: Property 'div' does not exist on type 'JSX.IntrinsicElements'.
kinsphere_prototype.tsx(7914,27): error TS2339: Property 'div' does not exist on type 'JSX.IntrinsicElements'.
kinsphere_prototype.tsx(7916,29): error TS2339: Property 'button' does not exist on type 'JSX.IntrinsicElements'.
kinsphere_prototype.tsx(7916,221): error TS2339: Property 'button' does not exist on type 'JSX.IntrinsicElements'.
kinsphere_prototype.tsx(7917,27): error TS2339: Property 'div' does not exist on type 'JSX.IntrinsicElements'.
kinsphere_prototype.tsx(7919,23): error TS2339: Property 'div' does not exist on type 'JSX.IntrinsicElements'.
kinsphere_prototype.tsx(7920,23): error TS2339: Property 'div' does not exist on type 'JSX.IntrinsicElements'.
kinsphere_prototype.tsx(7921,25): error TS2339: Property 'input' does not exist on type 'JSX.IntrinsicElements'.
kinsphere_prototype.tsx(7923,23): error TS2339: Property 'div' does not exist on type 'JSX.IntrinsicElements'.
kinsphere_prototype.tsx(7924,21): error TS2339: Property 'div' does not exist on type 'JSX.IntrinsicElements'.
kinsphere_prototype.tsx(7925,19): error TS2339: Property 'div' does not exist on type 'JSX.IntrinsicElements'.
kinsphere_prototype.tsx(7930,21): error TS2339: Property 'div' does not exist on type 'JSX.IntrinsicElements'.
kinsphere_prototype.tsx(7931,23): error TS2339: Property 'div' does not exist on type 'JSX.IntrinsicElements'.
kinsphere_prototype.tsx(7932,43): error TS2339: Property 'img' does not exist on type 'JSX.IntrinsicElements'.
kinsphere_prototype.tsx(7932,135): error TS2339: Property 'span' does not exist on type 'JSX.IntrinsicElements'.
kinsphere_prototype.tsx(7932,167): error TS2339: Property 'span' does not exist on type 'JSX.IntrinsicElements'.
kinsphere_prototype.tsx(7933,23): error TS2339: Property 'div' does not exist on type 'JSX.IntrinsicElements'.
kinsphere_prototype.tsx(7935,21): error TS2339: Property 'div' does not exist on type 'JSX.IntrinsicElements'.
kinsphere_prototype.tsx(7941,19): error TS2339: Property 'p' does not exist on type 'JSX.IntrinsicElements'.
kinsphere_prototype.tsx(7943,19): error TS2339: Property 'p' does not exist on type 'JSX.IntrinsicElements'.
kinsphere_prototype.tsx(7944,19): error TS2339: Property 'div' does not exist on type 'JSX.IntrinsicElements'.
kinsphere_prototype.tsx(7945,21): error TS2339: Property 'div' does not exist on type 'JSX.IntrinsicElements'.
kinsphere_prototype.tsx(7945,128): error TS2339: Property 'div' does not exist on type 'JSX.IntrinsicElements'.
kinsphere_prototype.tsx(7946,21): error TS2339: Property 'select' does not exist on type 'JSX.IntrinsicElements'.
kinsphere_prototype.tsx(7951,23): error TS2339: Property 'option' does not exist on type 'JSX.IntrinsicElements'.
kinsphere_prototype.tsx(7951,61): error TS2339: Property 'option' does not exist on type 'JSX.IntrinsicElements'.
kinsphere_prototype.tsx(7953,25): error TS2339: Property 'option' does not exist on type 'JSX.IntrinsicElements'.
kinsphere_prototype.tsx(7953,76): error TS2339: Property 'option' does not exist on type 'JSX.IntrinsicElements'.
kinsphere_prototype.tsx(7955,21): error TS2339: Property 'select' does not exist on type 'JSX.IntrinsicElements'.
kinsphere_prototype.tsx(7956,19): error TS2339: Property 'div' does not exist on type 'JSX.IntrinsicElements'.
kinsphere_prototype.tsx(7959,21): error TS2339: Property 'div' does not exist on type 'JSX.IntrinsicElements'.
kinsphere_prototype.tsx(7961,25): error TS2339: Property 'div' does not exist on type 'JSX.IntrinsicElements'.
kinsphere_prototype.tsx(7962,27): error TS2339: Property 'span' does not exist on type 'JSX.IntrinsicElements'.
kinsphere_prototype.tsx(7962,125): error TS2339: Property 'span' does not exist on type 'JSX.IntrinsicElements'.
kinsphere_prototype.tsx(7963,27): error TS2339: Property 'button' does not exist on type 'JSX.IntrinsicElements'.
kinsphere_prototype.tsx(7967,29): error TS2339: Property 'div' does not exist on type 'JSX.IntrinsicElements'.
kinsphere_prototype.tsx(7968,27): error TS2339: Property 'button' does not exist on type 'JSX.IntrinsicElements'.
kinsphere_prototype.tsx(7969,25): error TS2339: Property 'div' does not exist on type 'JSX.IntrinsicElements'.
kinsphere_prototype.tsx(7971,21): error TS2339: Property 'div' does not exist on type 'JSX.IntrinsicElements'.
kinsphere_prototype.tsx(7978,23): error TS2339: Property 'div' does not exist on type 'JSX.IntrinsicElements'.
kinsphere_prototype.tsx(7979,25): error TS2339: Property 'div' does not exist on type 'JSX.IntrinsicElements'.
kinsphere_prototype.tsx(7979,147): error TS2339: Property 'div' does not exist on type 'JSX.IntrinsicElements'.
kinsphere_prototype.tsx(7981,25): error TS2339: Property 'div' does not exist on type 'JSX.IntrinsicElements'.
kinsphere_prototype.tsx(7983,27): error TS2339: Property 'div' does not exist on type 'JSX.IntrinsicElements'.
kinsphere_prototype.tsx(7989,29): error TS2339: Property 'div' does not exist on type 'JSX.IntrinsicElements'.
kinsphere_prototype.tsx(7990,31): error TS2339: Property 'div' does not exist on type 'JSX.IntrinsicElements'.
kinsphere_prototype.tsx(7992,31): error TS2339: Property 'div' does not exist on type 'JSX.IntrinsicElements'.
kinsphere_prototype.tsx(7993,31): error TS2339: Property 'div' does not exist on type 'JSX.IntrinsicElements'.
kinsphere_prototype.tsx(7997,31): error TS2339: Property 'div' does not exist on type 'JSX.IntrinsicElements'.
kinsphere_prototype.tsx(7998,29): error TS2339: Property 'div' does not exist on type 'JSX.IntrinsicElements'.
kinsphere_prototype.tsx(8006,27): error TS2339: Property 'div' does not exist on type 'JSX.IntrinsicElements'.
kinsphere_prototype.tsx(8010,29): error TS2339: Property 'div' does not exist on type 'JSX.IntrinsicElements'.
kinsphere_prototype.tsx(8016,31): error TS2339: Property 'div' does not exist on type 'JSX.IntrinsicElements'.
kinsphere_prototype.tsx(8017,33): error TS2339: Property 'div' does not exist on type 'JSX.IntrinsicElements'.
kinsphere_prototype.tsx(8017,163): error TS2339: Property 'div' does not exist on type 'JSX.IntrinsicElements'.
kinsphere_prototype.tsx(8018,33): error TS2339: Property 'div' does not exist on type 'JSX.IntrinsicElements'.
kinsphere_prototype.tsx(8019,46): error TS2339: Property 'strong' does not exist on type 'JSX.IntrinsicElements'.
kinsphere_prototype.tsx(8019,163): error TS2339: Property 'strong' does not exist on type 'JSX.IntrinsicElements'.
kinsphere_prototype.tsx(8021,33): error TS2339: Property 'div' does not exist on type 'JSX.IntrinsicElements'.
kinsphere_prototype.tsx(8022,31): error TS2339: Property 'div' does not exist on type 'JSX.IntrinsicElements'.
kinsphere_prototype.tsx(8038,29): error TS2339: Property 'div' does not exist on type 'JSX.IntrinsicElements'.
kinsphere_prototype.tsx(8043,29): error TS2339: Property 'div' does not exist on type 'JSX.IntrinsicElements'.
kinsphere_prototype.tsx(8049,31): error TS2339: Property 'div' does not exist on type 'JSX.IntrinsicElements'.
kinsphere_prototype.tsx(8050,33): error TS2339: Property 'div' does not exist on type 'JSX.IntrinsicElements'.
kinsphere_prototype.tsx(8050,140): error TS2339: Property 'div' does not exist on type 'JSX.IntrinsicElements'.
kinsphere_prototype.tsx(8051,33): error TS2339: Property 'div' does not exist on type 'JSX.IntrinsicElements'.
kinsphere_prototype.tsx(8052,77): error TS2339: Property 'strong' does not exist on type 'JSX.IntrinsicElements'.
kinsphere_prototype.tsx(8052,93): error TS2339: Property 'strong' does not exist on type 'JSX.IntrinsicElements'.
kinsphere_prototype.tsx(8054,33): error TS2339: Property 'div' does not exist on type 'JSX.IntrinsicElements'.
kinsphere_prototype.tsx(8055,31): error TS2339: Property 'div' does not exist on type 'JSX.IntrinsicElements'.
kinsphere_prototype.tsx(8071,29): error TS2339: Property 'div' does not exist on type 'JSX.IntrinsicElements'.
kinsphere_prototype.tsx(8073,25): error TS2339: Property 'div' does not exist on type 'JSX.IntrinsicElements'.
kinsphere_prototype.tsx(8074,23): error TS2339: Property 'div' does not exist on type 'JSX.IntrinsicElements'.
kinsphere_prototype.tsx(8081,19): error TS2339: Property 'p' does not exist on type 'JSX.IntrinsicElements'.
kinsphere_prototype.tsx(8083,19): error TS2339: Property 'p' does not exist on type 'JSX.IntrinsicElements'.
kinsphere_prototype.tsx(8084,19): error TS2339: Property 'div' does not exist on type 'JSX.IntrinsicElements'.
kinsphere_prototype.tsx(8085,21): error TS2339: Property 'div' does not exist on type 'JSX.IntrinsicElements'.
kinsphere_prototype.tsx(8086,23): error TS2339: Property 'div' does not exist on type 'JSX.IntrinsicElements'.
kinsphere_prototype.tsx(8087,25): error TS2339: Property 'div' does not exist on type 'JSX.IntrinsicElements'.
kinsphere_prototype.tsx(8087,108): error TS2339: Property 'div' does not exist on type 'JSX.IntrinsicElements'.
kinsphere_prototype.tsx(8088,25): error TS2339: Property 'div' does not exist on type 'JSX.IntrinsicElements'.
kinsphere_prototype.tsx(8088,128): error TS2339: Property 'div' does not exist on type 'JSX.IntrinsicElements'.
kinsphere_prototype.tsx(8089,23): error TS2339: Property 'div' does not exist on type 'JSX.IntrinsicElements'.
kinsphere_prototype.tsx(8090,23): error TS2339: Property 'button' does not exist on type 'JSX.IntrinsicElements'.
kinsphere_prototype.tsx(8094,25): error TS2339: Property 'div' does not exist on type 'JSX.IntrinsicElements'.
kinsphere_prototype.tsx(8095,23): error TS2339: Property 'button' does not exist on type 'JSX.IntrinsicElements'.
kinsphere_prototype.tsx(8096,21): error TS2339: Property 'div' does not exist on type 'JSX.IntrinsicElements'.
kinsphere_prototype.tsx(8097,21): error TS2339: Property 'div' does not exist on type 'JSX.IntrinsicElements'.
kinsphere_prototype.tsx(8098,23): error TS2339: Property 'div' does not exist on type 'JSX.IntrinsicElements'.
kinsphere_prototype.tsx(8099,25): error TS2339: Property 'div' does not exist on type 'JSX.IntrinsicElements'.
kinsphere_prototype.tsx(8099,98): error TS2339: Property 'div' does not exist on type 'JSX.IntrinsicElements'.
kinsphere_prototype.tsx(8100,25): error TS2339: Property 'div' does not exist on type 'JSX.IntrinsicElements'.
kinsphere_prototype.tsx(8100,113): error TS2339: Property 'div' does not exist on type 'JSX.IntrinsicElements'.
kinsphere_prototype.tsx(8101,23): error TS2339: Property 'div' does not exist on type 'JSX.IntrinsicElements'.
kinsphere_prototype.tsx(8102,23): error TS2339: Property 'div' does not exist on type 'JSX.IntrinsicElements'.
kinsphere_prototype.tsx(8103,25): error TS2339: Property 'input' does not exist on type 'JSX.IntrinsicElements'.
kinsphere_prototype.tsx(8109,25): error TS2339: Property 'select' does not exist on type 'JSX.IntrinsicElements'.
kinsphere_prototype.tsx(8114,27): error TS2339: Property 'option' does not exist on type 'JSX.IntrinsicElements'.
kinsphere_prototype.tsx(8114,40): error TS2339: Property 'option' does not exist on type 'JSX.IntrinsicElements'.
kinsphere_prototype.tsx(8115,27): error TS2339: Property 'option' does not exist on type 'JSX.IntrinsicElements'.
kinsphere_prototype.tsx(8115,39): error TS2339: Property 'option' does not exist on type 'JSX.IntrinsicElements'.
kinsphere_prototype.tsx(8116,27): error TS2339: Property 'option' does not exist on type 'JSX.IntrinsicElements'.
kinsphere_prototype.tsx(8116,41): error TS2339: Property 'option' does not exist on type 'JSX.IntrinsicElements'.
kinsphere_prototype.tsx(8117,25): error TS2339: Property 'select' does not exist on type 'JSX.IntrinsicElements'.
kinsphere_prototype.tsx(8118,23): error TS2339: Property 'div' does not exist on type 'JSX.IntrinsicElements'.
kinsphere_prototype.tsx(8119,21): error TS2339: Property 'div' does not exist on type 'JSX.IntrinsicElements'.
kinsphere_prototype.tsx(8120,19): error TS2339: Property 'div' does not exist on type 'JSX.IntrinsicElements'.
kinsphere_prototype.tsx(8124,19): error TS2339: Property 'p' does not exist on type 'JSX.IntrinsicElements'.
kinsphere_prototype.tsx(8126,19): error TS2339: Property 'p' does not exist on type 'JSX.IntrinsicElements'.
kinsphere_prototype.tsx(8127,19): error TS2339: Property 'div' does not exist on type 'JSX.IntrinsicElements'.
kinsphere_prototype.tsx(8129,19): error TS2339: Property 'div' does not exist on type 'JSX.IntrinsicElements'.
kinsphere_prototype.tsx(8133,19): error TS2339: Property 'p' does not exist on type 'JSX.IntrinsicElements'.
kinsphere_prototype.tsx(8135,19): error TS2339: Property 'p' does not exist on type 'JSX.IntrinsicElements'.
kinsphere_prototype.tsx(8136,19): error TS2339: Property 'div' does not exist on type 'JSX.IntrinsicElements'.
kinsphere_prototype.tsx(8137,21): error TS2339: Property 'div' does not exist on type 'JSX.IntrinsicElements'.
kinsphere_prototype.tsx(8138,21): error TS2339: Property 'table' does not exist on type 'JSX.IntrinsicElements'.
kinsphere_prototype.tsx(8139,23): error TS2339: Property 'thead' does not exist on type 'JSX.IntrinsicElements'.
kinsphere_prototype.tsx(8140,25): error TS2339: Property 'tr' does not exist on type 'JSX.IntrinsicElements'.
kinsphere_prototype.tsx(8142,29): error TS2339: Property 'th' does not exist on type 'JSX.IntrinsicElements'.
kinsphere_prototype.tsx(8142,203): error TS2339: Property 'th' does not exist on type 'JSX.IntrinsicElements'.
kinsphere_prototype.tsx(8144,25): error TS2339: Property 'tr' does not exist on type 'JSX.IntrinsicElements'.
kinsphere_prototype.tsx(8145,23): error TS2339: Property 'thead' does not exist on type 'JSX.IntrinsicElements'.
kinsphere_prototype.tsx(8146,23): error TS2339: Property 'tbody' does not exist on type 'JSX.IntrinsicElements'.
kinsphere_prototype.tsx(8151,27): error TS2339: Property 'tr' does not exist on type 'JSX.IntrinsicElements'.
kinsphere_prototype.tsx(8153,31): error TS2339: Property 'td' does not exist on type 'JSX.IntrinsicElements'.
kinsphere_prototype.tsx(8153,112): error TS2339: Property 'td' does not exist on type 'JSX.IntrinsicElements'.
kinsphere_prototype.tsx(8155,27): error TS2339: Property 'tr' does not exist on type 'JSX.IntrinsicElements'.
kinsphere_prototype.tsx(8157,23): error TS2339: Property 'tbody' does not exist on type 'JSX.IntrinsicElements'.
kinsphere_prototype.tsx(8158,21): error TS2339: Property 'table' does not exist on type 'JSX.IntrinsicElements'.
kinsphere_prototype.tsx(8159,21): error TS2339: Property 'div' does not exist on type 'JSX.IntrinsicElements'.
kinsphere_prototype.tsx(8160,19): error TS2339: Property 'div' does not exist on type 'JSX.IntrinsicElements'.
kinsphere_prototype.tsx(8164,19): error TS2339: Property 'div' does not exist on type 'JSX.IntrinsicElements'.
kinsphere_prototype.tsx(8165,21): error TS2339: Property 'div' does not exist on type 'JSX.IntrinsicElements'.
kinsphere_prototype.tsx(8165,132): error TS2339: Property 'div' does not exist on type 'JSX.IntrinsicElements'.
kinsphere_prototype.tsx(8166,21): error TS2339: Property 'div' does not exist on type 'JSX.IntrinsicElements'.
kinsphere_prototype.tsx(8168,25): error TS2339: Property 'div' does not exist on type 'JSX.IntrinsicElements'.
kinsphere_prototype.tsx(8169,27): error TS2339: Property 'span' does not exist on type 'JSX.IntrinsicElements'.
kinsphere_prototype.tsx(8169,137): error TS2339: Property 'span' does not exist on type 'JSX.IntrinsicElements'.
kinsphere_prototype.tsx(8170,27): error TS2339: Property 'span' does not exist on type 'JSX.IntrinsicElements'.
kinsphere_prototype.tsx(8170,91): error TS2339: Property 'span' does not exist on type 'JSX.IntrinsicElements'.
kinsphere_prototype.tsx(8171,25): error TS2339: Property 'div' does not exist on type 'JSX.IntrinsicElements'.
kinsphere_prototype.tsx(8173,21): error TS2339: Property 'div' does not exist on type 'JSX.IntrinsicElements'.
kinsphere_prototype.tsx(8174,19): error TS2339: Property 'div' does not exist on type 'JSX.IntrinsicElements'.
kinsphere_prototype.tsx(8176,19): error TS2339: Property 'div' does not exist on type 'JSX.IntrinsicElements'.
kinsphere_prototype.tsx(8177,21): error TS2339: Property 'div' does not exist on type 'JSX.IntrinsicElements'.
kinsphere_prototype.tsx(8177,133): error TS2339: Property 'div' does not exist on type 'JSX.IntrinsicElements'.
kinsphere_prototype.tsx(8178,21): error TS2339: Property 'div' does not exist on type 'JSX.IntrinsicElements'.
kinsphere_prototype.tsx(8184,25): error TS2339: Property 'div' does not exist on type 'JSX.IntrinsicElements'.
kinsphere_prototype.tsx(8185,27): error TS2339: Property 'div' does not exist on type 'JSX.IntrinsicElements'.
kinsphere_prototype.tsx(8186,29): error TS2339: Property 'div' does not exist on type 'JSX.IntrinsicElements'.
kinsphere_prototype.tsx(8186,96): error TS2339: Property 'div' does not exist on type 'JSX.IntrinsicElements'.
kinsphere_prototype.tsx(8187,29): error TS2339: Property 'div' does not exist on type 'JSX.IntrinsicElements'.
kinsphere_prototype.tsx(8187,80): error TS2339: Property 'div' does not exist on type 'JSX.IntrinsicElements'.
kinsphere_prototype.tsx(8188,27): error TS2339: Property 'div' does not exist on type 'JSX.IntrinsicElements'.
kinsphere_prototype.tsx(8189,27): error TS2339: Property 'button' does not exist on type 'JSX.IntrinsicElements'.
kinsphere_prototype.tsx(8193,29): error TS2339: Property 'div' does not exist on type 'JSX.IntrinsicElements'.
kinsphere_prototype.tsx(8194,27): error TS2339: Property 'button' does not exist on type 'JSX.IntrinsicElements'.
kinsphere_prototype.tsx(8195,25): error TS2339: Property 'div' does not exist on type 'JSX.IntrinsicElements'.
kinsphere_prototype.tsx(8197,21): error TS2339: Property 'div' does not exist on type 'JSX.IntrinsicElements'.
kinsphere_prototype.tsx(8198,19): error TS2339: Property 'div' does not exist on type 'JSX.IntrinsicElements'.
kinsphere_prototype.tsx(8207,17): error TS2339: Property 'p' does not exist on type 'JSX.IntrinsicElements'.
kinsphere_prototype.tsx(8209,17): error TS2339: Property 'p' does not exist on type 'JSX.IntrinsicElements'.
kinsphere_prototype.tsx(8216,17): error TS2339: Property 'p' does not exist on type 'JSX.IntrinsicElements'.
kinsphere_prototype.tsx(8218,17): error TS2339: Property 'p' does not exist on type 'JSX.IntrinsicElements'.
kinsphere_prototype.tsx(8219,17): error TS2339: Property 'div' does not exist on type 'JSX.IntrinsicElements'.
kinsphere_prototype.tsx(8225,21): error TS2339: Property 'div' does not exist on type 'JSX.IntrinsicElements'.
kinsphere_prototype.tsx(8226,23): error TS2339: Property 'div' does not exist on type 'JSX.IntrinsicElements'.
kinsphere_prototype.tsx(8227,25): error TS2339: Property 'div' does not exist on type 'JSX.IntrinsicElements'.
kinsphere_prototype.tsx(8227,86): error TS2339: Property 'div' does not exist on type 'JSX.IntrinsicElements'.
kinsphere_prototype.tsx(8228,25): error TS2339: Property 'div' does not exist on type 'JSX.IntrinsicElements'.
kinsphere_prototype.tsx(8228,83): error TS2339: Property 'div' does not exist on type 'JSX.IntrinsicElements'.
kinsphere_prototype.tsx(8229,23): error TS2339: Property 'div' does not exist on type 'JSX.IntrinsicElements'.
kinsphere_prototype.tsx(8231,21): error TS2339: Property 'div' does not exist on type 'JSX.IntrinsicElements'.
kinsphere_prototype.tsx(8233,17): error TS2339: Property 'div' does not exist on type 'JSX.IntrinsicElements'.
kinsphere_prototype.tsx(8239,17): error TS2339: Property 'p' does not exist on type 'JSX.IntrinsicElements'.
kinsphere_prototype.tsx(8241,17): error TS2339: Property 'p' does not exist on type 'JSX.IntrinsicElements'.
kinsphere_prototype.tsx(8242,17): error TS2339: Property 'div' does not exist on type 'JSX.IntrinsicElements'.
kinsphere_prototype.tsx(8248,21): error TS2339: Property 'div' does not exist on type 'JSX.IntrinsicElements'.
kinsphere_prototype.tsx(8249,23): error TS2339: Property 'div' does not exist on type 'JSX.IntrinsicElements'.
kinsphere_prototype.tsx(8250,25): error TS2339: Property 'div' does not exist on type 'JSX.IntrinsicElements'.
kinsphere_prototype.tsx(8250,86): error TS2339: Property 'div' does not exist on type 'JSX.IntrinsicElements'.
kinsphere_prototype.tsx(8251,25): error TS2339: Property 'div' does not exist on type 'JSX.IntrinsicElements'.
kinsphere_prototype.tsx(8251,83): error TS2339: Property 'div' does not exist on type 'JSX.IntrinsicElements'.
kinsphere_prototype.tsx(8252,23): error TS2339: Property 'div' does not exist on type 'JSX.IntrinsicElements'.
kinsphere_prototype.tsx(8254,21): error TS2339: Property 'div' does not exist on type 'JSX.IntrinsicElements'.
kinsphere_prototype.tsx(8256,17): error TS2339: Property 'div' does not exist on type 'JSX.IntrinsicElements'.
kinsphere_prototype.tsx(8262,17): error TS2339: Property 'p' does not exist on type 'JSX.IntrinsicElements'.
kinsphere_prototype.tsx(8263,23): error TS2339: Property 'strong' does not exist on type 'JSX.IntrinsicElements'.
kinsphere_prototype.tsx(8263,69): error TS2339: Property 'strong' does not exist on type 'JSX.IntrinsicElements'.
kinsphere_prototype.tsx(8264,17): error TS2339: Property 'p' does not exist on type 'JSX.IntrinsicElements'.
kinsphere_prototype.tsx(8269,15): error TS2339: Property 'p' does not exist on type 'JSX.IntrinsicElements'.
kinsphere_prototype.tsx(8271,15): error TS2339: Property 'p' does not exist on type 'JSX.IntrinsicElements'.
kinsphere_prototype.tsx(8277,11): error TS2339: Property 'div' does not exist on type 'JSX.IntrinsicElements'.
kinsphere_prototype.tsx(8279,7): error TS2339: Property 'main' does not exist on type 'JSX.IntrinsicElements'.
kinsphere_prototype.tsx(8310,31): error TS2339: Property 'halfDay' does not exist on type '{ id: number; empId: number; ini: string; emp: string; type: string; from: string; to: string; fromISO: string; toISO: string; days: string; reason: string; approver: string; status: string; }'.
kinsphere_prototype.tsx(8322,15): error TS2339: Property 'div' does not exist on type 'JSX.IntrinsicElements'.
kinsphere_prototype.tsx(8324,17): error TS2339: Property 'button' does not exist on type 'JSX.IntrinsicElements'.
kinsphere_prototype.tsx(8329,17): error TS2339: Property 'button' does not exist on type 'JSX.IntrinsicElements'.
kinsphere_prototype.tsx(8332,17): error TS2339: Property 'div' does not exist on type 'JSX.IntrinsicElements'.
kinsphere_prototype.tsx(8334,19): error TS2339: Property 'div' does not exist on type 'JSX.IntrinsicElements'.
kinsphere_prototype.tsx(8335,21): error TS2339: Property 'div' does not exist on type 'JSX.IntrinsicElements'.
kinsphere_prototype.tsx(8335,95): error TS2339: Property 'div' does not exist on type 'JSX.IntrinsicElements'.
kinsphere_prototype.tsx(8336,21): error TS2339: Property 'div' does not exist on type 'JSX.IntrinsicElements'.
kinsphere_prototype.tsx(8336,118): error TS2339: Property 'div' does not exist on type 'JSX.IntrinsicElements'.
kinsphere_prototype.tsx(8337,19): error TS2339: Property 'div' does not exist on type 'JSX.IntrinsicElements'.
kinsphere_prototype.tsx(8338,17): error TS2339: Property 'div' does not exist on type 'JSX.IntrinsicElements'.
kinsphere_prototype.tsx(8341,17): error TS2339: Property 'div' does not exist on type 'JSX.IntrinsicElements'.
kinsphere_prototype.tsx(8342,19): error TS2339: Property 'div' does not exist on type 'JSX.IntrinsicElements'.
kinsphere_prototype.tsx(8343,21): error TS2339: Property 'div' does not exist on type 'JSX.IntrinsicElements'.
kinsphere_prototype.tsx(8343,136): error TS2339: Property 'div' does not exist on type 'JSX.IntrinsicElements'.
kinsphere_prototype.tsx(8344,21): error TS2339: Property 'div' does not exist on type 'JSX.IntrinsicElements'.
kinsphere_prototype.tsx(8364,21): error TS2339: Property 'div' does not exist on type 'JSX.IntrinsicElements'.
kinsphere_prototype.tsx(8365,19): error TS2339: Property 'div' does not exist on type 'JSX.IntrinsicElements'.
kinsphere_prototype.tsx(8366,19): error TS2339: Property 'div' does not exist on type 'JSX.IntrinsicElements'.
kinsphere_prototype.tsx(8373,25): error TS2339: Property 'div' does not exist on type 'JSX.IntrinsicElements'.
kinsphere_prototype.tsx(8374,27): error TS2339: Property 'div' does not exist on type 'JSX.IntrinsicElements'.
kinsphere_prototype.tsx(8374,139): error TS2339: Property 'div' does not exist on type 'JSX.IntrinsicElements'.
kinsphere_prototype.tsx(8375,27): error TS2339: Property 'div' does not exist on type 'JSX.IntrinsicElements'.
kinsphere_prototype.tsx(8376,29): error TS2339: Property 'span' does not exist on type 'JSX.IntrinsicElements'.
kinsphere_prototype.tsx(8376,125): error TS2339: Property 'span' does not exist on type 'JSX.IntrinsicElements'.
kinsphere_prototype.tsx(8377,29): error TS2339: Property 'span' does not exist on type 'JSX.IntrinsicElements'.
kinsphere_prototype.tsx(8377,88): error TS2339: Property 'span' does not exist on type 'JSX.IntrinsicElements'.
kinsphere_prototype.tsx(8378,27): error TS2339: Property 'div' does not exist on type 'JSX.IntrinsicElements'.
kinsphere_prototype.tsx(8379,27): error TS2339: Property 'div' does not exist on type 'JSX.IntrinsicElements'.
kinsphere_prototype.tsx(8380,29): error TS2339: Property 'label' does not exist on type 'JSX.IntrinsicElements'.
kinsphere_prototype.tsx(8380,93): error TS2339: Property 'label' does not exist on type 'JSX.IntrinsicElements'.
kinsphere_prototype.tsx(8381,29): error TS2339: Property 'input' does not exist on type 'JSX.IntrinsicElements'.
kinsphere_prototype.tsx(8394,27): error TS2339: Property 'div' does not exist on type 'JSX.IntrinsicElements'.
kinsphere_prototype.tsx(8396,29): error TS2339: Property 'button' does not exist on type 'JSX.IntrinsicElements'.
kinsphere_prototype.tsx(8407,29): error TS2339: Property 'button' does not exist on type 'JSX.IntrinsicElements'.
kinsphere_prototype.tsx(8409,25): error TS2339: Property 'div' does not exist on type 'JSX.IntrinsicElements'.
kinsphere_prototype.tsx(8412,19): error TS2339: Property 'div' does not exist on type 'JSX.IntrinsicElements'.
kinsphere_prototype.tsx(8413,17): error TS2339: Property 'div' does not exist on type 'JSX.IntrinsicElements'.
kinsphere_prototype.tsx(8416,17): error TS2339: Property 'div' does not exist on type 'JSX.IntrinsicElements'.
kinsphere_prototype.tsx(8417,19): error TS2339: Property 'div' does not exist on type 'JSX.IntrinsicElements'.
kinsphere_prototype.tsx(8418,21): error TS2339: Property 'div' does not exist on type 'JSX.IntrinsicElements'.
kinsphere_prototype.tsx(8418,107): error TS2339: Property 'div' does not exist on type 'JSX.IntrinsicElements'.
kinsphere_prototype.tsx(8420,21): error TS2339: Property 'div' does not exist on type 'JSX.IntrinsicElements'.
kinsphere_prototype.tsx(8421,23): error TS2339: Property 'select' does not exist on type 'JSX.IntrinsicElements'.
kinsphere_prototype.tsx(8426,48): error TS2339: Property 'option' does not exist on type 'JSX.IntrinsicElements'.
kinsphere_prototype.tsx(8426,77): error TS2339: Property 'option' does not exist on type 'JSX.IntrinsicElements'.
kinsphere_prototype.tsx(8427,78): error TS2339: Property 'option' does not exist on type 'JSX.IntrinsicElements'.
kinsphere_prototype.tsx(8427,145): error TS2339: Property 'option' does not exist on type 'JSX.IntrinsicElements'.
kinsphere_prototype.tsx(8428,23): error TS2339: Property 'select' does not exist on type 'JSX.IntrinsicElements'.
kinsphere_prototype.tsx(8429,23): error TS2339: Property 'select' does not exist on type 'JSX.IntrinsicElements'.
kinsphere_prototype.tsx(8434,25): error TS2339: Property 'option' does not exist on type 'JSX.IntrinsicElements'.
kinsphere_prototype.tsx(8434,52): error TS2339: Property 'option' does not exist on type 'JSX.IntrinsicElements'.
kinsphere_prototype.tsx(8435,53): error TS2339: Property 'option' does not exist on type 'JSX.IntrinsicElements'.
kinsphere_prototype.tsx(8435,82): error TS2339: Property 'option' does not exist on type 'JSX.IntrinsicElements'.
kinsphere_prototype.tsx(8436,23): error TS2339: Property 'select' does not exist on type 'JSX.IntrinsicElements'.
kinsphere_prototype.tsx(8438,25): error TS2339: Property 'button' does not exist on type 'JSX.IntrinsicElements'.
kinsphere_prototype.tsx(8441,31): error TS2339: Property 'button' does not exist on type 'JSX.IntrinsicElements'.
kinsphere_prototype.tsx(8443,21): error TS2339: Property 'div' does not exist on type 'JSX.IntrinsicElements'.
kinsphere_prototype.tsx(8444,19): error TS2339: Property 'div' does not exist on type 'JSX.IntrinsicElements'.
kinsphere_prototype.tsx(8446,21): error TS2339: Property 'div' does not exist on type 'JSX.IntrinsicElements'.
kinsphere_prototype.tsx(8448,21): error TS2339: Property 'div' does not exist on type 'JSX.IntrinsicElements'.
kinsphere_prototype.tsx(8450,21): error TS2339: Property 'div' does not exist on type 'JSX.IntrinsicElements'.
kinsphere_prototype.tsx(8451,23): error TS2339: Property 'table' does not exist on type 'JSX.IntrinsicElements'.
kinsphere_prototype.tsx(8452,25): error TS2339: Property 'thead' does not exist on type 'JSX.IntrinsicElements'.
kinsphere_prototype.tsx(8453,27): error TS2339: Property 'tr' does not exist on type 'JSX.IntrinsicElements'.
kinsphere_prototype.tsx(8455,31): error TS2339: Property 'th' does not exist on type 'JSX.IntrinsicElements'.
kinsphere_prototype.tsx(8455,204): error TS2339: Property 'th' does not exist on type 'JSX.IntrinsicElements'.
kinsphere_prototype.tsx(8457,27): error TS2339: Property 'tr' does not exist on type 'JSX.IntrinsicElements'.
kinsphere_prototype.tsx(8458,25): error TS2339: Property 'thead' does not exist on type 'JSX.IntrinsicElements'.
kinsphere_prototype.tsx(8459,25): error TS2339: Property 'tbody' does not exist on type 'JSX.IntrinsicElements'.
kinsphere_prototype.tsx(8461,29): error TS2339: Property 'tr' does not exist on type 'JSX.IntrinsicElements'.
kinsphere_prototype.tsx(8462,31): error TS2339: Property 'td' does not exist on type 'JSX.IntrinsicElements'.
kinsphere_prototype.tsx(8462,91): error TS2339: Property 'td' does not exist on type 'JSX.IntrinsicElements'.
kinsphere_prototype.tsx(8463,31): error TS2339: Property 'td' does not exist on type 'JSX.IntrinsicElements'.
kinsphere_prototype.tsx(8463,88): error TS2339: Property 'td' does not exist on type 'JSX.IntrinsicElements'.
kinsphere_prototype.tsx(8464,31): error TS2339: Property 'td' does not exist on type 'JSX.IntrinsicElements'.
kinsphere_prototype.tsx(8464,86): error TS2339: Property 'td' does not exist on type 'JSX.IntrinsicElements'.
kinsphere_prototype.tsx(8465,31): error TS2339: Property 'td' does not exist on type 'JSX.IntrinsicElements'.
kinsphere_prototype.tsx(8465,91): error TS2339: Property 'td' does not exist on type 'JSX.IntrinsicElements'.
kinsphere_prototype.tsx(8466,31): error TS2339: Property 'td' does not exist on type 'JSX.IntrinsicElements'.
kinsphere_prototype.tsx(8466,169): error TS2339: Property 'td' does not exist on type 'JSX.IntrinsicElements'.
kinsphere_prototype.tsx(8467,31): error TS2339: Property 'td' does not exist on type 'JSX.IntrinsicElements'.
kinsphere_prototype.tsx(8467,114): error TS2339: Property 'td' does not exist on type 'JSX.IntrinsicElements'.
kinsphere_prototype.tsx(8468,31): error TS2339: Property 'td' does not exist on type 'JSX.IntrinsicElements'.
kinsphere_prototype.tsx(8468,89): error TS2339: Property 'td' does not exist on type 'JSX.IntrinsicElements'.
kinsphere_prototype.tsx(8469,29): error TS2339: Property 'tr' does not exist on type 'JSX.IntrinsicElements'.
kinsphere_prototype.tsx(8471,25): error TS2339: Property 'tbody' does not exist on type 'JSX.IntrinsicElements'.
kinsphere_prototype.tsx(8472,23): error TS2339: Property 'table' does not exist on type 'JSX.IntrinsicElements'.
kinsphere_prototype.tsx(8473,21): error TS2339: Property 'div' does not exist on type 'JSX.IntrinsicElements'.
kinsphere_prototype.tsx(8475,17): error TS2339: Property 'div' does not exist on type 'JSX.IntrinsicElements'.
kinsphere_prototype.tsx(8476,15): error TS2339: Property 'div' does not exist on type 'JSX.IntrinsicElements'.
kinsphere_prototype.tsx(8479,15): error TS2339: Property 'div' does not exist on type 'JSX.IntrinsicElements'.
kinsphere_prototype.tsx(8481,17): error TS2339: Property 'div' does not exist on type 'JSX.IntrinsicElements'.
kinsphere_prototype.tsx(8482,19): error TS2339: Property 'div' does not exist on type 'JSX.IntrinsicElements'.
kinsphere_prototype.tsx(8482,129): error TS2339: Property 'div' does not exist on type 'JSX.IntrinsicElements'.
kinsphere_prototype.tsx(8483,19): error TS2339: Property 'div' does not exist on type 'JSX.IntrinsicElements'.
kinsphere_prototype.tsx(8484,21): error TS2339: Property 'span' does not exist on type 'JSX.IntrinsicElements'.
kinsphere_prototype.tsx(8484,88): error TS2339: Property 'span' does not exist on type 'JSX.IntrinsicElements'.
kinsphere_prototype.tsx(8485,21): error TS2339: Property 'select' does not exist on type 'JSX.IntrinsicElements'.
kinsphere_prototype.tsx(8490,58): error TS2339: Property 'option' does not exist on type 'JSX.IntrinsicElements'.
kinsphere_prototype.tsx(8490,87): error TS2339: Property 'option' does not exist on type 'JSX.IntrinsicElements'.
kinsphere_prototype.tsx(8491,21): error TS2339: Property 'select' does not exist on type 'JSX.IntrinsicElements'.
kinsphere_prototype.tsx(8492,21): error TS2339: Property 'select' does not exist on type 'JSX.IntrinsicElements'.
kinsphere_prototype.tsx(8497,23): error TS2339: Property 'option' does not exist on type 'JSX.IntrinsicElements'.
kinsphere_prototype.tsx(8497,49): error TS2339: Property 'option' does not exist on type 'JSX.IntrinsicElements'.
kinsphere_prototype.tsx(8498,50): error TS2339: Property 'option' does not exist on type 'JSX.IntrinsicElements'.
kinsphere_prototype.tsx(8498,79): error TS2339: Property 'option' does not exist on type 'JSX.IntrinsicElements'.
kinsphere_prototype.tsx(8499,21): error TS2339: Property 'select' does not exist on type 'JSX.IntrinsicElements'.
kinsphere_prototype.tsx(8501,23): error TS2339: Property 'button' does not exist on type 'JSX.IntrinsicElements'.
kinsphere_prototype.tsx(8504,29): error TS2339: Property 'button' does not exist on type 'JSX.IntrinsicElements'.
kinsphere_prototype.tsx(8506,19): error TS2339: Property 'div' does not exist on type 'JSX.IntrinsicElements'.
kinsphere_prototype.tsx(8507,17): error TS2339: Property 'div' does not exist on type 'JSX.IntrinsicElements'.
kinsphere_prototype.tsx(8508,17): error TS2339: Property 'div' does not exist on type 'JSX.IntrinsicElements'.
kinsphere_prototype.tsx(8510,17): error TS2339: Property 'div' does not exist on type 'JSX.IntrinsicElements'.
kinsphere_prototype.tsx(8511,17): error TS2339: Property 'div' does not exist on type 'JSX.IntrinsicElements'.
kinsphere_prototype.tsx(8512,19): error TS2339: Property 'table' does not exist on type 'JSX.IntrinsicElements'.
kinsphere_prototype.tsx(8513,21): error TS2339: Property 'thead' does not exist on type 'JSX.IntrinsicElements'.
kinsphere_prototype.tsx(8514,23): error TS2339: Property 'tr' does not exist on type 'JSX.IntrinsicElements'.
kinsphere_prototype.tsx(8515,25): error TS2339: Property 'th' does not exist on type 'JSX.IntrinsicElements'.
kinsphere_prototype.tsx(8515,182): error TS2339: Property 'th' does not exist on type 'JSX.IntrinsicElements'.
kinsphere_prototype.tsx(8517,27): error TS2339: Property 'th' does not exist on type 'JSX.IntrinsicElements'.
kinsphere_prototype.tsx(8517,201): error TS2339: Property 'th' does not exist on type 'JSX.IntrinsicElements'.
kinsphere_prototype.tsx(8519,25): error TS2339: Property 'th' does not exist on type 'JSX.IntrinsicElements'.
kinsphere_prototype.tsx(8519,181): error TS2339: Property 'th' does not exist on type 'JSX.IntrinsicElements'.
kinsphere_prototype.tsx(8520,23): error TS2339: Property 'tr' does not exist on type 'JSX.IntrinsicElements'.
kinsphere_prototype.tsx(8521,21): error TS2339: Property 'thead' does not exist on type 'JSX.IntrinsicElements'.
kinsphere_prototype.tsx(8522,21): error TS2339: Property 'tbody' does not exist on type 'JSX.IntrinsicElements'.
kinsphere_prototype.tsx(8524,25): error TS2339: Property 'tr' does not exist on type 'JSX.IntrinsicElements'.
kinsphere_prototype.tsx(8531,27): error TS2339: Property 'td' does not exist on type 'JSX.IntrinsicElements'.
kinsphere_prototype.tsx(8532,29): error TS2339: Property 'div' does not exist on type 'JSX.IntrinsicElements'.
kinsphere_prototype.tsx(8534,31): error TS2339: Property 'div' does not exist on type 'JSX.IntrinsicElements'.
kinsphere_prototype.tsx(8535,33): error TS2339: Property 'div' does not exist on type 'JSX.IntrinsicElements'.
kinsphere_prototype.tsx(8535,85): error TS2339: Property 'span' does not exist on type 'JSX.IntrinsicElements'.
kinsphere_prototype.tsx(8535,129): error TS2339: Property 'span' does not exist on type 'JSX.IntrinsicElements'.
kinsphere_prototype.tsx(8535,136): error TS2339: Property 'div' does not exist on type 'JSX.IntrinsicElements'.
kinsphere_prototype.tsx(8536,33): error TS2339: Property 'div' does not exist on type 'JSX.IntrinsicElements'.
kinsphere_prototype.tsx(8536,100): error TS2339: Property 'div' does not exist on type 'JSX.IntrinsicElements'.
kinsphere_prototype.tsx(8537,31): error TS2339: Property 'div' does not exist on type 'JSX.IntrinsicElements'.
kinsphere_prototype.tsx(8538,29): error TS2339: Property 'div' does not exist on type 'JSX.IntrinsicElements'.
kinsphere_prototype.tsx(8539,27): error TS2339: Property 'td' does not exist on type 'JSX.IntrinsicElements'.
kinsphere_prototype.tsx(8546,31): error TS2339: Property 'td' does not exist on type 'JSX.IntrinsicElements'.
kinsphere_prototype.tsx(8547,33): error TS2339: Property 'div' does not exist on type 'JSX.IntrinsicElements'.
kinsphere_prototype.tsx(8548,56): error TS2339: Property 'span' does not exist on type 'JSX.IntrinsicElements'.
kinsphere_prototype.tsx(8548,120): error TS2339: Property 'span' does not exist on type 'JSX.IntrinsicElements'.
kinsphere_prototype.tsx(8549,37): error TS2339: Property 'span' does not exist on type 'JSX.IntrinsicElements'.
kinsphere_prototype.tsx(8549,89): error TS2339: Property 'span' does not exist on type 'JSX.IntrinsicElements'.
kinsphere_prototype.tsx(8551,33): error TS2339: Property 'div' does not exist on type 'JSX.IntrinsicElements'.
kinsphere_prototype.tsx(8552,33): error TS2339: Property 'div' does not exist on type 'JSX.IntrinsicElements'.
kinsphere_prototype.tsx(8552,130): error TS2339: Property 'div' does not exist on type 'JSX.IntrinsicElements'.
kinsphere_prototype.tsx(8553,31): error TS2339: Property 'td' does not exist on type 'JSX.IntrinsicElements'.
kinsphere_prototype.tsx(8556,27): error TS2339: Property 'td' does not exist on type 'JSX.IntrinsicElements'.
kinsphere_prototype.tsx(8557,29): error TS2339: Property 'span' does not exist on type 'JSX.IntrinsicElements'.
kinsphere_prototype.tsx(8569,29): error TS2339: Property 'span' does not exist on type 'JSX.IntrinsicElements'.
kinsphere_prototype.tsx(8570,27): error TS2339: Property 'td' does not exist on type 'JSX.IntrinsicElements'.
kinsphere_prototype.tsx(8571,25): error TS2339: Property 'tr' does not exist on type 'JSX.IntrinsicElements'.
kinsphere_prototype.tsx(8573,21): error TS2339: Property 'tbody' does not exist on type 'JSX.IntrinsicElements'.
kinsphere_prototype.tsx(8574,19): error TS2339: Property 'table' does not exist on type 'JSX.IntrinsicElements'.
kinsphere_prototype.tsx(8575,17): error TS2339: Property 'div' does not exist on type 'JSX.IntrinsicElements'.
kinsphere_prototype.tsx(8576,15): error TS2339: Property 'div' does not exist on type 'JSX.IntrinsicElements'.
kinsphere_prototype.tsx(8590,17): error TS2339: Property 'div' does not exist on type 'JSX.IntrinsicElements'.
kinsphere_prototype.tsx(8591,19): error TS2339: Property 'div' does not exist on type 'JSX.IntrinsicElements'.
kinsphere_prototype.tsx(8593,21): error TS2339: Property 'div' does not exist on type 'JSX.IntrinsicElements'.
kinsphere_prototype.tsx(8594,23): error TS2339: Property 'div' does not exist on type 'JSX.IntrinsicElements'.
kinsphere_prototype.tsx(8594,118): error TS2339: Property 'div' does not exist on type 'JSX.IntrinsicElements'.
kinsphere_prototype.tsx(8595,23): error TS2339: Property 'h2' does not exist on type 'JSX.IntrinsicElements'.
kinsphere_prototype.tsx(8597,23): error TS2339: Property 'h2' does not exist on type 'JSX.IntrinsicElements'.
kinsphere_prototype.tsx(8598,23): error TS2339: Property 'div' does not exist on type 'JSX.IntrinsicElements'.
kinsphere_prototype.tsx(8598,99): error TS2339: Property 'div' does not exist on type 'JSX.IntrinsicElements'.
kinsphere_prototype.tsx(8599,23): error TS2339: Property 'p' does not exist on type 'JSX.IntrinsicElements'.
kinsphere_prototype.tsx(8601,23): error TS2339: Property 'p' does not exist on type 'JSX.IntrinsicElements'.
kinsphere_prototype.tsx(8602,21): error TS2339: Property 'div' does not exist on type 'JSX.IntrinsicElements'.
kinsphere_prototype.tsx(8603,19): error TS2339: Property 'div' does not exist on type 'JSX.IntrinsicElements'.
kinsphere_prototype.tsx(8604,17): error TS2339: Property 'div' does not exist on type 'JSX.IntrinsicElements'.
kinsphere_prototype.tsx(8606,17): error TS2339: Property 'div' does not exist on type 'JSX.IntrinsicElements'.
kinsphere_prototype.tsx(8616,19): error TS2339: Property 'div' does not exist on type 'JSX.IntrinsicElements'.
kinsphere_prototype.tsx(8618,19): error TS2339: Property 'div' does not exist on type 'JSX.IntrinsicElements'.
kinsphere_prototype.tsx(8629,19): error TS2339: Property 'div' does not exist on type 'JSX.IntrinsicElements'.
kinsphere_prototype.tsx(8631,19): error TS2339: Property 'div' does not exist on type 'JSX.IntrinsicElements'.
kinsphere_prototype.tsx(8649,19): error TS2339: Property 'div' does not exist on type 'JSX.IntrinsicElements'.
kinsphere_prototype.tsx(8651,19): error TS2339: Property 'div' does not exist on type 'JSX.IntrinsicElements'.
kinsphere_prototype.tsx(8677,17): error TS2339: Property 'div' does not exist on type 'JSX.IntrinsicElements'.
kinsphere_prototype.tsx(8679,17): error TS2339: Property 'div' does not exist on type 'JSX.IntrinsicElements'.
kinsphere_prototype.tsx(8711,17): error TS2339: Property 'div' does not exist on type 'JSX.IntrinsicElements'.
kinsphere_prototype.tsx(8725,11): error TS2339: Property 'div' does not exist on type 'JSX.IntrinsicElements'.
kinsphere_prototype.tsx(8729,13): error TS2339: Property 'div' does not exist on type 'JSX.IntrinsicElements'.
kinsphere_prototype.tsx(8736,15): error TS2339: Property 'div' does not exist on type 'JSX.IntrinsicElements'.
kinsphere_prototype.tsx(8737,17): error TS2339: Property 'span' does not exist on type 'JSX.IntrinsicElements'.
kinsphere_prototype.tsx(8737,109): error TS2339: Property 'span' does not exist on type 'JSX.IntrinsicElements'.
kinsphere_prototype.tsx(8738,17): error TS2339: Property 'div' does not exist on type 'JSX.IntrinsicElements'.
kinsphere_prototype.tsx(8739,19): error TS2339: Property 'button' does not exist on type 'JSX.IntrinsicElements'.
kinsphere_prototype.tsx(8748,21): error TS2339: Property 'svg' does not exist on type 'JSX.IntrinsicElements'.
kinsphere_prototype.tsx(8749,23): error TS2339: Property 'path' does not exist on type 'JSX.IntrinsicElements'.
kinsphere_prototype.tsx(8750,23): error TS2339: Property 'polyline' does not exist on type 'JSX.IntrinsicElements'.
kinsphere_prototype.tsx(8751,23): error TS2339: Property 'line' does not exist on type 'JSX.IntrinsicElements'.
kinsphere_prototype.tsx(8752,21): error TS2339: Property 'svg' does not exist on type 'JSX.IntrinsicElements'.
kinsphere_prototype.tsx(8753,19): error TS2339: Property 'button' does not exist on type 'JSX.IntrinsicElements'.
kinsphere_prototype.tsx(8754,19): error TS2339: Property 'button' does not exist on type 'JSX.IntrinsicElements'.
kinsphere_prototype.tsx(8762,21): error TS2339: Property 'button' does not exist on type 'JSX.IntrinsicElements'.
kinsphere_prototype.tsx(8763,17): error TS2339: Property 'div' does not exist on type 'JSX.IntrinsicElements'.
kinsphere_prototype.tsx(8764,15): error TS2339: Property 'div' does not exist on type 'JSX.IntrinsicElements'.
kinsphere_prototype.tsx(8765,15): error TS2339: Property 'div' does not exist on type 'JSX.IntrinsicElements'.
kinsphere_prototype.tsx(8766,17): error TS2339: Property 'div' does not exist on type 'JSX.IntrinsicElements'.
kinsphere_prototype.tsx(8776,17): error TS2339: Property 'div' does not exist on type 'JSX.IntrinsicElements'.
kinsphere_prototype.tsx(8777,15): error TS2339: Property 'div' does not exist on type 'JSX.IntrinsicElements'.
kinsphere_prototype.tsx(8778,13): error TS2339: Property 'div' does not exist on type 'JSX.IntrinsicElements'.
kinsphere_prototype.tsx(8779,11): error TS2339: Property 'div' does not exist on type 'JSX.IntrinsicElements'.
kinsphere_prototype.tsx(8786,11): error TS2339: Property 'p' does not exist on type 'JSX.IntrinsicElements'.
kinsphere_prototype.tsx(8786,140): error TS2339: Property 'p' does not exist on type 'JSX.IntrinsicElements'.
kinsphere_prototype.tsx(8788,11): error TS2339: Property 'div' does not exist on type 'JSX.IntrinsicElements'.
kinsphere_prototype.tsx(8791,11): error TS2339: Property 'div' does not exist on type 'JSX.IntrinsicElements'.
kinsphere_prototype.tsx(8798,11): error TS2339: Property 'p' does not exist on type 'JSX.IntrinsicElements'.
kinsphere_prototype.tsx(8798,191): error TS2339: Property 'p' does not exist on type 'JSX.IntrinsicElements'.
kinsphere_prototype.tsx(8800,13): error TS2339: Property 'div' does not exist on type 'JSX.IntrinsicElements'.
kinsphere_prototype.tsx(8801,15): error TS2339: Property 'div' does not exist on type 'JSX.IntrinsicElements'.
kinsphere_prototype.tsx(8801,124): error TS2339: Property 'div' does not exist on type 'JSX.IntrinsicElements'.
kinsphere_prototype.tsx(8802,15): error TS2339: Property 'select' does not exist on type 'JSX.IntrinsicElements'.
kinsphere_prototype.tsx(8810,17): error TS2339: Property 'option' does not exist on type 'JSX.IntrinsicElements'.
kinsphere_prototype.tsx(8810,60): error TS2339: Property 'option' does not exist on type 'JSX.IntrinsicElements'.
kinsphere_prototype.tsx(8812,19): error TS2339: Property 'option' does not exist on type 'JSX.IntrinsicElements'.
kinsphere_prototype.tsx(8812,59): error TS2339: Property 'option' does not exist on type 'JSX.IntrinsicElements'.
kinsphere_prototype.tsx(8814,15): error TS2339: Property 'select' does not exist on type 'JSX.IntrinsicElements'.
kinsphere_prototype.tsx(8815,13): error TS2339: Property 'div' does not exist on type 'JSX.IntrinsicElements'.
kinsphere_prototype.tsx(8817,11): error TS2339: Property 'div' does not exist on type 'JSX.IntrinsicElements'.
kinsphere_prototype.tsx(8819,11): error TS2339: Property 'div' does not exist on type 'JSX.IntrinsicElements'.
kinsphere_prototype.tsx(8895,13): error TS2339: Property 'div' does not exist on type 'JSX.IntrinsicElements'.
kinsphere_prototype.tsx(8901,15): error TS2339: Property 'div' does not exist on type 'JSX.IntrinsicElements'.
kinsphere_prototype.tsx(8903,13): error TS2339: Property 'div' does not exist on type 'JSX.IntrinsicElements'.
kinsphere_prototype.tsx(8906,13): error TS2339: Property 'div' does not exist on type 'JSX.IntrinsicElements'.
kinsphere_prototype.tsx(8908,13): error TS2339: Property 'div' does not exist on type 'JSX.IntrinsicElements'.
kinsphere_prototype.tsx(8915,11): error TS2339: Property 'div' does not exist on type 'JSX.IntrinsicElements'.
kinsphere_prototype.tsx(8916,14): error TS2339: Property 'label' does not exist on type 'JSX.IntrinsicElements'.
kinsphere_prototype.tsx(8916,121): error TS2339: Property 'label' does not exist on type 'JSX.IntrinsicElements'.
kinsphere_prototype.tsx(8917,14): error TS2339: Property 'input' does not exist on type 'JSX.IntrinsicElements'.
kinsphere_prototype.tsx(8918,11): error TS2339: Property 'div' does not exist on type 'JSX.IntrinsicElements'.
kinsphere_prototype.tsx(8919,11): error TS2339: Property 'div' does not exist on type 'JSX.IntrinsicElements'.
kinsphere_prototype.tsx(8920,14): error TS2339: Property 'label' does not exist on type 'JSX.IntrinsicElements'.
kinsphere_prototype.tsx(8920,116): error TS2339: Property 'label' does not exist on type 'JSX.IntrinsicElements'.
kinsphere_prototype.tsx(8921,14): error TS2339: Property 'input' does not exist on type 'JSX.IntrinsicElements'.
kinsphere_prototype.tsx(8922,11): error TS2339: Property 'div' does not exist on type 'JSX.IntrinsicElements'.
kinsphere_prototype.tsx(8923,11): error TS2339: Property 'div' does not exist on type 'JSX.IntrinsicElements'.
kinsphere_prototype.tsx(8930,11): error TS2339: Property 'div' does not exist on type 'JSX.IntrinsicElements'.
kinsphere_prototype.tsx(8937,11): error TS2339: Property 'div' does not exist on type 'JSX.IntrinsicElements'.
kinsphere_prototype.tsx(8939,11): error TS2339: Property 'div' does not exist on type 'JSX.IntrinsicElements'.
kinsphere_prototype.tsx(8950,11): error TS2339: Property 'div' does not exist on type 'JSX.IntrinsicElements'.
kinsphere_prototype.tsx(8959,11): error TS2339: Property 'div' does not exist on type 'JSX.IntrinsicElements'.
kinsphere_prototype.tsx(8967,11): error TS2339: Property 'div' does not exist on type 'JSX.IntrinsicElements'.
kinsphere_prototype.tsx(8971,13): error TS2339: Property 'div' does not exist on type 'JSX.IntrinsicElements'.
kinsphere_prototype.tsx(8980,15): error TS2339: Property 'div' does not exist on type 'JSX.IntrinsicElements'.
kinsphere_prototype.tsx(8981,17): error TS2339: Property 'div' does not exist on type 'JSX.IntrinsicElements'.
kinsphere_prototype.tsx(8982,19): error TS2339: Property 'div' does not exist on type 'JSX.IntrinsicElements'.
kinsphere_prototype.tsx(8982,195): error TS2339: Property 'div' does not exist on type 'JSX.IntrinsicElements'.
kinsphere_prototype.tsx(8983,19): error TS2339: Property 'div' does not exist on type 'JSX.IntrinsicElements'.
kinsphere_prototype.tsx(8984,21): error TS2339: Property 'div' does not exist on type 'JSX.IntrinsicElements'.
kinsphere_prototype.tsx(8984,87): error TS2339: Property 'div' does not exist on type 'JSX.IntrinsicElements'.
kinsphere_prototype.tsx(8985,21): error TS2339: Property 'div' does not exist on type 'JSX.IntrinsicElements'.
kinsphere_prototype.tsx(8985,94): error TS2339: Property 'div' does not exist on type 'JSX.IntrinsicElements'.
kinsphere_prototype.tsx(8986,19): error TS2339: Property 'div' does not exist on type 'JSX.IntrinsicElements'.
kinsphere_prototype.tsx(8987,17): error TS2339: Property 'div' does not exist on type 'JSX.IntrinsicElements'.
kinsphere_prototype.tsx(8988,17): error TS2339: Property 'div' does not exist on type 'JSX.IntrinsicElements'.
kinsphere_prototype.tsx(8989,19): error TS2339: Property 'span' does not exist on type 'JSX.IntrinsicElements'.
kinsphere_prototype.tsx(8991,19): error TS2339: Property 'span' does not exist on type 'JSX.IntrinsicElements'.
kinsphere_prototype.tsx(8992,19): error TS2339: Property 'button' does not exist on type 'JSX.IntrinsicElements'.
kinsphere_prototype.tsx(8992,273): error TS2339: Property 'button' does not exist on type 'JSX.IntrinsicElements'.
kinsphere_prototype.tsx(8993,17): error TS2339: Property 'div' does not exist on type 'JSX.IntrinsicElements'.
kinsphere_prototype.tsx(8994,15): error TS2339: Property 'div' does not exist on type 'JSX.IntrinsicElements'.
kinsphere_prototype.tsx(8997,15): error TS2339: Property 'div' does not exist on type 'JSX.IntrinsicElements'.
kinsphere_prototype.tsx(8999,17): error TS2339: Property 'div' does not exist on type 'JSX.IntrinsicElements'.
kinsphere_prototype.tsx(9000,19): error TS2339: Property 'span' does not exist on type 'JSX.IntrinsicElements'.
kinsphere_prototype.tsx(9000,27): error TS2339: Property 'span' does not exist on type 'JSX.IntrinsicElements'.
kinsphere_prototype.tsx(9001,19): error TS2339: Property 'span' does not exist on type 'JSX.IntrinsicElements'.
kinsphere_prototype.tsx(9001,96): error TS2339: Property 'span' does not exist on type 'JSX.IntrinsicElements'.
kinsphere_prototype.tsx(9002,17): error TS2339: Property 'div' does not exist on type 'JSX.IntrinsicElements'.
kinsphere_prototype.tsx(9006,19): error TS2339: Property 'div' does not exist on type 'JSX.IntrinsicElements'.
kinsphere_prototype.tsx(9012,21): error TS2339: Property 'div' does not exist on type 'JSX.IntrinsicElements'.
kinsphere_prototype.tsx(9013,21): error TS2339: Property 'div' does not exist on type 'JSX.IntrinsicElements'.
kinsphere_prototype.tsx(9015,23): error TS2339: Property 'div' does not exist on type 'JSX.IntrinsicElements'.
kinsphere_prototype.tsx(9015,155): error TS2339: Property 'div' does not exist on type 'JSX.IntrinsicElements'.
kinsphere_prototype.tsx(9016,23): error TS2339: Property 'div' does not exist on type 'JSX.IntrinsicElements'.
kinsphere_prototype.tsx(9017,25): error TS2339: Property 'div' does not exist on type 'JSX.IntrinsicElements'.
kinsphere_prototype.tsx(9019,25): error TS2339: Property 'div' does not exist on type 'JSX.IntrinsicElements'.
kinsphere_prototype.tsx(9020,25): error TS2339: Property 'div' does not exist on type 'JSX.IntrinsicElements'.
kinsphere_prototype.tsx(9021,27): error TS2339: Property 'div' does not exist on type 'JSX.IntrinsicElements'.
kinsphere_prototype.tsx(9021,124): error TS2339: Property 'div' does not exist on type 'JSX.IntrinsicElements'.
kinsphere_prototype.tsx(9022,27): error TS2339: Property 'div' does not exist on type 'JSX.IntrinsicElements'.
kinsphere_prototype.tsx(9022,113): error TS2339: Property 'div' does not exist on type 'JSX.IntrinsicElements'.
kinsphere_prototype.tsx(9023,27): error TS2339: Property 'div' does not exist on type 'JSX.IntrinsicElements'.
kinsphere_prototype.tsx(9023,95): error TS2339: Property 'div' does not exist on type 'JSX.IntrinsicElements'.
kinsphere_prototype.tsx(9024,25): error TS2339: Property 'div' does not exist on type 'JSX.IntrinsicElements'.
kinsphere_prototype.tsx(9025,23): error TS2339: Property 'div' does not exist on type 'JSX.IntrinsicElements'.
kinsphere_prototype.tsx(9026,23): error TS2339: Property 'div' does not exist on type 'JSX.IntrinsicElements'.
kinsphere_prototype.tsx(9033,27): error TS2339: Property 'div' does not exist on type 'JSX.IntrinsicElements'.
kinsphere_prototype.tsx(9034,29): error TS2339: Property 'div' does not exist on type 'JSX.IntrinsicElements'.
kinsphere_prototype.tsx(9034,139): error TS2339: Property 'div' does not exist on type 'JSX.IntrinsicElements'.
kinsphere_prototype.tsx(9035,29): error TS2339: Property 'div' does not exist on type 'JSX.IntrinsicElements'.
kinsphere_prototype.tsx(9035,115): error TS2339: Property 'div' does not exist on type 'JSX.IntrinsicElements'.
kinsphere_prototype.tsx(9036,27): error TS2339: Property 'div' does not exist on type 'JSX.IntrinsicElements'.
kinsphere_prototype.tsx(9038,23): error TS2339: Property 'div' does not exist on type 'JSX.IntrinsicElements'.
kinsphere_prototype.tsx(9039,23): error TS2339: Property 'div' does not exist on type 'JSX.IntrinsicElements'.
kinsphere_prototype.tsx(9040,25): error TS2339: Property 'div' does not exist on type 'JSX.IntrinsicElements'.
kinsphere_prototype.tsx(9040,100): error TS2339: Property 'div' does not exist on type 'JSX.IntrinsicElements'.
kinsphere_prototype.tsx(9041,25): error TS2339: Property 'div' does not exist on type 'JSX.IntrinsicElements'.
kinsphere_prototype.tsx(9043,25): error TS2339: Property 'div' does not exist on type 'JSX.IntrinsicElements'.
kinsphere_prototype.tsx(9044,23): error TS2339: Property 'div' does not exist on type 'JSX.IntrinsicElements'.
kinsphere_prototype.tsx(9045,21): error TS2339: Property 'div' does not exist on type 'JSX.IntrinsicElements'.
kinsphere_prototype.tsx(9046,19): error TS2339: Property 'div' does not exist on type 'JSX.IntrinsicElements'.
kinsphere_prototype.tsx(9049,19): error TS2339: Property 'div' does not exist on type 'JSX.IntrinsicElements'.
kinsphere_prototype.tsx(9054,21): error TS2339: Property 'div' does not exist on type 'JSX.IntrinsicElements'.
kinsphere_prototype.tsx(9055,21): error TS2339: Property 'div' does not exist on type 'JSX.IntrinsicElements'.
kinsphere_prototype.tsx(9057,23): error TS2339: Property 'div' does not exist on type 'JSX.IntrinsicElements'.
kinsphere_prototype.tsx(9058,25): error TS2339: Property 'div' does not exist on type 'JSX.IntrinsicElements'.
kinsphere_prototype.tsx(9058,170): error TS2339: Property 'div' does not exist on type 'JSX.IntrinsicElements'.
kinsphere_prototype.tsx(9059,23): error TS2339: Property 'div' does not exist on type 'JSX.IntrinsicElements'.
kinsphere_prototype.tsx(9061,23): error TS2339: Property 'div' does not exist on type 'JSX.IntrinsicElements'.
kinsphere_prototype.tsx(9062,25): error TS2339: Property 'div' does not exist on type 'JSX.IntrinsicElements'.
kinsphere_prototype.tsx(9063,27): error TS2339: Property 'div' does not exist on type 'JSX.IntrinsicElements'.
kinsphere_prototype.tsx(9063,154): error TS2339: Property 'div' does not exist on type 'JSX.IntrinsicElements'.
kinsphere_prototype.tsx(9064,27): error TS2339: Property 'div' does not exist on type 'JSX.IntrinsicElements'.
kinsphere_prototype.tsx(9064,120): error TS2339: Property 'div' does not exist on type 'JSX.IntrinsicElements'.
kinsphere_prototype.tsx(9065,25): error TS2339: Property 'div' does not exist on type 'JSX.IntrinsicElements'.
kinsphere_prototype.tsx(9066,25): error TS2339: Property 'div' does not exist on type 'JSX.IntrinsicElements'.
kinsphere_prototype.tsx(9067,27): error TS2339: Property 'div' does not exist on type 'JSX.IntrinsicElements'.
kinsphere_prototype.tsx(9067,72): error TS2339: Property 'div' does not exist on type 'JSX.IntrinsicElements'.
kinsphere_prototype.tsx(9068,27): error TS2339: Property 'div' does not exist on type 'JSX.IntrinsicElements'.
kinsphere_prototype.tsx(9068,175): error TS2339: Property 'div' does not exist on type 'JSX.IntrinsicElements'.
kinsphere_prototype.tsx(9069,25): error TS2339: Property 'div' does not exist on type 'JSX.IntrinsicElements'.
kinsphere_prototype.tsx(9070,23): error TS2339: Property 'div' does not exist on type 'JSX.IntrinsicElements'.
kinsphere_prototype.tsx(9071,23): error TS2339: Property 'div' does not exist on type 'JSX.IntrinsicElements'.
kinsphere_prototype.tsx(9072,25): error TS2339: Property 'div' does not exist on type 'JSX.IntrinsicElements'.
kinsphere_prototype.tsx(9072,108): error TS2339: Property 'div' does not exist on type 'JSX.IntrinsicElements'.
kinsphere_prototype.tsx(9073,25): error TS2339: Property 'div' does not exist on type 'JSX.IntrinsicElements'.
kinsphere_prototype.tsx(9073,93): error TS2339: Property 'div' does not exist on type 'JSX.IntrinsicElements'.
kinsphere_prototype.tsx(9074,25): error TS2339: Property 'div' does not exist on type 'JSX.IntrinsicElements'.
kinsphere_prototype.tsx(9074,123): error TS2339: Property 'div' does not exist on type 'JSX.IntrinsicElements'.
kinsphere_prototype.tsx(9075,23): error TS2339: Property 'div' does not exist on type 'JSX.IntrinsicElements'.
kinsphere_prototype.tsx(9078,25): error TS2339: Property 'div' does not exist on type 'JSX.IntrinsicElements'.
kinsphere_prototype.tsx(9080,23): error TS2339: Property 'div' does not exist on type 'JSX.IntrinsicElements'.
kinsphere_prototype.tsx(9082,27): error TS2339: Property 'div' does not exist on type 'JSX.IntrinsicElements'.
kinsphere_prototype.tsx(9084,23): error TS2339: Property 'div' does not exist on type 'JSX.IntrinsicElements'.
kinsphere_prototype.tsx(9086,23): error TS2339: Property 'div' does not exist on type 'JSX.IntrinsicElements'.
kinsphere_prototype.tsx(9087,25): error TS2339: Property 'div' does not exist on type 'JSX.IntrinsicElements'.
kinsphere_prototype.tsx(9088,27): error TS2339: Property 'div' does not exist on type 'JSX.IntrinsicElements'.
kinsphere_prototype.tsx(9089,27): error TS2339: Property 'div' does not exist on type 'JSX.IntrinsicElements'.
kinsphere_prototype.tsx(9089,86): error TS2339: Property 'div' does not exist on type 'JSX.IntrinsicElements'.
kinsphere_prototype.tsx(9090,25): error TS2339: Property 'div' does not exist on type 'JSX.IntrinsicElements'.
kinsphere_prototype.tsx(9091,25): error TS2339: Property 'div' does not exist on type 'JSX.IntrinsicElements'.
kinsphere_prototype.tsx(9092,27): error TS2339: Property 'div' does not exist on type 'JSX.IntrinsicElements'.
kinsphere_prototype.tsx(9093,27): error TS2339: Property 'div' does not exist on type 'JSX.IntrinsicElements'.
kinsphere_prototype.tsx(9093,88): error TS2339: Property 'div' does not exist on type 'JSX.IntrinsicElements'.
kinsphere_prototype.tsx(9094,25): error TS2339: Property 'div' does not exist on type 'JSX.IntrinsicElements'.
kinsphere_prototype.tsx(9095,23): error TS2339: Property 'div' does not exist on type 'JSX.IntrinsicElements'.
kinsphere_prototype.tsx(9096,21): error TS2339: Property 'div' does not exist on type 'JSX.IntrinsicElements'.
kinsphere_prototype.tsx(9097,19): error TS2339: Property 'div' does not exist on type 'JSX.IntrinsicElements'.
kinsphere_prototype.tsx(9099,15): error TS2339: Property 'div' does not exist on type 'JSX.IntrinsicElements'.
kinsphere_prototype.tsx(9102,15): error TS2339: Property 'div' does not exist on type 'JSX.IntrinsicElements'.
kinsphere_prototype.tsx(9104,15): error TS2339: Property 'div' does not exist on type 'JSX.IntrinsicElements'.
kinsphere_prototype.tsx(9105,13): error TS2339: Property 'div' does not exist on type 'JSX.IntrinsicElements'.
kinsphere_prototype.tsx(9106,11): error TS2339: Property 'div' does not exist on type 'JSX.IntrinsicElements'.
kinsphere_prototype.tsx(9114,11): error TS2339: Property 'div' does not exist on type 'JSX.IntrinsicElements'.
kinsphere_prototype.tsx(9115,13): error TS2339: Property 'label' does not exist on type 'JSX.IntrinsicElements'.
kinsphere_prototype.tsx(9115,147): error TS2339: Property 'label' does not exist on type 'JSX.IntrinsicElements'.
kinsphere_prototype.tsx(9116,13): error TS2339: Property 'input' does not exist on type 'JSX.IntrinsicElements'.
kinsphere_prototype.tsx(9117,11): error TS2339: Property 'div' does not exist on type 'JSX.IntrinsicElements'.
kinsphere_prototype.tsx(9118,11): error TS2339: Property 'div' does not exist on type 'JSX.IntrinsicElements'.
kinsphere_prototype.tsx(9128,11): error TS2339: Property 'div' does not exist on type 'JSX.IntrinsicElements'.
kinsphere_prototype.tsx(9134,11): error TS2339: Property 'p' does not exist on type 'JSX.IntrinsicElements'.
kinsphere_prototype.tsx(9134,136): error TS2339: Property 'p' does not exist on type 'JSX.IntrinsicElements'.
kinsphere_prototype.tsx(9137,11): error TS2339: Property 'div' does not exist on type 'JSX.IntrinsicElements'.
kinsphere_prototype.tsx(9144,41): error TS2339: Property 'timeline' does not exist on type '{ id: number; ini: string; name: string; email: string; role: string; dept: string; type: string; joined: string; salary: string; phone: string; designation: string; dob: string; devices: string[]; documents: { ...; }[]; managerId: number; bankInfo: { ...; }; paydaysAccess: boolean; }'.
kinsphere_prototype.tsx(9154,11): error TS2339: Property 'div' does not exist on type 'JSX.IntrinsicElements'.
kinsphere_prototype.tsx(9169,15): error TS2339: Property 'div' does not exist on type 'JSX.IntrinsicElements'.
kinsphere_prototype.tsx(9179,17): error TS2339: Property 'div' does not exist on type 'JSX.IntrinsicElements'.
kinsphere_prototype.tsx(9179,74): error TS2339: Property 'div' does not exist on type 'JSX.IntrinsicElements'.
kinsphere_prototype.tsx(9180,17): error TS2339: Property 'div' does not exist on type 'JSX.IntrinsicElements'.
kinsphere_prototype.tsx(9182,17): error TS2339: Property 'div' does not exist on type 'JSX.IntrinsicElements'.
kinsphere_prototype.tsx(9184,19): error TS2339: Property 'div' does not exist on type 'JSX.IntrinsicElements'.
kinsphere_prototype.tsx(9186,19): error TS2339: Property 'div' does not exist on type 'JSX.IntrinsicElements'.
kinsphere_prototype.tsx(9188,15): error TS2339: Property 'div' does not exist on type 'JSX.IntrinsicElements'.
kinsphere_prototype.tsx(9190,15): error TS2339: Property 'p' does not exist on type 'JSX.IntrinsicElements'.
kinsphere_prototype.tsx(9190,91): error TS2339: Property 'p' does not exist on type 'JSX.IntrinsicElements'.
kinsphere_prototype.tsx(9192,13): error TS2339: Property 'p' does not exist on type 'JSX.IntrinsicElements'.
kinsphere_prototype.tsx(9196,13): error TS2339: Property 'p' does not exist on type 'JSX.IntrinsicElements'.
kinsphere_prototype.tsx(9197,13): error TS2339: Property 'div' does not exist on type 'JSX.IntrinsicElements'.
kinsphere_prototype.tsx(9208,13): error TS2339: Property 'div' does not exist on type 'JSX.IntrinsicElements'.
kinsphere_prototype.tsx(9216,11): error TS2339: Property 'p' does not exist on type 'JSX.IntrinsicElements'.
kinsphere_prototype.tsx(9218,11): error TS2339: Property 'p' does not exist on type 'JSX.IntrinsicElements'.
kinsphere_prototype.tsx(9220,11): error TS2339: Property 'div' does not exist on type 'JSX.IntrinsicElements'.
kinsphere_prototype.tsx(9222,15): error TS2339: Property 'div' does not exist on type 'JSX.IntrinsicElements'.
kinsphere_prototype.tsx(9223,17): error TS2339: Property 'div' does not exist on type 'JSX.IntrinsicElements'.
kinsphere_prototype.tsx(9224,19): error TS2339: Property 'div' does not exist on type 'JSX.IntrinsicElements'.
kinsphere_prototype.tsx(9224,82): error TS2339: Property 'div' does not exist on type 'JSX.IntrinsicElements'.
kinsphere_prototype.tsx(9225,19): error TS2339: Property 'div' does not exist on type 'JSX.IntrinsicElements'.
kinsphere_prototype.tsx(9225,109): error TS2339: Property 'div' does not exist on type 'JSX.IntrinsicElements'.
kinsphere_prototype.tsx(9226,17): error TS2339: Property 'div' does not exist on type 'JSX.IntrinsicElements'.
kinsphere_prototype.tsx(9233,15): error TS2339: Property 'div' does not exist on type 'JSX.IntrinsicElements'.
kinsphere_prototype.tsx(9236,15): error TS2339: Property 'div' does not exist on type 'JSX.IntrinsicElements'.
kinsphere_prototype.tsx(9236,162): error TS2339: Property 'div' does not exist on type 'JSX.IntrinsicElements'.
kinsphere_prototype.tsx(9238,11): error TS2339: Property 'div' does not exist on type 'JSX.IntrinsicElements'.
kinsphere_prototype.tsx(9241,13): error TS2339: Property 'div' does not exist on type 'JSX.IntrinsicElements'.
kinsphere_prototype.tsx(9242,15): error TS2339: Property 'div' does not exist on type 'JSX.IntrinsicElements'.
kinsphere_prototype.tsx(9242,120): error TS2339: Property 'div' does not exist on type 'JSX.IntrinsicElements'.
kinsphere_prototype.tsx(9243,15): error TS2339: Property 'div' does not exist on type 'JSX.IntrinsicElements'.
kinsphere_prototype.tsx(9256,15): error TS2339: Property 'div' does not exist on type 'JSX.IntrinsicElements'.
kinsphere_prototype.tsx(9257,15): error TS2339: Property 'div' does not exist on type 'JSX.IntrinsicElements'.
kinsphere_prototype.tsx(9264,15): error TS2339: Property 'div' does not exist on type 'JSX.IntrinsicElements'.
kinsphere_prototype.tsx(9265,15): error TS2339: Property 'div' does not exist on type 'JSX.IntrinsicElements'.
kinsphere_prototype.tsx(9289,15): error TS2339: Property 'div' does not exist on type 'JSX.IntrinsicElements'.
kinsphere_prototype.tsx(9290,13): error TS2339: Property 'div' does not exist on type 'JSX.IntrinsicElements'.
kinsphere_prototype.tsx(9293,11): error TS2339: Property 'div' does not exist on type 'JSX.IntrinsicElements'.
kinsphere_prototype.tsx(9295,11): error TS2339: Property 'div' does not exist on type 'JSX.IntrinsicElements'.
kinsphere_prototype.tsx(9302,11): error TS2339: Property 'p' does not exist on type 'JSX.IntrinsicElements'.
kinsphere_prototype.tsx(9304,11): error TS2339: Property 'p' does not exist on type 'JSX.IntrinsicElements'.
kinsphere_prototype.tsx(9306,13): error TS2339: Property 'div' does not exist on type 'JSX.IntrinsicElements'.
kinsphere_prototype.tsx(9307,15): error TS2339: Property 'div' does not exist on type 'JSX.IntrinsicElements'.
kinsphere_prototype.tsx(9307,96): error TS2339: Property 'div' does not exist on type 'JSX.IntrinsicElements'.
kinsphere_prototype.tsx(9308,15): error TS2339: Property 'div' does not exist on type 'JSX.IntrinsicElements'.
kinsphere_prototype.tsx(9309,17): error TS2339: Property 'div' does not exist on type 'JSX.IntrinsicElements'.
kinsphere_prototype.tsx(9310,19): error TS2339: Property 'label' does not exist on type 'JSX.IntrinsicElements'.
kinsphere_prototype.tsx(9310,147): error TS2339: Property 'label' does not exist on type 'JSX.IntrinsicElements'.
kinsphere_prototype.tsx(9311,19): error TS2339: Property 'input' does not exist on type 'JSX.IntrinsicElements'.
kinsphere_prototype.tsx(9313,32): error TS2339: Property 'total' does not exist on type 'unknown'.
kinsphere_prototype.tsx(9317,17): error TS2339: Property 'div' does not exist on type 'JSX.IntrinsicElements'.
kinsphere_prototype.tsx(9318,17): error TS2339: Property 'div' does not exist on type 'JSX.IntrinsicElements'.
kinsphere_prototype.tsx(9319,19): error TS2339: Property 'label' does not exist on type 'JSX.IntrinsicElements'.
kinsphere_prototype.tsx(9319,142): error TS2339: Property 'label' does not exist on type 'JSX.IntrinsicElements'.
kinsphere_prototype.tsx(9320,19): error TS2339: Property 'select' does not exist on type 'JSX.IntrinsicElements'.
kinsphere_prototype.tsx(9321,32): error TS2339: Property 'accrual' does not exist on type 'unknown'.
kinsphere_prototype.tsx(9325,21): error TS2339: Property 'option' does not exist on type 'JSX.IntrinsicElements'.
kinsphere_prototype.tsx(9325,61): error TS2339: Property 'option' does not exist on type 'JSX.IntrinsicElements'.
kinsphere_prototype.tsx(9326,21): error TS2339: Property 'option' does not exist on type 'JSX.IntrinsicElements'.
kinsphere_prototype.tsx(9326,62): error TS2339: Property 'option' does not exist on type 'JSX.IntrinsicElements'.
kinsphere_prototype.tsx(9327,19): error TS2339: Property 'select' does not exist on type 'JSX.IntrinsicElements'.
kinsphere_prototype.tsx(9328,17): error TS2339: Property 'div' does not exist on type 'JSX.IntrinsicElements'.
kinsphere_prototype.tsx(9329,15): error TS2339: Property 'div' does not exist on type 'JSX.IntrinsicElements'.
kinsphere_prototype.tsx(9330,13): error TS2339: Property 'div' does not exist on type 'JSX.IntrinsicElements'.
kinsphere_prototype.tsx(9332,11): error TS2339: Property 'div' does not exist on type 'JSX.IntrinsicElements'.
kinsphere_prototype.tsx(9335,11): error TS2339: Property 'div' does not exist on type 'JSX.IntrinsicElements'.
kinsphere_prototype.tsx(9343,13): error TS2339: Property 'p' does not exist on type 'JSX.IntrinsicElements'.
kinsphere_prototype.tsx(9344,32): error TS2339: Property 'strong' does not exist on type 'JSX.IntrinsicElements'.
kinsphere_prototype.tsx(9344,72): error TS2339: Property 'strong' does not exist on type 'JSX.IntrinsicElements'.
kinsphere_prototype.tsx(9344,85): error TS2339: Property 'strong' does not exist on type 'JSX.IntrinsicElements'.
kinsphere_prototype.tsx(9344,129): error TS2339: Property 'strong' does not exist on type 'JSX.IntrinsicElements'.
kinsphere_prototype.tsx(9345,13): error TS2339: Property 'p' does not exist on type 'JSX.IntrinsicElements'.
kinsphere_prototype.tsx(9348,13): error TS2339: Property 'div' does not exist on type 'JSX.IntrinsicElements'.
kinsphere_prototype.tsx(9349,15): error TS2339: Property 'label' does not exist on type 'JSX.IntrinsicElements'.
kinsphere_prototype.tsx(9349,134): error TS2339: Property 'label' does not exist on type 'JSX.IntrinsicElements'.
kinsphere_prototype.tsx(9350,15): error TS2339: Property 'select' does not exist on type 'JSX.IntrinsicElements'.
kinsphere_prototype.tsx(9356,19): error TS2339: Property 'option' does not exist on type 'JSX.IntrinsicElements'.
kinsphere_prototype.tsx(9356,59): error TS2339: Property 'option' does not exist on type 'JSX.IntrinsicElements'.
kinsphere_prototype.tsx(9358,15): error TS2339: Property 'select' does not exist on type 'JSX.IntrinsicElements'.
kinsphere_prototype.tsx(9359,13): error TS2339: Property 'div' does not exist on type 'JSX.IntrinsicElements'.
kinsphere_prototype.tsx(9376,15): error TS2339: Property 'div' does not exist on type 'JSX.IntrinsicElements'.
kinsphere_prototype.tsx(9377,17): error TS2339: Property 'div' does not exist on type 'JSX.IntrinsicElements'.
kinsphere_prototype.tsx(9378,19): error TS2339: Property 'span' does not exist on type 'JSX.IntrinsicElements'.
kinsphere_prototype.tsx(9378,76): error TS2339: Property 'span' does not exist on type 'JSX.IntrinsicElements'.
kinsphere_prototype.tsx(9379,19): error TS2339: Property 'span' does not exist on type 'JSX.IntrinsicElements'.
kinsphere_prototype.tsx(9379,133): error TS2339: Property 'span' does not exist on type 'JSX.IntrinsicElements'.
kinsphere_prototype.tsx(9380,17): error TS2339: Property 'div' does not exist on type 'JSX.IntrinsicElements'.
kinsphere_prototype.tsx(9382,19): error TS2339: Property 'div' does not exist on type 'JSX.IntrinsicElements'.
kinsphere_prototype.tsx(9386,19): error TS2339: Property 'div' does not exist on type 'JSX.IntrinsicElements'.
kinsphere_prototype.tsx(9388,15): error TS2339: Property 'div' does not exist on type 'JSX.IntrinsicElements'.
kinsphere_prototype.tsx(9391,11): error TS2339: Property 'div' does not exist on type 'JSX.IntrinsicElements'.
kinsphere_prototype.tsx(9394,11): error TS2339: Property 'div' does not exist on type 'JSX.IntrinsicElements'.
kinsphere_prototype.tsx(9396,11): error TS2339: Property 'div' does not exist on type 'JSX.IntrinsicElements'.
kinsphere_prototype.tsx(9397,13): error TS2339: Property 'label' does not exist on type 'JSX.IntrinsicElements'.
kinsphere_prototype.tsx(9397,99): error TS2339: Property 'label' does not exist on type 'JSX.IntrinsicElements'.
kinsphere_prototype.tsx(9399,15): error TS2339: Property 'button' does not exist on type 'JSX.IntrinsicElements'.
kinsphere_prototype.tsx(9404,23): error TS2339: Property 'button' does not exist on type 'JSX.IntrinsicElements'.
kinsphere_prototype.tsx(9409,15): error TS2339: Property 'button' does not exist on type 'JSX.IntrinsicElements'.
kinsphere_prototype.tsx(9414,23): error TS2339: Property 'button' does not exist on type 'JSX.IntrinsicElements'.
kinsphere_prototype.tsx(9416,11): error TS2339: Property 'div' does not exist on type 'JSX.IntrinsicElements'.
kinsphere_prototype.tsx(9425,17): error TS2339: Property 'div' does not exist on type 'JSX.IntrinsicElements'.
kinsphere_prototype.tsx(9427,17): error TS2339: Property 'div' does not exist on type 'JSX.IntrinsicElements'.
kinsphere_prototype.tsx(9433,13): error TS2339: Property 'div' does not exist on type 'JSX.IntrinsicElements'.
kinsphere_prototype.tsx(9435,13): error TS2339: Property 'div' does not exist on type 'JSX.IntrinsicElements'.
kinsphere_prototype.tsx(9450,11): error TS2339: Property 'div' does not exist on type 'JSX.IntrinsicElements'.
kinsphere_prototype.tsx(9479,11): error TS2339: Property 'div' does not exist on type 'JSX.IntrinsicElements'.
kinsphere_prototype.tsx(9486,11): error TS2339: Property 'div' does not exist on type 'JSX.IntrinsicElements'.
kinsphere_prototype.tsx(9486,117): error TS2339: Property 'div' does not exist on type 'JSX.IntrinsicElements'.
kinsphere_prototype.tsx(9487,11): error TS2339: Property 'div' does not exist on type 'JSX.IntrinsicElements'.
kinsphere_prototype.tsx(9493,11): error TS2339: Property 'div' does not exist on type 'JSX.IntrinsicElements'.
kinsphere_prototype.tsx(9494,11): error TS2339: Property 'div' does not exist on type 'JSX.IntrinsicElements'.
kinsphere_prototype.tsx(9494,124): error TS2339: Property 'div' does not exist on type 'JSX.IntrinsicElements'.
kinsphere_prototype.tsx(9495,11): error TS2339: Property 'div' does not exist on type 'JSX.IntrinsicElements'.
kinsphere_prototype.tsx(9502,11): error TS2339: Property 'div' does not exist on type 'JSX.IntrinsicElements'.
kinsphere_prototype.tsx(9503,11): error TS2339: Property 'div' does not exist on type 'JSX.IntrinsicElements'.
kinsphere_prototype.tsx(9503,123): error TS2339: Property 'div' does not exist on type 'JSX.IntrinsicElements'.
kinsphere_prototype.tsx(9504,11): error TS2339: Property 'div' does not exist on type 'JSX.IntrinsicElements'.
kinsphere_prototype.tsx(9505,46): error TS2339: Property 'ecName' does not exist on type '{ firstName: string; lastName: string; email: string; phone: string; dob: string; role: string; type: string; doj: string; designation: string; dept: string; manager: string; bankAcc: string; bankIfsc: string; }'.
kinsphere_prototype.tsx(9505,95): error TS2353: Object literal may only specify known properties, and 'ecName' does not exist in type 'SetStateAction<{ firstName: string; lastName: string; email: string; phone: string; dob: string; role: string; type: string; doj: string; designation: string; dept: string; manager: string; bankAcc: string; bankIfsc: string; }>'.
kinsphere_prototype.tsx(9506,58): error TS2551: Property 'ecPhone' does not exist on type '{ firstName: string; lastName: string; email: string; phone: string; dob: string; role: string; type: string; doj: string; designation: string; dept: string; manager: string; bankAcc: string; bankIfsc: string; }'. Did you mean 'phone'?
kinsphere_prototype.tsx(9506,108): error TS2353: Object literal may only specify known properties, and 'ecPhone' does not exist in type 'SetStateAction<{ firstName: string; lastName: string; email: string; phone: string; dob: string; role: string; type: string; doj: string; designation: string; dept: string; manager: string; bankAcc: string; bankIfsc: string; }>'.
kinsphere_prototype.tsx(9507,54): error TS2339: Property 'ecRel' does not exist on type '{ firstName: string; lastName: string; email: string; phone: string; dob: string; role: string; type: string; doj: string; designation: string; dept: string; manager: string; bankAcc: string; bankIfsc: string; }'.
kinsphere_prototype.tsx(9507,102): error TS2353: Object literal may only specify known properties, and 'ecRel' does not exist in type 'SetStateAction<{ firstName: string; lastName: string; email: string; phone: string; dob: string; role: string; type: string; doj: string; designation: string; dept: string; manager: string; bankAcc: string; bankIfsc: string; }>'.
kinsphere_prototype.tsx(9508,11): error TS2339: Property 'div' does not exist on type 'JSX.IntrinsicElements'.
kinsphere_prototype.tsx(9509,11): error TS2339: Property 'div' does not exist on type 'JSX.IntrinsicElements'.
kinsphere_prototype.tsx(9509,118): error TS2339: Property 'div' does not exist on type 'JSX.IntrinsicElements'.
kinsphere_prototype.tsx(9510,11): error TS2339: Property 'div' does not exist on type 'JSX.IntrinsicElements'.
kinsphere_prototype.tsx(9513,11): error TS2339: Property 'div' does not exist on type 'JSX.IntrinsicElements'.
kinsphere_prototype.tsx(9514,11): error TS2339: Property 'div' does not exist on type 'JSX.IntrinsicElements'.
kinsphere_prototype.tsx(9514,119): error TS2339: Property 'div' does not exist on type 'JSX.IntrinsicElements'.
kinsphere_prototype.tsx(9515,11): error TS2339: Property 'div' does not exist on type 'JSX.IntrinsicElements'.
kinsphere_prototype.tsx(9520,57): error TS2339: Property 'customFields' does not exist on type '{ firstName: string; lastName: string; email: string; phone: string; dob: string; role: string; type: string; doj: string; designation: string; dept: string; manager: string; bankAcc: string; bankIfsc: string; }'.
kinsphere_prototype.tsx(9523,11): error TS2339: Property 'div' does not exist on type 'JSX.IntrinsicElements'.
kinsphere_prototype.tsx(9524,21): error TS2339: Property 'customFields' does not exist on type '{ firstName: string; lastName: string; email: string; phone: string; dob: string; role: string; type: string; doj: string; designation: string; dept: string; manager: string; bankAcc: string; bankIfsc: string; }'.
kinsphere_prototype.tsx(9525,13): error TS2339: Property 'div' does not exist on type 'JSX.IntrinsicElements'.
kinsphere_prototype.tsx(9526,15): error TS2339: Property 'span' does not exist on type 'JSX.IntrinsicElements'.
kinsphere_prototype.tsx(9526,21): error TS2339: Property 'strong' does not exist on type 'JSX.IntrinsicElements'.
kinsphere_prototype.tsx(9526,36): error TS2339: Property 'strong' does not exist on type 'JSX.IntrinsicElements'.
kinsphere_prototype.tsx(9526,52): error TS2339: Property 'span' does not exist on type 'JSX.IntrinsicElements'.
kinsphere_prototype.tsx(9527,15): error TS2339: Property 'button' does not exist on type 'JSX.IntrinsicElements'.
kinsphere_prototype.tsx(9527,73): error TS2339: Property 'customFields' does not exist on type '{ firstName: string; lastName: string; email: string; phone: string; dob: string; role: string; type: string; doj: string; designation: string; dept: string; manager: string; bankAcc: string; bankIfsc: string; }'.
kinsphere_prototype.tsx(9527,201): error TS2339: Property 'button' does not exist on type 'JSX.IntrinsicElements'.
kinsphere_prototype.tsx(9528,13): error TS2339: Property 'div' does not exist on type 'JSX.IntrinsicElements'.
kinsphere_prototype.tsx(9530,11): error TS2339: Property 'div' does not exist on type 'JSX.IntrinsicElements'.
kinsphere_prototype.tsx(9536,42): error TS2339: Property 'ecName' does not exist on type '{ firstName: string; lastName: string; email: string; phone: string; dob: string; role: string; type: string; doj: string; designation: string; dept: string; manager: string; bankAcc: string; bankIfsc: string; }'.
kinsphere_prototype.tsx(9536,69): error TS2551: Property 'ecPhone' does not exist on type '{ firstName: string; lastName: string; email: string; phone: string; dob: string; role: string; type: string; doj: string; designation: string; dept: string; manager: string; bankAcc: string; bankIfsc: string; }'. Did you mean 'phone'?
kinsphere_prototype.tsx(9536,95): error TS2339: Property 'ecRel' does not exist on type '{ firstName: string; lastName: string; email: string; phone: string; dob: string; role: string; type: string; doj: string; designation: string; dept: string; manager: string; bankAcc: string; bankIfsc: string; }'.
kinsphere_prototype.tsx(9556,41): error TS2339: Property 'customFields' does not exist on type '{ firstName: string; lastName: string; email: string; phone: string; dob: string; role: string; type: string; doj: string; designation: string; dept: string; manager: string; bankAcc: string; bankIfsc: string; }'.
kinsphere_prototype.tsx(9579,41): error TS2339: Property 'customFields' does not exist on type '{ firstName: string; lastName: string; email: string; phone: string; dob: string; role: string; type: string; doj: string; designation: string; dept: string; manager: string; bankAcc: string; bankIfsc: string; }'.
kinsphere_prototype.tsx(9587,11): error TS2339: Property 'div' does not exist on type 'JSX.IntrinsicElements'.
kinsphere_prototype.tsx(9593,11): error TS2339: Property 'p' does not exist on type 'JSX.IntrinsicElements'.
kinsphere_prototype.tsx(9595,13): error TS2339: Property 'span' does not exist on type 'JSX.IntrinsicElements'.
kinsphere_prototype.tsx(9595,108): error TS2339: Property 'span' does not exist on type 'JSX.IntrinsicElements'.
kinsphere_prototype.tsx(9596,20): error TS2339: Property 'strong' does not exist on type 'JSX.IntrinsicElements'.
kinsphere_prototype.tsx(9596,62): error TS2339: Property 'strong' does not exist on type 'JSX.IntrinsicElements'.
kinsphere_prototype.tsx(9597,11): error TS2339: Property 'p' does not exist on type 'JSX.IntrinsicElements'.
kinsphere_prototype.tsx(9598,11): error TS2339: Property 'div' does not exist on type 'JSX.IntrinsicElements'.
kinsphere_prototype.tsx(9599,13): error TS2339: Property 'div' does not exist on type 'JSX.IntrinsicElements'.
kinsphere_prototype.tsx(9599,90): error TS2339: Property 'div' does not exist on type 'JSX.IntrinsicElements'.
kinsphere_prototype.tsx(9600,13): error TS2339: Property 'ul' does not exist on type 'JSX.IntrinsicElements'.
kinsphere_prototype.tsx(9602,17): error TS2339: Property 'li' does not exist on type 'JSX.IntrinsicElements'.
kinsphere_prototype.tsx(9602,29): error TS2339: Property 'span' does not exist on type 'JSX.IntrinsicElements'.
kinsphere_prototype.tsx(9602,112): error TS2339: Property 'span' does not exist on type 'JSX.IntrinsicElements'.
kinsphere_prototype.tsx(9602,119): error TS2339: Property 'li' does not exist on type 'JSX.IntrinsicElements'.
kinsphere_prototype.tsx(9604,13): error TS2339: Property 'ul' does not exist on type 'JSX.IntrinsicElements'.
kinsphere_prototype.tsx(9605,11): error TS2339: Property 'div' does not exist on type 'JSX.IntrinsicElements'.
kinsphere_prototype.tsx(9606,11): error TS2339: Property 'div' does not exist on type 'JSX.IntrinsicElements'.
kinsphere_prototype.tsx(9607,13): error TS2339: Property 'div' does not exist on type 'JSX.IntrinsicElements'.
kinsphere_prototype.tsx(9607,90): error TS2339: Property 'div' does not exist on type 'JSX.IntrinsicElements'.
kinsphere_prototype.tsx(9608,13): error TS2339: Property 'ul' does not exist on type 'JSX.IntrinsicElements'.
kinsphere_prototype.tsx(9618,17): error TS2339: Property 'li' does not exist on type 'JSX.IntrinsicElements'.
kinsphere_prototype.tsx(9619,19): error TS2339: Property 'span' does not exist on type 'JSX.IntrinsicElements'.
kinsphere_prototype.tsx(9619,102): error TS2339: Property 'span' does not exist on type 'JSX.IntrinsicElements'.
kinsphere_prototype.tsx(9621,17): error TS2339: Property 'li' does not exist on type 'JSX.IntrinsicElements'.
kinsphere_prototype.tsx(9623,13): error TS2339: Property 'ul' does not exist on type 'JSX.IntrinsicElements'.
kinsphere_prototype.tsx(9624,11): error TS2339: Property 'div' does not exist on type 'JSX.IntrinsicElements'.
kinsphere_prototype.tsx(9625,11): error TS2339: Property 'input' does not exist on type 'JSX.IntrinsicElements'.
kinsphere_prototype.tsx(9654,11): error TS2339: Property 'div' does not exist on type 'JSX.IntrinsicElements'.
kinsphere_prototype.tsx(9657,11): error TS2339: Property 'div' does not exist on type 'JSX.IntrinsicElements'.
kinsphere_prototype.tsx(9660,5): error TS2339: Property 'div' does not exist on type 'JSX.IntrinsicElements'.
